[2022-09-04T22:29:47.029-0700][gc,init] CardTable entry size: 512
[2022-09-04T22:29:47.029-0700][gc     ] Using G1
[2022-09-04T22:29:47.034-0700][gc,init] Version: 18.0.1+10-24 (release)
[2022-09-04T22:29:47.034-0700][gc,init] CPUs: 4 total, 4 available
[2022-09-04T22:29:47.035-0700][gc,init] Memory: 8192M
[2022-09-04T22:29:47.035-0700][gc,init] Large Page Support: Disabled
[2022-09-04T22:29:47.035-0700][gc,init] NUMA Support: Disabled
[2022-09-04T22:29:47.035-0700][gc,init] Compressed Oops: Enabled (Zero based)
[2022-09-04T22:29:47.035-0700][gc,init] Heap Region Size: 1M
[2022-09-04T22:29:47.035-0700][gc,init] Heap Min Capacity: 512M
[2022-09-04T22:29:47.035-0700][gc,init] Heap Initial Capacity: 512M
[2022-09-04T22:29:47.035-0700][gc,init] Heap Max Capacity: 512M
[2022-09-04T22:29:47.035-0700][gc,init] Pre-touch: Disabled
[2022-09-04T22:29:47.035-0700][gc,init] Parallel Workers: 4
[2022-09-04T22:29:47.035-0700][gc,init] Concurrent Workers: 1
[2022-09-04T22:29:47.035-0700][gc,init] Concurrent Refinement Workers: 4
[2022-09-04T22:29:47.035-0700][gc,init] Periodic GC: Disabled
[2022-09-04T22:29:47.035-0700][gc,metaspace] CDS archive(s) mapped at: [0x0000000800000000-0x0000000800ba8000-0x0000000800ba8000), size 12222464, SharedBaseAddress: 0x0000000800000000, ArchiveRelocationMode: 0.
[2022-09-04T22:29:47.035-0700][gc,metaspace] Compressed class space mapped at: 0x0000000800c00000-0x0000000840c00000, reserved size: 1073741824
[2022-09-04T22:29:47.035-0700][gc,metaspace] Narrow klass base: 0x0000000800000000, Narrow klass shift: 0, Narrow klass range: 0x100000000
[2022-09-04T22:29:55.558-0700][gc,start    ] GC(0) Pause Young (Normal) (G1 Evacuation Pause)
[2022-09-04T22:29:55.559-0700][gc,task     ] GC(0) Using 4 workers of 4 for evacuation
[2022-09-04T22:29:55.570-0700][gc,phases   ] GC(0)   Pre Evacuate Collection Set: 0.1ms
[2022-09-04T22:29:55.570-0700][gc,phases   ] GC(0)   Merge Heap Roots: 0.1ms
[2022-09-04T22:29:55.570-0700][gc,phases   ] GC(0)   Evacuate Collection Set: 10.0ms
[2022-09-04T22:29:55.570-0700][gc,phases   ] GC(0)   Post Evacuate Collection Set: 1.0ms
[2022-09-04T22:29:55.570-0700][gc,phases   ] GC(0)   Other: 0.5ms
[2022-09-04T22:29:55.570-0700][gc,heap     ] GC(0) Eden regions: 256->0(250)
[2022-09-04T22:29:55.570-0700][gc,heap     ] GC(0) Survivor regions: 0->6(32)
[2022-09-04T22:29:55.570-0700][gc,heap     ] GC(0) Old regions: 0->0
[2022-09-04T22:29:55.570-0700][gc,heap     ] GC(0) Archive regions: 2->2
[2022-09-04T22:29:55.570-0700][gc,heap     ] GC(0) Humongous regions: 3->0
[2022-09-04T22:29:55.570-0700][gc,metaspace] GC(0) Metaspace: 11055K(11328K)->11055K(11328K) NonClass: 9766K(9920K)->9766K(9920K) Class: 1288K(1408K)->1288K(1408K)
[2022-09-04T22:29:55.570-0700][gc          ] GC(0) Pause Young (Normal) (G1 Evacuation Pause) 259M->6M(512M) 12.129ms
[2022-09-04T22:29:55.570-0700][gc,cpu      ] GC(0) User=0.04s Sys=0.00s Real=0.02s
[2022-09-04T22:29:56.342-0700][gc,start    ] GC(1) Pause Young (Normal) (G1 Evacuation Pause)
[2022-09-04T22:29:56.342-0700][gc,task     ] GC(1) Using 4 workers of 4 for evacuation
[2022-09-04T22:29:56.351-0700][gc,phases   ] GC(1)   Pre Evacuate Collection Set: 0.1ms
[2022-09-04T22:29:56.351-0700][gc,phases   ] GC(1)   Merge Heap Roots: 0.1ms
[2022-09-04T22:29:56.351-0700][gc,phases   ] GC(1)   Evacuate Collection Set: 8.2ms
[2022-09-04T22:29:56.351-0700][gc,phases   ] GC(1)   Post Evacuate Collection Set: 0.7ms
[2022-09-04T22:29:56.351-0700][gc,phases   ] GC(1)   Other: 0.1ms
[2022-09-04T22:29:56.351-0700][gc,heap     ] GC(1) Eden regions: 250->0(249)
[2022-09-04T22:29:56.351-0700][gc,heap     ] GC(1) Survivor regions: 6->7(32)
[2022-09-04T22:29:56.351-0700][gc,heap     ] GC(1) Old regions: 0->0
[2022-09-04T22:29:56.351-0700][gc,heap     ] GC(1) Archive regions: 2->2
[2022-09-04T22:29:56.351-0700][gc,heap     ] GC(1) Humongous regions: 0->0
[2022-09-04T22:29:56.351-0700][gc,metaspace] GC(1) Metaspace: 13587K(13888K)->13587K(13888K) NonClass: 12036K(12160K)->12036K(12160K) Class: 1550K(1728K)->1550K(1728K)
[2022-09-04T22:29:56.351-0700][gc          ] GC(1) Pause Young (Normal) (G1 Evacuation Pause) 256M->7M(512M) 9.457ms
[2022-09-04T22:29:56.351-0700][gc,cpu      ] GC(1) User=0.03s Sys=0.00s Real=0.01s
[2022-09-04T22:29:57.880-0700][gc,start    ] GC(2) Pause Young (Normal) (G1 Evacuation Pause)
[2022-09-04T22:29:57.880-0700][gc,task     ] GC(2) Using 4 workers of 4 for evacuation
[2022-09-04T22:29:57.906-0700][gc,phases   ] GC(2)   Pre Evacuate Collection Set: 0.1ms
[2022-09-04T22:29:57.906-0700][gc,phases   ] GC(2)   Merge Heap Roots: 0.1ms
[2022-09-04T22:29:57.906-0700][gc,phases   ] GC(2)   Evacuate Collection Set: 23.8ms
[2022-09-04T22:29:57.906-0700][gc,phases   ] GC(2)   Post Evacuate Collection Set: 2.3ms
[2022-09-04T22:29:57.906-0700][gc,phases   ] GC(2)   Other: 0.1ms
[2022-09-04T22:29:57.906-0700][gc,heap     ] GC(2) Eden regions: 249->0(242)
[2022-09-04T22:29:57.907-0700][gc,heap     ] GC(2) Survivor regions: 7->14(32)
[2022-09-04T22:29:57.907-0700][gc,heap     ] GC(2) Old regions: 0->0
[2022-09-04T22:29:57.907-0700][gc,heap     ] GC(2) Archive regions: 2->2
[2022-09-04T22:29:57.907-0700][gc,heap     ] GC(2) Humongous regions: 0->0
[2022-09-04T22:29:57.907-0700][gc,metaspace] GC(2) Metaspace: 18352K(18624K)->18352K(18624K) NonClass: 16217K(16384K)->16217K(16384K) Class: 2135K(2240K)->2135K(2240K)
[2022-09-04T22:29:57.907-0700][gc          ] GC(2) Pause Young (Normal) (G1 Evacuation Pause) 256M->14M(512M) 27.150ms
[2022-09-04T22:29:57.907-0700][gc,cpu      ] GC(2) User=0.07s Sys=0.00s Real=0.02s
[2022-09-04T22:29:59.015-0700][gc,start    ] GC(3) Pause Young (Normal) (G1 Evacuation Pause)
[2022-09-04T22:29:59.015-0700][gc,task     ] GC(3) Using 4 workers of 4 for evacuation
[2022-09-04T22:29:59.035-0700][gc,phases   ] GC(3)   Pre Evacuate Collection Set: 0.1ms
[2022-09-04T22:29:59.035-0700][gc,phases   ] GC(3)   Merge Heap Roots: 0.1ms
[2022-09-04T22:29:59.035-0700][gc,phases   ] GC(3)   Evacuate Collection Set: 18.2ms
[2022-09-04T22:29:59.035-0700][gc,phases   ] GC(3)   Post Evacuate Collection Set: 1.1ms
[2022-09-04T22:29:59.035-0700][gc,phases   ] GC(3)   Other: 0.1ms
[2022-09-04T22:29:59.035-0700][gc,heap     ] GC(3) Eden regions: 242->0(237)
[2022-09-04T22:29:59.035-0700][gc,heap     ] GC(3) Survivor regions: 14->19(32)
[2022-09-04T22:29:59.035-0700][gc,heap     ] GC(3) Old regions: 0->0
[2022-09-04T22:29:59.035-0700][gc,heap     ] GC(3) Archive regions: 2->2
[2022-09-04T22:29:59.035-0700][gc,heap     ] GC(3) Humongous regions: 0->0
[2022-09-04T22:29:59.035-0700][gc,metaspace] GC(3) Metaspace: 20855K(21120K)->20855K(21120K) NonClass: 18457K(18624K)->18457K(18624K) Class: 2397K(2496K)->2397K(2496K)
[2022-09-04T22:29:59.035-0700][gc          ] GC(3) Pause Young (Normal) (G1 Evacuation Pause) 256M->19M(512M) 19.889ms
[2022-09-04T22:29:59.035-0700][gc,cpu      ] GC(3) User=0.07s Sys=0.01s Real=0.02s
[2022-09-04T22:29:59.476-0700][gc,start    ] GC(4) Pause Young (Concurrent Start) (Metadata GC Threshold)
[2022-09-04T22:29:59.476-0700][gc,task     ] GC(4) Using 4 workers of 4 for evacuation
[2022-09-04T22:29:59.503-0700][gc,phases   ] GC(4)   Pre Evacuate Collection Set: 0.2ms
[2022-09-04T22:29:59.503-0700][gc,phases   ] GC(4)   Merge Heap Roots: 0.1ms
[2022-09-04T22:29:59.503-0700][gc,phases   ] GC(4)   Evacuate Collection Set: 25.5ms
[2022-09-04T22:29:59.503-0700][gc,phases   ] GC(4)   Post Evacuate Collection Set: 1.1ms
[2022-09-04T22:29:59.503-0700][gc,phases   ] GC(4)   Other: 0.2ms
[2022-09-04T22:29:59.503-0700][gc,heap     ] GC(4) Eden regions: 139->0(241)
[2022-09-04T22:29:59.503-0700][gc,heap     ] GC(4) Survivor regions: 19->15(32)
[2022-09-04T22:29:59.503-0700][gc,heap     ] GC(4) Old regions: 0->6
[2022-09-04T22:29:59.503-0700][gc,heap     ] GC(4) Archive regions: 2->2
[2022-09-04T22:29:59.503-0700][gc,heap     ] GC(4) Humongous regions: 0->0
[2022-09-04T22:29:59.503-0700][gc,metaspace] GC(4) Metaspace: 21260K(21504K)->21260K(21504K) NonClass: 18817K(18944K)->18817K(18944K) Class: 2443K(2560K)->2443K(2560K)
[2022-09-04T22:29:59.503-0700][gc          ] GC(4) Pause Young (Concurrent Start) (Metadata GC Threshold) 158M->20M(512M) 27.543ms
[2022-09-04T22:29:59.503-0700][gc,cpu      ] GC(4) User=0.07s Sys=0.01s Real=0.03s
[2022-09-04T22:29:59.503-0700][gc          ] GC(5) Concurrent Mark Cycle
[2022-09-04T22:29:59.503-0700][gc,marking  ] GC(5) Concurrent Clear Claimed Marks
[2022-09-04T22:29:59.503-0700][gc,marking  ] GC(5) Concurrent Clear Claimed Marks 0.040ms
[2022-09-04T22:29:59.504-0700][gc,marking  ] GC(5) Concurrent Scan Root Regions
[2022-09-04T22:29:59.525-0700][gc,marking  ] GC(5) Concurrent Scan Root Regions 21.439ms
[2022-09-04T22:29:59.525-0700][gc,marking  ] GC(5) Concurrent Mark
[2022-09-04T22:29:59.525-0700][gc,marking  ] GC(5) Concurrent Mark From Roots
[2022-09-04T22:29:59.525-0700][gc,task     ] GC(5) Using 1 workers of 1 for marking
[2022-09-04T22:29:59.528-0700][gc,marking  ] GC(5) Concurrent Mark From Roots 2.996ms
[2022-09-04T22:29:59.528-0700][gc,marking  ] GC(5) Concurrent Preclean
[2022-09-04T22:29:59.528-0700][gc,marking  ] GC(5) Concurrent Preclean 0.045ms
[2022-09-04T22:29:59.528-0700][gc,start    ] GC(5) Pause Remark
[2022-09-04T22:29:59.531-0700][gc          ] GC(5) Pause Remark 23M->23M(512M) 2.715ms
[2022-09-04T22:29:59.531-0700][gc,cpu      ] GC(5) User=0.01s Sys=0.00s Real=0.01s
[2022-09-04T22:29:59.532-0700][gc,marking  ] GC(5) Concurrent Mark 6.581ms
[2022-09-04T22:29:59.532-0700][gc,marking  ] GC(5) Concurrent Rebuild Remembered Sets
[2022-09-04T22:29:59.540-0700][gc,marking  ] GC(5) Concurrent Rebuild Remembered Sets 8.460ms
[2022-09-04T22:29:59.540-0700][gc,start    ] GC(5) Pause Cleanup
[2022-09-04T22:29:59.540-0700][gc          ] GC(5) Pause Cleanup 25M->25M(512M) 0.125ms
[2022-09-04T22:29:59.541-0700][gc,cpu      ] GC(5) User=0.00s Sys=0.00s Real=0.00s
[2022-09-04T22:29:59.541-0700][gc,marking  ] GC(5) Concurrent Cleanup for Next Mark
[2022-09-04T22:29:59.550-0700][gc,marking  ] GC(5) Concurrent Cleanup for Next Mark 9.419ms
[2022-09-04T22:29:59.550-0700][gc          ] GC(5) Concurrent Mark Cycle 46.841ms
[2022-09-04T22:30:01.879-0700][gc,start    ] GC(6) Pause Young (Normal) (G1 Evacuation Pause)
[2022-09-04T22:30:01.881-0700][gc,task     ] GC(6) Using 4 workers of 4 for evacuation
[2022-09-04T22:30:01.897-0700][gc,phases   ] GC(6)   Pre Evacuate Collection Set: 0.1ms
[2022-09-04T22:30:01.897-0700][gc,phases   ] GC(6)   Merge Heap Roots: 0.1ms
[2022-09-04T22:30:01.897-0700][gc,phases   ] GC(6)   Evacuate Collection Set: 14.7ms
[2022-09-04T22:30:01.897-0700][gc,phases   ] GC(6)   Post Evacuate Collection Set: 0.9ms
[2022-09-04T22:30:01.897-0700][gc,phases   ] GC(6)   Other: 0.1ms
[2022-09-04T22:30:01.897-0700][gc,heap     ] GC(6) Eden regions: 241->0(241)
[2022-09-04T22:30:01.897-0700][gc,heap     ] GC(6) Survivor regions: 15->15(32)
[2022-09-04T22:30:01.897-0700][gc,heap     ] GC(6) Old regions: 6->6
[2022-09-04T22:30:01.897-0700][gc,heap     ] GC(6) Archive regions: 2->2
[2022-09-04T22:30:01.897-0700][gc,heap     ] GC(6) Humongous regions: 0->0
[2022-09-04T22:30:01.897-0700][gc,metaspace] GC(6) Metaspace: 27860K(28224K)->27860K(28224K) NonClass: 24575K(24768K)->24575K(24768K) Class: 3285K(3456K)->3285K(3456K)
[2022-09-04T22:30:01.897-0700][gc          ] GC(6) Pause Young (Normal) (G1 Evacuation Pause) 261M->21M(512M) 18.285ms
[2022-09-04T22:30:01.897-0700][gc,cpu      ] GC(6) User=0.06s Sys=0.00s Real=0.02s
[2022-09-04T22:30:03.677-0700][gc,start    ] GC(7) Pause Young (Concurrent Start) (Metadata GC Threshold)
[2022-09-04T22:30:03.677-0700][gc,task     ] GC(7) Using 4 workers of 4 for evacuation
[2022-09-04T22:30:03.699-0700][gc,phases   ] GC(7)   Pre Evacuate Collection Set: 0.1ms
[2022-09-04T22:30:03.699-0700][gc,phases   ] GC(7)   Merge Heap Roots: 0.1ms
[2022-09-04T22:30:03.699-0700][gc,phases   ] GC(7)   Evacuate Collection Set: 20.6ms
[2022-09-04T22:30:03.699-0700][gc,phases   ] GC(7)   Post Evacuate Collection Set: 1.1ms
[2022-09-04T22:30:03.699-0700][gc,phases   ] GC(7)   Other: 0.1ms
[2022-09-04T22:30:03.699-0700][gc,heap     ] GC(7) Eden regions: 111->0(235)
[2022-09-04T22:30:03.699-0700][gc,heap     ] GC(7) Survivor regions: 15->21(32)
[2022-09-04T22:30:03.699-0700][gc,heap     ] GC(7) Old regions: 6->6
[2022-09-04T22:30:03.699-0700][gc,heap     ] GC(7) Archive regions: 2->2
[2022-09-04T22:30:03.699-0700][gc,heap     ] GC(7) Humongous regions: 0->0
[2022-09-04T22:30:03.699-0700][gc,metaspace] GC(7) Metaspace: 35727K(36096K)->35727K(36096K) NonClass: 31469K(31616K)->31469K(31616K) Class: 4257K(4480K)->4257K(4480K)
[2022-09-04T22:30:03.699-0700][gc          ] GC(7) Pause Young (Concurrent Start) (Metadata GC Threshold) 132M->27M(512M) 22.423ms
[2022-09-04T22:30:03.699-0700][gc          ] GC(8) Concurrent Mark Cycle
[2022-09-04T22:30:03.699-0700][gc,cpu      ] GC(7) User=0.09s Sys=0.00s Real=0.02s
[2022-09-04T22:30:03.699-0700][gc,marking  ] GC(8) Concurrent Clear Claimed Marks
[2022-09-04T22:30:03.700-0700][gc,marking  ] GC(8) Concurrent Clear Claimed Marks 0.135ms
[2022-09-04T22:30:03.700-0700][gc,marking  ] GC(8) Concurrent Scan Root Regions
[2022-09-04T22:30:03.725-0700][gc,marking  ] GC(8) Concurrent Scan Root Regions 25.128ms
[2022-09-04T22:30:03.725-0700][gc,marking  ] GC(8) Concurrent Mark
[2022-09-04T22:30:03.725-0700][gc,marking  ] GC(8) Concurrent Mark From Roots
[2022-09-04T22:30:03.725-0700][gc,task     ] GC(8) Using 1 workers of 1 for marking
[2022-09-04T22:30:03.748-0700][gc,marking  ] GC(8) Concurrent Mark From Roots 23.477ms
[2022-09-04T22:30:03.748-0700][gc,marking  ] GC(8) Concurrent Preclean
[2022-09-04T22:30:03.749-0700][gc,marking  ] GC(8) Concurrent Preclean 0.105ms
[2022-09-04T22:30:03.749-0700][gc,start    ] GC(8) Pause Remark
[2022-09-04T22:30:03.752-0700][gc          ] GC(8) Pause Remark 30M->30M(512M) 3.763ms
[2022-09-04T22:30:03.753-0700][gc,cpu      ] GC(8) User=0.01s Sys=0.00s Real=0.01s
[2022-09-04T22:30:03.753-0700][gc,marking  ] GC(8) Concurrent Mark 27.953ms
[2022-09-04T22:30:03.753-0700][gc,marking  ] GC(8) Concurrent Rebuild Remembered Sets
[2022-09-04T22:30:03.760-0700][gc,marking  ] GC(8) Concurrent Rebuild Remembered Sets 7.396ms
[2022-09-04T22:30:03.760-0700][gc,start    ] GC(8) Pause Cleanup
[2022-09-04T22:30:03.761-0700][gc          ] GC(8) Pause Cleanup 30M->30M(512M) 0.118ms
[2022-09-04T22:30:03.761-0700][gc,cpu      ] GC(8) User=0.00s Sys=0.00s Real=0.00s
[2022-09-04T22:30:03.761-0700][gc,marking  ] GC(8) Concurrent Cleanup for Next Mark
[2022-09-04T22:30:03.768-0700][gc,marking  ] GC(8) Concurrent Cleanup for Next Mark 7.075ms
[2022-09-04T22:30:03.768-0700][gc          ] GC(8) Concurrent Mark Cycle 68.440ms
[2022-09-04T22:30:07.384-0700][gc,start    ] GC(9) Pause Young (Normal) (G1 Evacuation Pause)
[2022-09-04T22:30:07.385-0700][gc,task     ] GC(9) Using 4 workers of 4 for evacuation
[2022-09-04T22:30:07.424-0700][gc,phases   ] GC(9)   Pre Evacuate Collection Set: 0.1ms
[2022-09-04T22:30:07.424-0700][gc,phases   ] GC(9)   Merge Heap Roots: 0.1ms
[2022-09-04T22:30:07.424-0700][gc,phases   ] GC(9)   Evacuate Collection Set: 34.8ms
[2022-09-04T22:30:07.424-0700][gc,phases   ] GC(9)   Post Evacuate Collection Set: 4.5ms
[2022-09-04T22:30:07.424-0700][gc,phases   ] GC(9)   Other: 0.2ms
[2022-09-04T22:30:07.425-0700][gc,heap     ] GC(9) Eden regions: 235->0(236)
[2022-09-04T22:30:07.425-0700][gc,heap     ] GC(9) Survivor regions: 21->20(32)
[2022-09-04T22:30:07.425-0700][gc,heap     ] GC(9) Old regions: 6->13
[2022-09-04T22:30:07.425-0700][gc,heap     ] GC(9) Archive regions: 2->2
[2022-09-04T22:30:07.425-0700][gc,heap     ] GC(9) Humongous regions: 38->38
[2022-09-04T22:30:07.425-0700][gc,metaspace] GC(9) Metaspace: 47419K(47872K)->47419K(47872K) NonClass: 41680K(41920K)->41680K(41920K) Class: 5739K(5952K)->5739K(5952K)
[2022-09-04T22:30:07.425-0700][gc          ] GC(9) Pause Young (Normal) (G1 Evacuation Pause) 300M->71M(512M) 40.295ms
[2022-09-04T22:30:07.425-0700][gc,cpu      ] GC(9) User=0.11s Sys=0.01s Real=0.04s
[2022-09-04T22:30:16.683-0700][gc,start    ] GC(10) Pause Young (Normal) (G1 Evacuation Pause)
[2022-09-04T22:30:16.683-0700][gc,task     ] GC(10) Using 4 workers of 4 for evacuation
[2022-09-04T22:30:16.786-0700][gc,phases   ] GC(10)   Pre Evacuate Collection Set: 0.2ms
[2022-09-04T22:30:16.786-0700][gc,phases   ] GC(10)   Merge Heap Roots: 0.1ms
[2022-09-04T22:30:16.786-0700][gc,phases   ] GC(10)   Evacuate Collection Set: 61.4ms
[2022-09-04T22:30:16.786-0700][gc,phases   ] GC(10)   Post Evacuate Collection Set: 40.5ms
[2022-09-04T22:30:16.786-0700][gc,phases   ] GC(10)   Other: 0.2ms
[2022-09-04T22:30:16.786-0700][gc,heap     ] GC(10) Eden regions: 236->0(225)
[2022-09-04T22:30:16.786-0700][gc,heap     ] GC(10) Survivor regions: 20->31(32)
[2022-09-04T22:30:16.786-0700][gc,heap     ] GC(10) Old regions: 13->17
[2022-09-04T22:30:16.786-0700][gc,heap     ] GC(10) Archive regions: 2->2
[2022-09-04T22:30:16.786-0700][gc,heap     ] GC(10) Humongous regions: 38->38
[2022-09-04T22:30:16.786-0700][gc,metaspace] GC(10) Metaspace: 60244K(60800K)->60244K(60800K) NonClass: 52957K(53248K)->52957K(53248K) Class: 7286K(7552K)->7286K(7552K)
[2022-09-04T22:30:16.786-0700][gc          ] GC(10) Pause Young (Normal) (G1 Evacuation Pause) 307M->86M(512M) 103.245ms
[2022-09-04T22:30:16.786-0700][gc,cpu      ] GC(10) User=0.17s Sys=0.03s Real=0.10s
[2022-09-04T22:30:16.819-0700][gc,start    ] GC(11) Pause Young (Concurrent Start) (Metadata GC Threshold)
[2022-09-04T22:30:16.819-0700][gc,task     ] GC(11) Using 4 workers of 4 for evacuation
[2022-09-04T22:30:16.882-0700][gc,phases   ] GC(11)   Pre Evacuate Collection Set: 0.2ms
[2022-09-04T22:30:16.882-0700][gc,phases   ] GC(11)   Merge Heap Roots: 0.1ms
[2022-09-04T22:30:16.882-0700][gc,phases   ] GC(11)   Evacuate Collection Set: 59.5ms
[2022-09-04T22:30:16.882-0700][gc,phases   ] GC(11)   Post Evacuate Collection Set: 2.3ms
[2022-09-04T22:30:16.882-0700][gc,phases   ] GC(11)   Other: 0.2ms
[2022-09-04T22:30:16.882-0700][gc,heap     ] GC(11) Eden regions: 3->0(240)
[2022-09-04T22:30:16.882-0700][gc,heap     ] GC(11) Survivor regions: 31->16(32)
[2022-09-04T22:30:16.882-0700][gc,heap     ] GC(11) Old regions: 17->32
[2022-09-04T22:30:16.882-0700][gc,heap     ] GC(11) Archive regions: 2->2
[2022-09-04T22:30:16.882-0700][gc,heap     ] GC(11) Humongous regions: 38->38
[2022-09-04T22:30:16.882-0700][gc,metaspace] GC(11) Metaspace: 60268K(60800K)->60268K(60800K) NonClass: 52977K(53248K)->52977K(53248K) Class: 7291K(7552K)->7291K(7552K)
[2022-09-04T22:30:16.882-0700][gc          ] GC(11) Pause Young (Concurrent Start) (Metadata GC Threshold) 89M->86M(512M) 62.861ms
[2022-09-04T22:30:16.882-0700][gc          ] GC(12) Concurrent Mark Cycle
[2022-09-04T22:30:16.882-0700][gc,cpu      ] GC(11) User=0.13s Sys=0.02s Real=0.07s
[2022-09-04T22:30:16.882-0700][gc,marking  ] GC(12) Concurrent Clear Claimed Marks
[2022-09-04T22:30:16.882-0700][gc,marking  ] GC(12) Concurrent Clear Claimed Marks 0.111ms
[2022-09-04T22:30:16.882-0700][gc,marking  ] GC(12) Concurrent Scan Root Regions
[2022-09-04T22:30:16.928-0700][gc,marking  ] GC(12) Concurrent Scan Root Regions 45.320ms
[2022-09-04T22:30:16.928-0700][gc,marking  ] GC(12) Concurrent Mark
[2022-09-04T22:30:16.928-0700][gc,marking  ] GC(12) Concurrent Mark From Roots
[2022-09-04T22:30:16.928-0700][gc,task     ] GC(12) Using 1 workers of 1 for marking
[2022-09-04T22:30:17.174-0700][gc,marking  ] GC(12) Concurrent Mark From Roots 245.612ms
[2022-09-04T22:30:17.174-0700][gc,marking  ] GC(12) Concurrent Preclean
[2022-09-04T22:30:17.174-0700][gc,marking  ] GC(12) Concurrent Preclean 0.151ms
[2022-09-04T22:30:17.174-0700][gc,start    ] GC(12) Pause Remark
[2022-09-04T22:30:17.181-0700][gc          ] GC(12) Pause Remark 98M->98M(512M) 6.836ms
[2022-09-04T22:30:17.181-0700][gc,cpu      ] GC(12) User=0.02s Sys=0.00s Real=0.01s
[2022-09-04T22:30:17.181-0700][gc,marking  ] GC(12) Concurrent Mark 253.294ms
[2022-09-04T22:30:17.181-0700][gc,marking  ] GC(12) Concurrent Rebuild Remembered Sets
[2022-09-04T22:30:17.339-0700][gc,marking  ] GC(12) Concurrent Rebuild Remembered Sets 157.737ms
[2022-09-04T22:30:17.341-0700][gc,start    ] GC(12) Pause Cleanup
[2022-09-04T22:30:17.342-0700][gc          ] GC(12) Pause Cleanup 110M->110M(512M) 0.322ms
[2022-09-04T22:30:17.342-0700][gc,cpu      ] GC(12) User=0.00s Sys=0.00s Real=0.00s
[2022-09-04T22:30:17.352-0700][gc,marking  ] GC(12) Concurrent Cleanup for Next Mark
[2022-09-04T22:30:17.367-0700][gc,marking  ] GC(12) Concurrent Cleanup for Next Mark 15.012ms
[2022-09-04T22:30:17.367-0700][gc          ] GC(12) Concurrent Mark Cycle 485.133ms
[2022-09-04T22:32:20.371-0700][gc,start    ] GC(13) Pause Young (Prepare Mixed) (G1 Evacuation Pause)
[2022-09-04T22:32:20.374-0700][gc,task     ] GC(13) Using 4 workers of 4 for evacuation
[2022-09-04T22:32:20.529-0700][gc,phases   ] GC(13)   Pre Evacuate Collection Set: 1.0ms
[2022-09-04T22:32:20.529-0700][gc,phases   ] GC(13)   Merge Heap Roots: 0.8ms
[2022-09-04T22:32:20.529-0700][gc,phases   ] GC(13)   Evacuate Collection Set: 150.7ms
[2022-09-04T22:32:20.529-0700][gc,phases   ] GC(13)   Post Evacuate Collection Set: 2.0ms
[2022-09-04T22:32:20.530-0700][gc,phases   ] GC(13)   Other: 0.7ms
[2022-09-04T22:32:20.530-0700][gc,heap     ] GC(13) Eden regions: 240->0(225)
[2022-09-04T22:32:20.530-0700][gc,heap     ] GC(13) Survivor regions: 16->31(32)
[2022-09-04T22:32:20.530-0700][gc,heap     ] GC(13) Old regions: 32->32
[2022-09-04T22:32:20.530-0700][gc,heap     ] GC(13) Archive regions: 2->2
[2022-09-04T22:32:20.530-0700][gc,heap     ] GC(13) Humongous regions: 44->44
[2022-09-04T22:32:20.531-0700][gc,metaspace] GC(13) Metaspace: 70275K(71040K)->70275K(71040K) NonClass: 61856K(62272K)->61856K(62272K) Class: 8419K(8768K)->8419K(8768K)
[2022-09-04T22:32:20.531-0700][gc          ] GC(13) Pause Young (Prepare Mixed) (G1 Evacuation Pause) 332M->107M(512M) 159.517ms
[2022-09-04T22:32:20.531-0700][gc,cpu      ] GC(13) User=0.17s Sys=0.37s Real=0.16s
[2022-09-04T22:32:22.936-0700][gc,heap,exit] Heap
[2022-09-04T22:32:22.937-0700][gc,heap,exit]  garbage-first heap   total 524288K, used 124778K [0x00000007e0000000, 0x0000000800000000)
[2022-09-04T22:32:22.937-0700][gc,heap,exit]   region size 1024K, 45 young (46080K), 31 survivors (31744K)
[2022-09-04T22:32:22.937-0700][gc,heap,exit]  Metaspace       used 70460K, committed 71104K, reserved 1114112K
[2022-09-04T22:32:22.938-0700][gc,heap,exit]   class space    used 8446K, committed 8768K, reserved 1048576K
