[2022-09-04T22:20:58.012-0700][gc,init] CardTable entry size: 512
[2022-09-04T22:20:58.013-0700][gc     ] Using G1
[2022-09-04T22:20:58.018-0700][gc,init] Version: 18.0.1+10-24 (release)
[2022-09-04T22:20:58.018-0700][gc,init] CPUs: 4 total, 4 available
[2022-09-04T22:20:58.018-0700][gc,init] Memory: 8192M
[2022-09-04T22:20:58.018-0700][gc,init] Large Page Support: Disabled
[2022-09-04T22:20:58.018-0700][gc,init] NUMA Support: Disabled
[2022-09-04T22:20:58.018-0700][gc,init] Compressed Oops: Enabled (Zero based)
[2022-09-04T22:20:58.018-0700][gc,init] Heap Region Size: 1M
[2022-09-04T22:20:58.018-0700][gc,init] Heap Min Capacity: 512M
[2022-09-04T22:20:58.018-0700][gc,init] Heap Initial Capacity: 512M
[2022-09-04T22:20:58.018-0700][gc,init] Heap Max Capacity: 512M
[2022-09-04T22:20:58.018-0700][gc,init] Pre-touch: Disabled
[2022-09-04T22:20:58.018-0700][gc,init] Parallel Workers: 4
[2022-09-04T22:20:58.018-0700][gc,init] Concurrent Workers: 1
[2022-09-04T22:20:58.018-0700][gc,init] Concurrent Refinement Workers: 4
[2022-09-04T22:20:58.018-0700][gc,init] Periodic GC: Disabled
[2022-09-04T22:20:58.019-0700][gc,metaspace] CDS archive(s) mapped at: [0x0000000800000000-0x0000000800ba8000-0x0000000800ba8000), size 12222464, SharedBaseAddress: 0x0000000800000000, ArchiveRelocationMode: 0.
[2022-09-04T22:20:58.019-0700][gc,metaspace] Compressed class space mapped at: 0x0000000800c00000-0x0000000840c00000, reserved size: 1073741824
[2022-09-04T22:20:58.019-0700][gc,metaspace] Narrow klass base: 0x0000000800000000, Narrow klass shift: 0, Narrow klass range: 0x100000000
[2022-09-04T22:21:06.687-0700][gc,start    ] GC(0) Pause Young (Normal) (G1 Evacuation Pause)
[2022-09-04T22:21:06.687-0700][gc,task     ] GC(0) Using 4 workers of 4 for evacuation
[2022-09-04T22:21:06.699-0700][gc,phases   ] GC(0)   Pre Evacuate Collection Set: 0.1ms
[2022-09-04T22:21:06.699-0700][gc,phases   ] GC(0)   Merge Heap Roots: 0.1ms
[2022-09-04T22:21:06.699-0700][gc,phases   ] GC(0)   Evacuate Collection Set: 10.3ms
[2022-09-04T22:21:06.699-0700][gc,phases   ] GC(0)   Post Evacuate Collection Set: 1.0ms
[2022-09-04T22:21:06.699-0700][gc,phases   ] GC(0)   Other: 0.5ms
[2022-09-04T22:21:06.699-0700][gc,heap     ] GC(0) Eden regions: 256->0(250)
[2022-09-04T22:21:06.699-0700][gc,heap     ] GC(0) Survivor regions: 0->6(32)
[2022-09-04T22:21:06.699-0700][gc,heap     ] GC(0) Old regions: 0->0
[2022-09-04T22:21:06.699-0700][gc,heap     ] GC(0) Archive regions: 2->2
[2022-09-04T22:21:06.699-0700][gc,heap     ] GC(0) Humongous regions: 3->0
[2022-09-04T22:21:06.699-0700][gc,metaspace] GC(0) Metaspace: 11042K(11328K)->11042K(11328K) NonClass: 9754K(9920K)->9754K(9920K) Class: 1288K(1408K)->1288K(1408K)
[2022-09-04T22:21:06.699-0700][gc          ] GC(0) Pause Young (Normal) (G1 Evacuation Pause) 259M->6M(512M) 12.300ms
[2022-09-04T22:21:06.699-0700][gc,cpu      ] GC(0) User=0.04s Sys=0.01s Real=0.01s
[2022-09-04T22:21:07.406-0700][gc,start    ] GC(1) Pause Young (Normal) (G1 Evacuation Pause)
[2022-09-04T22:21:07.407-0700][gc,task     ] GC(1) Using 4 workers of 4 for evacuation
[2022-09-04T22:21:07.415-0700][gc,phases   ] GC(1)   Pre Evacuate Collection Set: 0.1ms
[2022-09-04T22:21:07.415-0700][gc,phases   ] GC(1)   Merge Heap Roots: 0.1ms
[2022-09-04T22:21:07.415-0700][gc,phases   ] GC(1)   Evacuate Collection Set: 7.0ms
[2022-09-04T22:21:07.415-0700][gc,phases   ] GC(1)   Post Evacuate Collection Set: 0.9ms
[2022-09-04T22:21:07.415-0700][gc,phases   ] GC(1)   Other: 0.1ms
[2022-09-04T22:21:07.415-0700][gc,heap     ] GC(1) Eden regions: 250->0(249)
[2022-09-04T22:21:07.415-0700][gc,heap     ] GC(1) Survivor regions: 6->7(32)
[2022-09-04T22:21:07.415-0700][gc,heap     ] GC(1) Old regions: 0->0
[2022-09-04T22:21:07.415-0700][gc,heap     ] GC(1) Archive regions: 2->2
[2022-09-04T22:21:07.415-0700][gc,heap     ] GC(1) Humongous regions: 0->0
[2022-09-04T22:21:07.415-0700][gc,metaspace] GC(1) Metaspace: 13546K(13888K)->13546K(13888K) NonClass: 11998K(12160K)->11998K(12160K) Class: 1548K(1728K)->1548K(1728K)
[2022-09-04T22:21:07.415-0700][gc          ] GC(1) Pause Young (Normal) (G1 Evacuation Pause) 256M->7M(512M) 8.720ms
[2022-09-04T22:21:07.415-0700][gc,cpu      ] GC(1) User=0.03s Sys=0.01s Real=0.01s
[2022-09-04T22:21:08.998-0700][gc,start    ] GC(2) Pause Young (Normal) (G1 Evacuation Pause)
[2022-09-04T22:21:08.998-0700][gc,task     ] GC(2) Using 4 workers of 4 for evacuation
[2022-09-04T22:21:09.016-0700][gc,phases   ] GC(2)   Pre Evacuate Collection Set: 0.1ms
[2022-09-04T22:21:09.016-0700][gc,phases   ] GC(2)   Merge Heap Roots: 0.1ms
[2022-09-04T22:21:09.016-0700][gc,phases   ] GC(2)   Evacuate Collection Set: 16.7ms
[2022-09-04T22:21:09.016-0700][gc,phases   ] GC(2)   Post Evacuate Collection Set: 1.3ms
[2022-09-04T22:21:09.016-0700][gc,phases   ] GC(2)   Other: 0.1ms
[2022-09-04T22:21:09.016-0700][gc,heap     ] GC(2) Eden regions: 249->0(242)
[2022-09-04T22:21:09.016-0700][gc,heap     ] GC(2) Survivor regions: 7->14(32)
[2022-09-04T22:21:09.016-0700][gc,heap     ] GC(2) Old regions: 0->0
[2022-09-04T22:21:09.016-0700][gc,heap     ] GC(2) Archive regions: 2->2
[2022-09-04T22:21:09.016-0700][gc,heap     ] GC(2) Humongous regions: 0->0
[2022-09-04T22:21:09.016-0700][gc,metaspace] GC(2) Metaspace: 18318K(18560K)->18318K(18560K) NonClass: 16183K(16320K)->16183K(16320K) Class: 2135K(2240K)->2135K(2240K)
[2022-09-04T22:21:09.016-0700][gc          ] GC(2) Pause Young (Normal) (G1 Evacuation Pause) 256M->14M(512M) 18.639ms
[2022-09-04T22:21:09.016-0700][gc,cpu      ] GC(2) User=0.07s Sys=0.01s Real=0.02s
[2022-09-04T22:21:10.099-0700][gc,start    ] GC(3) Pause Young (Normal) (G1 Evacuation Pause)
[2022-09-04T22:21:10.099-0700][gc,task     ] GC(3) Using 4 workers of 4 for evacuation
[2022-09-04T22:21:10.118-0700][gc,phases   ] GC(3)   Pre Evacuate Collection Set: 0.1ms
[2022-09-04T22:21:10.118-0700][gc,phases   ] GC(3)   Merge Heap Roots: 0.1ms
[2022-09-04T22:21:10.118-0700][gc,phases   ] GC(3)   Evacuate Collection Set: 17.1ms
[2022-09-04T22:21:10.118-0700][gc,phases   ] GC(3)   Post Evacuate Collection Set: 1.5ms
[2022-09-04T22:21:10.118-0700][gc,phases   ] GC(3)   Other: 0.1ms
[2022-09-04T22:21:10.118-0700][gc,heap     ] GC(3) Eden regions: 242->0(238)
[2022-09-04T22:21:10.118-0700][gc,heap     ] GC(3) Survivor regions: 14->18(32)
[2022-09-04T22:21:10.118-0700][gc,heap     ] GC(3) Old regions: 0->0
[2022-09-04T22:21:10.118-0700][gc,heap     ] GC(3) Archive regions: 2->2
[2022-09-04T22:21:10.118-0700][gc,heap     ] GC(3) Humongous regions: 0->0
[2022-09-04T22:21:10.118-0700][gc,metaspace] GC(3) Metaspace: 20833K(21120K)->20833K(21120K) NonClass: 18436K(18624K)->18436K(18624K) Class: 2396K(2496K)->2396K(2496K)
[2022-09-04T22:21:10.118-0700][gc          ] GC(3) Pause Young (Normal) (G1 Evacuation Pause) 256M->18M(512M) 19.192ms
[2022-09-04T22:21:10.118-0700][gc,cpu      ] GC(3) User=0.07s Sys=0.00s Real=0.02s
[2022-09-04T22:21:10.510-0700][gc,start    ] GC(4) Pause Young (Concurrent Start) (Metadata GC Threshold)
[2022-09-04T22:21:10.510-0700][gc,task     ] GC(4) Using 4 workers of 4 for evacuation
[2022-09-04T22:21:10.533-0700][gc,phases   ] GC(4)   Pre Evacuate Collection Set: 0.2ms
[2022-09-04T22:21:10.533-0700][gc,phases   ] GC(4)   Merge Heap Roots: 0.1ms
[2022-09-04T22:21:10.533-0700][gc,phases   ] GC(4)   Evacuate Collection Set: 21.7ms
[2022-09-04T22:21:10.533-0700][gc,phases   ] GC(4)   Post Evacuate Collection Set: 1.0ms
[2022-09-04T22:21:10.533-0700][gc,phases   ] GC(4)   Other: 0.1ms
[2022-09-04T22:21:10.533-0700][gc,heap     ] GC(4) Eden regions: 148->0(241)
[2022-09-04T22:21:10.533-0700][gc,heap     ] GC(4) Survivor regions: 18->15(32)
[2022-09-04T22:21:10.533-0700][gc,heap     ] GC(4) Old regions: 0->6
[2022-09-04T22:21:10.533-0700][gc,heap     ] GC(4) Archive regions: 2->2
[2022-09-04T22:21:10.533-0700][gc,heap     ] GC(4) Humongous regions: 0->0
[2022-09-04T22:21:10.533-0700][gc,metaspace] GC(4) Metaspace: 21262K(21504K)->21262K(21504K) NonClass: 18816K(18944K)->18816K(18944K) Class: 2446K(2560K)->2446K(2560K)
[2022-09-04T22:21:10.533-0700][gc          ] GC(4) Pause Young (Concurrent Start) (Metadata GC Threshold) 166M->20M(512M) 23.417ms
[2022-09-04T22:21:10.533-0700][gc,cpu      ] GC(4) User=0.08s Sys=0.00s Real=0.02s
[2022-09-04T22:21:10.533-0700][gc          ] GC(5) Concurrent Mark Cycle
[2022-09-04T22:21:10.533-0700][gc,marking  ] GC(5) Concurrent Clear Claimed Marks
[2022-09-04T22:21:10.534-0700][gc,marking  ] GC(5) Concurrent Clear Claimed Marks 0.046ms
[2022-09-04T22:21:10.534-0700][gc,marking  ] GC(5) Concurrent Scan Root Regions
[2022-09-04T22:21:10.552-0700][gc,marking  ] GC(5) Concurrent Scan Root Regions 18.346ms
[2022-09-04T22:21:10.552-0700][gc,marking  ] GC(5) Concurrent Mark
[2022-09-04T22:21:10.552-0700][gc,marking  ] GC(5) Concurrent Mark From Roots
[2022-09-04T22:21:10.552-0700][gc,task     ] GC(5) Using 1 workers of 1 for marking
[2022-09-04T22:21:10.556-0700][gc,marking  ] GC(5) Concurrent Mark From Roots 4.199ms
[2022-09-04T22:21:10.556-0700][gc,marking  ] GC(5) Concurrent Preclean
[2022-09-04T22:21:10.556-0700][gc,marking  ] GC(5) Concurrent Preclean 0.043ms
[2022-09-04T22:21:10.556-0700][gc,start    ] GC(5) Pause Remark
[2022-09-04T22:21:10.559-0700][gc          ] GC(5) Pause Remark 24M->24M(512M) 2.456ms
[2022-09-04T22:21:10.559-0700][gc,cpu      ] GC(5) User=0.01s Sys=0.00s Real=0.00s
[2022-09-04T22:21:10.559-0700][gc,marking  ] GC(5) Concurrent Mark 7.055ms
[2022-09-04T22:21:10.559-0700][gc,marking  ] GC(5) Concurrent Rebuild Remembered Sets
[2022-09-04T22:21:10.568-0700][gc,marking  ] GC(5) Concurrent Rebuild Remembered Sets 8.480ms
[2022-09-04T22:21:10.568-0700][gc,start    ] GC(5) Pause Cleanup
[2022-09-04T22:21:10.568-0700][gc          ] GC(5) Pause Cleanup 25M->25M(512M) 0.164ms
[2022-09-04T22:21:10.568-0700][gc,cpu      ] GC(5) User=0.00s Sys=0.00s Real=0.00s
[2022-09-04T22:21:10.568-0700][gc,marking  ] GC(5) Concurrent Cleanup for Next Mark
[2022-09-04T22:21:10.575-0700][gc,marking  ] GC(5) Concurrent Cleanup for Next Mark 7.386ms
[2022-09-04T22:21:10.575-0700][gc          ] GC(5) Concurrent Mark Cycle 42.221ms
[2022-09-04T22:21:12.822-0700][gc,start    ] GC(6) Pause Young (Normal) (G1 Evacuation Pause)
[2022-09-04T22:21:12.824-0700][gc,task     ] GC(6) Using 4 workers of 4 for evacuation
[2022-09-04T22:21:12.845-0700][gc,phases   ] GC(6)   Pre Evacuate Collection Set: 0.1ms
[2022-09-04T22:21:12.845-0700][gc,phases   ] GC(6)   Merge Heap Roots: 0.1ms
[2022-09-04T22:21:12.845-0700][gc,phases   ] GC(6)   Evacuate Collection Set: 18.9ms
[2022-09-04T22:21:12.845-0700][gc,phases   ] GC(6)   Post Evacuate Collection Set: 0.9ms
[2022-09-04T22:21:12.845-0700][gc,phases   ] GC(6)   Other: 0.2ms
[2022-09-04T22:21:12.845-0700][gc,heap     ] GC(6) Eden regions: 241->0(241)
[2022-09-04T22:21:12.845-0700][gc,heap     ] GC(6) Survivor regions: 15->15(32)
[2022-09-04T22:21:12.845-0700][gc,heap     ] GC(6) Old regions: 6->6
[2022-09-04T22:21:12.845-0700][gc,heap     ] GC(6) Archive regions: 2->2
[2022-09-04T22:21:12.845-0700][gc,heap     ] GC(6) Humongous regions: 0->0
[2022-09-04T22:21:12.845-0700][gc,metaspace] GC(6) Metaspace: 27354K(27648K)->27354K(27648K) NonClass: 24127K(24256K)->24127K(24256K) Class: 3227K(3392K)->3227K(3392K)
[2022-09-04T22:21:12.845-0700][gc          ] GC(6) Pause Young (Normal) (G1 Evacuation Pause) 261M->21M(512M) 22.633ms
[2022-09-04T22:21:12.845-0700][gc,cpu      ] GC(6) User=0.06s Sys=0.00s Real=0.02s
[2022-09-04T22:21:14.676-0700][gc,start    ] GC(7) Pause Young (Concurrent Start) (Metadata GC Threshold)
[2022-09-04T22:21:14.676-0700][gc,task     ] GC(7) Using 4 workers of 4 for evacuation
[2022-09-04T22:21:14.699-0700][gc,phases   ] GC(7)   Pre Evacuate Collection Set: 0.1ms
[2022-09-04T22:21:14.699-0700][gc,phases   ] GC(7)   Merge Heap Roots: 0.1ms
[2022-09-04T22:21:14.699-0700][gc,phases   ] GC(7)   Evacuate Collection Set: 20.7ms
[2022-09-04T22:21:14.699-0700][gc,phases   ] GC(7)   Post Evacuate Collection Set: 1.2ms
[2022-09-04T22:21:14.699-0700][gc,phases   ] GC(7)   Other: 0.2ms
[2022-09-04T22:21:14.699-0700][gc,heap     ] GC(7) Eden regions: 117->0(236)
[2022-09-04T22:21:14.699-0700][gc,heap     ] GC(7) Survivor regions: 15->20(32)
[2022-09-04T22:21:14.699-0700][gc,heap     ] GC(7) Old regions: 6->6
[2022-09-04T22:21:14.699-0700][gc,heap     ] GC(7) Archive regions: 2->2
[2022-09-04T22:21:14.699-0700][gc,heap     ] GC(7) Humongous regions: 0->0
[2022-09-04T22:21:14.699-0700][gc,metaspace] GC(7) Metaspace: 35606K(35968K)->35606K(35968K) NonClass: 31367K(31552K)->31367K(31552K) Class: 4239K(4416K)->4239K(4416K)
[2022-09-04T22:21:14.699-0700][gc          ] GC(7) Pause Young (Concurrent Start) (Metadata GC Threshold) 138M->26M(512M) 22.812ms
[2022-09-04T22:21:14.699-0700][gc          ] GC(8) Concurrent Mark Cycle
[2022-09-04T22:21:14.699-0700][gc,cpu      ] GC(7) User=0.08s Sys=0.00s Real=0.02s
[2022-09-04T22:21:14.699-0700][gc,marking  ] GC(8) Concurrent Clear Claimed Marks
[2022-09-04T22:21:14.699-0700][gc,marking  ] GC(8) Concurrent Clear Claimed Marks 0.096ms
[2022-09-04T22:21:14.699-0700][gc,marking  ] GC(8) Concurrent Scan Root Regions
[2022-09-04T22:21:14.723-0700][gc,marking  ] GC(8) Concurrent Scan Root Regions 23.366ms
[2022-09-04T22:21:14.723-0700][gc,marking  ] GC(8) Concurrent Mark
[2022-09-04T22:21:14.723-0700][gc,marking  ] GC(8) Concurrent Mark From Roots
[2022-09-04T22:21:14.723-0700][gc,task     ] GC(8) Using 1 workers of 1 for marking
[2022-09-04T22:21:14.739-0700][gc,marking  ] GC(8) Concurrent Mark From Roots 16.318ms
[2022-09-04T22:21:14.739-0700][gc,marking  ] GC(8) Concurrent Preclean
[2022-09-04T22:21:14.739-0700][gc,marking  ] GC(8) Concurrent Preclean 0.087ms
[2022-09-04T22:21:14.740-0700][gc,start    ] GC(8) Pause Remark
[2022-09-04T22:21:14.743-0700][gc          ] GC(8) Pause Remark 30M->30M(512M) 3.150ms
[2022-09-04T22:21:14.743-0700][gc,cpu      ] GC(8) User=0.02s Sys=0.00s Real=0.00s
[2022-09-04T22:21:14.743-0700][gc,marking  ] GC(8) Concurrent Mark 20.185ms
[2022-09-04T22:21:14.743-0700][gc,marking  ] GC(8) Concurrent Rebuild Remembered Sets
[2022-09-04T22:21:14.753-0700][gc,marking  ] GC(8) Concurrent Rebuild Remembered Sets 9.896ms
[2022-09-04T22:21:14.753-0700][gc,start    ] GC(8) Pause Cleanup
[2022-09-04T22:21:14.754-0700][gc          ] GC(8) Pause Cleanup 30M->30M(512M) 0.176ms
[2022-09-04T22:21:14.754-0700][gc,cpu      ] GC(8) User=0.00s Sys=0.00s Real=0.00s
[2022-09-04T22:21:14.754-0700][gc,marking  ] GC(8) Concurrent Cleanup for Next Mark
[2022-09-04T22:21:14.762-0700][gc,marking  ] GC(8) Concurrent Cleanup for Next Mark 8.406ms
[2022-09-04T22:21:14.762-0700][gc          ] GC(8) Concurrent Mark Cycle 63.062ms
[2022-09-04T22:21:17.580-0700][gc,start    ] GC(9) Pause Young (Normal) (G1 Evacuation Pause)
[2022-09-04T22:21:17.580-0700][gc,task     ] GC(9) Using 4 workers of 4 for evacuation
[2022-09-04T22:21:17.613-0700][gc,phases   ] GC(9)   Pre Evacuate Collection Set: 0.1ms
[2022-09-04T22:21:17.613-0700][gc,phases   ] GC(9)   Merge Heap Roots: 0.1ms
[2022-09-04T22:21:17.614-0700][gc,phases   ] GC(9)   Evacuate Collection Set: 29.2ms
[2022-09-04T22:21:17.614-0700][gc,phases   ] GC(9)   Post Evacuate Collection Set: 3.4ms
[2022-09-04T22:21:17.614-0700][gc,phases   ] GC(9)   Other: 0.2ms
[2022-09-04T22:21:17.614-0700][gc,heap     ] GC(9) Eden regions: 236->0(236)
[2022-09-04T22:21:17.614-0700][gc,heap     ] GC(9) Survivor regions: 20->20(32)
[2022-09-04T22:21:17.614-0700][gc,heap     ] GC(9) Old regions: 6->13
[2022-09-04T22:21:17.614-0700][gc,heap     ] GC(9) Archive regions: 2->2
[2022-09-04T22:21:17.614-0700][gc,heap     ] GC(9) Humongous regions: 38->38
[2022-09-04T22:21:17.614-0700][gc,metaspace] GC(9) Metaspace: 47158K(47616K)->47158K(47616K) NonClass: 41452K(41664K)->41452K(41664K) Class: 5706K(5952K)->5706K(5952K)
[2022-09-04T22:21:17.614-0700][gc          ] GC(9) Pause Young (Normal) (G1 Evacuation Pause) 300M->71M(512M) 33.410ms
[2022-09-04T22:21:17.614-0700][gc,cpu      ] GC(9) User=0.11s Sys=0.01s Real=0.03s
[2022-09-04T22:21:24.895-0700][gc,start    ] GC(10) Pause Young (Concurrent Start) (Metadata GC Threshold)
[2022-09-04T22:21:24.899-0700][gc,task     ] GC(10) Using 4 workers of 4 for evacuation
[2022-09-04T22:21:24.935-0700][gc,phases   ] GC(10)   Pre Evacuate Collection Set: 0.2ms
[2022-09-04T22:21:24.935-0700][gc,phases   ] GC(10)   Merge Heap Roots: 0.1ms
[2022-09-04T22:21:24.935-0700][gc,phases   ] GC(10)   Evacuate Collection Set: 33.7ms
[2022-09-04T22:21:24.935-0700][gc,phases   ] GC(10)   Post Evacuate Collection Set: 2.0ms
[2022-09-04T22:21:24.935-0700][gc,phases   ] GC(10)   Other: 0.3ms
[2022-09-04T22:21:24.935-0700][gc,heap     ] GC(10) Eden regions: 217->0(226)
[2022-09-04T22:21:24.935-0700][gc,heap     ] GC(10) Survivor regions: 20->30(32)
[2022-09-04T22:21:24.935-0700][gc,heap     ] GC(10) Old regions: 13->16
[2022-09-04T22:21:24.935-0700][gc,heap     ] GC(10) Archive regions: 2->2
[2022-09-04T22:21:24.935-0700][gc,heap     ] GC(10) Humongous regions: 38->38
[2022-09-04T22:21:24.935-0700][gc,metaspace] GC(10) Metaspace: 59757K(60288K)->59757K(60288K) NonClass: 52527K(52800K)->52527K(52800K) Class: 7229K(7488K)->7229K(7488K)
[2022-09-04T22:21:24.936-0700][gc          ] GC(10) Pause Young (Concurrent Start) (Metadata GC Threshold) 287M->84M(512M) 40.155ms
[2022-09-04T22:21:24.936-0700][gc          ] GC(11) Concurrent Mark Cycle
[2022-09-04T22:21:24.936-0700][gc,cpu      ] GC(10) User=0.13s Sys=0.01s Real=0.04s
[2022-09-04T22:21:24.936-0700][gc,marking  ] GC(11) Concurrent Clear Claimed Marks
[2022-09-04T22:21:24.936-0700][gc,marking  ] GC(11) Concurrent Clear Claimed Marks 0.089ms
[2022-09-04T22:21:24.936-0700][gc,marking  ] GC(11) Concurrent Scan Root Regions
[2022-09-04T22:21:25.002-0700][gc,marking  ] GC(11) Concurrent Scan Root Regions 65.887ms
[2022-09-04T22:21:25.002-0700][gc,marking  ] GC(11) Concurrent Mark
[2022-09-04T22:21:25.002-0700][gc,marking  ] GC(11) Concurrent Mark From Roots
[2022-09-04T22:21:25.002-0700][gc,task     ] GC(11) Using 1 workers of 1 for marking
[2022-09-04T22:21:25.054-0700][gc,marking  ] GC(11) Concurrent Mark From Roots 52.533ms
[2022-09-04T22:21:25.054-0700][gc,marking  ] GC(11) Concurrent Preclean
[2022-09-04T22:21:25.054-0700][gc,marking  ] GC(11) Concurrent Preclean 0.055ms
[2022-09-04T22:21:25.055-0700][gc,start    ] GC(11) Pause Remark
[2022-09-04T22:21:25.059-0700][gc          ] GC(11) Pause Remark 99M->99M(512M) 4.347ms
[2022-09-04T22:21:25.059-0700][gc,cpu      ] GC(11) User=0.01s Sys=0.00s Real=0.00s
[2022-09-04T22:21:25.059-0700][gc,marking  ] GC(11) Concurrent Mark 57.414ms
[2022-09-04T22:21:25.059-0700][gc,marking  ] GC(11) Concurrent Rebuild Remembered Sets
[2022-09-04T22:21:25.059-0700][gc,marking  ] GC(11) Concurrent Rebuild Remembered Sets 0.016ms
[2022-09-04T22:21:25.059-0700][gc,start    ] GC(11) Pause Cleanup
[2022-09-04T22:21:25.059-0700][gc          ] GC(11) Pause Cleanup 99M->99M(512M) 0.048ms
[2022-09-04T22:21:25.059-0700][gc,cpu      ] GC(11) User=0.00s Sys=0.00s Real=0.00s
[2022-09-04T22:21:25.060-0700][gc,marking  ] GC(11) Concurrent Cleanup for Next Mark
[2022-09-04T22:21:25.069-0700][gc,marking  ] GC(11) Concurrent Cleanup for Next Mark 9.956ms
[2022-09-04T22:21:25.070-0700][gc          ] GC(11) Concurrent Mark Cycle 133.943ms
[2022-09-04T22:21:46.184-0700][gc,start    ] GC(12) Pause Young (Normal) (G1 Evacuation Pause)
[2022-09-04T22:21:46.186-0700][gc,task     ] GC(12) Using 4 workers of 4 for evacuation
[2022-09-04T22:21:46.235-0700][gc,phases   ] GC(12)   Pre Evacuate Collection Set: 0.2ms
[2022-09-04T22:21:46.235-0700][gc,phases   ] GC(12)   Merge Heap Roots: 0.1ms
[2022-09-04T22:21:46.235-0700][gc,phases   ] GC(12)   Evacuate Collection Set: 46.7ms
[2022-09-04T22:21:46.236-0700][gc,phases   ] GC(12)   Post Evacuate Collection Set: 2.0ms
[2022-09-04T22:21:46.236-0700][gc,phases   ] GC(12)   Other: 0.3ms
[2022-09-04T22:21:46.236-0700][gc,heap     ] GC(12) Eden regions: 226->0(229)
[2022-09-04T22:21:46.236-0700][gc,heap     ] GC(12) Survivor regions: 30->27(32)
[2022-09-04T22:21:46.236-0700][gc,heap     ] GC(12) Old regions: 16->32
[2022-09-04T22:21:46.236-0700][gc,heap     ] GC(12) Archive regions: 2->2
[2022-09-04T22:21:46.236-0700][gc,heap     ] GC(12) Humongous regions: 40->40
[2022-09-04T22:21:46.236-0700][gc,metaspace] GC(12) Metaspace: 68762K(69440K)->68762K(69440K) NonClass: 60411K(60800K)->60411K(60800K) Class: 8350K(8640K)->8350K(8640K)
[2022-09-04T22:21:46.236-0700][gc          ] GC(12) Pause Young (Normal) (G1 Evacuation Pause) 312M->98M(512M) 51.841ms
[2022-09-04T22:21:46.236-0700][gc,cpu      ] GC(12) User=0.16s Sys=0.01s Real=0.05s
[2022-09-04T22:24:12.457-0700][gc,heap,exit] Heap
[2022-09-04T22:24:12.460-0700][gc,heap,exit]  garbage-first heap   total 524288K, used 155759K [0x00000007e0000000, 0x0000000800000000)
[2022-09-04T22:24:12.460-0700][gc,heap,exit]   region size 1024K, 81 young (82944K), 27 survivors (27648K)
[2022-09-04T22:24:12.460-0700][gc,heap,exit]  Metaspace       used 70471K, committed 71168K, reserved 1114112K
[2022-09-04T22:24:12.460-0700][gc,heap,exit]   class space    used 8421K, committed 8768K, reserved 1048576K
