[2022-09-04T23:39:11.629-0700][gc,init] CardTable entry size: 512
[2022-09-04T23:39:11.629-0700][gc     ] Using G1
[2022-09-04T23:39:11.634-0700][gc,init] Version: 18.0.1+10-24 (release)
[2022-09-04T23:39:11.634-0700][gc,init] CPUs: 4 total, 4 available
[2022-09-04T23:39:11.634-0700][gc,init] Memory: 8192M
[2022-09-04T23:39:11.634-0700][gc,init] Large Page Support: Disabled
[2022-09-04T23:39:11.634-0700][gc,init] NUMA Support: Disabled
[2022-09-04T23:39:11.634-0700][gc,init] Compressed Oops: Enabled (Zero based)
[2022-09-04T23:39:11.634-0700][gc,init] Heap Region Size: 1M
[2022-09-04T23:39:11.634-0700][gc,init] Heap Min Capacity: 512M
[2022-09-04T23:39:11.634-0700][gc,init] Heap Initial Capacity: 512M
[2022-09-04T23:39:11.634-0700][gc,init] Heap Max Capacity: 512M
[2022-09-04T23:39:11.634-0700][gc,init] Pre-touch: Disabled
[2022-09-04T23:39:11.634-0700][gc,init] Parallel Workers: 4
[2022-09-04T23:39:11.634-0700][gc,init] Concurrent Workers: 1
[2022-09-04T23:39:11.634-0700][gc,init] Concurrent Refinement Workers: 4
[2022-09-04T23:39:11.634-0700][gc,init] Periodic GC: Disabled
[2022-09-04T23:39:11.635-0700][gc,metaspace] CDS archive(s) mapped at: [0x0000000800000000-0x0000000800ba8000-0x0000000800ba8000), size 12222464, SharedBaseAddress: 0x0000000800000000, ArchiveRelocationMode: 0.
[2022-09-04T23:39:11.635-0700][gc,metaspace] Compressed class space mapped at: 0x0000000800c00000-0x0000000840c00000, reserved size: 1073741824
[2022-09-04T23:39:11.635-0700][gc,metaspace] Narrow klass base: 0x0000000800000000, Narrow klass shift: 0, Narrow klass range: 0x100000000
[2022-09-04T23:39:19.729-0700][gc,start    ] GC(0) Pause Young (Normal) (G1 Evacuation Pause)
[2022-09-04T23:39:19.729-0700][gc,task     ] GC(0) Using 4 workers of 4 for evacuation
[2022-09-04T23:39:19.739-0700][gc,phases   ] GC(0)   Pre Evacuate Collection Set: 0.1ms
[2022-09-04T23:39:19.739-0700][gc,phases   ] GC(0)   Merge Heap Roots: 0.1ms
[2022-09-04T23:39:19.739-0700][gc,phases   ] GC(0)   Evacuate Collection Set: 8.8ms
[2022-09-04T23:39:19.739-0700][gc,phases   ] GC(0)   Post Evacuate Collection Set: 1.0ms
[2022-09-04T23:39:19.739-0700][gc,phases   ] GC(0)   Other: 0.5ms
[2022-09-04T23:39:19.739-0700][gc,heap     ] GC(0) Eden regions: 256->0(250)
[2022-09-04T23:39:19.739-0700][gc,heap     ] GC(0) Survivor regions: 0->6(32)
[2022-09-04T23:39:19.739-0700][gc,heap     ] GC(0) Old regions: 0->0
[2022-09-04T23:39:19.739-0700][gc,heap     ] GC(0) Archive regions: 2->2
[2022-09-04T23:39:19.740-0700][gc,heap     ] GC(0) Humongous regions: 3->0
[2022-09-04T23:39:19.740-0700][gc,metaspace] GC(0) Metaspace: 10999K(11264K)->10999K(11264K) NonClass: 9711K(9856K)->9711K(9856K) Class: 1288K(1408K)->1288K(1408K)
[2022-09-04T23:39:19.740-0700][gc          ] GC(0) Pause Young (Normal) (G1 Evacuation Pause) 259M->6M(512M) 10.936ms
[2022-09-04T23:39:19.740-0700][gc,cpu      ] GC(0) User=0.04s Sys=0.00s Real=0.02s
[2022-09-04T23:39:20.431-0700][gc,start    ] GC(1) Pause Young (Normal) (G1 Evacuation Pause)
[2022-09-04T23:39:20.431-0700][gc,task     ] GC(1) Using 4 workers of 4 for evacuation
[2022-09-04T23:39:20.440-0700][gc,phases   ] GC(1)   Pre Evacuate Collection Set: 0.1ms
[2022-09-04T23:39:20.440-0700][gc,phases   ] GC(1)   Merge Heap Roots: 0.1ms
[2022-09-04T23:39:20.440-0700][gc,phases   ] GC(1)   Evacuate Collection Set: 7.2ms
[2022-09-04T23:39:20.440-0700][gc,phases   ] GC(1)   Post Evacuate Collection Set: 0.7ms
[2022-09-04T23:39:20.440-0700][gc,phases   ] GC(1)   Other: 0.1ms
[2022-09-04T23:39:20.440-0700][gc,heap     ] GC(1) Eden regions: 250->0(249)
[2022-09-04T23:39:20.440-0700][gc,heap     ] GC(1) Survivor regions: 6->7(32)
[2022-09-04T23:39:20.440-0700][gc,heap     ] GC(1) Old regions: 0->0
[2022-09-04T23:39:20.440-0700][gc,heap     ] GC(1) Archive regions: 2->2
[2022-09-04T23:39:20.440-0700][gc,heap     ] GC(1) Humongous regions: 0->0
[2022-09-04T23:39:20.440-0700][gc,metaspace] GC(1) Metaspace: 12210K(12544K)->12210K(12544K) NonClass: 10788K(10944K)->10788K(10944K) Class: 1421K(1600K)->1421K(1600K)
[2022-09-04T23:39:20.440-0700][gc          ] GC(1) Pause Young (Normal) (G1 Evacuation Pause) 256M->7M(512M) 8.476ms
[2022-09-04T23:39:20.440-0700][gc,cpu      ] GC(1) User=0.02s Sys=0.00s Real=0.01s
[2022-09-04T23:39:22.090-0700][gc,start    ] GC(2) Pause Young (Normal) (G1 Evacuation Pause)
[2022-09-04T23:39:22.090-0700][gc,task     ] GC(2) Using 4 workers of 4 for evacuation
[2022-09-04T23:39:22.105-0700][gc,phases   ] GC(2)   Pre Evacuate Collection Set: 0.1ms
[2022-09-04T23:39:22.105-0700][gc,phases   ] GC(2)   Merge Heap Roots: 0.1ms
[2022-09-04T23:39:22.105-0700][gc,phases   ] GC(2)   Evacuate Collection Set: 14.0ms
[2022-09-04T23:39:22.105-0700][gc,phases   ] GC(2)   Post Evacuate Collection Set: 1.1ms
[2022-09-04T23:39:22.105-0700][gc,phases   ] GC(2)   Other: 0.1ms
[2022-09-04T23:39:22.105-0700][gc,heap     ] GC(2) Eden regions: 249->0(242)
[2022-09-04T23:39:22.105-0700][gc,heap     ] GC(2) Survivor regions: 7->14(32)
[2022-09-04T23:39:22.105-0700][gc,heap     ] GC(2) Old regions: 0->0
[2022-09-04T23:39:22.105-0700][gc,heap     ] GC(2) Archive regions: 2->2
[2022-09-04T23:39:22.105-0700][gc,heap     ] GC(2) Humongous regions: 0->0
[2022-09-04T23:39:22.105-0700][gc,metaspace] GC(2) Metaspace: 18303K(18560K)->18303K(18560K) NonClass: 16169K(16320K)->16169K(16320K) Class: 2133K(2240K)->2133K(2240K)
[2022-09-04T23:39:22.106-0700][gc          ] GC(2) Pause Young (Normal) (G1 Evacuation Pause) 256M->14M(512M) 15.582ms
[2022-09-04T23:39:22.106-0700][gc,cpu      ] GC(2) User=0.05s Sys=0.01s Real=0.01s
[2022-09-04T23:39:23.191-0700][gc,start    ] GC(3) Pause Young (Normal) (G1 Evacuation Pause)
[2022-09-04T23:39:23.191-0700][gc,task     ] GC(3) Using 4 workers of 4 for evacuation
[2022-09-04T23:39:23.209-0700][gc,phases   ] GC(3)   Pre Evacuate Collection Set: 0.1ms
[2022-09-04T23:39:23.209-0700][gc,phases   ] GC(3)   Merge Heap Roots: 0.1ms
[2022-09-04T23:39:23.209-0700][gc,phases   ] GC(3)   Evacuate Collection Set: 16.3ms
[2022-09-04T23:39:23.209-0700][gc,phases   ] GC(3)   Post Evacuate Collection Set: 1.1ms
[2022-09-04T23:39:23.209-0700][gc,phases   ] GC(3)   Other: 0.1ms
[2022-09-04T23:39:23.209-0700][gc,heap     ] GC(3) Eden regions: 242->0(238)
[2022-09-04T23:39:23.209-0700][gc,heap     ] GC(3) Survivor regions: 14->18(32)
[2022-09-04T23:39:23.209-0700][gc,heap     ] GC(3) Old regions: 0->0
[2022-09-04T23:39:23.209-0700][gc,heap     ] GC(3) Archive regions: 2->2
[2022-09-04T23:39:23.209-0700][gc,heap     ] GC(3) Humongous regions: 0->0
[2022-09-04T23:39:23.209-0700][gc,metaspace] GC(3) Metaspace: 20817K(21120K)->20817K(21120K) NonClass: 18420K(18624K)->18420K(18624K) Class: 2397K(2496K)->2397K(2496K)
[2022-09-04T23:39:23.209-0700][gc          ] GC(3) Pause Young (Normal) (G1 Evacuation Pause) 256M->18M(512M) 18.137ms
[2022-09-04T23:39:23.209-0700][gc,cpu      ] GC(3) User=0.07s Sys=0.01s Real=0.01s
[2022-09-04T23:39:23.628-0700][gc,start    ] GC(4) Pause Young (Concurrent Start) (Metadata GC Threshold)
[2022-09-04T23:39:23.628-0700][gc,task     ] GC(4) Using 4 workers of 4 for evacuation
[2022-09-04T23:39:23.648-0700][gc,phases   ] GC(4)   Pre Evacuate Collection Set: 0.2ms
[2022-09-04T23:39:23.648-0700][gc,phases   ] GC(4)   Merge Heap Roots: 0.1ms
[2022-09-04T23:39:23.648-0700][gc,phases   ] GC(4)   Evacuate Collection Set: 18.3ms
[2022-09-04T23:39:23.648-0700][gc,phases   ] GC(4)   Post Evacuate Collection Set: 1.0ms
[2022-09-04T23:39:23.648-0700][gc,phases   ] GC(4)   Other: 0.2ms
[2022-09-04T23:39:23.648-0700][gc,heap     ] GC(4) Eden regions: 158->0(241)
[2022-09-04T23:39:23.648-0700][gc,heap     ] GC(4) Survivor regions: 18->15(32)
[2022-09-04T23:39:23.648-0700][gc,heap     ] GC(4) Old regions: 0->6
[2022-09-04T23:39:23.648-0700][gc,heap     ] GC(4) Archive regions: 2->2
[2022-09-04T23:39:23.649-0700][gc,heap     ] GC(4) Humongous regions: 0->0
[2022-09-04T23:39:23.649-0700][gc,metaspace] GC(4) Metaspace: 21285K(21504K)->21285K(21504K) NonClass: 18835K(18944K)->18835K(18944K) Class: 2450K(2560K)->2450K(2560K)
[2022-09-04T23:39:23.649-0700][gc          ] GC(4) Pause Young (Concurrent Start) (Metadata GC Threshold) 176M->20M(512M) 20.222ms
[2022-09-04T23:39:23.649-0700][gc,cpu      ] GC(4) User=0.07s Sys=0.00s Real=0.02s
[2022-09-04T23:39:23.649-0700][gc          ] GC(5) Concurrent Mark Cycle
[2022-09-04T23:39:23.649-0700][gc,marking  ] GC(5) Concurrent Clear Claimed Marks
[2022-09-04T23:39:23.649-0700][gc,marking  ] GC(5) Concurrent Clear Claimed Marks 0.036ms
[2022-09-04T23:39:23.649-0700][gc,marking  ] GC(5) Concurrent Scan Root Regions
[2022-09-04T23:39:23.666-0700][gc,marking  ] GC(5) Concurrent Scan Root Regions 17.335ms
[2022-09-04T23:39:23.666-0700][gc,marking  ] GC(5) Concurrent Mark
[2022-09-04T23:39:23.666-0700][gc,marking  ] GC(5) Concurrent Mark From Roots
[2022-09-04T23:39:23.666-0700][gc,task     ] GC(5) Using 1 workers of 1 for marking
[2022-09-04T23:39:23.669-0700][gc,marking  ] GC(5) Concurrent Mark From Roots 2.816ms
[2022-09-04T23:39:23.669-0700][gc,marking  ] GC(5) Concurrent Preclean
[2022-09-04T23:39:23.669-0700][gc,marking  ] GC(5) Concurrent Preclean 0.025ms
[2022-09-04T23:39:23.669-0700][gc,start    ] GC(5) Pause Remark
[2022-09-04T23:39:23.672-0700][gc          ] GC(5) Pause Remark 23M->23M(512M) 2.884ms
[2022-09-04T23:39:23.672-0700][gc,cpu      ] GC(5) User=0.01s Sys=0.00s Real=0.01s
[2022-09-04T23:39:23.672-0700][gc,marking  ] GC(5) Concurrent Mark 6.139ms
[2022-09-04T23:39:23.672-0700][gc,marking  ] GC(5) Concurrent Rebuild Remembered Sets
[2022-09-04T23:39:23.679-0700][gc,marking  ] GC(5) Concurrent Rebuild Remembered Sets 6.113ms
[2022-09-04T23:39:23.679-0700][gc,start    ] GC(5) Pause Cleanup
[2022-09-04T23:39:23.679-0700][gc          ] GC(5) Pause Cleanup 24M->24M(512M) 0.109ms
[2022-09-04T23:39:23.679-0700][gc,cpu      ] GC(5) User=0.00s Sys=0.00s Real=0.00s
[2022-09-04T23:39:23.679-0700][gc,marking  ] GC(5) Concurrent Cleanup for Next Mark
[2022-09-04T23:39:23.684-0700][gc,marking  ] GC(5) Concurrent Cleanup for Next Mark 4.738ms
[2022-09-04T23:39:23.684-0700][gc          ] GC(5) Concurrent Mark Cycle 35.128ms
[2022-09-04T23:39:25.914-0700][gc,start    ] GC(6) Pause Young (Normal) (G1 Evacuation Pause)
[2022-09-04T23:39:25.917-0700][gc,task     ] GC(6) Using 4 workers of 4 for evacuation
[2022-09-04T23:39:25.934-0700][gc,phases   ] GC(6)   Pre Evacuate Collection Set: 0.1ms
[2022-09-04T23:39:25.934-0700][gc,phases   ] GC(6)   Merge Heap Roots: 0.1ms
[2022-09-04T23:39:25.934-0700][gc,phases   ] GC(6)   Evacuate Collection Set: 16.0ms
[2022-09-04T23:39:25.934-0700][gc,phases   ] GC(6)   Post Evacuate Collection Set: 0.9ms
[2022-09-04T23:39:25.934-0700][gc,phases   ] GC(6)   Other: 0.2ms
[2022-09-04T23:39:25.934-0700][gc,heap     ] GC(6) Eden regions: 241->0(241)
[2022-09-04T23:39:25.934-0700][gc,heap     ] GC(6) Survivor regions: 15->15(32)
[2022-09-04T23:39:25.934-0700][gc,heap     ] GC(6) Old regions: 6->6
[2022-09-04T23:39:25.934-0700][gc,heap     ] GC(6) Archive regions: 2->2
[2022-09-04T23:39:25.934-0700][gc,heap     ] GC(6) Humongous regions: 0->0
[2022-09-04T23:39:25.934-0700][gc,metaspace] GC(6) Metaspace: 27481K(27776K)->27481K(27776K) NonClass: 24235K(24384K)->24235K(24384K) Class: 3246K(3392K)->3246K(3392K)
[2022-09-04T23:39:25.934-0700][gc          ] GC(6) Pause Young (Normal) (G1 Evacuation Pause) 261M->21M(512M) 19.841ms
[2022-09-04T23:39:25.934-0700][gc,cpu      ] GC(6) User=0.06s Sys=0.00s Real=0.02s
[2022-09-04T23:39:27.854-0700][gc,start    ] GC(7) Pause Young (Concurrent Start) (Metadata GC Threshold)
[2022-09-04T23:39:27.854-0700][gc,task     ] GC(7) Using 4 workers of 4 for evacuation
[2022-09-04T23:39:27.876-0700][gc,phases   ] GC(7)   Pre Evacuate Collection Set: 0.1ms
[2022-09-04T23:39:27.876-0700][gc,phases   ] GC(7)   Merge Heap Roots: 0.1ms
[2022-09-04T23:39:27.876-0700][gc,phases   ] GC(7)   Evacuate Collection Set: 20.1ms
[2022-09-04T23:39:27.876-0700][gc,phases   ] GC(7)   Post Evacuate Collection Set: 1.1ms
[2022-09-04T23:39:27.876-0700][gc,phases   ] GC(7)   Other: 0.2ms
[2022-09-04T23:39:27.876-0700][gc,heap     ] GC(7) Eden regions: 117->0(236)
[2022-09-04T23:39:27.876-0700][gc,heap     ] GC(7) Survivor regions: 15->20(32)
[2022-09-04T23:39:27.876-0700][gc,heap     ] GC(7) Old regions: 6->6
[2022-09-04T23:39:27.876-0700][gc,heap     ] GC(7) Archive regions: 2->2
[2022-09-04T23:39:27.876-0700][gc,heap     ] GC(7) Humongous regions: 0->0
[2022-09-04T23:39:27.876-0700][gc,metaspace] GC(7) Metaspace: 35605K(35968K)->35605K(35968K) NonClass: 31364K(31552K)->31364K(31552K) Class: 4240K(4416K)->4240K(4416K)
[2022-09-04T23:39:27.876-0700][gc          ] GC(7) Pause Young (Concurrent Start) (Metadata GC Threshold) 138M->26M(512M) 22.054ms
[2022-09-04T23:39:27.876-0700][gc          ] GC(8) Concurrent Mark Cycle
[2022-09-04T23:39:27.876-0700][gc,cpu      ] GC(7) User=0.08s Sys=0.00s Real=0.02s
[2022-09-04T23:39:27.876-0700][gc,marking  ] GC(8) Concurrent Clear Claimed Marks
[2022-09-04T23:39:27.877-0700][gc,marking  ] GC(8) Concurrent Clear Claimed Marks 0.088ms
[2022-09-04T23:39:27.877-0700][gc,marking  ] GC(8) Concurrent Scan Root Regions
[2022-09-04T23:39:27.901-0700][gc,marking  ] GC(8) Concurrent Scan Root Regions 23.895ms
[2022-09-04T23:39:27.901-0700][gc,marking  ] GC(8) Concurrent Mark
[2022-09-04T23:39:27.901-0700][gc,marking  ] GC(8) Concurrent Mark From Roots
[2022-09-04T23:39:27.901-0700][gc,task     ] GC(8) Using 1 workers of 1 for marking
[2022-09-04T23:39:27.919-0700][gc,marking  ] GC(8) Concurrent Mark From Roots 18.583ms
[2022-09-04T23:39:27.919-0700][gc,marking  ] GC(8) Concurrent Preclean
[2022-09-04T23:39:27.919-0700][gc,marking  ] GC(8) Concurrent Preclean 0.051ms
[2022-09-04T23:39:27.920-0700][gc,start    ] GC(8) Pause Remark
[2022-09-04T23:39:27.923-0700][gc          ] GC(8) Pause Remark 29M->29M(512M) 3.111ms
[2022-09-04T23:39:27.923-0700][gc,cpu      ] GC(8) User=0.01s Sys=0.00s Real=0.00s
[2022-09-04T23:39:27.923-0700][gc,marking  ] GC(8) Concurrent Mark 22.238ms
[2022-09-04T23:39:27.923-0700][gc,marking  ] GC(8) Concurrent Rebuild Remembered Sets
[2022-09-04T23:39:27.933-0700][gc,marking  ] GC(8) Concurrent Rebuild Remembered Sets 9.677ms
[2022-09-04T23:39:27.933-0700][gc,start    ] GC(8) Pause Cleanup
[2022-09-04T23:39:27.933-0700][gc          ] GC(8) Pause Cleanup 29M->29M(512M) 0.407ms
[2022-09-04T23:39:27.933-0700][gc,cpu      ] GC(8) User=0.00s Sys=0.00s Real=0.00s
[2022-09-04T23:39:27.933-0700][gc,marking  ] GC(8) Concurrent Cleanup for Next Mark
[2022-09-04T23:39:27.942-0700][gc,marking  ] GC(8) Concurrent Cleanup for Next Mark 8.853ms
[2022-09-04T23:39:27.942-0700][gc          ] GC(8) Concurrent Mark Cycle 65.937ms
[2022-09-04T23:39:31.259-0700][gc,start    ] GC(9) Pause Young (Normal) (G1 Evacuation Pause)
[2022-09-04T23:39:31.261-0700][gc,task     ] GC(9) Using 4 workers of 4 for evacuation
[2022-09-04T23:39:31.297-0700][gc,phases   ] GC(9)   Pre Evacuate Collection Set: 0.2ms
[2022-09-04T23:39:31.297-0700][gc,phases   ] GC(9)   Merge Heap Roots: 0.1ms
[2022-09-04T23:39:31.297-0700][gc,phases   ] GC(9)   Evacuate Collection Set: 34.4ms
[2022-09-04T23:39:31.297-0700][gc,phases   ] GC(9)   Post Evacuate Collection Set: 1.6ms
[2022-09-04T23:39:31.297-0700][gc,phases   ] GC(9)   Other: 0.2ms
[2022-09-04T23:39:31.297-0700][gc,heap     ] GC(9) Eden regions: 236->0(235)
[2022-09-04T23:39:31.297-0700][gc,heap     ] GC(9) Survivor regions: 20->21(32)
[2022-09-04T23:39:31.297-0700][gc,heap     ] GC(9) Old regions: 6->13
[2022-09-04T23:39:31.297-0700][gc,heap     ] GC(9) Archive regions: 2->2
[2022-09-04T23:39:31.297-0700][gc,heap     ] GC(9) Humongous regions: 38->38
[2022-09-04T23:39:31.297-0700][gc,metaspace] GC(9) Metaspace: 47159K(47680K)->47159K(47680K) NonClass: 41453K(41728K)->41453K(41728K) Class: 5705K(5952K)->5705K(5952K)
[2022-09-04T23:39:31.297-0700][gc          ] GC(9) Pause Young (Normal) (G1 Evacuation Pause) 300M->71M(512M) 38.935ms
[2022-09-04T23:39:31.298-0700][gc,cpu      ] GC(9) User=0.13s Sys=0.01s Real=0.04s
[2022-09-04T23:39:39.244-0700][gc,start    ] GC(10) Pause Young (Concurrent Start) (Metadata GC Threshold)
[2022-09-04T23:39:39.248-0700][gc,task     ] GC(10) Using 4 workers of 4 for evacuation
[2022-09-04T23:39:39.298-0700][gc,phases   ] GC(10)   Pre Evacuate Collection Set: 0.2ms
[2022-09-04T23:39:39.298-0700][gc,phases   ] GC(10)   Merge Heap Roots: 0.1ms
[2022-09-04T23:39:39.298-0700][gc,phases   ] GC(10)   Evacuate Collection Set: 46.5ms
[2022-09-04T23:39:39.298-0700][gc,phases   ] GC(10)   Post Evacuate Collection Set: 3.7ms
[2022-09-04T23:39:39.298-0700][gc,phases   ] GC(10)   Other: 0.2ms
[2022-09-04T23:39:39.299-0700][gc,heap     ] GC(10) Eden regions: 231->0(227)
[2022-09-04T23:39:39.299-0700][gc,heap     ] GC(10) Survivor regions: 21->29(32)
[2022-09-04T23:39:39.299-0700][gc,heap     ] GC(10) Old regions: 13->17
[2022-09-04T23:39:39.299-0700][gc,heap     ] GC(10) Archive regions: 2->2
[2022-09-04T23:39:39.299-0700][gc,heap     ] GC(10) Humongous regions: 38->38
[2022-09-04T23:39:39.299-0700][gc,metaspace] GC(10) Metaspace: 59718K(60288K)->59718K(60288K) NonClass: 52490K(52736K)->52490K(52736K) Class: 7228K(7552K)->7228K(7552K)
[2022-09-04T23:39:39.299-0700][gc          ] GC(10) Pause Young (Concurrent Start) (Metadata GC Threshold) 302M->84M(512M) 54.511ms
[2022-09-04T23:39:39.299-0700][gc          ] GC(11) Concurrent Mark Cycle
[2022-09-04T23:39:39.299-0700][gc,marking  ] GC(11) Concurrent Clear Claimed Marks
[2022-09-04T23:39:39.299-0700][gc,cpu      ] GC(10) User=0.15s Sys=0.02s Real=0.05s
[2022-09-04T23:39:39.299-0700][gc,marking  ] GC(11) Concurrent Clear Claimed Marks 0.052ms
[2022-09-04T23:39:39.299-0700][gc,marking  ] GC(11) Concurrent Scan Root Regions
[2022-09-04T23:39:39.367-0700][gc,marking  ] GC(11) Concurrent Scan Root Regions 68.076ms
[2022-09-04T23:39:39.367-0700][gc,marking  ] GC(11) Concurrent Mark
[2022-09-04T23:39:39.367-0700][gc,marking  ] GC(11) Concurrent Mark From Roots
[2022-09-04T23:39:39.367-0700][gc,task     ] GC(11) Using 1 workers of 1 for marking
[2022-09-04T23:39:39.442-0700][gc,marking  ] GC(11) Concurrent Mark From Roots 74.696ms
[2022-09-04T23:39:39.442-0700][gc,marking  ] GC(11) Concurrent Preclean
[2022-09-04T23:39:39.442-0700][gc,marking  ] GC(11) Concurrent Preclean 0.051ms
[2022-09-04T23:39:39.442-0700][gc,start    ] GC(11) Pause Remark
[2022-09-04T23:39:39.448-0700][gc          ] GC(11) Pause Remark 101M->101M(512M) 5.760ms
[2022-09-04T23:39:39.448-0700][gc,cpu      ] GC(11) User=0.02s Sys=0.00s Real=0.00s
[2022-09-04T23:39:39.448-0700][gc,marking  ] GC(11) Concurrent Mark 80.964ms
[2022-09-04T23:39:39.448-0700][gc,marking  ] GC(11) Concurrent Rebuild Remembered Sets
[2022-09-04T23:39:39.476-0700][gc,marking  ] GC(11) Concurrent Rebuild Remembered Sets 27.726ms
[2022-09-04T23:39:39.476-0700][gc,start    ] GC(11) Pause Cleanup
[2022-09-04T23:39:39.476-0700][gc          ] GC(11) Pause Cleanup 103M->103M(512M) 0.132ms
[2022-09-04T23:39:39.476-0700][gc,cpu      ] GC(11) User=0.00s Sys=0.00s Real=0.00s
[2022-09-04T23:39:39.476-0700][gc,marking  ] GC(11) Concurrent Cleanup for Next Mark
[2022-09-04T23:39:39.486-0700][gc,marking  ] GC(11) Concurrent Cleanup for Next Mark 9.471ms
[2022-09-04T23:39:39.486-0700][gc          ] GC(11) Concurrent Mark Cycle 187.018ms
[2022-09-04T23:42:31.453-0700][gc,start    ] GC(12) Pause Young (Normal) (G1 Evacuation Pause)
[2022-09-04T23:42:31.455-0700][gc,task     ] GC(12) Using 4 workers of 4 for evacuation
[2022-09-04T23:42:31.602-0700][gc,phases   ] GC(12)   Pre Evacuate Collection Set: 0.6ms
[2022-09-04T23:42:31.602-0700][gc,phases   ] GC(12)   Merge Heap Roots: 0.3ms
[2022-09-04T23:42:31.602-0700][gc,phases   ] GC(12)   Evacuate Collection Set: 142.1ms
[2022-09-04T23:42:31.602-0700][gc,phases   ] GC(12)   Post Evacuate Collection Set: 3.5ms
[2022-09-04T23:42:31.602-0700][gc,phases   ] GC(12)   Other: 0.3ms
[2022-09-04T23:42:31.602-0700][gc,heap     ] GC(12) Eden regions: 227->0(234)
[2022-09-04T23:42:31.602-0700][gc,heap     ] GC(12) Survivor regions: 29->22(32)
[2022-09-04T23:42:31.602-0700][gc,heap     ] GC(12) Old regions: 17->31
[2022-09-04T23:42:31.602-0700][gc,heap     ] GC(12) Archive regions: 2->2
[2022-09-04T23:42:31.602-0700][gc,heap     ] GC(12) Humongous regions: 40->40
[2022-09-04T23:42:31.602-0700][gc,metaspace] GC(12) Metaspace: 69509K(70144K)->69509K(70144K) NonClass: 61185K(61504K)->61185K(61504K) Class: 8323K(8640K)->8323K(8640K)
[2022-09-04T23:42:31.602-0700][gc          ] GC(12) Pause Young (Normal) (G1 Evacuation Pause) 313M->93M(512M) 149.095ms
[2022-09-04T23:42:31.602-0700][gc,cpu      ] GC(12) User=0.22s Sys=0.28s Real=0.15s
[2022-09-05T00:00:03.218-0700][gc,start    ] GC(13) Pause Young (Normal) (G1 Evacuation Pause)
[2022-09-05T00:00:03.223-0700][gc,task     ] GC(13) Using 4 workers of 4 for evacuation
[2022-09-05T00:00:04.064-0700][gc,mmu      ] GC(13) MMU target violated: 201.0ms (200.0ms/201.0ms)
[2022-09-05T00:00:04.064-0700][gc,phases   ] GC(13)   Pre Evacuate Collection Set: 53.7ms
[2022-09-05T00:00:04.064-0700][gc,phases   ] GC(13)   Merge Heap Roots: 13.0ms
[2022-09-05T00:00:04.064-0700][gc,phases   ] GC(13)   Evacuate Collection Set: 761.9ms
[2022-09-05T00:00:04.064-0700][gc,phases   ] GC(13)   Post Evacuate Collection Set: 11.5ms
[2022-09-05T00:00:04.064-0700][gc,phases   ] GC(13)   Other: 1.2ms
[2022-09-05T00:00:04.064-0700][gc,heap     ] GC(13) Eden regions: 234->0(230)
[2022-09-05T00:00:04.064-0700][gc,heap     ] GC(13) Survivor regions: 22->26(32)
[2022-09-05T00:00:04.064-0700][gc,heap     ] GC(13) Old regions: 31->44
[2022-09-05T00:00:04.064-0700][gc,heap     ] GC(13) Archive regions: 2->2
[2022-09-05T00:00:04.064-0700][gc,heap     ] GC(13) Humongous regions: 40->40
[2022-09-05T00:00:04.064-0700][gc,metaspace] GC(13) Metaspace: 71929K(72640K)->71929K(72640K) NonClass: 63428K(63808K)->63428K(63808K) Class: 8500K(8832K)->8500K(8832K)
[2022-09-05T00:00:04.064-0700][gc          ] GC(13) Pause Young (Normal) (G1 Evacuation Pause) 327M->110M(512M) 845.681ms
[2022-09-05T00:00:04.064-0700][gc,cpu      ] GC(13) User=0.20s Sys=0.50s Real=0.85s
[2022-09-05T00:18:43.998-0700][gc,start    ] GC(14) Pause Young (Normal) (G1 Evacuation Pause)
[2022-09-05T00:18:44.003-0700][gc,task     ] GC(14) Using 4 workers of 4 for evacuation
[2022-09-05T00:18:44.325-0700][gc,mmu      ] GC(14) MMU target violated: 201.0ms (200.0ms/201.0ms)
[2022-09-05T00:18:44.325-0700][gc,phases   ] GC(14)   Pre Evacuate Collection Set: 20.0ms
[2022-09-05T00:18:44.325-0700][gc,phases   ] GC(14)   Merge Heap Roots: 4.0ms
[2022-09-05T00:18:44.325-0700][gc,phases   ] GC(14)   Evacuate Collection Set: 285.1ms
[2022-09-05T00:18:44.325-0700][gc,phases   ] GC(14)   Post Evacuate Collection Set: 8.3ms
[2022-09-05T00:18:44.325-0700][gc,phases   ] GC(14)   Other: 4.8ms
[2022-09-05T00:18:44.325-0700][gc,heap     ] GC(14) Eden regions: 230->0(254)
[2022-09-05T00:18:44.325-0700][gc,heap     ] GC(14) Survivor regions: 26->2(32)
[2022-09-05T00:18:44.325-0700][gc,heap     ] GC(14) Old regions: 44->70
[2022-09-05T00:18:44.325-0700][gc,heap     ] GC(14) Archive regions: 2->2
[2022-09-05T00:18:44.325-0700][gc,heap     ] GC(14) Humongous regions: 40->40
[2022-09-05T00:18:44.325-0700][gc,metaspace] GC(14) Metaspace: 72316K(72960K)->72316K(72960K) NonClass: 63791K(64128K)->63791K(64128K) Class: 8524K(8832K)->8524K(8832K)
[2022-09-05T00:18:44.329-0700][gc          ] GC(14) Pause Young (Normal) (G1 Evacuation Pause) 340M->112M(512M) 331.194ms
[2022-09-05T00:18:44.329-0700][gc,cpu      ] GC(14) User=0.12s Sys=0.26s Real=0.33s
[2022-09-05T00:42:00.270-0700][gc,start    ] GC(15) Pause Young (Normal) (G1 Evacuation Pause)
[2022-09-05T00:42:00.274-0700][gc,task     ] GC(15) Using 4 workers of 4 for evacuation
[2022-09-05T00:42:00.678-0700][gc,mmu      ] GC(15) MMU target violated: 201.0ms (200.0ms/201.0ms)
[2022-09-05T00:42:00.678-0700][gc,phases   ] GC(15)   Pre Evacuate Collection Set: 119.1ms
[2022-09-05T00:42:00.678-0700][gc,phases   ] GC(15)   Merge Heap Roots: 21.7ms
[2022-09-05T00:42:00.678-0700][gc,phases   ] GC(15)   Evacuate Collection Set: 220.6ms
[2022-09-05T00:42:00.678-0700][gc,phases   ] GC(15)   Post Evacuate Collection Set: 26.7ms
[2022-09-05T00:42:00.678-0700][gc,phases   ] GC(15)   Other: 15.6ms
[2022-09-05T00:42:00.678-0700][gc,heap     ] GC(15) Eden regions: 254->0(254)
[2022-09-05T00:42:00.678-0700][gc,heap     ] GC(15) Survivor regions: 2->2(32)
[2022-09-05T00:42:00.678-0700][gc,heap     ] GC(15) Old regions: 70->70
[2022-09-05T00:42:00.678-0700][gc,heap     ] GC(15) Archive regions: 2->2
[2022-09-05T00:42:00.678-0700][gc,heap     ] GC(15) Humongous regions: 40->40
[2022-09-05T00:42:00.678-0700][gc,metaspace] GC(15) Metaspace: 72463K(73152K)->72463K(73152K) NonClass: 63938K(64320K)->63938K(64320K) Class: 8524K(8832K)->8524K(8832K)
[2022-09-05T00:42:00.679-0700][gc          ] GC(15) Pause Young (Normal) (G1 Evacuation Pause) 366M->112M(512M) 408.747ms
[2022-09-05T00:42:00.679-0700][gc,cpu      ] GC(15) User=0.02s Sys=0.18s Real=0.40s
[2022-09-05T01:05:33.250-0700][gc,start    ] GC(16) Pause Young (Normal) (G1 Evacuation Pause)
[2022-09-05T01:05:33.255-0700][gc,task     ] GC(16) Using 4 workers of 4 for evacuation
[2022-09-05T01:05:33.285-0700][gc,phases   ] GC(16)   Pre Evacuate Collection Set: 2.6ms
[2022-09-05T01:05:33.285-0700][gc,phases   ] GC(16)   Merge Heap Roots: 0.7ms
[2022-09-05T01:05:33.285-0700][gc,phases   ] GC(16)   Evacuate Collection Set: 20.1ms
[2022-09-05T01:05:33.285-0700][gc,phases   ] GC(16)   Post Evacuate Collection Set: 6.3ms
[2022-09-05T01:05:33.285-0700][gc,phases   ] GC(16)   Other: 1.2ms
[2022-09-05T01:05:33.288-0700][gc,heap     ] GC(16) Eden regions: 254->0(254)
[2022-09-05T01:05:33.288-0700][gc,heap     ] GC(16) Survivor regions: 2->2(32)
[2022-09-05T01:05:33.288-0700][gc,heap     ] GC(16) Old regions: 70->70
[2022-09-05T01:05:33.288-0700][gc,heap     ] GC(16) Archive regions: 2->2
[2022-09-05T01:05:33.288-0700][gc,heap     ] GC(16) Humongous regions: 40->40
[2022-09-05T01:05:33.288-0700][gc,metaspace] GC(16) Metaspace: 72535K(73280K)->72535K(73280K) NonClass: 64008K(64384K)->64008K(64384K) Class: 8527K(8896K)->8527K(8896K)
[2022-09-05T01:05:33.289-0700][gc          ] GC(16) Pause Young (Normal) (G1 Evacuation Pause) 366M->111M(512M) 42.711ms
[2022-09-05T01:05:33.289-0700][gc,cpu      ] GC(16) User=0.02s Sys=0.05s Real=0.04s
[2022-09-05T06:58:21.264-0700][gc,start    ] GC(17) Pause Young (Normal) (G1 Evacuation Pause)
[2022-09-05T06:58:21.265-0700][gc,task     ] GC(17) Using 4 workers of 4 for evacuation
[2022-09-05T06:58:21.349-0700][gc,phases   ] GC(17)   Pre Evacuate Collection Set: 4.7ms
[2022-09-05T06:58:21.349-0700][gc,phases   ] GC(17)   Merge Heap Roots: 3.8ms
[2022-09-05T06:58:21.349-0700][gc,phases   ] GC(17)   Evacuate Collection Set: 70.9ms
[2022-09-05T06:58:21.349-0700][gc,phases   ] GC(17)   Post Evacuate Collection Set: 1.8ms
[2022-09-05T06:58:21.349-0700][gc,phases   ] GC(17)   Other: 0.4ms
[2022-09-05T06:58:21.349-0700][gc,heap     ] GC(17) Eden regions: 254->0(254)
[2022-09-05T06:58:21.349-0700][gc,heap     ] GC(17) Survivor regions: 2->2(32)
[2022-09-05T06:58:21.349-0700][gc,heap     ] GC(17) Old regions: 70->70
[2022-09-05T06:58:21.349-0700][gc,heap     ] GC(17) Archive regions: 2->2
[2022-09-05T06:58:21.349-0700][gc,heap     ] GC(17) Humongous regions: 40->40
[2022-09-05T06:58:21.350-0700][gc,metaspace] GC(17) Metaspace: 72937K(73664K)->72937K(73664K) NonClass: 64384K(64768K)->64384K(64768K) Class: 8553K(8896K)->8553K(8896K)
[2022-09-05T06:58:21.350-0700][gc          ] GC(17) Pause Young (Normal) (G1 Evacuation Pause) 365M->111M(512M) 88.083ms
[2022-09-05T06:58:21.350-0700][gc,cpu      ] GC(17) User=0.02s Sys=0.08s Real=0.09s
[2022-09-05T07:40:13.283-0700][gc,start    ] GC(18) Pause Young (Normal) (G1 Evacuation Pause)
[2022-09-05T07:40:13.285-0700][gc,task     ] GC(18) Using 4 workers of 4 for evacuation
[2022-09-05T07:40:13.326-0700][gc,phases   ] GC(18)   Pre Evacuate Collection Set: 5.0ms
[2022-09-05T07:40:13.326-0700][gc,phases   ] GC(18)   Merge Heap Roots: 0.6ms
[2022-09-05T07:40:13.326-0700][gc,phases   ] GC(18)   Evacuate Collection Set: 30.7ms
[2022-09-05T07:40:13.326-0700][gc,phases   ] GC(18)   Post Evacuate Collection Set: 3.4ms
[2022-09-05T07:40:13.326-0700][gc,phases   ] GC(18)   Other: 0.8ms
[2022-09-05T07:40:13.326-0700][gc,heap     ] GC(18) Eden regions: 254->0(254)
[2022-09-05T07:40:13.326-0700][gc,heap     ] GC(18) Survivor regions: 2->2(32)
[2022-09-05T07:40:13.326-0700][gc,heap     ] GC(18) Old regions: 70->70
[2022-09-05T07:40:13.326-0700][gc,heap     ] GC(18) Archive regions: 2->2
[2022-09-05T07:40:13.326-0700][gc,heap     ] GC(18) Humongous regions: 40->40
[2022-09-05T07:40:13.326-0700][gc,metaspace] GC(18) Metaspace: 73289K(73984K)->73289K(73984K) NonClass: 64735K(65088K)->64735K(65088K) Class: 8554K(8896K)->8554K(8896K)
[2022-09-05T07:40:13.326-0700][gc          ] GC(18) Pause Young (Normal) (G1 Evacuation Pause) 365M->111M(512M) 43.211ms
[2022-09-05T07:40:13.326-0700][gc,cpu      ] GC(18) User=0.03s Sys=0.05s Real=0.04s
[2022-09-05T08:26:44.035-0700][gc,start    ] GC(19) Pause Young (Normal) (G1 Evacuation Pause)
[2022-09-05T08:26:44.038-0700][gc,task     ] GC(19) Using 4 workers of 4 for evacuation
[2022-09-05T08:26:44.058-0700][gc,phases   ] GC(19)   Pre Evacuate Collection Set: 1.8ms
[2022-09-05T08:26:44.058-0700][gc,phases   ] GC(19)   Merge Heap Roots: 0.6ms
[2022-09-05T08:26:44.058-0700][gc,phases   ] GC(19)   Evacuate Collection Set: 15.7ms
[2022-09-05T08:26:44.058-0700][gc,phases   ] GC(19)   Post Evacuate Collection Set: 1.5ms
[2022-09-05T08:26:44.058-0700][gc,phases   ] GC(19)   Other: 0.7ms
[2022-09-05T08:26:44.058-0700][gc,heap     ] GC(19) Eden regions: 254->0(254)
[2022-09-05T08:26:44.058-0700][gc,heap     ] GC(19) Survivor regions: 2->2(32)
[2022-09-05T08:26:44.058-0700][gc,heap     ] GC(19) Old regions: 70->70
[2022-09-05T08:26:44.058-0700][gc,heap     ] GC(19) Archive regions: 2->2
[2022-09-05T08:26:44.058-0700][gc,heap     ] GC(19) Humongous regions: 40->40
[2022-09-05T08:26:44.058-0700][gc,metaspace] GC(19) Metaspace: 73320K(74048K)->73320K(74048K) NonClass: 64765K(65152K)->64765K(65152K) Class: 8555K(8896K)->8555K(8896K)
[2022-09-05T08:26:44.058-0700][gc          ] GC(19) Pause Young (Normal) (G1 Evacuation Pause) 365M->111M(512M) 22.912ms
[2022-09-05T08:26:44.058-0700][gc,cpu      ] GC(19) User=0.02s Sys=0.03s Real=0.02s
[2022-09-05T09:13:05.908-0700][gc,start    ] GC(20) Pause Young (Normal) (G1 Evacuation Pause)
[2022-09-05T09:13:05.911-0700][gc,task     ] GC(20) Using 4 workers of 4 for evacuation
[2022-09-05T09:13:05.943-0700][gc,phases   ] GC(20)   Pre Evacuate Collection Set: 2.9ms
[2022-09-05T09:13:05.943-0700][gc,phases   ] GC(20)   Merge Heap Roots: 0.7ms
[2022-09-05T09:13:05.943-0700][gc,phases   ] GC(20)   Evacuate Collection Set: 24.1ms
[2022-09-05T09:13:05.943-0700][gc,phases   ] GC(20)   Post Evacuate Collection Set: 3.1ms
[2022-09-05T09:13:05.943-0700][gc,phases   ] GC(20)   Other: 0.9ms
[2022-09-05T09:13:05.943-0700][gc,heap     ] GC(20) Eden regions: 254->0(254)
[2022-09-05T09:13:05.943-0700][gc,heap     ] GC(20) Survivor regions: 2->2(32)
[2022-09-05T09:13:05.943-0700][gc,heap     ] GC(20) Old regions: 70->70
[2022-09-05T09:13:05.943-0700][gc,heap     ] GC(20) Archive regions: 2->2
[2022-09-05T09:13:05.943-0700][gc,heap     ] GC(20) Humongous regions: 40->40
[2022-09-05T09:13:05.943-0700][gc,metaspace] GC(20) Metaspace: 73393K(74048K)->73393K(74048K) NonClass: 64836K(65152K)->64836K(65152K) Class: 8557K(8896K)->8557K(8896K)
[2022-09-05T09:13:05.943-0700][gc          ] GC(20) Pause Young (Normal) (G1 Evacuation Pause) 365M->112M(512M) 35.071ms
[2022-09-05T09:13:05.943-0700][gc,cpu      ] GC(20) User=0.02s Sys=0.06s Real=0.04s
[2022-09-05T09:59:30.735-0700][gc,start    ] GC(21) Pause Young (Normal) (G1 Evacuation Pause)
[2022-09-05T09:59:30.737-0700][gc,task     ] GC(21) Using 4 workers of 4 for evacuation
[2022-09-05T09:59:30.755-0700][gc,phases   ] GC(21)   Pre Evacuate Collection Set: 0.4ms
[2022-09-05T09:59:30.755-0700][gc,phases   ] GC(21)   Merge Heap Roots: 0.2ms
[2022-09-05T09:59:30.755-0700][gc,phases   ] GC(21)   Evacuate Collection Set: 15.9ms
[2022-09-05T09:59:30.755-0700][gc,phases   ] GC(21)   Post Evacuate Collection Set: 1.2ms
[2022-09-05T09:59:30.755-0700][gc,phases   ] GC(21)   Other: 0.3ms
[2022-09-05T09:59:30.755-0700][gc,heap     ] GC(21) Eden regions: 254->0(254)
[2022-09-05T09:59:30.755-0700][gc,heap     ] GC(21) Survivor regions: 2->2(32)
[2022-09-05T09:59:30.755-0700][gc,heap     ] GC(21) Old regions: 70->70
[2022-09-05T09:59:30.755-0700][gc,heap     ] GC(21) Archive regions: 2->2
[2022-09-05T09:59:30.755-0700][gc,heap     ] GC(21) Humongous regions: 40->40
[2022-09-05T09:59:30.755-0700][gc,metaspace] GC(21) Metaspace: 73447K(74176K)->73447K(74176K) NonClass: 64890K(65280K)->64890K(65280K) Class: 8557K(8896K)->8557K(8896K)
[2022-09-05T09:59:30.755-0700][gc          ] GC(21) Pause Young (Normal) (G1 Evacuation Pause) 366M->112M(512M) 20.828ms
[2022-09-05T09:59:30.755-0700][gc,cpu      ] GC(21) User=0.03s Sys=0.01s Real=0.02s
[2022-09-05T20:03:21.567-0700][gc,start    ] GC(22) Pause Young (Normal) (G1 Evacuation Pause)
[2022-09-05T20:03:21.570-0700][gc,task     ] GC(22) Using 4 workers of 4 for evacuation
[2022-09-05T20:03:21.604-0700][gc,phases   ] GC(22)   Pre Evacuate Collection Set: 3.0ms
[2022-09-05T20:03:21.604-0700][gc,phases   ] GC(22)   Merge Heap Roots: 0.8ms
[2022-09-05T20:03:21.604-0700][gc,phases   ] GC(22)   Evacuate Collection Set: 27.3ms
[2022-09-05T20:03:21.604-0700][gc,phases   ] GC(22)   Post Evacuate Collection Set: 2.0ms
[2022-09-05T20:03:21.604-0700][gc,phases   ] GC(22)   Other: 1.0ms
[2022-09-05T20:03:21.604-0700][gc,heap     ] GC(22) Eden regions: 254->0(254)
[2022-09-05T20:03:21.604-0700][gc,heap     ] GC(22) Survivor regions: 2->2(32)
[2022-09-05T20:03:21.604-0700][gc,heap     ] GC(22) Old regions: 70->70
[2022-09-05T20:03:21.604-0700][gc,heap     ] GC(22) Archive regions: 2->2
[2022-09-05T20:03:21.604-0700][gc,heap     ] GC(22) Humongous regions: 40->40
[2022-09-05T20:03:21.604-0700][gc,metaspace] GC(22) Metaspace: 73592K(74304K)->73592K(74304K) NonClass: 65028K(65408K)->65028K(65408K) Class: 8564K(8896K)->8564K(8896K)
[2022-09-05T20:03:21.604-0700][gc          ] GC(22) Pause Young (Normal) (G1 Evacuation Pause) 366M->112M(512M) 37.133ms
[2022-09-05T20:03:21.604-0700][gc,cpu      ] GC(22) User=0.02s Sys=0.08s Real=0.04s
[2022-09-05T20:51:34.072-0700][gc,start    ] GC(23) Pause Young (Normal) (G1 Evacuation Pause)
[2022-09-05T20:51:34.075-0700][gc,task     ] GC(23) Using 4 workers of 4 for evacuation
[2022-09-05T20:51:34.164-0700][gc,phases   ] GC(23)   Pre Evacuate Collection Set: 2.5ms
[2022-09-05T20:51:34.164-0700][gc,phases   ] GC(23)   Merge Heap Roots: 0.9ms
[2022-09-05T20:51:34.164-0700][gc,phases   ] GC(23)   Evacuate Collection Set: 74.2ms
[2022-09-05T20:51:34.164-0700][gc,phases   ] GC(23)   Post Evacuate Collection Set: 10.2ms
[2022-09-05T20:51:34.164-0700][gc,phases   ] GC(23)   Other: 0.9ms
[2022-09-05T20:51:34.164-0700][gc,heap     ] GC(23) Eden regions: 254->0(254)
[2022-09-05T20:51:34.164-0700][gc,heap     ] GC(23) Survivor regions: 2->2(32)
[2022-09-05T20:51:34.164-0700][gc,heap     ] GC(23) Old regions: 70->70
[2022-09-05T20:51:34.164-0700][gc,heap     ] GC(23) Archive regions: 2->2
[2022-09-05T20:51:34.164-0700][gc,heap     ] GC(23) Humongous regions: 40->40
[2022-09-05T20:51:34.164-0700][gc,metaspace] GC(23) Metaspace: 73648K(74368K)->73648K(74368K) NonClass: 65077K(65472K)->65077K(65472K) Class: 8570K(8896K)->8570K(8896K)
[2022-09-05T20:51:34.164-0700][gc          ] GC(23) Pause Young (Normal) (G1 Evacuation Pause) 366M->112M(512M) 92.484ms
[2022-09-05T20:51:34.164-0700][gc,cpu      ] GC(23) User=0.03s Sys=0.06s Real=0.09s
[2022-09-05T21:39:00.233-0700][gc,start    ] GC(24) Pause Young (Normal) (G1 Evacuation Pause)
[2022-09-05T21:39:00.236-0700][gc,task     ] GC(24) Using 4 workers of 4 for evacuation
[2022-09-05T21:39:00.272-0700][gc,phases   ] GC(24)   Pre Evacuate Collection Set: 2.4ms
[2022-09-05T21:39:00.272-0700][gc,phases   ] GC(24)   Merge Heap Roots: 1.1ms
[2022-09-05T21:39:00.272-0700][gc,phases   ] GC(24)   Evacuate Collection Set: 28.5ms
[2022-09-05T21:39:00.272-0700][gc,phases   ] GC(24)   Post Evacuate Collection Set: 3.7ms
[2022-09-05T21:39:00.272-0700][gc,phases   ] GC(24)   Other: 0.9ms
[2022-09-05T21:39:00.272-0700][gc,heap     ] GC(24) Eden regions: 254->0(254)
[2022-09-05T21:39:00.272-0700][gc,heap     ] GC(24) Survivor regions: 2->2(32)
[2022-09-05T21:39:00.273-0700][gc,heap     ] GC(24) Old regions: 70->70
[2022-09-05T21:39:00.273-0700][gc,heap     ] GC(24) Archive regions: 2->2
[2022-09-05T21:39:00.273-0700][gc,heap     ] GC(24) Humongous regions: 40->40
[2022-09-05T21:39:00.273-0700][gc,metaspace] GC(24) Metaspace: 73661K(74368K)->73661K(74368K) NonClass: 65090K(65472K)->65090K(65472K) Class: 8570K(8896K)->8570K(8896K)
[2022-09-05T21:39:00.275-0700][gc          ] GC(24) Pause Young (Normal) (G1 Evacuation Pause) 366M->112M(512M) 42.009ms
[2022-09-05T21:39:00.276-0700][gc,cpu      ] GC(24) User=0.03s Sys=0.05s Real=0.04s
[2022-09-05T22:01:56.287-0700][gc,start    ] GC(25) Pause Young (Normal) (G1 Evacuation Pause)
[2022-09-05T22:01:56.289-0700][gc,task     ] GC(25) Using 4 workers of 4 for evacuation
[2022-09-05T22:01:56.311-0700][gc,phases   ] GC(25)   Pre Evacuate Collection Set: 0.2ms
[2022-09-05T22:01:56.311-0700][gc,phases   ] GC(25)   Merge Heap Roots: 4.0ms
[2022-09-05T22:01:56.311-0700][gc,phases   ] GC(25)   Evacuate Collection Set: 12.6ms
[2022-09-05T22:01:56.311-0700][gc,phases   ] GC(25)   Post Evacuate Collection Set: 0.8ms
[2022-09-05T22:01:56.311-0700][gc,phases   ] GC(25)   Other: 4.4ms
[2022-09-05T22:01:56.311-0700][gc,heap     ] GC(25) Eden regions: 254->0(254)
[2022-09-05T22:01:56.311-0700][gc,heap     ] GC(25) Survivor regions: 2->2(32)
[2022-09-05T22:01:56.311-0700][gc,heap     ] GC(25) Old regions: 70->70
[2022-09-05T22:01:56.311-0700][gc,heap     ] GC(25) Archive regions: 2->2
[2022-09-05T22:01:56.311-0700][gc,heap     ] GC(25) Humongous regions: 40->40
[2022-09-05T22:01:56.312-0700][gc,metaspace] GC(25) Metaspace: 73702K(74368K)->73702K(74368K) NonClass: 65131K(65472K)->65131K(65472K) Class: 8570K(8896K)->8570K(8896K)
[2022-09-05T22:01:56.312-0700][gc          ] GC(25) Pause Young (Normal) (G1 Evacuation Pause) 366M->112M(512M) 24.718ms
[2022-09-05T22:01:56.312-0700][gc,cpu      ] GC(25) User=0.03s Sys=0.01s Real=0.03s
[2022-09-05T22:23:53.874-0700][gc,start    ] GC(26) Pause Young (Normal) (G1 Evacuation Pause)
[2022-09-05T22:23:53.874-0700][gc,task     ] GC(26) Using 4 workers of 4 for evacuation
[2022-09-05T22:23:53.882-0700][gc,phases   ] GC(26)   Pre Evacuate Collection Set: 0.2ms
[2022-09-05T22:23:53.882-0700][gc,phases   ] GC(26)   Merge Heap Roots: 0.2ms
[2022-09-05T22:23:53.882-0700][gc,phases   ] GC(26)   Evacuate Collection Set: 6.2ms
[2022-09-05T22:23:53.882-0700][gc,phases   ] GC(26)   Post Evacuate Collection Set: 1.1ms
[2022-09-05T22:23:53.882-0700][gc,phases   ] GC(26)   Other: 0.3ms
[2022-09-05T22:23:53.882-0700][gc,heap     ] GC(26) Eden regions: 254->0(254)
[2022-09-05T22:23:53.882-0700][gc,heap     ] GC(26) Survivor regions: 2->2(32)
[2022-09-05T22:23:53.882-0700][gc,heap     ] GC(26) Old regions: 70->70
[2022-09-05T22:23:53.882-0700][gc,heap     ] GC(26) Archive regions: 2->2
[2022-09-05T22:23:53.882-0700][gc,heap     ] GC(26) Humongous regions: 40->40
[2022-09-05T22:23:53.882-0700][gc,metaspace] GC(26) Metaspace: 73873K(74688K)->73873K(74688K) NonClass: 65299K(65664K)->65299K(65664K) Class: 8574K(9024K)->8574K(9024K)
[2022-09-05T22:23:53.882-0700][gc          ] GC(26) Pause Young (Normal) (G1 Evacuation Pause) 366M->112M(512M) 8.514ms
[2022-09-05T22:23:53.882-0700][gc,cpu      ] GC(26) User=0.03s Sys=0.00s Real=0.01s
[2022-09-05T22:45:41.965-0700][gc,start    ] GC(27) Pause Young (Normal) (G1 Evacuation Pause)
[2022-09-05T22:45:41.968-0700][gc,task     ] GC(27) Using 4 workers of 4 for evacuation
[2022-09-05T22:45:42.474-0700][gc,mmu      ] GC(27) MMU target violated: 201.0ms (200.0ms/201.0ms)
[2022-09-05T22:45:42.474-0700][gc,phases   ] GC(27)   Pre Evacuate Collection Set: 46.3ms
[2022-09-05T22:45:42.474-0700][gc,phases   ] GC(27)   Merge Heap Roots: 24.2ms
[2022-09-05T22:45:42.474-0700][gc,phases   ] GC(27)   Evacuate Collection Set: 399.8ms
[2022-09-05T22:45:42.474-0700][gc,phases   ] GC(27)   Post Evacuate Collection Set: 32.1ms
[2022-09-05T22:45:42.474-0700][gc,phases   ] GC(27)   Other: 3.7ms
[2022-09-05T22:45:42.474-0700][gc,heap     ] GC(27) Eden regions: 254->0(254)
[2022-09-05T22:45:42.474-0700][gc,heap     ] GC(27) Survivor regions: 2->2(32)
[2022-09-05T22:45:42.474-0700][gc,heap     ] GC(27) Old regions: 70->70
[2022-09-05T22:45:42.474-0700][gc,heap     ] GC(27) Archive regions: 2->2
[2022-09-05T22:45:42.474-0700][gc,heap     ] GC(27) Humongous regions: 42->42
[2022-09-05T22:45:42.474-0700][gc,metaspace] GC(27) Metaspace: 74308K(75072K)->74308K(75072K) NonClass: 65710K(66048K)->65710K(66048K) Class: 8597K(9024K)->8597K(9024K)
[2022-09-05T22:45:42.474-0700][gc          ] GC(27) Pause Young (Normal) (G1 Evacuation Pause) 368M->114M(512M) 509.716ms
[2022-09-05T22:45:42.475-0700][gc,cpu      ] GC(27) User=0.04s Sys=0.22s Real=0.51s
[2022-09-05T23:08:12.455-0700][gc,start    ] GC(28) Pause Young (Normal) (G1 Evacuation Pause)
[2022-09-05T23:08:12.463-0700][gc,task     ] GC(28) Using 4 workers of 4 for evacuation
[2022-09-05T23:08:13.215-0700][gc,mmu      ] GC(28) MMU target violated: 201.0ms (200.0ms/201.0ms)
[2022-09-05T23:08:13.218-0700][gc,phases   ] GC(28)   Pre Evacuate Collection Set: 173.0ms
[2022-09-05T23:08:13.218-0700][gc,phases   ] GC(28)   Merge Heap Roots: 25.2ms
[2022-09-05T23:08:13.218-0700][gc,phases   ] GC(28)   Evacuate Collection Set: 461.2ms
[2022-09-05T23:08:13.218-0700][gc,phases   ] GC(28)   Post Evacuate Collection Set: 20.1ms
[2022-09-05T23:08:13.218-0700][gc,phases   ] GC(28)   Other: 76.5ms
[2022-09-05T23:08:13.218-0700][gc,heap     ] GC(28) Eden regions: 254->0(253)
[2022-09-05T23:08:13.218-0700][gc,heap     ] GC(28) Survivor regions: 2->3(32)
[2022-09-05T23:08:13.218-0700][gc,heap     ] GC(28) Old regions: 70->70
[2022-09-05T23:08:13.218-0700][gc,heap     ] GC(28) Archive regions: 2->2
[2022-09-05T23:08:13.218-0700][gc,heap     ] GC(28) Humongous regions: 42->42
[2022-09-05T23:08:13.218-0700][gc,metaspace] GC(28) Metaspace: 74346K(75200K)->74346K(75200K) NonClass: 65747K(66176K)->65747K(66176K) Class: 8598K(9024K)->8598K(9024K)
[2022-09-05T23:08:13.218-0700][gc          ] GC(28) Pause Young (Normal) (G1 Evacuation Pause) 368M->114M(512M) 763.133ms
[2022-09-05T23:08:13.218-0700][gc,cpu      ] GC(28) User=0.04s Sys=0.31s Real=0.76s
[2022-09-05T23:30:56.390-0700][gc,start    ] GC(29) Pause Young (Normal) (G1 Evacuation Pause)
[2022-09-05T23:30:56.395-0700][gc,task     ] GC(29) Using 4 workers of 4 for evacuation
[2022-09-05T23:30:56.785-0700][gc,mmu      ] GC(29) MMU target violated: 201.0ms (200.0ms/201.0ms)
[2022-09-05T23:30:56.786-0700][gc,phases   ] GC(29)   Pre Evacuate Collection Set: 70.1ms
[2022-09-05T23:30:56.786-0700][gc,phases   ] GC(29)   Merge Heap Roots: 13.3ms
[2022-09-05T23:30:56.786-0700][gc,phases   ] GC(29)   Evacuate Collection Set: 287.0ms
[2022-09-05T23:30:56.786-0700][gc,phases   ] GC(29)   Post Evacuate Collection Set: 8.2ms
[2022-09-05T23:30:56.786-0700][gc,phases   ] GC(29)   Other: 12.0ms
[2022-09-05T23:30:56.786-0700][gc,heap     ] GC(29) Eden regions: 253->0(254)
[2022-09-05T23:30:56.786-0700][gc,heap     ] GC(29) Survivor regions: 3->2(32)
[2022-09-05T23:30:56.786-0700][gc,heap     ] GC(29) Old regions: 70->70
[2022-09-05T23:30:56.786-0700][gc,heap     ] GC(29) Archive regions: 2->2
[2022-09-05T23:30:56.786-0700][gc,heap     ] GC(29) Humongous regions: 42->42
[2022-09-05T23:30:56.786-0700][gc,metaspace] GC(29) Metaspace: 74346K(75200K)->74346K(75200K) NonClass: 65748K(66176K)->65748K(66176K) Class: 8598K(9024K)->8598K(9024K)
[2022-09-05T23:30:56.786-0700][gc          ] GC(29) Pause Young (Normal) (G1 Evacuation Pause) 367M->114M(512M) 395.488ms
[2022-09-05T23:30:56.786-0700][gc,cpu      ] GC(29) User=0.08s Sys=0.24s Real=0.40s
[2022-09-05T23:53:42.298-0700][gc,start    ] GC(30) Pause Young (Normal) (G1 Evacuation Pause)
[2022-09-05T23:53:42.302-0700][gc,task     ] GC(30) Using 4 workers of 4 for evacuation
[2022-09-05T23:53:42.846-0700][gc,mmu      ] GC(30) MMU target violated: 201.0ms (200.0ms/201.0ms)
[2022-09-05T23:53:42.846-0700][gc,phases   ] GC(30)   Pre Evacuate Collection Set: 22.6ms
[2022-09-05T23:53:42.846-0700][gc,phases   ] GC(30)   Merge Heap Roots: 193.1ms
[2022-09-05T23:53:42.847-0700][gc,phases   ] GC(30)   Evacuate Collection Set: 320.3ms
[2022-09-05T23:53:42.847-0700][gc,phases   ] GC(30)   Post Evacuate Collection Set: 7.6ms
[2022-09-05T23:53:42.847-0700][gc,phases   ] GC(30)   Other: 1.6ms
[2022-09-05T23:53:42.847-0700][gc,heap     ] GC(30) Eden regions: 254->0(254)
[2022-09-05T23:53:42.847-0700][gc,heap     ] GC(30) Survivor regions: 2->2(32)
[2022-09-05T23:53:42.847-0700][gc,heap     ] GC(30) Old regions: 70->71
[2022-09-05T23:53:42.847-0700][gc,heap     ] GC(30) Archive regions: 2->2
[2022-09-05T23:53:42.847-0700][gc,heap     ] GC(30) Humongous regions: 42->42
[2022-09-05T23:53:42.847-0700][gc,metaspace] GC(30) Metaspace: 74346K(75200K)->74346K(75200K) NonClass: 65748K(66176K)->65748K(66176K) Class: 8598K(9024K)->8598K(9024K)
[2022-09-05T23:53:42.849-0700][gc          ] GC(30) Pause Young (Normal) (G1 Evacuation Pause) 368M->114M(512M) 551.838ms
[2022-09-05T23:53:42.850-0700][gc,cpu      ] GC(30) User=0.04s Sys=0.19s Real=0.56s
[2022-09-06T00:13:19.815-0700][gc,start    ] GC(31) Pause Young (Normal) (G1 Evacuation Pause)
[2022-09-06T00:13:19.819-0700][gc,task     ] GC(31) Using 4 workers of 4 for evacuation
[2022-09-06T00:13:20.102-0700][gc,mmu      ] GC(31) MMU target violated: 201.0ms (200.0ms/201.0ms)
[2022-09-06T00:13:20.102-0700][gc,phases   ] GC(31)   Pre Evacuate Collection Set: 19.8ms
[2022-09-06T00:13:20.102-0700][gc,phases   ] GC(31)   Merge Heap Roots: 5.5ms
[2022-09-06T00:13:20.102-0700][gc,phases   ] GC(31)   Evacuate Collection Set: 229.2ms
[2022-09-06T00:13:20.102-0700][gc,phases   ] GC(31)   Post Evacuate Collection Set: 24.0ms
[2022-09-06T00:13:20.102-0700][gc,phases   ] GC(31)   Other: 4.7ms
[2022-09-06T00:13:20.102-0700][gc,heap     ] GC(31) Eden regions: 254->0(254)
[2022-09-06T00:13:20.102-0700][gc,heap     ] GC(31) Survivor regions: 2->2(32)
[2022-09-06T00:13:20.102-0700][gc,heap     ] GC(31) Old regions: 71->71
[2022-09-06T00:13:20.102-0700][gc,heap     ] GC(31) Archive regions: 2->2
[2022-09-06T00:13:20.102-0700][gc,heap     ] GC(31) Humongous regions: 42->42
[2022-09-06T00:13:20.102-0700][gc,metaspace] GC(31) Metaspace: 74368K(75200K)->74368K(75200K) NonClass: 65765K(66176K)->65765K(66176K) Class: 8602K(9024K)->8602K(9024K)
[2022-09-06T00:13:20.103-0700][gc          ] GC(31) Pause Young (Normal) (G1 Evacuation Pause) 368M->114M(512M) 287.581ms
[2022-09-06T00:13:20.103-0700][gc,cpu      ] GC(31) User=0.07s Sys=0.15s Real=0.29s
[2022-09-06T05:51:11.169-0700][gc,start    ] GC(32) Pause Young (Normal) (G1 Evacuation Pause)
[2022-09-06T05:51:11.170-0700][gc,task     ] GC(32) Using 4 workers of 4 for evacuation
[2022-09-06T05:51:11.312-0700][gc,phases   ] GC(32)   Pre Evacuate Collection Set: 10.7ms
[2022-09-06T05:51:11.312-0700][gc,phases   ] GC(32)   Merge Heap Roots: 3.3ms
[2022-09-06T05:51:11.312-0700][gc,phases   ] GC(32)   Evacuate Collection Set: 71.4ms
[2022-09-06T05:51:11.312-0700][gc,phases   ] GC(32)   Post Evacuate Collection Set: 52.3ms
[2022-09-06T05:51:11.312-0700][gc,phases   ] GC(32)   Other: 0.6ms
[2022-09-06T05:51:11.313-0700][gc,heap     ] GC(32) Eden regions: 254->0(254)
[2022-09-06T05:51:11.313-0700][gc,heap     ] GC(32) Survivor regions: 2->2(32)
[2022-09-06T05:51:11.313-0700][gc,heap     ] GC(32) Old regions: 71->71
[2022-09-06T05:51:11.313-0700][gc,heap     ] GC(32) Archive regions: 2->2
[2022-09-06T05:51:11.314-0700][gc,heap     ] GC(32) Humongous regions: 42->42
[2022-09-06T05:51:11.314-0700][gc,metaspace] GC(32) Metaspace: 74384K(75200K)->74384K(75200K) NonClass: 65781K(66176K)->65781K(66176K) Class: 8602K(9024K)->8602K(9024K)
[2022-09-06T05:51:11.325-0700][gc          ] GC(32) Pause Young (Normal) (G1 Evacuation Pause) 368M->115M(512M) 159.130ms
[2022-09-06T05:51:11.330-0700][gc,cpu      ] GC(32) User=0.07s Sys=0.08s Real=0.17s
[2022-09-06T06:34:22.325-0700][gc,start    ] GC(33) Pause Young (Normal) (G1 Evacuation Pause)
[2022-09-06T06:34:22.327-0700][gc,task     ] GC(33) Using 4 workers of 4 for evacuation
[2022-09-06T06:34:22.384-0700][gc,phases   ] GC(33)   Pre Evacuate Collection Set: 7.6ms
[2022-09-06T06:34:22.384-0700][gc,phases   ] GC(33)   Merge Heap Roots: 3.1ms
[2022-09-06T06:34:22.384-0700][gc,phases   ] GC(33)   Evacuate Collection Set: 39.9ms
[2022-09-06T06:34:22.384-0700][gc,phases   ] GC(33)   Post Evacuate Collection Set: 5.0ms
[2022-09-06T06:34:22.384-0700][gc,phases   ] GC(33)   Other: 1.8ms
[2022-09-06T06:34:22.384-0700][gc,heap     ] GC(33) Eden regions: 254->0(254)
[2022-09-06T06:34:22.384-0700][gc,heap     ] GC(33) Survivor regions: 2->2(32)
[2022-09-06T06:34:22.384-0700][gc,heap     ] GC(33) Old regions: 71->71
[2022-09-06T06:34:22.384-0700][gc,heap     ] GC(33) Archive regions: 2->2
[2022-09-06T06:34:22.384-0700][gc,heap     ] GC(33) Humongous regions: 42->42
[2022-09-06T06:34:22.384-0700][gc,metaspace] GC(33) Metaspace: 74426K(75264K)->74426K(75264K) NonClass: 65823K(66240K)->65823K(66240K) Class: 8602K(9024K)->8602K(9024K)
[2022-09-06T06:34:22.384-0700][gc          ] GC(33) Pause Young (Normal) (G1 Evacuation Pause) 369M->114M(512M) 61.784ms
[2022-09-06T06:34:22.384-0700][gc,cpu      ] GC(33) User=0.02s Sys=0.06s Real=0.06s
[2022-09-06T07:18:12.745-0700][gc,start    ] GC(34) Pause Young (Normal) (G1 Evacuation Pause)
[2022-09-06T07:18:12.748-0700][gc,task     ] GC(34) Using 4 workers of 4 for evacuation
[2022-09-06T07:18:13.026-0700][gc,mmu      ] GC(34) MMU target violated: 201.0ms (200.0ms/201.0ms)
[2022-09-06T07:18:13.027-0700][gc,phases   ] GC(34)   Pre Evacuate Collection Set: 81.2ms
[2022-09-06T07:18:13.027-0700][gc,phases   ] GC(34)   Merge Heap Roots: 7.7ms
[2022-09-06T07:18:13.027-0700][gc,phases   ] GC(34)   Evacuate Collection Set: 179.2ms
[2022-09-06T07:18:13.027-0700][gc,phases   ] GC(34)   Post Evacuate Collection Set: 9.4ms
[2022-09-06T07:18:13.027-0700][gc,phases   ] GC(34)   Other: 1.2ms
[2022-09-06T07:18:13.027-0700][gc,heap     ] GC(34) Eden regions: 254->0(254)
[2022-09-06T07:18:13.027-0700][gc,heap     ] GC(34) Survivor regions: 2->2(32)
[2022-09-06T07:18:13.027-0700][gc,heap     ] GC(34) Old regions: 71->71
[2022-09-06T07:18:13.027-0700][gc,heap     ] GC(34) Archive regions: 2->2
[2022-09-06T07:18:13.027-0700][gc,heap     ] GC(34) Humongous regions: 42->42
[2022-09-06T07:18:13.027-0700][gc,metaspace] GC(34) Metaspace: 74437K(75264K)->74437K(75264K) NonClass: 65833K(66240K)->65833K(66240K) Class: 8603K(9024K)->8603K(9024K)
[2022-09-06T07:18:13.030-0700][gc          ] GC(34) Pause Young (Normal) (G1 Evacuation Pause) 368M->114M(512M) 285.312ms
[2022-09-06T07:18:13.030-0700][gc,cpu      ] GC(34) User=0.04s Sys=0.16s Real=0.29s
[2022-09-06T08:01:55.967-0700][gc,start    ] GC(35) Pause Young (Normal) (G1 Evacuation Pause)
[2022-09-06T08:01:55.968-0700][gc,task     ] GC(35) Using 4 workers of 4 for evacuation
[2022-09-06T08:01:56.400-0700][gc,mmu      ] GC(35) MMU target violated: 201.0ms (200.0ms/201.0ms)
[2022-09-06T08:01:56.400-0700][gc,phases   ] GC(35)   Pre Evacuate Collection Set: 95.0ms
[2022-09-06T08:01:56.400-0700][gc,phases   ] GC(35)   Merge Heap Roots: 13.8ms
[2022-09-06T08:01:56.400-0700][gc,phases   ] GC(35)   Evacuate Collection Set: 296.3ms
[2022-09-06T08:01:56.400-0700][gc,phases   ] GC(35)   Post Evacuate Collection Set: 14.2ms
[2022-09-06T08:01:56.400-0700][gc,phases   ] GC(35)   Other: 13.0ms
[2022-09-06T08:01:56.401-0700][gc,heap     ] GC(35) Eden regions: 254->0(254)
[2022-09-06T08:01:56.401-0700][gc,heap     ] GC(35) Survivor regions: 2->2(32)
[2022-09-06T08:01:56.401-0700][gc,heap     ] GC(35) Old regions: 71->71
[2022-09-06T08:01:56.401-0700][gc,heap     ] GC(35) Archive regions: 2->2
[2022-09-06T08:01:56.401-0700][gc,heap     ] GC(35) Humongous regions: 42->42
[2022-09-06T08:01:56.401-0700][gc,metaspace] GC(35) Metaspace: 74466K(75264K)->74466K(75264K) NonClass: 65857K(66240K)->65857K(66240K) Class: 8609K(9024K)->8609K(9024K)
[2022-09-06T08:01:56.401-0700][gc          ] GC(35) Pause Young (Normal) (G1 Evacuation Pause) 368M->114M(512M) 433.817ms
[2022-09-06T08:01:56.401-0700][gc,cpu      ] GC(35) User=0.05s Sys=0.28s Real=0.44s
[2022-09-06T08:45:44.147-0700][gc,start    ] GC(36) Pause Young (Normal) (G1 Evacuation Pause)
[2022-09-06T08:45:44.150-0700][gc,task     ] GC(36) Using 4 workers of 4 for evacuation
[2022-09-06T08:45:44.216-0700][gc,phases   ] GC(36)   Pre Evacuate Collection Set: 2.3ms
[2022-09-06T08:45:44.216-0700][gc,phases   ] GC(36)   Merge Heap Roots: 0.6ms
[2022-09-06T08:45:44.216-0700][gc,phases   ] GC(36)   Evacuate Collection Set: 57.5ms
[2022-09-06T08:45:44.216-0700][gc,phases   ] GC(36)   Post Evacuate Collection Set: 5.2ms
[2022-09-06T08:45:44.216-0700][gc,phases   ] GC(36)   Other: 0.8ms
[2022-09-06T08:45:44.216-0700][gc,heap     ] GC(36) Eden regions: 254->0(254)
[2022-09-06T08:45:44.216-0700][gc,heap     ] GC(36) Survivor regions: 2->2(32)
[2022-09-06T08:45:44.216-0700][gc,heap     ] GC(36) Old regions: 71->71
[2022-09-06T08:45:44.216-0700][gc,heap     ] GC(36) Archive regions: 2->2
[2022-09-06T08:45:44.216-0700][gc,heap     ] GC(36) Humongous regions: 42->42
[2022-09-06T08:45:44.216-0700][gc,metaspace] GC(36) Metaspace: 74476K(75264K)->74476K(75264K) NonClass: 65867K(66240K)->65867K(66240K) Class: 8609K(9024K)->8609K(9024K)
[2022-09-06T08:45:44.219-0700][gc          ] GC(36) Pause Young (Normal) (G1 Evacuation Pause) 368M->114M(512M) 72.180ms
[2022-09-06T08:45:44.219-0700][gc,cpu      ] GC(36) User=0.02s Sys=0.06s Real=0.07s
[2022-09-06T09:24:30.424-0700][gc,start    ] GC(37) Pause Young (Normal) (G1 Evacuation Pause)
[2022-09-06T09:24:30.427-0700][gc,task     ] GC(37) Using 4 workers of 4 for evacuation
[2022-09-06T09:24:30.491-0700][gc,phases   ] GC(37)   Pre Evacuate Collection Set: 6.6ms
[2022-09-06T09:24:30.491-0700][gc,phases   ] GC(37)   Merge Heap Roots: 1.4ms
[2022-09-06T09:24:30.491-0700][gc,phases   ] GC(37)   Evacuate Collection Set: 47.0ms
[2022-09-06T09:24:30.491-0700][gc,phases   ] GC(37)   Post Evacuate Collection Set: 8.5ms
[2022-09-06T09:24:30.491-0700][gc,phases   ] GC(37)   Other: 1.0ms
[2022-09-06T09:24:30.491-0700][gc,heap     ] GC(37) Eden regions: 254->0(254)
[2022-09-06T09:24:30.491-0700][gc,heap     ] GC(37) Survivor regions: 2->2(32)
[2022-09-06T09:24:30.491-0700][gc,heap     ] GC(37) Old regions: 71->71
[2022-09-06T09:24:30.491-0700][gc,heap     ] GC(37) Archive regions: 2->2
[2022-09-06T09:24:30.491-0700][gc,heap     ] GC(37) Humongous regions: 42->42
[2022-09-06T09:24:30.491-0700][gc,metaspace] GC(37) Metaspace: 74478K(75264K)->74478K(75264K) NonClass: 65869K(66240K)->65869K(66240K) Class: 8609K(9024K)->8609K(9024K)
[2022-09-06T09:24:30.492-0700][gc          ] GC(37) Pause Young (Normal) (G1 Evacuation Pause) 368M->114M(512M) 67.384ms
[2022-09-06T09:24:30.492-0700][gc,cpu      ] GC(37) User=0.02s Sys=0.07s Real=0.07s
[2022-09-06T18:42:17.085-0700][gc,start    ] GC(38) Pause Young (Normal) (G1 Evacuation Pause)
[2022-09-06T18:42:17.095-0700][gc,task     ] GC(38) Using 4 workers of 4 for evacuation
[2022-09-06T18:42:17.596-0700][gc,mmu      ] GC(38) MMU target violated: 201.0ms (200.0ms/201.0ms)
[2022-09-06T18:42:17.596-0700][gc,phases   ] GC(38)   Pre Evacuate Collection Set: 122.0ms
[2022-09-06T18:42:17.596-0700][gc,phases   ] GC(38)   Merge Heap Roots: 13.5ms
[2022-09-06T18:42:17.596-0700][gc,phases   ] GC(38)   Evacuate Collection Set: 351.3ms
[2022-09-06T18:42:17.596-0700][gc,phases   ] GC(38)   Post Evacuate Collection Set: 10.3ms
[2022-09-06T18:42:17.596-0700][gc,phases   ] GC(38)   Other: 12.3ms
[2022-09-06T18:42:17.596-0700][gc,heap     ] GC(38) Eden regions: 254->0(254)
[2022-09-06T18:42:17.596-0700][gc,heap     ] GC(38) Survivor regions: 2->2(32)
[2022-09-06T18:42:17.596-0700][gc,heap     ] GC(38) Old regions: 71->71
[2022-09-06T18:42:17.596-0700][gc,heap     ] GC(38) Archive regions: 2->2
[2022-09-06T18:42:17.596-0700][gc,heap     ] GC(38) Humongous regions: 42->42
[2022-09-06T18:42:17.596-0700][gc,metaspace] GC(38) Metaspace: 74508K(75328K)->74508K(75328K) NonClass: 65898K(66304K)->65898K(66304K) Class: 8609K(9024K)->8609K(9024K)
[2022-09-06T18:42:17.599-0700][gc          ] GC(38) Pause Young (Normal) (G1 Evacuation Pause) 368M->114M(512M) 514.492ms
[2022-09-06T18:42:17.599-0700][gc,cpu      ] GC(38) User=0.04s Sys=0.28s Real=0.51s
[2022-09-06T19:28:01.754-0700][gc,start    ] GC(39) Pause Young (Normal) (G1 Evacuation Pause)
[2022-09-06T19:28:01.757-0700][gc,task     ] GC(39) Using 4 workers of 4 for evacuation
[2022-09-06T19:28:01.804-0700][gc,phases   ] GC(39)   Pre Evacuate Collection Set: 2.3ms
[2022-09-06T19:28:01.805-0700][gc,phases   ] GC(39)   Merge Heap Roots: 0.7ms
[2022-09-06T19:28:01.805-0700][gc,phases   ] GC(39)   Evacuate Collection Set: 41.8ms
[2022-09-06T19:28:01.805-0700][gc,phases   ] GC(39)   Post Evacuate Collection Set: 1.7ms
[2022-09-06T19:28:01.805-0700][gc,phases   ] GC(39)   Other: 0.6ms
[2022-09-06T19:28:01.805-0700][gc,heap     ] GC(39) Eden regions: 254->0(254)
[2022-09-06T19:28:01.805-0700][gc,heap     ] GC(39) Survivor regions: 2->2(32)
[2022-09-06T19:28:01.805-0700][gc,heap     ] GC(39) Old regions: 71->71
[2022-09-06T19:28:01.805-0700][gc,heap     ] GC(39) Archive regions: 2->2
[2022-09-06T19:28:01.805-0700][gc,heap     ] GC(39) Humongous regions: 42->42
[2022-09-06T19:28:01.805-0700][gc,metaspace] GC(39) Metaspace: 74512K(75328K)->74512K(75328K) NonClass: 65903K(66304K)->65903K(66304K) Class: 8609K(9024K)->8609K(9024K)
[2022-09-06T19:28:01.805-0700][gc          ] GC(39) Pause Young (Normal) (G1 Evacuation Pause) 368M->114M(512M) 50.390ms
[2022-09-06T19:28:01.805-0700][gc,cpu      ] GC(39) User=0.02s Sys=0.07s Real=0.05s
[2022-09-06T20:10:04.568-0700][gc,start    ] GC(40) Pause Young (Normal) (G1 Evacuation Pause)
[2022-09-06T20:10:04.570-0700][gc,task     ] GC(40) Using 4 workers of 4 for evacuation
[2022-09-06T20:10:04.843-0700][gc,mmu      ] GC(40) MMU target violated: 201.0ms (200.0ms/201.0ms)
[2022-09-06T20:10:04.844-0700][gc,phases   ] GC(40)   Pre Evacuate Collection Set: 13.8ms
[2022-09-06T20:10:04.844-0700][gc,phases   ] GC(40)   Merge Heap Roots: 1.9ms
[2022-09-06T20:10:04.844-0700][gc,phases   ] GC(40)   Evacuate Collection Set: 243.4ms
[2022-09-06T20:10:04.844-0700][gc,phases   ] GC(40)   Post Evacuate Collection Set: 13.8ms
[2022-09-06T20:10:04.844-0700][gc,phases   ] GC(40)   Other: 0.7ms
[2022-09-06T20:10:04.844-0700][gc,heap     ] GC(40) Eden regions: 254->0(253)
[2022-09-06T20:10:04.844-0700][gc,heap     ] GC(40) Survivor regions: 2->3(32)
[2022-09-06T20:10:04.844-0700][gc,heap     ] GC(40) Old regions: 71->71
[2022-09-06T20:10:04.844-0700][gc,heap     ] GC(40) Archive regions: 2->2
[2022-09-06T20:10:04.844-0700][gc,heap     ] GC(40) Humongous regions: 42->42
[2022-09-06T20:10:04.844-0700][gc,metaspace] GC(40) Metaspace: 76326K(77184K)->76326K(77184K) NonClass: 67541K(67968K)->67541K(67968K) Class: 8784K(9216K)->8784K(9216K)
[2022-09-06T20:10:04.847-0700][gc          ] GC(40) Pause Young (Normal) (G1 Evacuation Pause) 368M->115M(512M) 279.017ms
[2022-09-06T20:10:04.847-0700][gc,cpu      ] GC(40) User=0.03s Sys=0.15s Real=0.28s
[2022-09-06T20:44:01.582-0700][gc,start    ] GC(41) Pause Young (Normal) (G1 Evacuation Pause)
[2022-09-06T20:44:01.585-0700][gc,task     ] GC(41) Using 4 workers of 4 for evacuation
[2022-09-06T20:44:01.736-0700][gc,phases   ] GC(41)   Pre Evacuate Collection Set: 10.2ms
[2022-09-06T20:44:01.736-0700][gc,phases   ] GC(41)   Merge Heap Roots: 3.1ms
[2022-09-06T20:44:01.736-0700][gc,phases   ] GC(41)   Evacuate Collection Set: 133.7ms
[2022-09-06T20:44:01.736-0700][gc,phases   ] GC(41)   Post Evacuate Collection Set: 4.1ms
[2022-09-06T20:44:01.736-0700][gc,phases   ] GC(41)   Other: 0.8ms
[2022-09-06T20:44:01.736-0700][gc,heap     ] GC(41) Eden regions: 253->0(254)
[2022-09-06T20:44:01.736-0700][gc,heap     ] GC(41) Survivor regions: 3->2(32)
[2022-09-06T20:44:01.737-0700][gc,heap     ] GC(41) Old regions: 71->71
[2022-09-06T20:44:01.737-0700][gc,heap     ] GC(41) Archive regions: 2->2
[2022-09-06T20:44:01.737-0700][gc,heap     ] GC(41) Humongous regions: 42->42
[2022-09-06T20:44:01.737-0700][gc,metaspace] GC(41) Metaspace: 76334K(77184K)->76334K(77184K) NonClass: 67549K(67968K)->67549K(67968K) Class: 8784K(9216K)->8784K(9216K)
[2022-09-06T20:44:01.737-0700][gc          ] GC(41) Pause Young (Normal) (G1 Evacuation Pause) 368M->115M(512M) 154.589ms
[2022-09-06T20:44:01.737-0700][gc,cpu      ] GC(41) User=0.03s Sys=0.12s Real=0.15s
[2022-09-06T21:06:48.615-0700][gc,start    ] GC(42) Pause Young (Normal) (G1 Evacuation Pause)
[2022-09-06T21:06:48.618-0700][gc,task     ] GC(42) Using 4 workers of 4 for evacuation
[2022-09-06T21:06:48.733-0700][gc,phases   ] GC(42)   Pre Evacuate Collection Set: 3.3ms
[2022-09-06T21:06:48.733-0700][gc,phases   ] GC(42)   Merge Heap Roots: 0.8ms
[2022-09-06T21:06:48.733-0700][gc,phases   ] GC(42)   Evacuate Collection Set: 105.5ms
[2022-09-06T21:06:48.733-0700][gc,phases   ] GC(42)   Post Evacuate Collection Set: 4.6ms
[2022-09-06T21:06:48.733-0700][gc,phases   ] GC(42)   Other: 1.1ms
[2022-09-06T21:06:48.733-0700][gc,heap     ] GC(42) Eden regions: 254->0(254)
[2022-09-06T21:06:48.733-0700][gc,heap     ] GC(42) Survivor regions: 2->2(32)
[2022-09-06T21:06:48.733-0700][gc,heap     ] GC(42) Old regions: 71->71
[2022-09-06T21:06:48.733-0700][gc,heap     ] GC(42) Archive regions: 2->2
[2022-09-06T21:06:48.733-0700][gc,heap     ] GC(42) Humongous regions: 42->42
[2022-09-06T21:06:48.733-0700][gc,metaspace] GC(42) Metaspace: 76350K(77184K)->76350K(77184K) NonClass: 67565K(67968K)->67565K(67968K) Class: 8784K(9216K)->8784K(9216K)
[2022-09-06T21:06:48.740-0700][gc          ] GC(42) Pause Young (Normal) (G1 Evacuation Pause) 369M->115M(512M) 124.928ms
[2022-09-06T21:06:48.740-0700][gc,cpu      ] GC(42) User=0.04s Sys=0.14s Real=0.13s
[2022-09-07T00:20:17.019-0700][gc,start    ] GC(43) Pause Young (Normal) (G1 Evacuation Pause)
[2022-09-07T00:20:17.022-0700][gc,task     ] GC(43) Using 4 workers of 4 for evacuation
[2022-09-07T00:20:17.089-0700][gc,phases   ] GC(43)   Pre Evacuate Collection Set: 1.9ms
[2022-09-07T00:20:17.089-0700][gc,phases   ] GC(43)   Merge Heap Roots: 0.8ms
[2022-09-07T00:20:17.089-0700][gc,phases   ] GC(43)   Evacuate Collection Set: 61.3ms
[2022-09-07T00:20:17.089-0700][gc,phases   ] GC(43)   Post Evacuate Collection Set: 2.3ms
[2022-09-07T00:20:17.089-0700][gc,phases   ] GC(43)   Other: 0.8ms
[2022-09-07T00:20:17.089-0700][gc,heap     ] GC(43) Eden regions: 254->0(254)
[2022-09-07T00:20:17.089-0700][gc,heap     ] GC(43) Survivor regions: 2->2(32)
[2022-09-07T00:20:17.089-0700][gc,heap     ] GC(43) Old regions: 71->71
[2022-09-07T00:20:17.089-0700][gc,heap     ] GC(43) Archive regions: 2->2
[2022-09-07T00:20:17.089-0700][gc,heap     ] GC(43) Humongous regions: 42->42
[2022-09-07T00:20:17.089-0700][gc,metaspace] GC(43) Metaspace: 76366K(77184K)->76366K(77184K) NonClass: 67581K(67968K)->67581K(67968K) Class: 8784K(9216K)->8784K(9216K)
[2022-09-07T00:20:17.089-0700][gc          ] GC(43) Pause Young (Normal) (G1 Evacuation Pause) 369M->115M(512M) 70.760ms
[2022-09-07T00:20:17.090-0700][gc,cpu      ] GC(43) User=0.04s Sys=0.07s Real=0.08s
[2022-09-07T01:30:11.464-0700][gc,start    ] GC(44) Pause Young (Normal) (G1 Evacuation Pause)
[2022-09-07T01:30:11.467-0700][gc,task     ] GC(44) Using 4 workers of 4 for evacuation
[2022-09-07T01:30:11.528-0700][gc,phases   ] GC(44)   Pre Evacuate Collection Set: 2.6ms
[2022-09-07T01:30:11.528-0700][gc,phases   ] GC(44)   Merge Heap Roots: 1.0ms
[2022-09-07T01:30:11.528-0700][gc,phases   ] GC(44)   Evacuate Collection Set: 54.9ms
[2022-09-07T01:30:11.528-0700][gc,phases   ] GC(44)   Post Evacuate Collection Set: 2.0ms
[2022-09-07T01:30:11.528-0700][gc,phases   ] GC(44)   Other: 0.6ms
[2022-09-07T01:30:11.528-0700][gc,heap     ] GC(44) Eden regions: 254->0(254)
[2022-09-07T01:30:11.528-0700][gc,heap     ] GC(44) Survivor regions: 2->2(32)
[2022-09-07T01:30:11.528-0700][gc,heap     ] GC(44) Old regions: 71->71
[2022-09-07T01:30:11.528-0700][gc,heap     ] GC(44) Archive regions: 2->2
[2022-09-07T01:30:11.528-0700][gc,heap     ] GC(44) Humongous regions: 42->42
[2022-09-07T01:30:11.528-0700][gc,metaspace] GC(44) Metaspace: 76366K(77184K)->76366K(77184K) NonClass: 67581K(67968K)->67581K(67968K) Class: 8784K(9216K)->8784K(9216K)
[2022-09-07T01:30:11.531-0700][gc          ] GC(44) Pause Young (Normal) (G1 Evacuation Pause) 369M->115M(512M) 66.258ms
[2022-09-07T01:30:11.531-0700][gc,cpu      ] GC(44) User=0.04s Sys=0.08s Real=0.07s
[2022-09-07T02:14:26.773-0700][gc,start    ] GC(45) Pause Young (Normal) (G1 Evacuation Pause)
[2022-09-07T02:14:26.775-0700][gc,task     ] GC(45) Using 4 workers of 4 for evacuation
[2022-09-07T02:14:26.815-0700][gc,phases   ] GC(45)   Pre Evacuate Collection Set: 2.6ms
[2022-09-07T02:14:26.815-0700][gc,phases   ] GC(45)   Merge Heap Roots: 0.9ms
[2022-09-07T02:14:26.815-0700][gc,phases   ] GC(45)   Evacuate Collection Set: 29.3ms
[2022-09-07T02:14:26.815-0700][gc,phases   ] GC(45)   Post Evacuate Collection Set: 5.6ms
[2022-09-07T02:14:26.815-0700][gc,phases   ] GC(45)   Other: 0.8ms
[2022-09-07T02:14:26.815-0700][gc,heap     ] GC(45) Eden regions: 254->0(254)
[2022-09-07T02:14:26.815-0700][gc,heap     ] GC(45) Survivor regions: 2->2(32)
[2022-09-07T02:14:26.815-0700][gc,heap     ] GC(45) Old regions: 71->71
[2022-09-07T02:14:26.815-0700][gc,heap     ] GC(45) Archive regions: 2->2
[2022-09-07T02:14:26.815-0700][gc,heap     ] GC(45) Humongous regions: 42->42
[2022-09-07T02:14:26.815-0700][gc,metaspace] GC(45) Metaspace: 76368K(77184K)->76368K(77184K) NonClass: 67583K(67968K)->67583K(67968K) Class: 8784K(9216K)->8784K(9216K)
[2022-09-07T02:14:26.815-0700][gc          ] GC(45) Pause Young (Normal) (G1 Evacuation Pause) 369M->115M(512M) 42.146ms
[2022-09-07T02:14:26.815-0700][gc,cpu      ] GC(45) User=0.03s Sys=0.07s Real=0.04s
[2022-09-08T07:40:22.940-0700][gc,start    ] GC(46) Pause Young (Normal) (G1 Evacuation Pause)
[2022-09-08T07:40:22.941-0700][gc,task     ] GC(46) Using 4 workers of 4 for evacuation
[2022-09-08T07:40:22.981-0700][gc,phases   ] GC(46)   Pre Evacuate Collection Set: 9.4ms
[2022-09-08T07:40:22.981-0700][gc,phases   ] GC(46)   Merge Heap Roots: 0.9ms
[2022-09-08T07:40:22.981-0700][gc,phases   ] GC(46)   Evacuate Collection Set: 26.6ms
[2022-09-08T07:40:22.981-0700][gc,phases   ] GC(46)   Post Evacuate Collection Set: 1.9ms
[2022-09-08T07:40:22.981-0700][gc,phases   ] GC(46)   Other: 0.9ms
[2022-09-08T07:40:22.981-0700][gc,heap     ] GC(46) Eden regions: 254->0(254)
[2022-09-08T07:40:22.981-0700][gc,heap     ] GC(46) Survivor regions: 2->2(32)
[2022-09-08T07:40:22.981-0700][gc,heap     ] GC(46) Old regions: 71->71
[2022-09-08T07:40:22.981-0700][gc,heap     ] GC(46) Archive regions: 2->2
[2022-09-08T07:40:22.981-0700][gc,heap     ] GC(46) Humongous regions: 42->42
[2022-09-08T07:40:22.981-0700][gc,metaspace] GC(46) Metaspace: 76373K(77184K)->76373K(77184K) NonClass: 67588K(67968K)->67588K(67968K) Class: 8784K(9216K)->8784K(9216K)
[2022-09-08T07:40:22.984-0700][gc          ] GC(46) Pause Young (Normal) (G1 Evacuation Pause) 369M->115M(512M) 47.685ms
[2022-09-08T07:40:22.984-0700][gc,cpu      ] GC(46) User=0.02s Sys=0.06s Real=0.05s
[2022-09-08T09:31:53.786-0700][gc,start    ] GC(47) Pause Young (Normal) (G1 Evacuation Pause)
[2022-09-08T09:31:53.789-0700][gc,task     ] GC(47) Using 4 workers of 4 for evacuation
[2022-09-08T09:31:53.823-0700][gc,phases   ] GC(47)   Pre Evacuate Collection Set: 4.6ms
[2022-09-08T09:31:53.823-0700][gc,phases   ] GC(47)   Merge Heap Roots: 0.9ms
[2022-09-08T09:31:53.823-0700][gc,phases   ] GC(47)   Evacuate Collection Set: 25.8ms
[2022-09-08T09:31:53.823-0700][gc,phases   ] GC(47)   Post Evacuate Collection Set: 1.9ms
[2022-09-08T09:31:53.823-0700][gc,phases   ] GC(47)   Other: 0.7ms
[2022-09-08T09:31:53.823-0700][gc,heap     ] GC(47) Eden regions: 254->0(254)
[2022-09-08T09:31:53.823-0700][gc,heap     ] GC(47) Survivor regions: 2->2(32)
[2022-09-08T09:31:53.823-0700][gc,heap     ] GC(47) Old regions: 71->72
[2022-09-08T09:31:53.823-0700][gc,heap     ] GC(47) Archive regions: 2->2
[2022-09-08T09:31:53.823-0700][gc,heap     ] GC(47) Humongous regions: 42->42
[2022-09-08T09:31:53.823-0700][gc,metaspace] GC(47) Metaspace: 76393K(77248K)->76393K(77248K) NonClass: 67608K(68032K)->67608K(68032K) Class: 8784K(9216K)->8784K(9216K)
[2022-09-08T09:31:53.823-0700][gc          ] GC(47) Pause Young (Normal) (G1 Evacuation Pause) 369M->115M(512M) 37.372ms
[2022-09-08T09:31:53.823-0700][gc,cpu      ] GC(47) User=0.02s Sys=0.05s Real=0.04s
[2022-09-08T10:16:05.941-0700][gc,start    ] GC(48) Pause Young (Normal) (G1 Evacuation Pause)
[2022-09-08T10:16:05.943-0700][gc,task     ] GC(48) Using 4 workers of 4 for evacuation
[2022-09-08T10:16:06.025-0700][gc,phases   ] GC(48)   Pre Evacuate Collection Set: 16.1ms
[2022-09-08T10:16:06.025-0700][gc,phases   ] GC(48)   Merge Heap Roots: 3.3ms
[2022-09-08T10:16:06.025-0700][gc,phases   ] GC(48)   Evacuate Collection Set: 56.6ms
[2022-09-08T10:16:06.025-0700][gc,phases   ] GC(48)   Post Evacuate Collection Set: 1.6ms
[2022-09-08T10:16:06.025-0700][gc,phases   ] GC(48)   Other: 4.7ms
[2022-09-08T10:16:06.025-0700][gc,heap     ] GC(48) Eden regions: 254->0(254)
[2022-09-08T10:16:06.025-0700][gc,heap     ] GC(48) Survivor regions: 2->2(32)
[2022-09-08T10:16:06.026-0700][gc,heap     ] GC(48) Old regions: 72->72
[2022-09-08T10:16:06.026-0700][gc,heap     ] GC(48) Archive regions: 2->2
[2022-09-08T10:16:06.026-0700][gc,heap     ] GC(48) Humongous regions: 42->42
[2022-09-08T10:16:06.026-0700][gc,metaspace] GC(48) Metaspace: 76401K(77248K)->76401K(77248K) NonClass: 67616K(68032K)->67616K(68032K) Class: 8784K(9216K)->8784K(9216K)
[2022-09-08T10:16:06.028-0700][gc          ] GC(48) Pause Young (Normal) (G1 Evacuation Pause) 369M->115M(512M) 87.819ms
[2022-09-08T10:16:06.029-0700][gc,cpu      ] GC(48) User=0.03s Sys=0.08s Real=0.08s
[2022-09-08T11:00:09.469-0700][gc,start    ] GC(49) Pause Young (Normal) (G1 Evacuation Pause)
[2022-09-08T11:00:09.471-0700][gc,task     ] GC(49) Using 4 workers of 4 for evacuation
[2022-09-08T11:00:09.483-0700][gc,phases   ] GC(49)   Pre Evacuate Collection Set: 0.3ms
[2022-09-08T11:00:09.483-0700][gc,phases   ] GC(49)   Merge Heap Roots: 0.2ms
[2022-09-08T11:00:09.483-0700][gc,phases   ] GC(49)   Evacuate Collection Set: 10.0ms
[2022-09-08T11:00:09.483-0700][gc,phases   ] GC(49)   Post Evacuate Collection Set: 0.9ms
[2022-09-08T11:00:09.483-0700][gc,phases   ] GC(49)   Other: 0.3ms
[2022-09-08T11:00:09.483-0700][gc,heap     ] GC(49) Eden regions: 254->0(254)
[2022-09-08T11:00:09.483-0700][gc,heap     ] GC(49) Survivor regions: 2->2(32)
[2022-09-08T11:00:09.483-0700][gc,heap     ] GC(49) Old regions: 72->72
[2022-09-08T11:00:09.483-0700][gc,heap     ] GC(49) Archive regions: 2->2
[2022-09-08T11:00:09.483-0700][gc,heap     ] GC(49) Humongous regions: 42->42
[2022-09-08T11:00:09.483-0700][gc,metaspace] GC(49) Metaspace: 76419K(77248K)->76419K(77248K) NonClass: 67634K(68032K)->67634K(68032K) Class: 8784K(9216K)->8784K(9216K)
[2022-09-08T11:00:09.483-0700][gc          ] GC(49) Pause Young (Normal) (G1 Evacuation Pause) 369M->115M(512M) 14.426ms
[2022-09-08T11:00:09.483-0700][gc,cpu      ] GC(49) User=0.02s Sys=0.00s Real=0.02s
[2022-09-08T11:44:13.188-0700][gc,start    ] GC(50) Pause Young (Normal) (G1 Evacuation Pause)
[2022-09-08T11:44:13.191-0700][gc,task     ] GC(50) Using 4 workers of 4 for evacuation
[2022-09-08T11:44:13.211-0700][gc,phases   ] GC(50)   Pre Evacuate Collection Set: 0.3ms
[2022-09-08T11:44:13.211-0700][gc,phases   ] GC(50)   Merge Heap Roots: 3.9ms
[2022-09-08T11:44:13.211-0700][gc,phases   ] GC(50)   Evacuate Collection Set: 10.8ms
[2022-09-08T11:44:13.211-0700][gc,phases   ] GC(50)   Post Evacuate Collection Set: 0.9ms
[2022-09-08T11:44:13.211-0700][gc,phases   ] GC(50)   Other: 4.3ms
[2022-09-08T11:44:13.211-0700][gc,heap     ] GC(50) Eden regions: 254->0(254)
[2022-09-08T11:44:13.211-0700][gc,heap     ] GC(50) Survivor regions: 2->2(32)
[2022-09-08T11:44:13.211-0700][gc,heap     ] GC(50) Old regions: 72->72
[2022-09-08T11:44:13.211-0700][gc,heap     ] GC(50) Archive regions: 2->2
[2022-09-08T11:44:13.211-0700][gc,heap     ] GC(50) Humongous regions: 42->42
[2022-09-08T11:44:13.211-0700][gc,metaspace] GC(50) Metaspace: 76431K(77248K)->76431K(77248K) NonClass: 67646K(68032K)->67646K(68032K) Class: 8784K(9216K)->8784K(9216K)
[2022-09-08T11:44:13.211-0700][gc          ] GC(50) Pause Young (Normal) (G1 Evacuation Pause) 369M->115M(512M) 22.798ms
[2022-09-08T11:44:13.211-0700][gc,cpu      ] GC(50) User=0.02s Sys=0.01s Real=0.03s
[2022-09-08T12:28:11.842-0700][gc,start    ] GC(51) Pause Young (Normal) (G1 Evacuation Pause)
[2022-09-08T12:28:11.844-0700][gc,task     ] GC(51) Using 4 workers of 4 for evacuation
[2022-09-08T12:28:11.877-0700][gc,phases   ] GC(51)   Pre Evacuate Collection Set: 1.8ms
[2022-09-08T12:28:11.877-0700][gc,phases   ] GC(51)   Merge Heap Roots: 0.8ms
[2022-09-08T12:28:11.877-0700][gc,phases   ] GC(51)   Evacuate Collection Set: 27.3ms
[2022-09-08T12:28:11.877-0700][gc,phases   ] GC(51)   Post Evacuate Collection Set: 1.7ms
[2022-09-08T12:28:11.877-0700][gc,phases   ] GC(51)   Other: 0.6ms
[2022-09-08T12:28:11.877-0700][gc,heap     ] GC(51) Eden regions: 254->0(254)
[2022-09-08T12:28:11.877-0700][gc,heap     ] GC(51) Survivor regions: 2->2(32)
[2022-09-08T12:28:11.877-0700][gc,heap     ] GC(51) Old regions: 72->72
[2022-09-08T12:28:11.877-0700][gc,heap     ] GC(51) Archive regions: 2->2
[2022-09-08T12:28:11.877-0700][gc,heap     ] GC(51) Humongous regions: 42->42
[2022-09-08T12:28:11.877-0700][gc,metaspace] GC(51) Metaspace: 76435K(77248K)->76435K(77248K) NonClass: 67650K(68032K)->67650K(68032K) Class: 8785K(9216K)->8785K(9216K)
[2022-09-08T12:28:11.877-0700][gc          ] GC(51) Pause Young (Normal) (G1 Evacuation Pause) 369M->115M(512M) 34.778ms
[2022-09-08T12:28:11.877-0700][gc,cpu      ] GC(51) User=0.02s Sys=0.05s Real=0.03s
[2022-09-08T13:12:07.005-0700][gc,start    ] GC(52) Pause Young (Normal) (G1 Evacuation Pause)
[2022-09-08T13:12:07.007-0700][gc,task     ] GC(52) Using 4 workers of 4 for evacuation
[2022-09-08T13:12:07.049-0700][gc,phases   ] GC(52)   Pre Evacuate Collection Set: 0.5ms
[2022-09-08T13:12:07.049-0700][gc,phases   ] GC(52)   Merge Heap Roots: 0.4ms
[2022-09-08T13:12:07.049-0700][gc,phases   ] GC(52)   Evacuate Collection Set: 39.7ms
[2022-09-08T13:12:07.049-0700][gc,phases   ] GC(52)   Post Evacuate Collection Set: 1.1ms
[2022-09-08T13:12:07.049-0700][gc,phases   ] GC(52)   Other: 0.3ms
[2022-09-08T13:12:07.049-0700][gc,heap     ] GC(52) Eden regions: 254->0(254)
[2022-09-08T13:12:07.049-0700][gc,heap     ] GC(52) Survivor regions: 2->2(32)
[2022-09-08T13:12:07.050-0700][gc,heap     ] GC(52) Old regions: 72->72
[2022-09-08T13:12:07.050-0700][gc,heap     ] GC(52) Archive regions: 2->2
[2022-09-08T13:12:07.050-0700][gc,heap     ] GC(52) Humongous regions: 42->42
[2022-09-08T13:12:07.050-0700][gc,metaspace] GC(52) Metaspace: 76442K(77248K)->76442K(77248K) NonClass: 67657K(68032K)->67657K(68032K) Class: 8785K(9216K)->8785K(9216K)
[2022-09-08T13:12:07.050-0700][gc          ] GC(52) Pause Young (Normal) (G1 Evacuation Pause) 369M->115M(512M) 44.424ms
[2022-09-08T13:12:07.050-0700][gc,cpu      ] GC(52) User=0.02s Sys=0.03s Real=0.05s
[2022-09-08T13:56:00.087-0700][gc,start    ] GC(53) Pause Young (Normal) (G1 Evacuation Pause)
[2022-09-08T13:56:00.090-0700][gc,task     ] GC(53) Using 4 workers of 4 for evacuation
[2022-09-08T13:56:00.145-0700][gc,phases   ] GC(53)   Pre Evacuate Collection Set: 12.0ms
[2022-09-08T13:56:00.145-0700][gc,phases   ] GC(53)   Merge Heap Roots: 4.5ms
[2022-09-08T13:56:00.145-0700][gc,phases   ] GC(53)   Evacuate Collection Set: 26.3ms
[2022-09-08T13:56:00.145-0700][gc,phases   ] GC(53)   Post Evacuate Collection Set: 11.5ms
[2022-09-08T13:56:00.145-0700][gc,phases   ] GC(53)   Other: 0.4ms
[2022-09-08T13:56:00.145-0700][gc,heap     ] GC(53) Eden regions: 254->0(254)
[2022-09-08T13:56:00.145-0700][gc,heap     ] GC(53) Survivor regions: 2->2(32)
[2022-09-08T13:56:00.145-0700][gc,heap     ] GC(53) Old regions: 72->72
[2022-09-08T13:56:00.145-0700][gc,heap     ] GC(53) Archive regions: 2->2
[2022-09-08T13:56:00.145-0700][gc,heap     ] GC(53) Humongous regions: 42->42
[2022-09-08T13:56:00.145-0700][gc,metaspace] GC(53) Metaspace: 76454K(77248K)->76454K(77248K) NonClass: 67668K(68032K)->67668K(68032K) Class: 8785K(9216K)->8785K(9216K)
[2022-09-08T13:56:00.145-0700][gc          ] GC(53) Pause Young (Normal) (G1 Evacuation Pause) 369M->115M(512M) 58.097ms
[2022-09-08T13:56:00.145-0700][gc,cpu      ] GC(53) User=0.02s Sys=0.04s Real=0.06s
[2022-09-08T14:39:50.473-0700][gc,start    ] GC(54) Pause Young (Normal) (G1 Evacuation Pause)
[2022-09-08T14:39:50.476-0700][gc,task     ] GC(54) Using 4 workers of 4 for evacuation
[2022-09-08T14:39:50.500-0700][gc,phases   ] GC(54)   Pre Evacuate Collection Set: 0.2ms
[2022-09-08T14:39:50.500-0700][gc,phases   ] GC(54)   Merge Heap Roots: 0.2ms
[2022-09-08T14:39:50.500-0700][gc,phases   ] GC(54)   Evacuate Collection Set: 17.5ms
[2022-09-08T14:39:50.500-0700][gc,phases   ] GC(54)   Post Evacuate Collection Set: 6.1ms
[2022-09-08T14:39:50.500-0700][gc,phases   ] GC(54)   Other: 0.3ms
[2022-09-08T14:39:50.500-0700][gc,heap     ] GC(54) Eden regions: 254->0(254)
[2022-09-08T14:39:50.500-0700][gc,heap     ] GC(54) Survivor regions: 2->2(32)
[2022-09-08T14:39:50.501-0700][gc,heap     ] GC(54) Old regions: 72->72
[2022-09-08T14:39:50.501-0700][gc,heap     ] GC(54) Archive regions: 2->2
[2022-09-08T14:39:50.501-0700][gc,heap     ] GC(54) Humongous regions: 42->42
[2022-09-08T14:39:50.501-0700][gc,metaspace] GC(54) Metaspace: 76454K(77248K)->76454K(77248K) NonClass: 67668K(68032K)->67668K(68032K) Class: 8785K(9216K)->8785K(9216K)
[2022-09-08T14:39:50.501-0700][gc          ] GC(54) Pause Young (Normal) (G1 Evacuation Pause) 369M->115M(512M) 27.925ms
[2022-09-08T14:39:50.501-0700][gc,cpu      ] GC(54) User=0.02s Sys=0.01s Real=0.03s
[2022-09-08T15:23:45.005-0700][gc,start    ] GC(55) Pause Young (Normal) (G1 Evacuation Pause)
[2022-09-08T15:23:45.008-0700][gc,task     ] GC(55) Using 4 workers of 4 for evacuation
[2022-09-08T15:23:45.059-0700][gc,phases   ] GC(55)   Pre Evacuate Collection Set: 5.8ms
[2022-09-08T15:23:45.059-0700][gc,phases   ] GC(55)   Merge Heap Roots: 0.9ms
[2022-09-08T15:23:45.059-0700][gc,phases   ] GC(55)   Evacuate Collection Set: 42.4ms
[2022-09-08T15:23:45.059-0700][gc,phases   ] GC(55)   Post Evacuate Collection Set: 1.7ms
[2022-09-08T15:23:45.059-0700][gc,phases   ] GC(55)   Other: 0.6ms
[2022-09-08T15:23:45.059-0700][gc,heap     ] GC(55) Eden regions: 254->0(255)
[2022-09-08T15:23:45.059-0700][gc,heap     ] GC(55) Survivor regions: 2->1(32)
[2022-09-08T15:23:45.059-0700][gc,heap     ] GC(55) Old regions: 72->73
[2022-09-08T15:23:45.059-0700][gc,heap     ] GC(55) Archive regions: 2->2
[2022-09-08T15:23:45.059-0700][gc,heap     ] GC(55) Humongous regions: 42->42
[2022-09-08T15:23:45.059-0700][gc,metaspace] GC(55) Metaspace: 76465K(77312K)->76465K(77312K) NonClass: 67679K(68096K)->67679K(68096K) Class: 8786K(9216K)->8786K(9216K)
[2022-09-08T15:23:45.059-0700][gc          ] GC(55) Pause Young (Normal) (G1 Evacuation Pause) 369M->115M(512M) 54.266ms
[2022-09-08T15:23:45.060-0700][gc,cpu      ] GC(55) User=0.03s Sys=0.06s Real=0.06s
[2022-09-08T16:07:54.001-0700][gc,start    ] GC(56) Pause Young (Normal) (G1 Evacuation Pause)
[2022-09-08T16:07:54.005-0700][gc,task     ] GC(56) Using 4 workers of 4 for evacuation
[2022-09-08T16:07:54.029-0700][gc,phases   ] GC(56)   Pre Evacuate Collection Set: 0.3ms
[2022-09-08T16:07:54.029-0700][gc,phases   ] GC(56)   Merge Heap Roots: 0.2ms
[2022-09-08T16:07:54.029-0700][gc,phases   ] GC(56)   Evacuate Collection Set: 18.8ms
[2022-09-08T16:07:54.029-0700][gc,phases   ] GC(56)   Post Evacuate Collection Set: 4.4ms
[2022-09-08T16:07:54.029-0700][gc,phases   ] GC(56)   Other: 0.3ms
[2022-09-08T16:07:54.029-0700][gc,heap     ] GC(56) Eden regions: 255->0(255)
[2022-09-08T16:07:54.029-0700][gc,heap     ] GC(56) Survivor regions: 1->1(32)
[2022-09-08T16:07:54.029-0700][gc,heap     ] GC(56) Old regions: 73->73
[2022-09-08T16:07:54.029-0700][gc,heap     ] GC(56) Archive regions: 2->2
[2022-09-08T16:07:54.029-0700][gc,heap     ] GC(56) Humongous regions: 42->42
[2022-09-08T16:07:54.029-0700][gc,metaspace] GC(56) Metaspace: 76468K(77312K)->76468K(77312K) NonClass: 67681K(68096K)->67681K(68096K) Class: 8786K(9216K)->8786K(9216K)
[2022-09-08T16:07:54.029-0700][gc          ] GC(56) Pause Young (Normal) (G1 Evacuation Pause) 370M->115M(512M) 27.862ms
[2022-09-08T16:07:54.029-0700][gc,cpu      ] GC(56) User=0.02s Sys=0.01s Real=0.02s
[2022-09-08T16:52:04.145-0700][gc,start    ] GC(57) Pause Young (Normal) (G1 Evacuation Pause)
[2022-09-08T16:52:04.148-0700][gc,task     ] GC(57) Using 4 workers of 4 for evacuation
[2022-09-08T16:52:04.165-0700][gc,phases   ] GC(57)   Pre Evacuate Collection Set: 0.3ms
[2022-09-08T16:52:04.165-0700][gc,phases   ] GC(57)   Merge Heap Roots: 0.2ms
[2022-09-08T16:52:04.165-0700][gc,phases   ] GC(57)   Evacuate Collection Set: 15.0ms
[2022-09-08T16:52:04.165-0700][gc,phases   ] GC(57)   Post Evacuate Collection Set: 1.1ms
[2022-09-08T16:52:04.165-0700][gc,phases   ] GC(57)   Other: 0.4ms
[2022-09-08T16:52:04.165-0700][gc,heap     ] GC(57) Eden regions: 255->0(255)
[2022-09-08T16:52:04.165-0700][gc,heap     ] GC(57) Survivor regions: 1->1(32)
[2022-09-08T16:52:04.165-0700][gc,heap     ] GC(57) Old regions: 73->73
[2022-09-08T16:52:04.165-0700][gc,heap     ] GC(57) Archive regions: 2->2
[2022-09-08T16:52:04.165-0700][gc,heap     ] GC(57) Humongous regions: 42->42
[2022-09-08T16:52:04.165-0700][gc,metaspace] GC(57) Metaspace: 76471K(77312K)->76471K(77312K) NonClass: 67684K(68096K)->67684K(68096K) Class: 8787K(9216K)->8787K(9216K)
[2022-09-08T16:52:04.165-0700][gc          ] GC(57) Pause Young (Normal) (G1 Evacuation Pause) 370M->115M(512M) 19.961ms
[2022-09-08T16:52:04.165-0700][gc,cpu      ] GC(57) User=0.01s Sys=0.01s Real=0.02s
[2022-09-09T05:37:13.092-0700][gc,start    ] GC(58) Pause Young (Normal) (G1 Evacuation Pause)
[2022-09-09T05:37:13.095-0700][gc,task     ] GC(58) Using 4 workers of 4 for evacuation
[2022-09-09T05:37:13.216-0700][gc,phases   ] GC(58)   Pre Evacuate Collection Set: 16.3ms
[2022-09-09T05:37:13.216-0700][gc,phases   ] GC(58)   Merge Heap Roots: 5.9ms
[2022-09-09T05:37:13.216-0700][gc,phases   ] GC(58)   Evacuate Collection Set: 89.4ms
[2022-09-09T05:37:13.216-0700][gc,phases   ] GC(58)   Post Evacuate Collection Set: 7.2ms
[2022-09-09T05:37:13.216-0700][gc,phases   ] GC(58)   Other: 2.1ms
[2022-09-09T05:37:13.216-0700][gc,heap     ] GC(58) Eden regions: 255->0(254)
[2022-09-09T05:37:13.216-0700][gc,heap     ] GC(58) Survivor regions: 1->2(32)
[2022-09-09T05:37:13.216-0700][gc,heap     ] GC(58) Old regions: 73->73
[2022-09-09T05:37:13.216-0700][gc,heap     ] GC(58) Archive regions: 2->2
[2022-09-09T05:37:13.216-0700][gc,heap     ] GC(58) Humongous regions: 50->50
[2022-09-09T05:37:13.216-0700][gc,metaspace] GC(58) Metaspace: 76552K(77376K)->76552K(77376K) NonClass: 67763K(68160K)->67763K(68160K) Class: 8788K(9216K)->8788K(9216K)
[2022-09-09T05:37:13.221-0700][gc          ] GC(58) Pause Young (Normal) (G1 Evacuation Pause) 378M->124M(512M) 129.143ms
[2022-09-09T05:37:13.222-0700][gc,cpu      ] GC(58) User=0.03s Sys=0.08s Real=0.13s
[2022-09-09T06:21:31.321-0700][gc,start    ] GC(59) Pause Young (Normal) (G1 Evacuation Pause)
[2022-09-09T06:21:31.325-0700][gc,task     ] GC(59) Using 4 workers of 4 for evacuation
[2022-09-09T06:21:31.358-0700][gc,phases   ] GC(59)   Pre Evacuate Collection Set: 1.9ms
[2022-09-09T06:21:31.358-0700][gc,phases   ] GC(59)   Merge Heap Roots: 2.9ms
[2022-09-09T06:21:31.358-0700][gc,phases   ] GC(59)   Evacuate Collection Set: 25.2ms
[2022-09-09T06:21:31.358-0700][gc,phases   ] GC(59)   Post Evacuate Collection Set: 2.4ms
[2022-09-09T06:21:31.358-0700][gc,phases   ] GC(59)   Other: 0.7ms
[2022-09-09T06:21:31.358-0700][gc,heap     ] GC(59) Eden regions: 254->0(254)
[2022-09-09T06:21:31.358-0700][gc,heap     ] GC(59) Survivor regions: 2->2(32)
[2022-09-09T06:21:31.358-0700][gc,heap     ] GC(59) Old regions: 73->73
[2022-09-09T06:21:31.358-0700][gc,heap     ] GC(59) Archive regions: 2->2
[2022-09-09T06:21:31.358-0700][gc,heap     ] GC(59) Humongous regions: 50->50
[2022-09-09T06:21:31.358-0700][gc,metaspace] GC(59) Metaspace: 76553K(77376K)->76553K(77376K) NonClass: 67765K(68160K)->67765K(68160K) Class: 8788K(9216K)->8788K(9216K)
[2022-09-09T06:21:31.358-0700][gc          ] GC(59) Pause Young (Normal) (G1 Evacuation Pause) 378M->124M(512M) 37.058ms
[2022-09-09T06:21:31.358-0700][gc,cpu      ] GC(59) User=0.02s Sys=0.05s Real=0.03s
[2022-09-09T07:06:00.168-0700][gc,start    ] GC(60) Pause Young (Normal) (G1 Evacuation Pause)
[2022-09-09T07:06:00.171-0700][gc,task     ] GC(60) Using 4 workers of 4 for evacuation
[2022-09-09T07:06:00.197-0700][gc,phases   ] GC(60)   Pre Evacuate Collection Set: 2.2ms
[2022-09-09T07:06:00.197-0700][gc,phases   ] GC(60)   Merge Heap Roots: 1.6ms
[2022-09-09T07:06:00.197-0700][gc,phases   ] GC(60)   Evacuate Collection Set: 19.5ms
[2022-09-09T07:06:00.197-0700][gc,phases   ] GC(60)   Post Evacuate Collection Set: 1.8ms
[2022-09-09T07:06:00.197-0700][gc,phases   ] GC(60)   Other: 0.6ms
[2022-09-09T07:06:00.197-0700][gc,heap     ] GC(60) Eden regions: 254->0(254)
[2022-09-09T07:06:00.197-0700][gc,heap     ] GC(60) Survivor regions: 2->2(32)
[2022-09-09T07:06:00.197-0700][gc,heap     ] GC(60) Old regions: 73->73
[2022-09-09T07:06:00.197-0700][gc,heap     ] GC(60) Archive regions: 2->2
[2022-09-09T07:06:00.197-0700][gc,heap     ] GC(60) Humongous regions: 50->50
[2022-09-09T07:06:00.197-0700][gc,metaspace] GC(60) Metaspace: 76556K(77376K)->76556K(77376K) NonClass: 67767K(68160K)->67767K(68160K) Class: 8788K(9216K)->8788K(9216K)
[2022-09-09T07:06:00.200-0700][gc          ] GC(60) Pause Young (Normal) (G1 Evacuation Pause) 378M->124M(512M) 31.274ms
[2022-09-09T07:06:00.200-0700][gc,cpu      ] GC(60) User=0.02s Sys=0.05s Real=0.04s
[2022-09-09T07:55:03.781-0700][gc,start    ] GC(61) Pause Young (Normal) (G1 Evacuation Pause)
[2022-09-09T07:55:03.784-0700][gc,task     ] GC(61) Using 4 workers of 4 for evacuation
[2022-09-09T07:55:03.827-0700][gc,phases   ] GC(61)   Pre Evacuate Collection Set: 3.9ms
[2022-09-09T07:55:03.827-0700][gc,phases   ] GC(61)   Merge Heap Roots: 5.1ms
[2022-09-09T07:55:03.827-0700][gc,phases   ] GC(61)   Evacuate Collection Set: 31.2ms
[2022-09-09T07:55:03.827-0700][gc,phases   ] GC(61)   Post Evacuate Collection Set: 1.9ms
[2022-09-09T07:55:03.827-0700][gc,phases   ] GC(61)   Other: 0.9ms
[2022-09-09T07:55:03.827-0700][gc,heap     ] GC(61) Eden regions: 254->0(254)
[2022-09-09T07:55:03.827-0700][gc,heap     ] GC(61) Survivor regions: 2->2(32)
[2022-09-09T07:55:03.827-0700][gc,heap     ] GC(61) Old regions: 73->73
[2022-09-09T07:55:03.827-0700][gc,heap     ] GC(61) Archive regions: 2->2
[2022-09-09T07:55:03.827-0700][gc,heap     ] GC(61) Humongous regions: 50->50
[2022-09-09T07:55:03.827-0700][gc,metaspace] GC(61) Metaspace: 76583K(77440K)->76583K(77440K) NonClass: 67794K(68224K)->67794K(68224K) Class: 8789K(9216K)->8789K(9216K)
[2022-09-09T07:55:03.827-0700][gc          ] GC(61) Pause Young (Normal) (G1 Evacuation Pause) 378M->124M(512M) 45.780ms
[2022-09-09T07:55:03.827-0700][gc,cpu      ] GC(61) User=0.02s Sys=0.07s Real=0.04s
[2022-09-09T08:43:58.884-0700][gc,start    ] GC(62) Pause Young (Normal) (G1 Evacuation Pause)
[2022-09-09T08:43:58.893-0700][gc,task     ] GC(62) Using 4 workers of 4 for evacuation
[2022-09-09T08:43:58.971-0700][gc,phases   ] GC(62)   Pre Evacuate Collection Set: 11.7ms
[2022-09-09T08:43:58.971-0700][gc,phases   ] GC(62)   Merge Heap Roots: 3.9ms
[2022-09-09T08:43:58.971-0700][gc,phases   ] GC(62)   Evacuate Collection Set: 46.8ms
[2022-09-09T08:43:58.971-0700][gc,phases   ] GC(62)   Post Evacuate Collection Set: 14.4ms
[2022-09-09T08:43:58.971-0700][gc,phases   ] GC(62)   Other: 1.0ms
[2022-09-09T08:43:58.971-0700][gc,heap     ] GC(62) Eden regions: 254->0(254)
[2022-09-09T08:43:58.972-0700][gc,heap     ] GC(62) Survivor regions: 2->2(32)
[2022-09-09T08:43:58.972-0700][gc,heap     ] GC(62) Old regions: 73->73
[2022-09-09T08:43:58.972-0700][gc,heap     ] GC(62) Archive regions: 2->2
[2022-09-09T08:43:58.972-0700][gc,heap     ] GC(62) Humongous regions: 50->50
[2022-09-09T08:43:58.972-0700][gc,metaspace] GC(62) Metaspace: 76585K(77440K)->76585K(77440K) NonClass: 67796K(68224K)->67796K(68224K) Class: 8789K(9216K)->8789K(9216K)
[2022-09-09T08:43:58.972-0700][gc          ] GC(62) Pause Young (Normal) (G1 Evacuation Pause) 378M->124M(512M) 88.436ms
[2022-09-09T08:43:58.973-0700][gc,cpu      ] GC(62) User=0.02s Sys=0.09s Real=0.09s
[2022-09-09T08:56:27.698-0700][gc,start    ] GC(63) Pause Young (Normal) (G1 Evacuation Pause)
[2022-09-09T08:56:27.742-0700][gc,task     ] GC(63) Using 4 workers of 4 for evacuation
[2022-09-09T08:56:27.918-0700][gc,phases   ] GC(63)   Pre Evacuate Collection Set: 19.3ms
[2022-09-09T08:56:27.918-0700][gc,phases   ] GC(63)   Merge Heap Roots: 5.1ms
[2022-09-09T08:56:27.918-0700][gc,phases   ] GC(63)   Evacuate Collection Set: 132.2ms
[2022-09-09T08:56:27.918-0700][gc,phases   ] GC(63)   Post Evacuate Collection Set: 11.6ms
[2022-09-09T08:56:27.918-0700][gc,phases   ] GC(63)   Other: 7.3ms
[2022-09-09T08:56:27.918-0700][gc,heap     ] GC(63) Eden regions: 254->0(254)
[2022-09-09T08:56:27.918-0700][gc,heap     ] GC(63) Survivor regions: 2->2(32)
[2022-09-09T08:56:27.918-0700][gc,heap     ] GC(63) Old regions: 73->73
[2022-09-09T08:56:27.918-0700][gc,heap     ] GC(63) Archive regions: 2->2
[2022-09-09T08:56:27.918-0700][gc,heap     ] GC(63) Humongous regions: 50->50
[2022-09-09T08:56:27.918-0700][gc,metaspace] GC(63) Metaspace: 76704K(77568K)->76704K(77568K) NonClass: 67912K(68352K)->67912K(68352K) Class: 8791K(9216K)->8791K(9216K)
[2022-09-09T08:56:27.918-0700][gc          ] GC(63) Pause Young (Normal) (G1 Evacuation Pause) 378M->124M(512M) 219.831ms
[2022-09-09T08:56:27.918-0700][gc,cpu      ] GC(63) User=0.03s Sys=0.10s Real=0.22s
[2022-09-09T08:58:15.678-0700][gc,heap,exit] Heap
[2022-09-09T08:58:15.681-0700][gc,heap,exit]  garbage-first heap   total 524288K, used 206428K [0x00000007e0000000, 0x0000000800000000)
[2022-09-09T08:58:15.681-0700][gc,heap,exit]   region size 1024K, 79 young (80896K), 2 survivors (2048K)
[2022-09-09T08:58:15.681-0700][gc,heap,exit]  Metaspace       used 76930K, committed 77696K, reserved 1179648K
[2022-09-09T08:58:15.681-0700][gc,heap,exit]   class space    used 8824K, committed 9216K, reserved 1048576K
