[2022-09-15T07:32:55.245-0700][gc,init] CardTable entry size: 512
[2022-09-15T07:32:55.245-0700][gc     ] Using G1
[2022-09-15T07:32:55.252-0700][gc,init] Version: 18.0.1+10-24 (release)
[2022-09-15T07:32:55.252-0700][gc,init] CPUs: 4 total, 4 available
[2022-09-15T07:32:55.252-0700][gc,init] Memory: 8192M
[2022-09-15T07:32:55.252-0700][gc,init] Large Page Support: Disabled
[2022-09-15T07:32:55.252-0700][gc,init] NUMA Support: Disabled
[2022-09-15T07:32:55.252-0700][gc,init] Compressed Oops: Enabled (Zero based)
[2022-09-15T07:32:55.252-0700][gc,init] Heap Region Size: 1M
[2022-09-15T07:32:55.252-0700][gc,init] Heap Min Capacity: 512M
[2022-09-15T07:32:55.252-0700][gc,init] Heap Initial Capacity: 512M
[2022-09-15T07:32:55.252-0700][gc,init] Heap Max Capacity: 512M
[2022-09-15T07:32:55.252-0700][gc,init] Pre-touch: Disabled
[2022-09-15T07:32:55.252-0700][gc,init] Parallel Workers: 4
[2022-09-15T07:32:55.252-0700][gc,init] Concurrent Workers: 1
[2022-09-15T07:32:55.253-0700][gc,init] Concurrent Refinement Workers: 4
[2022-09-15T07:32:55.253-0700][gc,init] Periodic GC: Disabled
[2022-09-15T07:32:55.253-0700][gc,metaspace] CDS archive(s) mapped at: [0x0000000800000000-0x0000000800ba8000-0x0000000800ba8000), size 12222464, SharedBaseAddress: 0x0000000800000000, ArchiveRelocationMode: 0.
[2022-09-15T07:32:55.253-0700][gc,metaspace] Compressed class space mapped at: 0x0000000800c00000-0x0000000840c00000, reserved size: 1073741824
[2022-09-15T07:32:55.253-0700][gc,metaspace] Narrow klass base: 0x0000000800000000, Narrow klass shift: 0, Narrow klass range: 0x100000000
[2022-09-15T07:33:04.266-0700][gc,start    ] GC(0) Pause Young (Normal) (G1 Evacuation Pause)
[2022-09-15T07:33:04.266-0700][gc,task     ] GC(0) Using 4 workers of 4 for evacuation
[2022-09-15T07:33:04.302-0700][gc,phases   ] GC(0)   Pre Evacuate Collection Set: 0.3ms
[2022-09-15T07:33:04.302-0700][gc,phases   ] GC(0)   Merge Heap Roots: 0.2ms
[2022-09-15T07:33:04.302-0700][gc,phases   ] GC(0)   Evacuate Collection Set: 33.0ms
[2022-09-15T07:33:04.302-0700][gc,phases   ] GC(0)   Post Evacuate Collection Set: 1.7ms
[2022-09-15T07:33:04.302-0700][gc,phases   ] GC(0)   Other: 0.6ms
[2022-09-15T07:33:04.302-0700][gc,heap     ] GC(0) Eden regions: 256->0(250)
[2022-09-15T07:33:04.302-0700][gc,heap     ] GC(0) Survivor regions: 0->6(32)
[2022-09-15T07:33:04.302-0700][gc,heap     ] GC(0) Old regions: 0->0
[2022-09-15T07:33:04.302-0700][gc,heap     ] GC(0) Archive regions: 2->2
[2022-09-15T07:33:04.302-0700][gc,heap     ] GC(0) Humongous regions: 3->0
[2022-09-15T07:33:04.302-0700][gc,metaspace] GC(0) Metaspace: 11064K(11328K)->11064K(11328K) NonClass: 9775K(9920K)->9775K(9920K) Class: 1288K(1408K)->1288K(1408K)
[2022-09-15T07:33:04.302-0700][gc          ] GC(0) Pause Young (Normal) (G1 Evacuation Pause) 259M->6M(512M) 36.377ms
[2022-09-15T07:33:04.302-0700][gc,cpu      ] GC(0) User=0.05s Sys=0.04s Real=0.04s
[2022-09-15T07:33:05.240-0700][gc,start    ] GC(1) Pause Young (Normal) (G1 Evacuation Pause)
[2022-09-15T07:33:05.240-0700][gc,task     ] GC(1) Using 4 workers of 4 for evacuation
[2022-09-15T07:33:05.285-0700][gc,phases   ] GC(1)   Pre Evacuate Collection Set: 0.1ms
[2022-09-15T07:33:05.285-0700][gc,phases   ] GC(1)   Merge Heap Roots: 0.1ms
[2022-09-15T07:33:05.285-0700][gc,phases   ] GC(1)   Evacuate Collection Set: 42.2ms
[2022-09-15T07:33:05.285-0700][gc,phases   ] GC(1)   Post Evacuate Collection Set: 2.6ms
[2022-09-15T07:33:05.285-0700][gc,phases   ] GC(1)   Other: 0.1ms
[2022-09-15T07:33:05.285-0700][gc,heap     ] GC(1) Eden regions: 250->0(249)
[2022-09-15T07:33:05.285-0700][gc,heap     ] GC(1) Survivor regions: 6->7(32)
[2022-09-15T07:33:05.285-0700][gc,heap     ] GC(1) Old regions: 0->0
[2022-09-15T07:33:05.285-0700][gc,heap     ] GC(1) Archive regions: 2->2
[2022-09-15T07:33:05.285-0700][gc,heap     ] GC(1) Humongous regions: 0->0
[2022-09-15T07:33:05.285-0700][gc,metaspace] GC(1) Metaspace: 13260K(13568K)->13260K(13568K) NonClass: 11746K(11904K)->11746K(11904K) Class: 1514K(1664K)->1514K(1664K)
[2022-09-15T07:33:05.285-0700][gc          ] GC(1) Pause Young (Normal) (G1 Evacuation Pause) 256M->7M(512M) 45.549ms
[2022-09-15T07:33:05.285-0700][gc,cpu      ] GC(1) User=0.03s Sys=0.01s Real=0.04s
[2022-09-15T07:33:11.158-0700][gc,start    ] GC(2) Pause Young (Normal) (G1 Evacuation Pause)
[2022-09-15T07:33:11.158-0700][gc,task     ] GC(2) Using 4 workers of 4 for evacuation
[2022-09-15T07:33:11.210-0700][gc,phases   ] GC(2)   Pre Evacuate Collection Set: 0.4ms
[2022-09-15T07:33:11.210-0700][gc,phases   ] GC(2)   Merge Heap Roots: 0.2ms
[2022-09-15T07:33:11.210-0700][gc,phases   ] GC(2)   Evacuate Collection Set: 49.2ms
[2022-09-15T07:33:11.210-0700][gc,phases   ] GC(2)   Post Evacuate Collection Set: 1.8ms
[2022-09-15T07:33:11.210-0700][gc,phases   ] GC(2)   Other: 0.3ms
[2022-09-15T07:33:11.210-0700][gc,heap     ] GC(2) Eden regions: 249->0(242)
[2022-09-15T07:33:11.210-0700][gc,heap     ] GC(2) Survivor regions: 7->14(32)
[2022-09-15T07:33:11.210-0700][gc,heap     ] GC(2) Old regions: 0->0
[2022-09-15T07:33:11.210-0700][gc,heap     ] GC(2) Archive regions: 2->2
[2022-09-15T07:33:11.210-0700][gc,heap     ] GC(2) Humongous regions: 0->0
[2022-09-15T07:33:11.210-0700][gc,metaspace] GC(2) Metaspace: 18366K(18624K)->18366K(18624K) NonClass: 16230K(16384K)->16230K(16384K) Class: 2136K(2240K)->2136K(2240K)
[2022-09-15T07:33:11.210-0700][gc          ] GC(2) Pause Young (Normal) (G1 Evacuation Pause) 256M->14M(512M) 52.582ms
[2022-09-15T07:33:11.210-0700][gc,cpu      ] GC(2) User=0.07s Sys=0.08s Real=0.06s
[2022-09-15T07:33:12.867-0700][gc,start    ] GC(3) Pause Young (Normal) (G1 Evacuation Pause)
[2022-09-15T07:33:12.867-0700][gc,task     ] GC(3) Using 4 workers of 4 for evacuation
[2022-09-15T07:33:12.892-0700][gc,phases   ] GC(3)   Pre Evacuate Collection Set: 0.1ms
[2022-09-15T07:33:12.892-0700][gc,phases   ] GC(3)   Merge Heap Roots: 0.1ms
[2022-09-15T07:33:12.892-0700][gc,phases   ] GC(3)   Evacuate Collection Set: 23.2ms
[2022-09-15T07:33:12.892-0700][gc,phases   ] GC(3)   Post Evacuate Collection Set: 1.2ms
[2022-09-15T07:33:12.892-0700][gc,phases   ] GC(3)   Other: 0.1ms
[2022-09-15T07:33:12.892-0700][gc,heap     ] GC(3) Eden regions: 242->0(238)
[2022-09-15T07:33:12.892-0700][gc,heap     ] GC(3) Survivor regions: 14->18(32)
[2022-09-15T07:33:12.892-0700][gc,heap     ] GC(3) Old regions: 0->0
[2022-09-15T07:33:12.892-0700][gc,heap     ] GC(3) Archive regions: 2->2
[2022-09-15T07:33:12.892-0700][gc,heap     ] GC(3) Humongous regions: 0->0
[2022-09-15T07:33:12.892-0700][gc,metaspace] GC(3) Metaspace: 20872K(21120K)->20872K(21120K) NonClass: 18474K(18624K)->18474K(18624K) Class: 2397K(2496K)->2397K(2496K)
[2022-09-15T07:33:12.893-0700][gc          ] GC(3) Pause Young (Normal) (G1 Evacuation Pause) 256M->18M(512M) 25.187ms
[2022-09-15T07:33:12.893-0700][gc,cpu      ] GC(3) User=0.07s Sys=0.01s Real=0.03s
[2022-09-15T07:33:13.463-0700][gc,start    ] GC(4) Pause Young (Concurrent Start) (Metadata GC Threshold)
[2022-09-15T07:33:13.463-0700][gc,task     ] GC(4) Using 4 workers of 4 for evacuation
[2022-09-15T07:33:13.498-0700][gc,phases   ] GC(4)   Pre Evacuate Collection Set: 0.2ms
[2022-09-15T07:33:13.498-0700][gc,phases   ] GC(4)   Merge Heap Roots: 0.1ms
[2022-09-15T07:33:13.498-0700][gc,phases   ] GC(4)   Evacuate Collection Set: 33.5ms
[2022-09-15T07:33:13.498-0700][gc,phases   ] GC(4)   Post Evacuate Collection Set: 1.0ms
[2022-09-15T07:33:13.498-0700][gc,phases   ] GC(4)   Other: 0.1ms
[2022-09-15T07:33:13.498-0700][gc,heap     ] GC(4) Eden regions: 135->0(241)
[2022-09-15T07:33:13.498-0700][gc,heap     ] GC(4) Survivor regions: 18->15(32)
[2022-09-15T07:33:13.498-0700][gc,heap     ] GC(4) Old regions: 0->6
[2022-09-15T07:33:13.498-0700][gc,heap     ] GC(4) Archive regions: 2->2
[2022-09-15T07:33:13.498-0700][gc,heap     ] GC(4) Humongous regions: 0->0
[2022-09-15T07:33:13.498-0700][gc,metaspace] GC(4) Metaspace: 21245K(21504K)->21245K(21504K) NonClass: 18803K(18944K)->18803K(18944K) Class: 2441K(2560K)->2441K(2560K)
[2022-09-15T07:33:13.498-0700][gc          ] GC(4) Pause Young (Concurrent Start) (Metadata GC Threshold) 153M->20M(512M) 35.736ms
[2022-09-15T07:33:13.498-0700][gc,cpu      ] GC(4) User=0.07s Sys=0.02s Real=0.03s
[2022-09-15T07:33:13.499-0700][gc          ] GC(5) Concurrent Mark Cycle
[2022-09-15T07:33:13.499-0700][gc,marking  ] GC(5) Concurrent Clear Claimed Marks
[2022-09-15T07:33:13.499-0700][gc,marking  ] GC(5) Concurrent Clear Claimed Marks 0.041ms
[2022-09-15T07:33:13.499-0700][gc,marking  ] GC(5) Concurrent Scan Root Regions
[2022-09-15T07:33:13.521-0700][gc,marking  ] GC(5) Concurrent Scan Root Regions 22.083ms
[2022-09-15T07:33:13.521-0700][gc,marking  ] GC(5) Concurrent Mark
[2022-09-15T07:33:13.521-0700][gc,marking  ] GC(5) Concurrent Mark From Roots
[2022-09-15T07:33:13.521-0700][gc,task     ] GC(5) Using 1 workers of 1 for marking
[2022-09-15T07:33:13.528-0700][gc,marking  ] GC(5) Concurrent Mark From Roots 6.391ms
[2022-09-15T07:33:13.528-0700][gc,marking  ] GC(5) Concurrent Preclean
[2022-09-15T07:33:13.528-0700][gc,marking  ] GC(5) Concurrent Preclean 0.043ms
[2022-09-15T07:33:13.531-0700][gc,start    ] GC(5) Pause Remark
[2022-09-15T07:33:13.539-0700][gc          ] GC(5) Pause Remark 21M->21M(512M) 7.906ms
[2022-09-15T07:33:13.539-0700][gc,cpu      ] GC(5) User=0.01s Sys=0.00s Real=0.00s
[2022-09-15T07:33:13.543-0700][gc,marking  ] GC(5) Concurrent Mark 21.739ms
[2022-09-15T07:33:13.543-0700][gc,marking  ] GC(5) Concurrent Rebuild Remembered Sets
[2022-09-15T07:33:13.552-0700][gc,marking  ] GC(5) Concurrent Rebuild Remembered Sets 8.688ms
[2022-09-15T07:33:13.552-0700][gc,start    ] GC(5) Pause Cleanup
[2022-09-15T07:33:13.552-0700][gc          ] GC(5) Pause Cleanup 22M->22M(512M) 0.123ms
[2022-09-15T07:33:13.552-0700][gc,cpu      ] GC(5) User=0.00s Sys=0.00s Real=0.00s
[2022-09-15T07:33:13.552-0700][gc,marking  ] GC(5) Concurrent Cleanup for Next Mark
[2022-09-15T07:33:13.561-0700][gc,marking  ] GC(5) Concurrent Cleanup for Next Mark 8.684ms
[2022-09-15T07:33:13.561-0700][gc          ] GC(5) Concurrent Mark Cycle 62.403ms
[2022-09-15T07:33:17.395-0700][gc,start    ] GC(6) Pause Young (Normal) (G1 Evacuation Pause)
[2022-09-15T07:33:17.398-0700][gc,task     ] GC(6) Using 4 workers of 4 for evacuation
[2022-09-15T07:33:17.418-0700][gc,phases   ] GC(6)   Pre Evacuate Collection Set: 0.3ms
[2022-09-15T07:33:17.418-0700][gc,phases   ] GC(6)   Merge Heap Roots: 0.1ms
[2022-09-15T07:33:17.418-0700][gc,phases   ] GC(6)   Evacuate Collection Set: 17.7ms
[2022-09-15T07:33:17.418-0700][gc,phases   ] GC(6)   Post Evacuate Collection Set: 1.5ms
[2022-09-15T07:33:17.418-0700][gc,phases   ] GC(6)   Other: 0.2ms
[2022-09-15T07:33:17.418-0700][gc,heap     ] GC(6) Eden regions: 241->0(240)
[2022-09-15T07:33:17.418-0700][gc,heap     ] GC(6) Survivor regions: 15->16(32)
[2022-09-15T07:33:17.418-0700][gc,heap     ] GC(6) Old regions: 6->6
[2022-09-15T07:33:17.418-0700][gc,heap     ] GC(6) Archive regions: 2->2
[2022-09-15T07:33:17.418-0700][gc,heap     ] GC(6) Humongous regions: 0->0
[2022-09-15T07:33:17.418-0700][gc,metaspace] GC(6) Metaspace: 27395K(27776K)->27395K(27776K) NonClass: 24166K(24384K)->24166K(24384K) Class: 3229K(3392K)->3229K(3392K)
[2022-09-15T07:33:17.418-0700][gc          ] GC(6) Pause Young (Normal) (G1 Evacuation Pause) 261M->21M(512M) 22.752ms
[2022-09-15T07:33:17.418-0700][gc,cpu      ] GC(6) User=0.06s Sys=0.00s Real=0.02s
[2022-09-15T07:33:19.728-0700][gc,start    ] GC(7) Pause Young (Concurrent Start) (Metadata GC Threshold)
[2022-09-15T07:33:19.728-0700][gc,task     ] GC(7) Using 4 workers of 4 for evacuation
[2022-09-15T07:33:19.751-0700][gc,phases   ] GC(7)   Pre Evacuate Collection Set: 0.1ms
[2022-09-15T07:33:19.751-0700][gc,phases   ] GC(7)   Merge Heap Roots: 0.1ms
[2022-09-15T07:33:19.751-0700][gc,phases   ] GC(7)   Evacuate Collection Set: 21.0ms
[2022-09-15T07:33:19.751-0700][gc,phases   ] GC(7)   Post Evacuate Collection Set: 1.6ms
[2022-09-15T07:33:19.751-0700][gc,phases   ] GC(7)   Other: 0.1ms
[2022-09-15T07:33:19.751-0700][gc,heap     ] GC(7) Eden regions: 116->0(235)
[2022-09-15T07:33:19.751-0700][gc,heap     ] GC(7) Survivor regions: 16->21(32)
[2022-09-15T07:33:19.751-0700][gc,heap     ] GC(7) Old regions: 6->6
[2022-09-15T07:33:19.751-0700][gc,heap     ] GC(7) Archive regions: 2->2
[2022-09-15T07:33:19.751-0700][gc,heap     ] GC(7) Humongous regions: 0->0
[2022-09-15T07:33:19.751-0700][gc,metaspace] GC(7) Metaspace: 35610K(35968K)->35610K(35968K) NonClass: 31374K(31552K)->31374K(31552K) Class: 4235K(4416K)->4235K(4416K)
[2022-09-15T07:33:19.751-0700][gc          ] GC(7) Pause Young (Concurrent Start) (Metadata GC Threshold) 137M->26M(512M) 23.232ms
[2022-09-15T07:33:19.751-0700][gc          ] GC(8) Concurrent Mark Cycle
[2022-09-15T07:33:19.751-0700][gc,cpu      ] GC(7) User=0.09s Sys=0.00s Real=0.03s
[2022-09-15T07:33:19.751-0700][gc,marking  ] GC(8) Concurrent Clear Claimed Marks
[2022-09-15T07:33:19.751-0700][gc,marking  ] GC(8) Concurrent Clear Claimed Marks 0.131ms
[2022-09-15T07:33:19.751-0700][gc,marking  ] GC(8) Concurrent Scan Root Regions
[2022-09-15T07:33:19.774-0700][gc,marking  ] GC(8) Concurrent Scan Root Regions 22.572ms
[2022-09-15T07:33:19.774-0700][gc,marking  ] GC(8) Concurrent Mark
[2022-09-15T07:33:19.774-0700][gc,marking  ] GC(8) Concurrent Mark From Roots
[2022-09-15T07:33:19.774-0700][gc,task     ] GC(8) Using 1 workers of 1 for marking
[2022-09-15T07:33:19.796-0700][gc,marking  ] GC(8) Concurrent Mark From Roots 21.776ms
[2022-09-15T07:33:19.796-0700][gc,marking  ] GC(8) Concurrent Preclean
[2022-09-15T07:33:19.796-0700][gc,marking  ] GC(8) Concurrent Preclean 0.154ms
[2022-09-15T07:33:19.798-0700][gc,start    ] GC(8) Pause Remark
[2022-09-15T07:33:19.803-0700][gc          ] GC(8) Pause Remark 29M->29M(512M) 4.096ms
[2022-09-15T07:33:19.803-0700][gc,cpu      ] GC(8) User=0.02s Sys=0.01s Real=0.01s
[2022-09-15T07:33:19.803-0700][gc,marking  ] GC(8) Concurrent Mark 28.670ms
[2022-09-15T07:33:19.803-0700][gc,marking  ] GC(8) Concurrent Rebuild Remembered Sets
[2022-09-15T07:33:19.810-0700][gc,marking  ] GC(8) Concurrent Rebuild Remembered Sets 6.887ms
[2022-09-15T07:33:19.810-0700][gc,start    ] GC(8) Pause Cleanup
[2022-09-15T07:33:19.810-0700][gc          ] GC(8) Pause Cleanup 30M->30M(512M) 0.094ms
[2022-09-15T07:33:19.810-0700][gc,cpu      ] GC(8) User=0.00s Sys=0.00s Real=0.00s
[2022-09-15T07:33:19.810-0700][gc,marking  ] GC(8) Concurrent Cleanup for Next Mark
[2022-09-15T07:33:19.822-0700][gc,marking  ] GC(8) Concurrent Cleanup for Next Mark 12.388ms
[2022-09-15T07:33:19.823-0700][gc          ] GC(8) Concurrent Mark Cycle 71.645ms
[2022-09-15T07:33:27.735-0700][gc,start    ] GC(9) Pause Young (Normal) (G1 Evacuation Pause)
[2022-09-15T07:33:27.735-0700][gc,task     ] GC(9) Using 4 workers of 4 for evacuation
[2022-09-15T07:33:28.065-0700][gc,mmu      ] GC(9) MMU target violated: 201.0ms (200.0ms/201.0ms)
[2022-09-15T07:33:28.065-0700][gc,phases   ] GC(9)   Pre Evacuate Collection Set: 0.8ms
[2022-09-15T07:33:28.065-0700][gc,phases   ] GC(9)   Merge Heap Roots: 0.3ms
[2022-09-15T07:33:28.065-0700][gc,phases   ] GC(9)   Evacuate Collection Set: 316.0ms
[2022-09-15T07:33:28.065-0700][gc,phases   ] GC(9)   Post Evacuate Collection Set: 12.2ms
[2022-09-15T07:33:28.065-0700][gc,phases   ] GC(9)   Other: 0.4ms
[2022-09-15T07:33:28.065-0700][gc,heap     ] GC(9) Eden regions: 235->0(236)
[2022-09-15T07:33:28.065-0700][gc,heap     ] GC(9) Survivor regions: 21->20(32)
[2022-09-15T07:33:28.065-0700][gc,heap     ] GC(9) Old regions: 6->13
[2022-09-15T07:33:28.065-0700][gc,heap     ] GC(9) Archive regions: 2->2
[2022-09-15T07:33:28.065-0700][gc,heap     ] GC(9) Humongous regions: 38->38
[2022-09-15T07:33:28.065-0700][gc,metaspace] GC(9) Metaspace: 47321K(47808K)->47321K(47808K) NonClass: 41605K(41856K)->41605K(41856K) Class: 5716K(5952K)->5716K(5952K)
[2022-09-15T07:33:28.065-0700][gc          ] GC(9) Pause Young (Normal) (G1 Evacuation Pause) 299M->71M(512M) 330.293ms
[2022-09-15T07:33:28.065-0700][gc,cpu      ] GC(9) User=0.16s Sys=0.34s Real=0.33s
[2022-09-15T07:33:44.886-0700][gc,start    ] GC(10) Pause Young (Concurrent Start) (Metadata GC Threshold)
[2022-09-15T07:33:44.886-0700][gc,task     ] GC(10) Using 4 workers of 4 for evacuation
[2022-09-15T07:33:45.280-0700][gc,mmu      ] GC(10) MMU target violated: 201.0ms (200.0ms/201.0ms)
[2022-09-15T07:33:45.280-0700][gc,phases   ] GC(10)   Pre Evacuate Collection Set: 0.9ms
[2022-09-15T07:33:45.280-0700][gc,phases   ] GC(10)   Merge Heap Roots: 0.3ms
[2022-09-15T07:33:45.280-0700][gc,phases   ] GC(10)   Evacuate Collection Set: 357.2ms
[2022-09-15T07:33:45.281-0700][gc,phases   ] GC(10)   Post Evacuate Collection Set: 35.1ms
[2022-09-15T07:33:45.281-0700][gc,phases   ] GC(10)   Other: 0.4ms
[2022-09-15T07:33:45.281-0700][gc,heap     ] GC(10) Eden regions: 221->0(227)
[2022-09-15T07:33:45.281-0700][gc,heap     ] GC(10) Survivor regions: 20->29(32)
[2022-09-15T07:33:45.281-0700][gc,heap     ] GC(10) Old regions: 13->17
[2022-09-15T07:33:45.281-0700][gc,heap     ] GC(10) Archive regions: 2->2
[2022-09-15T07:33:45.281-0700][gc,heap     ] GC(10) Humongous regions: 38->38
[2022-09-15T07:33:45.281-0700][gc,metaspace] GC(10) Metaspace: 59698K(60288K)->59698K(60288K) NonClass: 52475K(52736K)->52475K(52736K) Class: 7222K(7552K)->7222K(7552K)
[2022-09-15T07:33:45.281-0700][gc          ] GC(10) Pause Young (Concurrent Start) (Metadata GC Threshold) 292M->84M(512M) 394.731ms
[2022-09-15T07:33:45.281-0700][gc          ] GC(11) Concurrent Mark Cycle
[2022-09-15T07:33:45.281-0700][gc,cpu      ] GC(10) User=0.25s Sys=0.26s Real=0.40s
[2022-09-15T07:33:45.281-0700][gc,marking  ] GC(11) Concurrent Clear Claimed Marks
[2022-09-15T07:33:45.281-0700][gc,marking  ] GC(11) Concurrent Clear Claimed Marks 0.088ms
[2022-09-15T07:33:45.281-0700][gc,marking  ] GC(11) Concurrent Scan Root Regions
[2022-09-15T07:33:45.403-0700][gc,marking  ] GC(11) Concurrent Scan Root Regions 122.408ms
[2022-09-15T07:33:45.404-0700][gc,marking  ] GC(11) Concurrent Mark
[2022-09-15T07:33:45.404-0700][gc,marking  ] GC(11) Concurrent Mark From Roots
[2022-09-15T07:33:45.404-0700][gc,task     ] GC(11) Using 1 workers of 1 for marking
[2022-09-15T07:33:45.929-0700][gc,marking  ] GC(11) Concurrent Mark From Roots 525.731ms
[2022-09-15T07:33:45.929-0700][gc,marking  ] GC(11) Concurrent Preclean
[2022-09-15T07:33:45.930-0700][gc,marking  ] GC(11) Concurrent Preclean 0.188ms
[2022-09-15T07:33:45.932-0700][gc,start    ] GC(11) Pause Remark
[2022-09-15T07:33:45.949-0700][gc          ] GC(11) Pause Remark 100M->100M(512M) 17.524ms
[2022-09-15T07:33:45.950-0700][gc,cpu      ] GC(11) User=0.02s Sys=0.02s Real=0.02s
[2022-09-15T07:33:45.960-0700][gc,marking  ] GC(11) Concurrent Mark 556.522ms
[2022-09-15T07:33:45.960-0700][gc,marking  ] GC(11) Concurrent Rebuild Remembered Sets
[2022-09-15T07:33:46.113-0700][gc,marking  ] GC(11) Concurrent Rebuild Remembered Sets 152.650ms
[2022-09-15T07:33:46.129-0700][gc,start    ] GC(11) Pause Cleanup
[2022-09-15T07:33:46.129-0700][gc          ] GC(11) Pause Cleanup 106M->106M(512M) 0.219ms
[2022-09-15T07:33:46.129-0700][gc,cpu      ] GC(11) User=0.00s Sys=0.00s Real=0.00s
[2022-09-15T07:33:46.170-0700][gc,marking  ] GC(11) Concurrent Cleanup for Next Mark
[2022-09-15T07:33:46.182-0700][gc,marking  ] GC(11) Concurrent Cleanup for Next Mark 12.069ms
[2022-09-15T07:33:46.182-0700][gc          ] GC(11) Concurrent Mark Cycle 900.874ms
[2022-09-15T07:35:36.229-0700][gc,start    ] GC(12) Pause Young (Normal) (G1 Evacuation Pause)
[2022-09-15T07:35:36.231-0700][gc,task     ] GC(12) Using 4 workers of 4 for evacuation
[2022-09-15T07:35:36.588-0700][gc,mmu      ] GC(12) MMU target violated: 201.0ms (200.0ms/201.0ms)
[2022-09-15T07:35:36.588-0700][gc,phases   ] GC(12)   Pre Evacuate Collection Set: 0.8ms
[2022-09-15T07:35:36.588-0700][gc,phases   ] GC(12)   Merge Heap Roots: 0.5ms
[2022-09-15T07:35:36.588-0700][gc,phases   ] GC(12)   Evacuate Collection Set: 353.1ms
[2022-09-15T07:35:36.588-0700][gc,phases   ] GC(12)   Post Evacuate Collection Set: 2.8ms
[2022-09-15T07:35:36.588-0700][gc,phases   ] GC(12)   Other: 0.4ms
[2022-09-15T07:35:36.588-0700][gc,heap     ] GC(12) Eden regions: 227->0(233)
[2022-09-15T07:35:36.588-0700][gc,heap     ] GC(12) Survivor regions: 29->23(32)
[2022-09-15T07:35:36.588-0700][gc,heap     ] GC(12) Old regions: 17->32
[2022-09-15T07:35:36.588-0700][gc,heap     ] GC(12) Archive regions: 2->2
[2022-09-15T07:35:36.588-0700][gc,heap     ] GC(12) Humongous regions: 40->40
[2022-09-15T07:35:36.589-0700][gc,metaspace] GC(12) Metaspace: 69411K(70016K)->69411K(70016K) NonClass: 61071K(61376K)->61071K(61376K) Class: 8340K(8640K)->8340K(8640K)
[2022-09-15T07:35:36.589-0700][gc          ] GC(12) Pause Young (Normal) (G1 Evacuation Pause) 313M->95M(512M) 359.699ms
[2022-09-15T07:35:36.589-0700][gc,cpu      ] GC(12) User=0.22s Sys=0.45s Real=0.36s
[2022-09-15T07:55:34.990-0700][gc,start    ] GC(13) Pause Young (Normal) (G1 Evacuation Pause)
[2022-09-15T07:55:34.999-0700][gc,task     ] GC(13) Using 4 workers of 4 for evacuation
[2022-09-15T07:55:36.083-0700][gc,mmu      ] GC(13) MMU target violated: 201.0ms (200.0ms/201.0ms)
[2022-09-15T07:55:36.086-0700][gc,phases   ] GC(13)   Pre Evacuate Collection Set: 82.7ms
[2022-09-15T07:55:36.086-0700][gc,phases   ] GC(13)   Merge Heap Roots: 11.3ms
[2022-09-15T07:55:36.086-0700][gc,phases   ] GC(13)   Evacuate Collection Set: 983.7ms
[2022-09-15T07:55:36.086-0700][gc,phases   ] GC(13)   Post Evacuate Collection Set: 5.5ms
[2022-09-15T07:55:36.086-0700][gc,phases   ] GC(13)   Other: 7.6ms
[2022-09-15T07:55:36.086-0700][gc,heap     ] GC(13) Eden regions: 233->0(230)
[2022-09-15T07:55:36.086-0700][gc,heap     ] GC(13) Survivor regions: 23->26(32)
[2022-09-15T07:55:36.086-0700][gc,heap     ] GC(13) Old regions: 32->44
[2022-09-15T07:55:36.086-0700][gc,heap     ] GC(13) Archive regions: 2->2
[2022-09-15T07:55:36.086-0700][gc,heap     ] GC(13) Humongous regions: 40->40
[2022-09-15T07:55:36.086-0700][gc,metaspace] GC(13) Metaspace: 71229K(71936K)->71229K(71936K) NonClass: 62822K(63168K)->62822K(63168K) Class: 8407K(8768K)->8407K(8768K)
[2022-09-15T07:55:36.090-0700][gc          ] GC(13) Pause Young (Normal) (G1 Evacuation Pause) 328M->110M(512M) 1100.044ms
[2022-09-15T07:55:36.091-0700][gc,cpu      ] GC(13) User=0.18s Sys=0.61s Real=1.10s
[2022-09-15T08:16:57.399-0700][gc,start    ] GC(14) Pause Young (Normal) (G1 Evacuation Pause)
[2022-09-15T08:16:57.404-0700][gc,task     ] GC(14) Using 4 workers of 4 for evacuation
[2022-09-15T08:16:57.705-0700][gc,mmu      ] GC(14) MMU target violated: 201.0ms (200.0ms/201.0ms)
[2022-09-15T08:16:57.705-0700][gc,phases   ] GC(14)   Pre Evacuate Collection Set: 10.6ms
[2022-09-15T08:16:57.705-0700][gc,phases   ] GC(14)   Merge Heap Roots: 4.2ms
[2022-09-15T08:16:57.705-0700][gc,phases   ] GC(14)   Evacuate Collection Set: 282.8ms
[2022-09-15T08:16:57.705-0700][gc,phases   ] GC(14)   Post Evacuate Collection Set: 3.2ms
[2022-09-15T08:16:57.705-0700][gc,phases   ] GC(14)   Other: 0.8ms
[2022-09-15T08:16:57.705-0700][gc,heap     ] GC(14) Eden regions: 230->0(240)
[2022-09-15T08:16:57.705-0700][gc,heap     ] GC(14) Survivor regions: 26->16(32)
[2022-09-15T08:16:57.705-0700][gc,heap     ] GC(14) Old regions: 44->54
[2022-09-15T08:16:57.705-0700][gc,heap     ] GC(14) Archive regions: 2->2
[2022-09-15T08:16:57.705-0700][gc,heap     ] GC(14) Humongous regions: 40->40
[2022-09-15T08:16:57.706-0700][gc,metaspace] GC(14) Metaspace: 71596K(72256K)->71596K(72256K) NonClass: 63172K(63488K)->63172K(63488K) Class: 8423K(8768K)->8423K(8768K)
[2022-09-15T08:16:57.706-0700][gc          ] GC(14) Pause Young (Normal) (G1 Evacuation Pause) 340M->110M(512M) 306.709ms
[2022-09-15T08:16:57.706-0700][gc,cpu      ] GC(14) User=0.12s Sys=0.23s Real=0.31s
[2022-09-15T08:39:51.976-0700][gc,start    ] GC(15) Pause Young (Normal) (G1 Evacuation Pause)
[2022-09-15T08:39:51.980-0700][gc,task     ] GC(15) Using 4 workers of 4 for evacuation
[2022-09-15T08:39:52.161-0700][gc,phases   ] GC(15)   Pre Evacuate Collection Set: 6.6ms
[2022-09-15T08:39:52.161-0700][gc,phases   ] GC(15)   Merge Heap Roots: 0.5ms
[2022-09-15T08:39:52.161-0700][gc,phases   ] GC(15)   Evacuate Collection Set: 171.5ms
[2022-09-15T08:39:52.161-0700][gc,phases   ] GC(15)   Post Evacuate Collection Set: 2.2ms
[2022-09-15T08:39:52.161-0700][gc,phases   ] GC(15)   Other: 0.5ms
[2022-09-15T08:39:52.161-0700][gc,heap     ] GC(15) Eden regions: 240->0(239)
[2022-09-15T08:39:52.161-0700][gc,heap     ] GC(15) Survivor regions: 16->17(32)
[2022-09-15T08:39:52.161-0700][gc,heap     ] GC(15) Old regions: 54->54
[2022-09-15T08:39:52.161-0700][gc,heap     ] GC(15) Archive regions: 2->2
[2022-09-15T08:39:52.161-0700][gc,heap     ] GC(15) Humongous regions: 40->40
[2022-09-15T08:39:52.161-0700][gc,metaspace] GC(15) Metaspace: 71755K(72448K)->71755K(72448K) NonClass: 63328K(63680K)->63328K(63680K) Class: 8427K(8768K)->8427K(8768K)
[2022-09-15T08:39:52.164-0700][gc          ] GC(15) Pause Young (Normal) (G1 Evacuation Pause) 350M->111M(512M) 187.300ms
[2022-09-15T08:39:52.164-0700][gc,cpu      ] GC(15) User=0.06s Sys=0.14s Real=0.19s
[2022-09-15T09:03:27.407-0700][gc,start    ] GC(16) Pause Young (Normal) (G1 Evacuation Pause)
[2022-09-15T09:03:27.410-0700][gc,task     ] GC(16) Using 4 workers of 4 for evacuation
[2022-09-15T09:03:27.610-0700][gc,phases   ] GC(16)   Pre Evacuate Collection Set: 1.8ms
[2022-09-15T09:03:27.610-0700][gc,phases   ] GC(16)   Merge Heap Roots: 2.7ms
[2022-09-15T09:03:27.610-0700][gc,phases   ] GC(16)   Evacuate Collection Set: 190.4ms
[2022-09-15T09:03:27.610-0700][gc,phases   ] GC(16)   Post Evacuate Collection Set: 4.3ms
[2022-09-15T09:03:27.610-0700][gc,phases   ] GC(16)   Other: 0.5ms
[2022-09-15T09:03:27.610-0700][gc,heap     ] GC(16) Eden regions: 239->0(240)
[2022-09-15T09:03:27.610-0700][gc,heap     ] GC(16) Survivor regions: 17->16(32)
[2022-09-15T09:03:27.610-0700][gc,heap     ] GC(16) Old regions: 54->54
[2022-09-15T09:03:27.610-0700][gc,heap     ] GC(16) Archive regions: 2->2
[2022-09-15T09:03:27.611-0700][gc,heap     ] GC(16) Humongous regions: 40->40
[2022-09-15T09:03:27.611-0700][gc,metaspace] GC(16) Metaspace: 71790K(72512K)->71790K(72512K) NonClass: 63362K(63744K)->63362K(63744K) Class: 8427K(8768K)->8427K(8768K)
[2022-09-15T09:03:27.611-0700][gc          ] GC(16) Pause Young (Normal) (G1 Evacuation Pause) 350M->110M(512M) 203.426ms
[2022-09-15T09:03:27.611-0700][gc,cpu      ] GC(16) User=0.07s Sys=0.16s Real=0.21s
[2022-09-15T09:27:12.838-0700][gc,start    ] GC(17) Pause Young (Normal) (G1 Evacuation Pause)
[2022-09-15T09:27:12.842-0700][gc,task     ] GC(17) Using 4 workers of 4 for evacuation
[2022-09-15T09:27:12.954-0700][gc,phases   ] GC(17)   Pre Evacuate Collection Set: 5.9ms
[2022-09-15T09:27:12.954-0700][gc,phases   ] GC(17)   Merge Heap Roots: 0.9ms
[2022-09-15T09:27:12.954-0700][gc,phases   ] GC(17)   Evacuate Collection Set: 100.9ms
[2022-09-15T09:27:12.954-0700][gc,phases   ] GC(17)   Post Evacuate Collection Set: 3.5ms
[2022-09-15T09:27:12.954-0700][gc,phases   ] GC(17)   Other: 0.8ms
[2022-09-15T09:27:12.954-0700][gc,heap     ] GC(17) Eden regions: 240->0(240)
[2022-09-15T09:27:12.954-0700][gc,heap     ] GC(17) Survivor regions: 16->16(32)
[2022-09-15T09:27:12.954-0700][gc,heap     ] GC(17) Old regions: 54->54
[2022-09-15T09:27:12.954-0700][gc,heap     ] GC(17) Archive regions: 2->2
[2022-09-15T09:27:12.954-0700][gc,heap     ] GC(17) Humongous regions: 40->40
[2022-09-15T09:27:12.954-0700][gc,metaspace] GC(17) Metaspace: 71841K(72576K)->71841K(72576K) NonClass: 63412K(63808K)->63412K(63808K) Class: 8429K(8768K)->8429K(8768K)
[2022-09-15T09:27:12.957-0700][gc          ] GC(17) Pause Young (Normal) (G1 Evacuation Pause) 350M->110M(512M) 118.612ms
[2022-09-15T09:27:12.957-0700][gc,cpu      ] GC(17) User=0.06s Sys=0.15s Real=0.12s
[2022-09-15T16:04:53.260-0700][gc,start    ] GC(18) Pause Young (Normal) (G1 Evacuation Pause)
[2022-09-15T16:04:53.262-0700][gc,task     ] GC(18) Using 4 workers of 4 for evacuation
[2022-09-15T16:04:53.335-0700][gc,phases   ] GC(18)   Pre Evacuate Collection Set: 3.0ms
[2022-09-15T16:04:53.335-0700][gc,phases   ] GC(18)   Merge Heap Roots: 5.0ms
[2022-09-15T16:04:53.335-0700][gc,phases   ] GC(18)   Evacuate Collection Set: 62.1ms
[2022-09-15T16:04:53.335-0700][gc,phases   ] GC(18)   Post Evacuate Collection Set: 2.2ms
[2022-09-15T16:04:53.335-0700][gc,phases   ] GC(18)   Other: 0.4ms
[2022-09-15T16:04:53.335-0700][gc,heap     ] GC(18) Eden regions: 240->0(239)
[2022-09-15T16:04:53.335-0700][gc,heap     ] GC(18) Survivor regions: 16->17(32)
[2022-09-15T16:04:53.335-0700][gc,heap     ] GC(18) Old regions: 54->54
[2022-09-15T16:04:53.341-0700][gc,heap     ] GC(18) Archive regions: 2->2
[2022-09-15T16:04:53.341-0700][gc,heap     ] GC(18) Humongous regions: 40->40
[2022-09-15T16:04:53.341-0700][gc,metaspace] GC(18) Metaspace: 71954K(72640K)->71954K(72640K) NonClass: 63517K(63872K)->63517K(63872K) Class: 8436K(8768K)->8436K(8768K)
[2022-09-15T16:04:53.341-0700][gc          ] GC(18) Pause Young (Normal) (G1 Evacuation Pause) 350M->111M(512M) 81.665ms
[2022-09-15T16:04:53.341-0700][gc,cpu      ] GC(18) User=0.06s Sys=0.07s Real=0.08s
[2022-09-15T19:42:41.450-0700][gc,start    ] GC(19) Pause Young (Normal) (G1 Evacuation Pause)
[2022-09-15T19:42:41.457-0700][gc,task     ] GC(19) Using 4 workers of 4 for evacuation
[2022-09-15T19:42:41.566-0700][gc,phases   ] GC(19)   Pre Evacuate Collection Set: 1.6ms
[2022-09-15T19:42:41.566-0700][gc,phases   ] GC(19)   Merge Heap Roots: 3.4ms
[2022-09-15T19:42:41.566-0700][gc,phases   ] GC(19)   Evacuate Collection Set: 100.7ms
[2022-09-15T19:42:41.566-0700][gc,phases   ] GC(19)   Post Evacuate Collection Set: 3.0ms
[2022-09-15T19:42:41.566-0700][gc,phases   ] GC(19)   Other: 0.6ms
[2022-09-15T19:42:41.566-0700][gc,heap     ] GC(19) Eden regions: 239->0(239)
[2022-09-15T19:42:41.566-0700][gc,heap     ] GC(19) Survivor regions: 17->17(32)
[2022-09-15T19:42:41.566-0700][gc,heap     ] GC(19) Old regions: 54->54
[2022-09-15T19:42:41.566-0700][gc,heap     ] GC(19) Archive regions: 2->2
[2022-09-15T19:42:41.566-0700][gc,heap     ] GC(19) Humongous regions: 40->40
[2022-09-15T19:42:41.566-0700][gc,metaspace] GC(19) Metaspace: 71990K(72640K)->71990K(72640K) NonClass: 63553K(63872K)->63553K(63872K) Class: 8437K(8768K)->8437K(8768K)
[2022-09-15T19:42:41.567-0700][gc          ] GC(19) Pause Young (Normal) (G1 Evacuation Pause) 350M->111M(512M) 117.664ms
[2022-09-15T19:42:41.567-0700][gc,cpu      ] GC(19) User=0.06s Sys=0.09s Real=0.12s
[2022-09-15T20:06:00.263-0700][gc,start    ] GC(20) Pause Young (Normal) (G1 Evacuation Pause)
[2022-09-15T20:06:00.265-0700][gc,task     ] GC(20) Using 4 workers of 4 for evacuation
[2022-09-15T20:06:00.391-0700][gc,phases   ] GC(20)   Pre Evacuate Collection Set: 1.9ms
[2022-09-15T20:06:00.391-0700][gc,phases   ] GC(20)   Merge Heap Roots: 0.8ms
[2022-09-15T20:06:00.391-0700][gc,phases   ] GC(20)   Evacuate Collection Set: 111.8ms
[2022-09-15T20:06:00.391-0700][gc,phases   ] GC(20)   Post Evacuate Collection Set: 10.4ms
[2022-09-15T20:06:00.391-0700][gc,phases   ] GC(20)   Other: 1.0ms
[2022-09-15T20:06:00.391-0700][gc,heap     ] GC(20) Eden regions: 239->0(240)
[2022-09-15T20:06:00.391-0700][gc,heap     ] GC(20) Survivor regions: 17->16(32)
[2022-09-15T20:06:00.391-0700][gc,heap     ] GC(20) Old regions: 54->54
[2022-09-15T20:06:00.391-0700][gc,heap     ] GC(20) Archive regions: 2->2
[2022-09-15T20:06:00.391-0700][gc,heap     ] GC(20) Humongous regions: 40->40
[2022-09-15T20:06:00.391-0700][gc,metaspace] GC(20) Metaspace: 71994K(72640K)->71994K(72640K) NonClass: 63556K(63872K)->63556K(63872K) Class: 8437K(8768K)->8437K(8768K)
[2022-09-15T20:06:00.391-0700][gc          ] GC(20) Pause Young (Normal) (G1 Evacuation Pause) 350M->110M(512M) 127.939ms
[2022-09-15T20:06:00.391-0700][gc,cpu      ] GC(20) User=0.06s Sys=0.12s Real=0.13s
[2022-09-15T20:29:15.424-0700][gc,start    ] GC(21) Pause Young (Normal) (G1 Evacuation Pause)
[2022-09-15T20:29:15.426-0700][gc,task     ] GC(21) Using 4 workers of 4 for evacuation
[2022-09-15T20:29:15.444-0700][gc,phases   ] GC(21)   Pre Evacuate Collection Set: 0.2ms
[2022-09-15T20:29:15.444-0700][gc,phases   ] GC(21)   Merge Heap Roots: 0.2ms
[2022-09-15T20:29:15.444-0700][gc,phases   ] GC(21)   Evacuate Collection Set: 16.8ms
[2022-09-15T20:29:15.444-0700][gc,phases   ] GC(21)   Post Evacuate Collection Set: 0.9ms
[2022-09-15T20:29:15.444-0700][gc,phases   ] GC(21)   Other: 0.3ms
[2022-09-15T20:29:15.444-0700][gc,heap     ] GC(21) Eden regions: 240->0(240)
[2022-09-15T20:29:15.444-0700][gc,heap     ] GC(21) Survivor regions: 16->16(32)
[2022-09-15T20:29:15.444-0700][gc,heap     ] GC(21) Old regions: 54->54
[2022-09-15T20:29:15.444-0700][gc,heap     ] GC(21) Archive regions: 2->2
[2022-09-15T20:29:15.444-0700][gc,heap     ] GC(21) Humongous regions: 40->40
[2022-09-15T20:29:15.444-0700][gc,metaspace] GC(21) Metaspace: 72003K(72640K)->72003K(72640K) NonClass: 63564K(63872K)->63564K(63872K) Class: 8438K(8768K)->8438K(8768K)
[2022-09-15T20:29:15.444-0700][gc          ] GC(21) Pause Young (Normal) (G1 Evacuation Pause) 350M->110M(512M) 20.765ms
[2022-09-15T20:29:15.444-0700][gc,cpu      ] GC(21) User=0.05s Sys=0.01s Real=0.02s
[2022-09-15T20:52:35.444-0700][gc,start    ] GC(22) Pause Young (Normal) (G1 Evacuation Pause)
[2022-09-15T20:52:35.449-0700][gc,task     ] GC(22) Using 4 workers of 4 for evacuation
[2022-09-15T20:52:35.591-0700][gc,phases   ] GC(22)   Pre Evacuate Collection Set: 23.6ms
[2022-09-15T20:52:35.591-0700][gc,phases   ] GC(22)   Merge Heap Roots: 1.1ms
[2022-09-15T20:52:35.591-0700][gc,phases   ] GC(22)   Evacuate Collection Set: 107.6ms
[2022-09-15T20:52:35.591-0700][gc,phases   ] GC(22)   Post Evacuate Collection Set: 5.0ms
[2022-09-15T20:52:35.591-0700][gc,phases   ] GC(22)   Other: 4.2ms
[2022-09-15T20:52:35.591-0700][gc,heap     ] GC(22) Eden regions: 240->0(239)
[2022-09-15T20:52:35.591-0700][gc,heap     ] GC(22) Survivor regions: 16->17(32)
[2022-09-15T20:52:35.591-0700][gc,heap     ] GC(22) Old regions: 54->54
[2022-09-15T20:52:35.592-0700][gc,heap     ] GC(22) Archive regions: 2->2
[2022-09-15T20:52:35.592-0700][gc,heap     ] GC(22) Humongous regions: 40->40
[2022-09-15T20:52:35.592-0700][gc,metaspace] GC(22) Metaspace: 72013K(72704K)->72013K(72704K) NonClass: 63574K(63936K)->63574K(63936K) Class: 8438K(8768K)->8438K(8768K)
[2022-09-15T20:52:35.592-0700][gc          ] GC(22) Pause Young (Normal) (G1 Evacuation Pause) 350M->111M(512M) 147.253ms
[2022-09-15T20:52:35.592-0700][gc,cpu      ] GC(22) User=0.05s Sys=0.12s Real=0.15s
[2022-09-15T21:15:42.761-0700][gc,start    ] GC(23) Pause Young (Normal) (G1 Evacuation Pause)
[2022-09-15T21:15:42.765-0700][gc,task     ] GC(23) Using 4 workers of 4 for evacuation
[2022-09-15T21:15:42.920-0700][gc,phases   ] GC(23)   Pre Evacuate Collection Set: 23.7ms
[2022-09-15T21:15:42.920-0700][gc,phases   ] GC(23)   Merge Heap Roots: 13.7ms
[2022-09-15T21:15:42.920-0700][gc,phases   ] GC(23)   Evacuate Collection Set: 103.0ms
[2022-09-15T21:15:42.920-0700][gc,phases   ] GC(23)   Post Evacuate Collection Set: 9.6ms
[2022-09-15T21:15:42.920-0700][gc,phases   ] GC(23)   Other: 5.2ms
[2022-09-15T21:15:42.920-0700][gc,heap     ] GC(23) Eden regions: 239->0(239)
[2022-09-15T21:15:42.920-0700][gc,heap     ] GC(23) Survivor regions: 17->17(32)
[2022-09-15T21:15:42.920-0700][gc,heap     ] GC(23) Old regions: 54->54
[2022-09-15T21:15:42.920-0700][gc,heap     ] GC(23) Archive regions: 2->2
[2022-09-15T21:15:42.920-0700][gc,heap     ] GC(23) Humongous regions: 40->40
[2022-09-15T21:15:42.920-0700][gc,metaspace] GC(23) Metaspace: 72014K(72704K)->72014K(72704K) NonClass: 63575K(63936K)->63575K(63936K) Class: 8438K(8768K)->8438K(8768K)
[2022-09-15T21:15:42.920-0700][gc          ] GC(23) Pause Young (Normal) (G1 Evacuation Pause) 350M->111M(512M) 159.265ms
[2022-09-15T21:15:42.920-0700][gc,cpu      ] GC(23) User=0.06s Sys=0.11s Real=0.16s
[2022-09-15T21:38:52.686-0700][gc,start    ] GC(24) Pause Young (Normal) (G1 Evacuation Pause)
[2022-09-15T21:38:52.688-0700][gc,task     ] GC(24) Using 4 workers of 4 for evacuation
[2022-09-15T21:38:52.714-0700][gc,phases   ] GC(24)   Pre Evacuate Collection Set: 0.3ms
[2022-09-15T21:38:52.714-0700][gc,phases   ] GC(24)   Merge Heap Roots: 0.2ms
[2022-09-15T21:38:52.714-0700][gc,phases   ] GC(24)   Evacuate Collection Set: 19.9ms
[2022-09-15T21:38:52.714-0700][gc,phases   ] GC(24)   Post Evacuate Collection Set: 4.6ms
[2022-09-15T21:38:52.714-0700][gc,phases   ] GC(24)   Other: 0.3ms
[2022-09-15T21:38:52.714-0700][gc,heap     ] GC(24) Eden regions: 239->0(239)
[2022-09-15T21:38:52.714-0700][gc,heap     ] GC(24) Survivor regions: 17->17(32)
[2022-09-15T21:38:52.714-0700][gc,heap     ] GC(24) Old regions: 54->54
[2022-09-15T21:38:52.714-0700][gc,heap     ] GC(24) Archive regions: 2->2
[2022-09-15T21:38:52.714-0700][gc,heap     ] GC(24) Humongous regions: 40->40
[2022-09-15T21:38:52.714-0700][gc,metaspace] GC(24) Metaspace: 72047K(72768K)->72047K(72768K) NonClass: 63609K(64000K)->63609K(64000K) Class: 8438K(8768K)->8438K(8768K)
[2022-09-15T21:38:52.714-0700][gc          ] GC(24) Pause Young (Normal) (G1 Evacuation Pause) 350M->111M(512M) 28.058ms
[2022-09-15T21:38:52.714-0700][gc,cpu      ] GC(24) User=0.05s Sys=0.01s Real=0.03s
[2022-09-15T22:02:05.279-0700][gc,start    ] GC(25) Pause Young (Normal) (G1 Evacuation Pause)
[2022-09-15T22:02:05.286-0700][gc,task     ] GC(25) Using 4 workers of 4 for evacuation
[2022-09-15T22:02:05.475-0700][gc,phases   ] GC(25)   Pre Evacuate Collection Set: 12.6ms
[2022-09-15T22:02:05.475-0700][gc,phases   ] GC(25)   Merge Heap Roots: 8.1ms
[2022-09-15T22:02:05.475-0700][gc,phases   ] GC(25)   Evacuate Collection Set: 165.5ms
[2022-09-15T22:02:05.475-0700][gc,phases   ] GC(25)   Post Evacuate Collection Set: 2.1ms
[2022-09-15T22:02:05.475-0700][gc,phases   ] GC(25)   Other: 0.5ms
[2022-09-15T22:02:05.475-0700][gc,heap     ] GC(25) Eden regions: 239->0(239)
[2022-09-15T22:02:05.475-0700][gc,heap     ] GC(25) Survivor regions: 17->17(32)
[2022-09-15T22:02:05.475-0700][gc,heap     ] GC(25) Old regions: 54->54
[2022-09-15T22:02:05.475-0700][gc,heap     ] GC(25) Archive regions: 2->2
[2022-09-15T22:02:05.475-0700][gc,heap     ] GC(25) Humongous regions: 40->40
[2022-09-15T22:02:05.475-0700][gc,metaspace] GC(25) Metaspace: 72065K(72768K)->72065K(72768K) NonClass: 63626K(64000K)->63626K(64000K) Class: 8438K(8768K)->8438K(8768K)
[2022-09-15T22:02:05.475-0700][gc          ] GC(25) Pause Young (Normal) (G1 Evacuation Pause) 350M->111M(512M) 196.168ms
[2022-09-15T22:02:05.475-0700][gc,cpu      ] GC(25) User=0.06s Sys=0.14s Real=0.20s
[2022-09-15T22:25:03.122-0700][gc,start    ] GC(26) Pause Young (Normal) (G1 Evacuation Pause)
[2022-09-15T22:25:03.124-0700][gc,task     ] GC(26) Using 4 workers of 4 for evacuation
[2022-09-15T22:25:03.167-0700][gc,phases   ] GC(26)   Pre Evacuate Collection Set: 0.2ms
[2022-09-15T22:25:03.167-0700][gc,phases   ] GC(26)   Merge Heap Roots: 4.2ms
[2022-09-15T22:25:03.167-0700][gc,phases   ] GC(26)   Evacuate Collection Set: 36.9ms
[2022-09-15T22:25:03.167-0700][gc,phases   ] GC(26)   Post Evacuate Collection Set: 1.3ms
[2022-09-15T22:25:03.167-0700][gc,phases   ] GC(26)   Other: 0.3ms
[2022-09-15T22:25:03.167-0700][gc,heap     ] GC(26) Eden regions: 239->0(239)
[2022-09-15T22:25:03.167-0700][gc,heap     ] GC(26) Survivor regions: 17->17(32)
[2022-09-15T22:25:03.167-0700][gc,heap     ] GC(26) Old regions: 54->54
[2022-09-15T22:25:03.167-0700][gc,heap     ] GC(26) Archive regions: 2->2
[2022-09-15T22:25:03.167-0700][gc,heap     ] GC(26) Humongous regions: 40->40
[2022-09-15T22:25:03.167-0700][gc,metaspace] GC(26) Metaspace: 72076K(72768K)->72076K(72768K) NonClass: 63637K(64000K)->63637K(64000K) Class: 8438K(8768K)->8438K(8768K)
[2022-09-15T22:25:03.167-0700][gc          ] GC(26) Pause Young (Normal) (G1 Evacuation Pause) 350M->111M(512M) 45.446ms
[2022-09-15T22:25:03.167-0700][gc,cpu      ] GC(26) User=0.05s Sys=0.02s Real=0.04s
[2022-09-15T22:48:14.728-0700][gc,start    ] GC(27) Pause Young (Normal) (G1 Evacuation Pause)
[2022-09-15T22:48:14.730-0700][gc,task     ] GC(27) Using 4 workers of 4 for evacuation
[2022-09-15T22:48:14.748-0700][gc,phases   ] GC(27)   Pre Evacuate Collection Set: 0.3ms
[2022-09-15T22:48:14.748-0700][gc,phases   ] GC(27)   Merge Heap Roots: 0.2ms
[2022-09-15T22:48:14.748-0700][gc,phases   ] GC(27)   Evacuate Collection Set: 16.5ms
[2022-09-15T22:48:14.748-0700][gc,phases   ] GC(27)   Post Evacuate Collection Set: 0.8ms
[2022-09-15T22:48:14.748-0700][gc,phases   ] GC(27)   Other: 0.3ms
[2022-09-15T22:48:14.748-0700][gc,heap     ] GC(27) Eden regions: 239->0(239)
[2022-09-15T22:48:14.748-0700][gc,heap     ] GC(27) Survivor regions: 17->17(32)
[2022-09-15T22:48:14.748-0700][gc,heap     ] GC(27) Old regions: 54->54
[2022-09-15T22:48:14.748-0700][gc,heap     ] GC(27) Archive regions: 2->2
[2022-09-15T22:48:14.748-0700][gc,heap     ] GC(27) Humongous regions: 40->40
[2022-09-15T22:48:14.749-0700][gc,metaspace] GC(27) Metaspace: 72078K(72768K)->72078K(72768K) NonClass: 63639K(64000K)->63639K(64000K) Class: 8438K(8768K)->8438K(8768K)
[2022-09-15T22:48:14.751-0700][gc          ] GC(27) Pause Young (Normal) (G1 Evacuation Pause) 350M->111M(512M) 20.853ms
[2022-09-15T22:48:14.751-0700][gc,cpu      ] GC(27) User=0.05s Sys=0.01s Real=0.03s
[2022-09-15T23:11:22.579-0700][gc,start    ] GC(28) Pause Young (Normal) (G1 Evacuation Pause)
[2022-09-15T23:11:22.582-0700][gc,task     ] GC(28) Using 4 workers of 4 for evacuation
[2022-09-15T23:11:22.636-0700][gc,phases   ] GC(28)   Pre Evacuate Collection Set: 12.1ms
[2022-09-15T23:11:22.636-0700][gc,phases   ] GC(28)   Merge Heap Roots: 7.9ms
[2022-09-15T23:11:22.636-0700][gc,phases   ] GC(28)   Evacuate Collection Set: 32.7ms
[2022-09-15T23:11:22.636-0700][gc,phases   ] GC(28)   Post Evacuate Collection Set: 0.9ms
[2022-09-15T23:11:22.636-0700][gc,phases   ] GC(28)   Other: 0.3ms
[2022-09-15T23:11:22.636-0700][gc,heap     ] GC(28) Eden regions: 239->0(253)
[2022-09-15T23:11:22.636-0700][gc,heap     ] GC(28) Survivor regions: 17->3(32)
[2022-09-15T23:11:22.636-0700][gc,heap     ] GC(28) Old regions: 54->69
[2022-09-15T23:11:22.636-0700][gc,heap     ] GC(28) Archive regions: 2->2
[2022-09-15T23:11:22.636-0700][gc,heap     ] GC(28) Humongous regions: 40->40
[2022-09-15T23:11:22.636-0700][gc,metaspace] GC(28) Metaspace: 72081K(72768K)->72081K(72768K) NonClass: 63642K(64000K)->63642K(64000K) Class: 8438K(8768K)->8438K(8768K)
[2022-09-15T23:11:22.638-0700][gc          ] GC(28) Pause Young (Normal) (G1 Evacuation Pause) 350M->111M(512M) 56.560ms
[2022-09-15T23:11:22.639-0700][gc,cpu      ] GC(28) User=0.05s Sys=0.03s Real=0.06s
[2022-09-15T23:35:52.483-0700][gc,start    ] GC(29) Pause Young (Normal) (G1 Evacuation Pause)
[2022-09-15T23:35:52.487-0700][gc,task     ] GC(29) Using 4 workers of 4 for evacuation
[2022-09-15T23:35:52.524-0700][gc,phases   ] GC(29)   Pre Evacuate Collection Set: 19.9ms
[2022-09-15T23:35:52.524-0700][gc,phases   ] GC(29)   Merge Heap Roots: 4.1ms
[2022-09-15T23:35:52.524-0700][gc,phases   ] GC(29)   Evacuate Collection Set: 7.9ms
[2022-09-15T23:35:52.524-0700][gc,phases   ] GC(29)   Post Evacuate Collection Set: 4.4ms
[2022-09-15T23:35:52.524-0700][gc,phases   ] GC(29)   Other: 0.3ms
[2022-09-15T23:35:52.524-0700][gc,heap     ] GC(29) Eden regions: 253->0(254)
[2022-09-15T23:35:52.524-0700][gc,heap     ] GC(29) Survivor regions: 3->2(32)
[2022-09-15T23:35:52.524-0700][gc,heap     ] GC(29) Old regions: 69->69
[2022-09-15T23:35:52.524-0700][gc,heap     ] GC(29) Archive regions: 2->2
[2022-09-15T23:35:52.524-0700][gc,heap     ] GC(29) Humongous regions: 40->40
[2022-09-15T23:35:52.524-0700][gc,metaspace] GC(29) Metaspace: 72094K(72768K)->72094K(72768K) NonClass: 63656K(64000K)->63656K(64000K) Class: 8438K(8768K)->8438K(8768K)
[2022-09-15T23:35:52.524-0700][gc          ] GC(29) Pause Young (Normal) (G1 Evacuation Pause) 364M->111M(512M) 41.323ms
[2022-09-15T23:35:52.524-0700][gc,cpu      ] GC(29) User=0.02s Sys=0.01s Real=0.04s
[2022-09-16T00:00:00.798-0700][gc,start    ] GC(30) Pause Young (Normal) (G1 Evacuation Pause)
[2022-09-16T00:00:00.800-0700][gc,task     ] GC(30) Using 4 workers of 4 for evacuation
[2022-09-16T00:00:00.807-0700][gc,phases   ] GC(30)   Pre Evacuate Collection Set: 0.2ms
[2022-09-16T00:00:00.807-0700][gc,phases   ] GC(30)   Merge Heap Roots: 0.1ms
[2022-09-16T00:00:00.807-0700][gc,phases   ] GC(30)   Evacuate Collection Set: 5.1ms
[2022-09-16T00:00:00.807-0700][gc,phases   ] GC(30)   Post Evacuate Collection Set: 0.9ms
[2022-09-16T00:00:00.807-0700][gc,phases   ] GC(30)   Other: 0.2ms
[2022-09-16T00:00:00.807-0700][gc,heap     ] GC(30) Eden regions: 254->0(254)
[2022-09-16T00:00:00.807-0700][gc,heap     ] GC(30) Survivor regions: 2->2(32)
[2022-09-16T00:00:00.807-0700][gc,heap     ] GC(30) Old regions: 69->70
[2022-09-16T00:00:00.807-0700][gc,heap     ] GC(30) Archive regions: 2->2
[2022-09-16T00:00:00.809-0700][gc,heap     ] GC(30) Humongous regions: 40->40
[2022-09-16T00:00:00.809-0700][gc,metaspace] GC(30) Metaspace: 72103K(72768K)->72103K(72768K) NonClass: 63664K(64000K)->63664K(64000K) Class: 8438K(8768K)->8438K(8768K)
[2022-09-16T00:00:00.809-0700][gc          ] GC(30) Pause Young (Normal) (G1 Evacuation Pause) 365M->111M(512M) 10.811ms
[2022-09-16T00:00:00.809-0700][gc,cpu      ] GC(30) User=0.02s Sys=0.01s Real=0.01s
[2022-09-16T00:22:51.102-0700][gc,start    ] GC(31) Pause Young (Normal) (G1 Evacuation Pause)
[2022-09-16T00:22:51.105-0700][gc,task     ] GC(31) Using 4 workers of 4 for evacuation
[2022-09-16T00:22:51.169-0700][gc,phases   ] GC(31)   Pre Evacuate Collection Set: 16.4ms
[2022-09-16T00:22:51.169-0700][gc,phases   ] GC(31)   Merge Heap Roots: 4.1ms
[2022-09-16T00:22:51.169-0700][gc,phases   ] GC(31)   Evacuate Collection Set: 35.1ms
[2022-09-16T00:22:51.169-0700][gc,phases   ] GC(31)   Post Evacuate Collection Set: 4.0ms
[2022-09-16T00:22:51.169-0700][gc,phases   ] GC(31)   Other: 4.2ms
[2022-09-16T00:22:51.169-0700][gc,heap     ] GC(31) Eden regions: 254->0(255)
[2022-09-16T00:22:51.169-0700][gc,heap     ] GC(31) Survivor regions: 2->1(32)
[2022-09-16T00:22:51.169-0700][gc,heap     ] GC(31) Old regions: 70->70
[2022-09-16T00:22:51.169-0700][gc,heap     ] GC(31) Archive regions: 2->2
[2022-09-16T00:22:51.169-0700][gc,heap     ] GC(31) Humongous regions: 40->40
[2022-09-16T00:22:51.169-0700][gc,metaspace] GC(31) Metaspace: 72110K(72768K)->72110K(72768K) NonClass: 63672K(64000K)->63672K(64000K) Class: 8438K(8768K)->8438K(8768K)
[2022-09-16T00:22:51.169-0700][gc          ] GC(31) Pause Young (Normal) (G1 Evacuation Pause) 365M->111M(512M) 67.655ms
[2022-09-16T00:22:51.170-0700][gc,cpu      ] GC(31) User=0.02s Sys=0.03s Real=0.07s
[2022-09-16T00:47:35.508-0700][gc,start    ] GC(32) Pause Young (Normal) (G1 Evacuation Pause)
[2022-09-16T00:47:35.510-0700][gc,task     ] GC(32) Using 4 workers of 4 for evacuation
[2022-09-16T00:47:35.522-0700][gc,phases   ] GC(32)   Pre Evacuate Collection Set: 0.2ms
[2022-09-16T00:47:35.522-0700][gc,phases   ] GC(32)   Merge Heap Roots: 0.1ms
[2022-09-16T00:47:35.522-0700][gc,phases   ] GC(32)   Evacuate Collection Set: 11.1ms
[2022-09-16T00:47:35.522-0700][gc,phases   ] GC(32)   Post Evacuate Collection Set: 0.7ms
[2022-09-16T00:47:35.522-0700][gc,phases   ] GC(32)   Other: 0.2ms
[2022-09-16T00:47:35.522-0700][gc,heap     ] GC(32) Eden regions: 255->0(255)
[2022-09-16T00:47:35.522-0700][gc,heap     ] GC(32) Survivor regions: 1->1(32)
[2022-09-16T00:47:35.522-0700][gc,heap     ] GC(32) Old regions: 70->70
[2022-09-16T00:47:35.522-0700][gc,heap     ] GC(32) Archive regions: 2->2
[2022-09-16T00:47:35.522-0700][gc,heap     ] GC(32) Humongous regions: 40->40
[2022-09-16T00:47:35.522-0700][gc,metaspace] GC(32) Metaspace: 72116K(72768K)->72116K(72768K) NonClass: 63678K(64000K)->63678K(64000K) Class: 8438K(8768K)->8438K(8768K)
[2022-09-16T00:47:35.522-0700][gc          ] GC(32) Pause Young (Normal) (G1 Evacuation Pause) 366M->111M(512M) 14.518ms
[2022-09-16T00:47:35.522-0700][gc,cpu      ] GC(32) User=0.01s Sys=0.01s Real=0.02s
[2022-09-16T01:12:25.695-0700][gc,start    ] GC(33) Pause Young (Normal) (G1 Evacuation Pause)
[2022-09-16T01:12:25.696-0700][gc,task     ] GC(33) Using 4 workers of 4 for evacuation
[2022-09-16T01:12:25.716-0700][gc,phases   ] GC(33)   Pre Evacuate Collection Set: 4.3ms
[2022-09-16T01:12:25.716-0700][gc,phases   ] GC(33)   Merge Heap Roots: 0.2ms
[2022-09-16T01:12:25.716-0700][gc,phases   ] GC(33)   Evacuate Collection Set: 14.0ms
[2022-09-16T01:12:25.716-0700][gc,phases   ] GC(33)   Post Evacuate Collection Set: 0.9ms
[2022-09-16T01:12:25.716-0700][gc,phases   ] GC(33)   Other: 0.3ms
[2022-09-16T01:12:25.716-0700][gc,heap     ] GC(33) Eden regions: 255->0(255)
[2022-09-16T01:12:25.716-0700][gc,heap     ] GC(33) Survivor regions: 1->1(32)
[2022-09-16T01:12:25.716-0700][gc,heap     ] GC(33) Old regions: 70->70
[2022-09-16T01:12:25.716-0700][gc,heap     ] GC(33) Archive regions: 2->2
[2022-09-16T01:12:25.716-0700][gc,heap     ] GC(33) Humongous regions: 40->40
[2022-09-16T01:12:25.716-0700][gc,metaspace] GC(33) Metaspace: 72120K(72832K)->72120K(72832K) NonClass: 63681K(64064K)->63681K(64064K) Class: 8438K(8768K)->8438K(8768K)
[2022-09-16T01:12:25.719-0700][gc          ] GC(33) Pause Young (Normal) (G1 Evacuation Pause) 366M->111M(512M) 24.761ms
[2022-09-16T01:12:25.720-0700][gc,cpu      ] GC(33) User=0.02s Sys=0.00s Real=0.03s
[2022-09-16T01:37:11.338-0700][gc,start    ] GC(34) Pause Young (Normal) (G1 Evacuation Pause)
[2022-09-16T01:37:11.340-0700][gc,task     ] GC(34) Using 4 workers of 4 for evacuation
[2022-09-16T01:37:11.372-0700][gc,phases   ] GC(34)   Pre Evacuate Collection Set: 4.3ms
[2022-09-16T01:37:11.372-0700][gc,phases   ] GC(34)   Merge Heap Roots: 8.2ms
[2022-09-16T01:37:11.372-0700][gc,phases   ] GC(34)   Evacuate Collection Set: 18.0ms
[2022-09-16T01:37:11.372-0700][gc,phases   ] GC(34)   Post Evacuate Collection Set: 0.8ms
[2022-09-16T01:37:11.372-0700][gc,phases   ] GC(34)   Other: 0.3ms
[2022-09-16T01:37:11.372-0700][gc,heap     ] GC(34) Eden regions: 255->0(255)
[2022-09-16T01:37:11.372-0700][gc,heap     ] GC(34) Survivor regions: 1->1(32)
[2022-09-16T01:37:11.372-0700][gc,heap     ] GC(34) Old regions: 70->70
[2022-09-16T01:37:11.372-0700][gc,heap     ] GC(34) Archive regions: 2->2
[2022-09-16T01:37:11.372-0700][gc,heap     ] GC(34) Humongous regions: 40->40
[2022-09-16T01:37:11.372-0700][gc,metaspace] GC(34) Metaspace: 72126K(72832K)->72126K(72832K) NonClass: 63687K(64064K)->63687K(64064K) Class: 8438K(8768K)->8438K(8768K)
[2022-09-16T01:37:11.372-0700][gc          ] GC(34) Pause Young (Normal) (G1 Evacuation Pause) 366M->111M(512M) 34.203ms
[2022-09-16T01:37:11.372-0700][gc,cpu      ] GC(34) User=0.02s Sys=0.01s Real=0.04s
[2022-09-16T02:01:57.115-0700][gc,start    ] GC(35) Pause Young (Normal) (G1 Evacuation Pause)
[2022-09-16T02:01:57.117-0700][gc,task     ] GC(35) Using 4 workers of 4 for evacuation
[2022-09-16T02:01:57.127-0700][gc,phases   ] GC(35)   Pre Evacuate Collection Set: 0.3ms
[2022-09-16T02:01:57.127-0700][gc,phases   ] GC(35)   Merge Heap Roots: 3.8ms
[2022-09-16T02:01:57.127-0700][gc,phases   ] GC(35)   Evacuate Collection Set: 4.5ms
[2022-09-16T02:01:57.127-0700][gc,phases   ] GC(35)   Post Evacuate Collection Set: 0.9ms
[2022-09-16T02:01:57.127-0700][gc,phases   ] GC(35)   Other: 0.3ms
[2022-09-16T02:01:57.127-0700][gc,heap     ] GC(35) Eden regions: 255->0(255)
[2022-09-16T02:01:57.127-0700][gc,heap     ] GC(35) Survivor regions: 1->1(32)
[2022-09-16T02:01:57.127-0700][gc,heap     ] GC(35) Old regions: 70->70
[2022-09-16T02:01:57.127-0700][gc,heap     ] GC(35) Archive regions: 2->2
[2022-09-16T02:01:57.127-0700][gc,heap     ] GC(35) Humongous regions: 40->40
[2022-09-16T02:01:57.127-0700][gc,metaspace] GC(35) Metaspace: 72126K(72832K)->72126K(72832K) NonClass: 63687K(64064K)->63687K(64064K) Class: 8438K(8768K)->8438K(8768K)
[2022-09-16T02:01:57.127-0700][gc          ] GC(35) Pause Young (Normal) (G1 Evacuation Pause) 366M->111M(512M) 12.349ms
[2022-09-16T02:01:57.127-0700][gc,cpu      ] GC(35) User=0.02s Sys=0.00s Real=0.01s
[2022-09-16T02:26:34.559-0700][gc,start    ] GC(36) Pause Young (Normal) (G1 Evacuation Pause)
[2022-09-16T02:26:34.561-0700][gc,task     ] GC(36) Using 4 workers of 4 for evacuation
[2022-09-16T02:26:34.598-0700][gc,phases   ] GC(36)   Pre Evacuate Collection Set: 5.0ms
[2022-09-16T02:26:34.598-0700][gc,phases   ] GC(36)   Merge Heap Roots: 0.5ms
[2022-09-16T02:26:34.598-0700][gc,phases   ] GC(36)   Evacuate Collection Set: 24.9ms
[2022-09-16T02:26:34.598-0700][gc,phases   ] GC(36)   Post Evacuate Collection Set: 6.0ms
[2022-09-16T02:26:34.598-0700][gc,phases   ] GC(36)   Other: 0.5ms
[2022-09-16T02:26:34.598-0700][gc,heap     ] GC(36) Eden regions: 255->0(255)
[2022-09-16T02:26:34.598-0700][gc,heap     ] GC(36) Survivor regions: 1->1(32)
[2022-09-16T02:26:34.598-0700][gc,heap     ] GC(36) Old regions: 70->70
[2022-09-16T02:26:34.599-0700][gc,heap     ] GC(36) Archive regions: 2->2
[2022-09-16T02:26:34.599-0700][gc,heap     ] GC(36) Humongous regions: 40->40
[2022-09-16T02:26:34.599-0700][gc,metaspace] GC(36) Metaspace: 72132K(72832K)->72132K(72832K) NonClass: 63693K(64064K)->63693K(64064K) Class: 8438K(8768K)->8438K(8768K)
[2022-09-16T02:26:34.599-0700][gc          ] GC(36) Pause Young (Normal) (G1 Evacuation Pause) 366M->111M(512M) 39.743ms
[2022-09-16T02:26:34.599-0700][gc,cpu      ] GC(36) User=0.01s Sys=0.03s Real=0.04s
[2022-09-16T02:51:20.793-0700][gc,start    ] GC(37) Pause Young (Normal) (G1 Evacuation Pause)
[2022-09-16T02:51:20.798-0700][gc,task     ] GC(37) Using 4 workers of 4 for evacuation
[2022-09-16T02:51:20.812-0700][gc,phases   ] GC(37)   Pre Evacuate Collection Set: 0.3ms
[2022-09-16T02:51:20.812-0700][gc,phases   ] GC(37)   Merge Heap Roots: 0.2ms
[2022-09-16T02:51:20.812-0700][gc,phases   ] GC(37)   Evacuate Collection Set: 12.2ms
[2022-09-16T02:51:20.812-0700][gc,phases   ] GC(37)   Post Evacuate Collection Set: 1.0ms
[2022-09-16T02:51:20.812-0700][gc,phases   ] GC(37)   Other: 0.3ms
[2022-09-16T02:51:20.812-0700][gc,heap     ] GC(37) Eden regions: 255->0(255)
[2022-09-16T02:51:20.812-0700][gc,heap     ] GC(37) Survivor regions: 1->1(32)
[2022-09-16T02:51:20.812-0700][gc,heap     ] GC(37) Old regions: 70->70
[2022-09-16T02:51:20.812-0700][gc,heap     ] GC(37) Archive regions: 2->2
[2022-09-16T02:51:20.812-0700][gc,heap     ] GC(37) Humongous regions: 40->40
[2022-09-16T02:51:20.812-0700][gc,metaspace] GC(37) Metaspace: 72134K(72832K)->72134K(72832K) NonClass: 63695K(64064K)->63695K(64064K) Class: 8438K(8768K)->8438K(8768K)
[2022-09-16T02:51:20.815-0700][gc          ] GC(37) Pause Young (Normal) (G1 Evacuation Pause) 366M->111M(512M) 21.217ms
[2022-09-16T02:51:20.815-0700][gc,cpu      ] GC(37) User=0.01s Sys=0.00s Real=0.02s
[2022-09-16T03:15:58.936-0700][gc,start    ] GC(38) Pause Young (Normal) (G1 Evacuation Pause)
[2022-09-16T03:15:58.943-0700][gc,task     ] GC(38) Using 4 workers of 4 for evacuation
[2022-09-16T03:15:59.065-0700][gc,phases   ] GC(38)   Pre Evacuate Collection Set: 39.9ms
[2022-09-16T03:15:59.065-0700][gc,phases   ] GC(38)   Merge Heap Roots: 7.4ms
[2022-09-16T03:15:59.065-0700][gc,phases   ] GC(38)   Evacuate Collection Set: 60.3ms
[2022-09-16T03:15:59.065-0700][gc,phases   ] GC(38)   Post Evacuate Collection Set: 13.6ms
[2022-09-16T03:15:59.065-0700][gc,phases   ] GC(38)   Other: 3.5ms
[2022-09-16T03:15:59.065-0700][gc,heap     ] GC(38) Eden regions: 255->0(255)
[2022-09-16T03:15:59.065-0700][gc,heap     ] GC(38) Survivor regions: 1->1(32)
[2022-09-16T03:15:59.065-0700][gc,heap     ] GC(38) Old regions: 70->70
[2022-09-16T03:15:59.065-0700][gc,heap     ] GC(38) Archive regions: 2->2
[2022-09-16T03:15:59.065-0700][gc,heap     ] GC(38) Humongous regions: 40->40
[2022-09-16T03:15:59.065-0700][gc,metaspace] GC(38) Metaspace: 72136K(72832K)->72136K(72832K) NonClass: 63697K(64064K)->63697K(64064K) Class: 8438K(8768K)->8438K(8768K)
[2022-09-16T03:15:59.065-0700][gc          ] GC(38) Pause Young (Normal) (G1 Evacuation Pause) 366M->111M(512M) 129.220ms
[2022-09-16T03:15:59.065-0700][gc,cpu      ] GC(38) User=0.02s Sys=0.06s Real=0.13s
[2022-09-16T03:40:35.111-0700][gc,start    ] GC(39) Pause Young (Normal) (G1 Evacuation Pause)
[2022-09-16T03:40:35.113-0700][gc,task     ] GC(39) Using 4 workers of 4 for evacuation
[2022-09-16T03:40:35.127-0700][gc,phases   ] GC(39)   Pre Evacuate Collection Set: 0.3ms
[2022-09-16T03:40:35.127-0700][gc,phases   ] GC(39)   Merge Heap Roots: 0.1ms
[2022-09-16T03:40:35.127-0700][gc,phases   ] GC(39)   Evacuate Collection Set: 9.5ms
[2022-09-16T03:40:35.127-0700][gc,phases   ] GC(39)   Post Evacuate Collection Set: 3.7ms
[2022-09-16T03:40:35.127-0700][gc,phases   ] GC(39)   Other: 0.3ms
[2022-09-16T03:40:35.127-0700][gc,heap     ] GC(39) Eden regions: 255->0(255)
[2022-09-16T03:40:35.127-0700][gc,heap     ] GC(39) Survivor regions: 1->1(32)
[2022-09-16T03:40:35.127-0700][gc,heap     ] GC(39) Old regions: 70->70
[2022-09-16T03:40:35.127-0700][gc,heap     ] GC(39) Archive regions: 2->2
[2022-09-16T03:40:35.127-0700][gc,heap     ] GC(39) Humongous regions: 40->40
[2022-09-16T03:40:35.127-0700][gc,metaspace] GC(39) Metaspace: 72144K(72832K)->72144K(72832K) NonClass: 63706K(64064K)->63706K(64064K) Class: 8438K(8768K)->8438K(8768K)
[2022-09-16T03:40:35.130-0700][gc          ] GC(39) Pause Young (Normal) (G1 Evacuation Pause) 366M->111M(512M) 19.572ms
[2022-09-16T03:40:35.131-0700][gc,cpu      ] GC(39) User=0.02s Sys=0.01s Real=0.02s
[2022-09-16T04:05:16.403-0700][gc,start    ] GC(40) Pause Young (Normal) (G1 Evacuation Pause)
[2022-09-16T04:05:16.405-0700][gc,task     ] GC(40) Using 4 workers of 4 for evacuation
[2022-09-16T04:05:16.445-0700][gc,phases   ] GC(40)   Pre Evacuate Collection Set: 12.2ms
[2022-09-16T04:05:16.445-0700][gc,phases   ] GC(40)   Merge Heap Roots: 3.8ms
[2022-09-16T04:05:16.445-0700][gc,phases   ] GC(40)   Evacuate Collection Set: 22.8ms
[2022-09-16T04:05:16.445-0700][gc,phases   ] GC(40)   Post Evacuate Collection Set: 1.1ms
[2022-09-16T04:05:16.445-0700][gc,phases   ] GC(40)   Other: 0.3ms
[2022-09-16T04:05:16.445-0700][gc,heap     ] GC(40) Eden regions: 255->0(255)
[2022-09-16T04:05:16.445-0700][gc,heap     ] GC(40) Survivor regions: 1->1(32)
[2022-09-16T04:05:16.445-0700][gc,heap     ] GC(40) Old regions: 70->70
[2022-09-16T04:05:16.445-0700][gc,heap     ] GC(40) Archive regions: 2->2
[2022-09-16T04:05:16.445-0700][gc,heap     ] GC(40) Humongous regions: 40->40
[2022-09-16T04:05:16.445-0700][gc,metaspace] GC(40) Metaspace: 72239K(72960K)->72239K(72960K) NonClass: 63800K(64192K)->63800K(64192K) Class: 8438K(8768K)->8438K(8768K)
[2022-09-16T04:05:16.446-0700][gc          ] GC(40) Pause Young (Normal) (G1 Evacuation Pause) 366M->111M(512M) 42.925ms
[2022-09-16T04:05:16.446-0700][gc,cpu      ] GC(40) User=0.01s Sys=0.02s Real=0.04s
[2022-09-16T04:29:47.102-0700][gc,start    ] GC(41) Pause Young (Normal) (G1 Evacuation Pause)
[2022-09-16T04:29:47.105-0700][gc,task     ] GC(41) Using 4 workers of 4 for evacuation
[2022-09-16T04:29:47.172-0700][gc,phases   ] GC(41)   Pre Evacuate Collection Set: 12.1ms
[2022-09-16T04:29:47.172-0700][gc,phases   ] GC(41)   Merge Heap Roots: 4.2ms
[2022-09-16T04:29:47.172-0700][gc,phases   ] GC(41)   Evacuate Collection Set: 49.3ms
[2022-09-16T04:29:47.172-0700][gc,phases   ] GC(41)   Post Evacuate Collection Set: 1.0ms
[2022-09-16T04:29:47.172-0700][gc,phases   ] GC(41)   Other: 0.4ms
[2022-09-16T04:29:47.172-0700][gc,heap     ] GC(41) Eden regions: 255->0(255)
[2022-09-16T04:29:47.172-0700][gc,heap     ] GC(41) Survivor regions: 1->1(32)
[2022-09-16T04:29:47.172-0700][gc,heap     ] GC(41) Old regions: 70->70
[2022-09-16T04:29:47.172-0700][gc,heap     ] GC(41) Archive regions: 2->2
[2022-09-16T04:29:47.172-0700][gc,heap     ] GC(41) Humongous regions: 40->40
[2022-09-16T04:29:47.172-0700][gc,metaspace] GC(41) Metaspace: 72240K(72960K)->72240K(72960K) NonClass: 63801K(64192K)->63801K(64192K) Class: 8438K(8768K)->8438K(8768K)
[2022-09-16T04:29:47.172-0700][gc          ] GC(41) Pause Young (Normal) (G1 Evacuation Pause) 366M->111M(512M) 70.661ms
[2022-09-16T04:29:47.173-0700][gc,cpu      ] GC(41) User=0.02s Sys=0.03s Real=0.07s
[2022-09-16T04:54:16.386-0700][gc,start    ] GC(42) Pause Young (Normal) (G1 Evacuation Pause)
[2022-09-16T04:54:16.392-0700][gc,task     ] GC(42) Using 4 workers of 4 for evacuation
[2022-09-16T04:54:16.489-0700][gc,phases   ] GC(42)   Pre Evacuate Collection Set: 25.2ms
[2022-09-16T04:54:16.489-0700][gc,phases   ] GC(42)   Merge Heap Roots: 7.7ms
[2022-09-16T04:54:16.489-0700][gc,phases   ] GC(42)   Evacuate Collection Set: 51.2ms
[2022-09-16T04:54:16.489-0700][gc,phases   ] GC(42)   Post Evacuate Collection Set: 12.5ms
[2022-09-16T04:54:16.489-0700][gc,phases   ] GC(42)   Other: 0.5ms
[2022-09-16T04:54:16.489-0700][gc,heap     ] GC(42) Eden regions: 255->0(255)
[2022-09-16T04:54:16.489-0700][gc,heap     ] GC(42) Survivor regions: 1->1(32)
[2022-09-16T04:54:16.489-0700][gc,heap     ] GC(42) Old regions: 70->70
[2022-09-16T04:54:16.489-0700][gc,heap     ] GC(42) Archive regions: 2->2
[2022-09-16T04:54:16.489-0700][gc,heap     ] GC(42) Humongous regions: 40->40
[2022-09-16T04:54:16.489-0700][gc,metaspace] GC(42) Metaspace: 72242K(72960K)->72242K(72960K) NonClass: 63803K(64192K)->63803K(64192K) Class: 8438K(8768K)->8438K(8768K)
[2022-09-16T04:54:16.489-0700][gc          ] GC(42) Pause Young (Normal) (G1 Evacuation Pause) 366M->111M(512M) 102.889ms
[2022-09-16T04:54:16.489-0700][gc,cpu      ] GC(42) User=0.02s Sys=0.05s Real=0.10s
[2022-09-16T05:17:41.872-0700][gc,start    ] GC(43) Pause Young (Normal) (G1 Evacuation Pause)
[2022-09-16T05:17:41.876-0700][gc,task     ] GC(43) Using 4 workers of 4 for evacuation
[2022-09-16T05:17:41.949-0700][gc,phases   ] GC(43)   Pre Evacuate Collection Set: 2.7ms
[2022-09-16T05:17:41.949-0700][gc,phases   ] GC(43)   Merge Heap Roots: 0.6ms
[2022-09-16T05:17:41.949-0700][gc,phases   ] GC(43)   Evacuate Collection Set: 62.5ms
[2022-09-16T05:17:41.949-0700][gc,phases   ] GC(43)   Post Evacuate Collection Set: 7.2ms
[2022-09-16T05:17:41.949-0700][gc,phases   ] GC(43)   Other: 0.6ms
[2022-09-16T05:17:41.949-0700][gc,heap     ] GC(43) Eden regions: 255->0(255)
[2022-09-16T05:17:41.950-0700][gc,heap     ] GC(43) Survivor regions: 1->1(32)
[2022-09-16T05:17:41.950-0700][gc,heap     ] GC(43) Old regions: 70->70
[2022-09-16T05:17:41.950-0700][gc,heap     ] GC(43) Archive regions: 2->2
[2022-09-16T05:17:41.950-0700][gc,heap     ] GC(43) Humongous regions: 40->40
[2022-09-16T05:17:41.950-0700][gc,metaspace] GC(43) Metaspace: 72266K(72960K)->72266K(72960K) NonClass: 63824K(64192K)->63824K(64192K) Class: 8442K(8768K)->8442K(8768K)
[2022-09-16T05:17:41.950-0700][gc          ] GC(43) Pause Young (Normal) (G1 Evacuation Pause) 366M->111M(512M) 77.804ms
[2022-09-16T05:17:41.950-0700][gc,cpu      ] GC(43) User=0.02s Sys=0.06s Real=0.08s
[2022-09-16T05:41:55.696-0700][gc,start    ] GC(44) Pause Young (Normal) (G1 Evacuation Pause)
[2022-09-16T05:41:55.698-0700][gc,task     ] GC(44) Using 4 workers of 4 for evacuation
[2022-09-16T05:41:55.764-0700][gc,phases   ] GC(44)   Pre Evacuate Collection Set: 3.2ms
[2022-09-16T05:41:55.764-0700][gc,phases   ] GC(44)   Merge Heap Roots: 8.3ms
[2022-09-16T05:41:55.764-0700][gc,phases   ] GC(44)   Evacuate Collection Set: 50.3ms
[2022-09-16T05:41:55.764-0700][gc,phases   ] GC(44)   Post Evacuate Collection Set: 3.3ms
[2022-09-16T05:41:55.764-0700][gc,phases   ] GC(44)   Other: 0.8ms
[2022-09-16T05:41:55.764-0700][gc,heap     ] GC(44) Eden regions: 255->0(255)
[2022-09-16T05:41:55.764-0700][gc,heap     ] GC(44) Survivor regions: 1->1(32)
[2022-09-16T05:41:55.764-0700][gc,heap     ] GC(44) Old regions: 70->70
[2022-09-16T05:41:55.764-0700][gc,heap     ] GC(44) Archive regions: 2->2
[2022-09-16T05:41:55.765-0700][gc,heap     ] GC(44) Humongous regions: 40->40
[2022-09-16T05:41:55.765-0700][gc,metaspace] GC(44) Metaspace: 72285K(73024K)->72285K(73024K) NonClass: 63842K(64192K)->63842K(64192K) Class: 8443K(8832K)->8443K(8832K)
[2022-09-16T05:41:55.765-0700][gc          ] GC(44) Pause Young (Normal) (G1 Evacuation Pause) 366M->111M(512M) 69.202ms
[2022-09-16T05:41:55.765-0700][gc,cpu      ] GC(44) User=0.02s Sys=0.06s Real=0.07s
[2022-09-16T06:06:26.077-0700][gc,start    ] GC(45) Pause Young (Normal) (G1 Evacuation Pause)
[2022-09-16T06:06:26.079-0700][gc,task     ] GC(45) Using 4 workers of 4 for evacuation
[2022-09-16T06:06:26.183-0700][gc,phases   ] GC(45)   Pre Evacuate Collection Set: 26.7ms
[2022-09-16T06:06:26.183-0700][gc,phases   ] GC(45)   Merge Heap Roots: 3.5ms
[2022-09-16T06:06:26.183-0700][gc,phases   ] GC(45)   Evacuate Collection Set: 65.2ms
[2022-09-16T06:06:26.183-0700][gc,phases   ] GC(45)   Post Evacuate Collection Set: 4.2ms
[2022-09-16T06:06:26.183-0700][gc,phases   ] GC(45)   Other: 4.7ms
[2022-09-16T06:06:26.183-0700][gc,heap     ] GC(45) Eden regions: 255->0(255)
[2022-09-16T06:06:26.183-0700][gc,heap     ] GC(45) Survivor regions: 1->1(32)
[2022-09-16T06:06:26.183-0700][gc,heap     ] GC(45) Old regions: 70->70
[2022-09-16T06:06:26.183-0700][gc,heap     ] GC(45) Archive regions: 2->2
[2022-09-16T06:06:26.183-0700][gc,heap     ] GC(45) Humongous regions: 40->40
[2022-09-16T06:06:26.183-0700][gc,metaspace] GC(45) Metaspace: 72314K(73024K)->72314K(73024K) NonClass: 63870K(64192K)->63870K(64192K) Class: 8443K(8832K)->8443K(8832K)
[2022-09-16T06:06:26.187-0700][gc          ] GC(45) Pause Young (Normal) (G1 Evacuation Pause) 366M->111M(512M) 110.427ms
[2022-09-16T06:06:26.187-0700][gc,cpu      ] GC(45) User=0.02s Sys=0.09s Real=0.11s
[2022-09-16T06:30:52.407-0700][gc,start    ] GC(46) Pause Young (Normal) (G1 Evacuation Pause)
[2022-09-16T06:30:52.410-0700][gc,task     ] GC(46) Using 4 workers of 4 for evacuation
[2022-09-16T06:30:52.570-0700][gc,phases   ] GC(46)   Pre Evacuate Collection Set: 25.7ms
[2022-09-16T06:30:52.570-0700][gc,phases   ] GC(46)   Merge Heap Roots: 4.1ms
[2022-09-16T06:30:52.570-0700][gc,phases   ] GC(46)   Evacuate Collection Set: 104.3ms
[2022-09-16T06:30:52.570-0700][gc,phases   ] GC(46)   Post Evacuate Collection Set: 21.7ms
[2022-09-16T06:30:52.570-0700][gc,phases   ] GC(46)   Other: 4.2ms
[2022-09-16T06:30:52.570-0700][gc,heap     ] GC(46) Eden regions: 255->0(255)
[2022-09-16T06:30:52.570-0700][gc,heap     ] GC(46) Survivor regions: 1->1(32)
[2022-09-16T06:30:52.570-0700][gc,heap     ] GC(46) Old regions: 70->70
[2022-09-16T06:30:52.570-0700][gc,heap     ] GC(46) Archive regions: 2->2
[2022-09-16T06:30:52.570-0700][gc,heap     ] GC(46) Humongous regions: 40->40
[2022-09-16T06:30:52.570-0700][gc,metaspace] GC(46) Metaspace: 72338K(73088K)->72338K(73088K) NonClass: 63894K(64256K)->63894K(64256K) Class: 8443K(8832K)->8443K(8832K)
[2022-09-16T06:30:52.570-0700][gc          ] GC(46) Pause Young (Normal) (G1 Evacuation Pause) 366M->111M(512M) 163.232ms
[2022-09-16T06:30:52.570-0700][gc,cpu      ] GC(46) User=0.02s Sys=0.10s Real=0.17s
[2022-09-16T06:55:21.332-0700][gc,start    ] GC(47) Pause Young (Normal) (G1 Evacuation Pause)
[2022-09-16T06:55:21.335-0700][gc,task     ] GC(47) Using 4 workers of 4 for evacuation
[2022-09-16T06:55:21.387-0700][gc,phases   ] GC(47)   Pre Evacuate Collection Set: 5.0ms
[2022-09-16T06:55:21.387-0700][gc,phases   ] GC(47)   Merge Heap Roots: 0.8ms
[2022-09-16T06:55:21.387-0700][gc,phases   ] GC(47)   Evacuate Collection Set: 37.5ms
[2022-09-16T06:55:21.387-0700][gc,phases   ] GC(47)   Post Evacuate Collection Set: 7.9ms
[2022-09-16T06:55:21.387-0700][gc,phases   ] GC(47)   Other: 0.7ms
[2022-09-16T06:55:21.387-0700][gc,heap     ] GC(47) Eden regions: 255->0(255)
[2022-09-16T06:55:21.387-0700][gc,heap     ] GC(47) Survivor regions: 1->1(32)
[2022-09-16T06:55:21.387-0700][gc,heap     ] GC(47) Old regions: 70->70
[2022-09-16T06:55:21.387-0700][gc,heap     ] GC(47) Archive regions: 2->2
[2022-09-16T06:55:21.387-0700][gc,heap     ] GC(47) Humongous regions: 40->40
[2022-09-16T06:55:21.387-0700][gc,metaspace] GC(47) Metaspace: 72342K(73088K)->72342K(73088K) NonClass: 63898K(64256K)->63898K(64256K) Class: 8444K(8832K)->8444K(8832K)
[2022-09-16T06:55:21.390-0700][gc          ] GC(47) Pause Young (Normal) (G1 Evacuation Pause) 366M->111M(512M) 57.832ms
[2022-09-16T06:55:21.390-0700][gc,cpu      ] GC(47) User=0.01s Sys=0.05s Real=0.06s
[2022-09-16T07:20:00.408-0700][gc,start    ] GC(48) Pause Young (Normal) (G1 Evacuation Pause)
[2022-09-16T07:20:00.411-0700][gc,task     ] GC(48) Using 4 workers of 4 for evacuation
[2022-09-16T07:20:00.439-0700][gc,phases   ] GC(48)   Pre Evacuate Collection Set: 4.9ms
[2022-09-16T07:20:00.439-0700][gc,phases   ] GC(48)   Merge Heap Roots: 0.7ms
[2022-09-16T07:20:00.439-0700][gc,phases   ] GC(48)   Evacuate Collection Set: 16.8ms
[2022-09-16T07:20:00.439-0700][gc,phases   ] GC(48)   Post Evacuate Collection Set: 5.2ms
[2022-09-16T07:20:00.439-0700][gc,phases   ] GC(48)   Other: 0.7ms
[2022-09-16T07:20:00.439-0700][gc,heap     ] GC(48) Eden regions: 255->0(255)
[2022-09-16T07:20:00.439-0700][gc,heap     ] GC(48) Survivor regions: 1->1(32)
[2022-09-16T07:20:00.439-0700][gc,heap     ] GC(48) Old regions: 70->70
[2022-09-16T07:20:00.439-0700][gc,heap     ] GC(48) Archive regions: 2->2
[2022-09-16T07:20:00.439-0700][gc,heap     ] GC(48) Humongous regions: 40->40
[2022-09-16T07:20:00.439-0700][gc,metaspace] GC(48) Metaspace: 72345K(73088K)->72345K(73088K) NonClass: 63901K(64256K)->63901K(64256K) Class: 8444K(8832K)->8444K(8832K)
[2022-09-16T07:20:00.439-0700][gc          ] GC(48) Pause Young (Normal) (G1 Evacuation Pause) 366M->111M(512M) 31.016ms
[2022-09-16T07:20:00.439-0700][gc,cpu      ] GC(48) User=0.01s Sys=0.04s Real=0.03s
[2022-09-16T07:44:29.739-0700][gc,start    ] GC(49) Pause Young (Normal) (G1 Evacuation Pause)
[2022-09-16T07:44:29.742-0700][gc,task     ] GC(49) Using 4 workers of 4 for evacuation
[2022-09-16T07:44:29.782-0700][gc,phases   ] GC(49)   Pre Evacuate Collection Set: 1.9ms
[2022-09-16T07:44:29.782-0700][gc,phases   ] GC(49)   Merge Heap Roots: 0.8ms
[2022-09-16T07:44:29.782-0700][gc,phases   ] GC(49)   Evacuate Collection Set: 34.1ms
[2022-09-16T07:44:29.782-0700][gc,phases   ] GC(49)   Post Evacuate Collection Set: 2.7ms
[2022-09-16T07:44:29.782-0700][gc,phases   ] GC(49)   Other: 0.5ms
[2022-09-16T07:44:29.782-0700][gc,heap     ] GC(49) Eden regions: 255->0(255)
[2022-09-16T07:44:29.782-0700][gc,heap     ] GC(49) Survivor regions: 1->1(32)
[2022-09-16T07:44:29.782-0700][gc,heap     ] GC(49) Old regions: 70->70
[2022-09-16T07:44:29.782-0700][gc,heap     ] GC(49) Archive regions: 2->2
[2022-09-16T07:44:29.782-0700][gc,heap     ] GC(49) Humongous regions: 40->40
[2022-09-16T07:44:29.782-0700][gc,metaspace] GC(49) Metaspace: 72347K(73088K)->72347K(73088K) NonClass: 63903K(64256K)->63903K(64256K) Class: 8444K(8832K)->8444K(8832K)
[2022-09-16T07:44:29.785-0700][gc          ] GC(49) Pause Young (Normal) (G1 Evacuation Pause) 366M->111M(512M) 45.609ms
[2022-09-16T07:44:29.785-0700][gc,cpu      ] GC(49) User=0.02s Sys=0.05s Real=0.05s
[2022-09-16T08:09:04.012-0700][gc,start    ] GC(50) Pause Young (Normal) (G1 Evacuation Pause)
[2022-09-16T08:09:04.014-0700][gc,task     ] GC(50) Using 4 workers of 4 for evacuation
[2022-09-16T08:09:04.029-0700][gc,phases   ] GC(50)   Pre Evacuate Collection Set: 0.5ms
[2022-09-16T08:09:04.029-0700][gc,phases   ] GC(50)   Merge Heap Roots: 4.2ms
[2022-09-16T08:09:04.029-0700][gc,phases   ] GC(50)   Evacuate Collection Set: 8.2ms
[2022-09-16T08:09:04.029-0700][gc,phases   ] GC(50)   Post Evacuate Collection Set: 1.0ms
[2022-09-16T08:09:04.029-0700][gc,phases   ] GC(50)   Other: 0.3ms
[2022-09-16T08:09:04.029-0700][gc,heap     ] GC(50) Eden regions: 255->0(255)
[2022-09-16T08:09:04.029-0700][gc,heap     ] GC(50) Survivor regions: 1->1(32)
[2022-09-16T08:09:04.029-0700][gc,heap     ] GC(50) Old regions: 70->70
[2022-09-16T08:09:04.029-0700][gc,heap     ] GC(50) Archive regions: 2->2
[2022-09-16T08:09:04.029-0700][gc,heap     ] GC(50) Humongous regions: 40->40
[2022-09-16T08:09:04.029-0700][gc,metaspace] GC(50) Metaspace: 72351K(73088K)->72351K(73088K) NonClass: 63907K(64256K)->63907K(64256K) Class: 8444K(8832K)->8444K(8832K)
[2022-09-16T08:09:04.029-0700][gc          ] GC(50) Pause Young (Normal) (G1 Evacuation Pause) 366M->111M(512M) 16.903ms
[2022-09-16T08:09:04.029-0700][gc,cpu      ] GC(50) User=0.02s Sys=0.01s Real=0.01s
[2022-09-16T08:33:44.502-0700][gc,start    ] GC(51) Pause Young (Normal) (G1 Evacuation Pause)
[2022-09-16T08:33:44.504-0700][gc,task     ] GC(51) Using 4 workers of 4 for evacuation
[2022-09-16T08:33:44.538-0700][gc,phases   ] GC(51)   Pre Evacuate Collection Set: 1.7ms
[2022-09-16T08:33:44.538-0700][gc,phases   ] GC(51)   Merge Heap Roots: 0.2ms
[2022-09-16T08:33:44.538-0700][gc,phases   ] GC(51)   Evacuate Collection Set: 27.3ms
[2022-09-16T08:33:44.538-0700][gc,phases   ] GC(51)   Post Evacuate Collection Set: 4.5ms
[2022-09-16T08:33:44.538-0700][gc,phases   ] GC(51)   Other: 0.3ms
[2022-09-16T08:33:44.538-0700][gc,heap     ] GC(51) Eden regions: 255->0(255)
[2022-09-16T08:33:44.538-0700][gc,heap     ] GC(51) Survivor regions: 1->1(32)
[2022-09-16T08:33:44.538-0700][gc,heap     ] GC(51) Old regions: 70->70
[2022-09-16T08:33:44.538-0700][gc,heap     ] GC(51) Archive regions: 2->2
[2022-09-16T08:33:44.538-0700][gc,heap     ] GC(51) Humongous regions: 40->40
[2022-09-16T08:33:44.538-0700][gc,metaspace] GC(51) Metaspace: 72352K(73088K)->72352K(73088K) NonClass: 63908K(64256K)->63908K(64256K) Class: 8444K(8832K)->8444K(8832K)
[2022-09-16T08:33:44.538-0700][gc          ] GC(51) Pause Young (Normal) (G1 Evacuation Pause) 366M->111M(512M) 36.509ms
[2022-09-16T08:33:44.538-0700][gc,cpu      ] GC(51) User=0.01s Sys=0.01s Real=0.03s
[2022-09-16T09:00:06.216-0700][gc,start    ] GC(52) Pause Young (Normal) (G1 Evacuation Pause)
[2022-09-16T09:00:06.218-0700][gc,task     ] GC(52) Using 4 workers of 4 for evacuation
[2022-09-16T09:00:06.238-0700][gc,phases   ] GC(52)   Pre Evacuate Collection Set: 2.2ms
[2022-09-16T09:00:06.238-0700][gc,phases   ] GC(52)   Merge Heap Roots: 0.7ms
[2022-09-16T09:00:06.238-0700][gc,phases   ] GC(52)   Evacuate Collection Set: 15.2ms
[2022-09-16T09:00:06.238-0700][gc,phases   ] GC(52)   Post Evacuate Collection Set: 1.6ms
[2022-09-16T09:00:06.238-0700][gc,phases   ] GC(52)   Other: 0.6ms
[2022-09-16T09:00:06.238-0700][gc,heap     ] GC(52) Eden regions: 255->0(255)
[2022-09-16T09:00:06.238-0700][gc,heap     ] GC(52) Survivor regions: 1->1(32)
[2022-09-16T09:00:06.238-0700][gc,heap     ] GC(52) Old regions: 70->70
[2022-09-16T09:00:06.238-0700][gc,heap     ] GC(52) Archive regions: 2->2
[2022-09-16T09:00:06.238-0700][gc,heap     ] GC(52) Humongous regions: 40->40
[2022-09-16T09:00:06.238-0700][gc,metaspace] GC(52) Metaspace: 72355K(73088K)->72355K(73088K) NonClass: 63911K(64256K)->63911K(64256K) Class: 8444K(8832K)->8444K(8832K)
[2022-09-16T09:00:06.238-0700][gc          ] GC(52) Pause Young (Normal) (G1 Evacuation Pause) 366M->111M(512M) 22.829ms
[2022-09-16T09:00:06.238-0700][gc,cpu      ] GC(52) User=0.02s Sys=0.05s Real=0.02s
[2022-09-16T09:29:07.770-0700][gc,start    ] GC(53) Pause Young (Normal) (G1 Evacuation Pause)
[2022-09-16T09:29:07.772-0700][gc,task     ] GC(53) Using 4 workers of 4 for evacuation
[2022-09-16T09:29:07.778-0700][gc,phases   ] GC(53)   Pre Evacuate Collection Set: 0.2ms
[2022-09-16T09:29:07.778-0700][gc,phases   ] GC(53)   Merge Heap Roots: 0.2ms
[2022-09-16T09:29:07.778-0700][gc,phases   ] GC(53)   Evacuate Collection Set: 4.3ms
[2022-09-16T09:29:07.778-0700][gc,phases   ] GC(53)   Post Evacuate Collection Set: 0.9ms
[2022-09-16T09:29:07.778-0700][gc,phases   ] GC(53)   Other: 0.3ms
[2022-09-16T09:29:07.778-0700][gc,heap     ] GC(53) Eden regions: 255->0(255)
[2022-09-16T09:29:07.778-0700][gc,heap     ] GC(53) Survivor regions: 1->1(32)
[2022-09-16T09:29:07.778-0700][gc,heap     ] GC(53) Old regions: 70->70
[2022-09-16T09:29:07.778-0700][gc,heap     ] GC(53) Archive regions: 2->2
[2022-09-16T09:29:07.778-0700][gc,heap     ] GC(53) Humongous regions: 40->40
[2022-09-16T09:29:07.778-0700][gc,metaspace] GC(53) Metaspace: 72356K(73088K)->72356K(73088K) NonClass: 63912K(64256K)->63912K(64256K) Class: 8444K(8832K)->8444K(8832K)
[2022-09-16T09:29:07.778-0700][gc          ] GC(53) Pause Young (Normal) (G1 Evacuation Pause) 366M->111M(512M) 8.525ms
[2022-09-16T09:29:07.778-0700][gc,cpu      ] GC(53) User=0.02s Sys=0.00s Real=0.00s
[2022-09-16T11:21:34.586-0700][gc,start    ] GC(54) Pause Young (Normal) (G1 Evacuation Pause)
[2022-09-16T11:21:34.588-0700][gc,task     ] GC(54) Using 4 workers of 4 for evacuation
[2022-09-16T11:21:34.614-0700][gc,phases   ] GC(54)   Pre Evacuate Collection Set: 1.6ms
[2022-09-16T11:21:34.614-0700][gc,phases   ] GC(54)   Merge Heap Roots: 0.5ms
[2022-09-16T11:21:34.614-0700][gc,phases   ] GC(54)   Evacuate Collection Set: 20.9ms
[2022-09-16T11:21:34.614-0700][gc,phases   ] GC(54)   Post Evacuate Collection Set: 2.6ms
[2022-09-16T11:21:34.615-0700][gc,phases   ] GC(54)   Other: 0.5ms
[2022-09-16T11:21:34.615-0700][gc,heap     ] GC(54) Eden regions: 255->0(255)
[2022-09-16T11:21:34.615-0700][gc,heap     ] GC(54) Survivor regions: 1->1(32)
[2022-09-16T11:21:34.615-0700][gc,heap     ] GC(54) Old regions: 70->70
[2022-09-16T11:21:34.615-0700][gc,heap     ] GC(54) Archive regions: 2->2
[2022-09-16T11:21:34.615-0700][gc,heap     ] GC(54) Humongous regions: 40->40
[2022-09-16T11:21:34.615-0700][gc,metaspace] GC(54) Metaspace: 72370K(73152K)->72370K(73152K) NonClass: 63926K(64320K)->63926K(64320K) Class: 8444K(8832K)->8444K(8832K)
[2022-09-16T11:21:34.615-0700][gc          ] GC(54) Pause Young (Normal) (G1 Evacuation Pause) 366M->111M(512M) 28.587ms
[2022-09-16T11:21:34.615-0700][gc,cpu      ] GC(54) User=0.01s Sys=0.04s Real=0.03s
[2022-09-16T19:45:11.901-0700][gc,start    ] GC(55) Pause Young (Normal) (G1 Evacuation Pause)
[2022-09-16T19:45:11.903-0700][gc,task     ] GC(55) Using 4 workers of 4 for evacuation
[2022-09-16T19:45:11.909-0700][gc,phases   ] GC(55)   Pre Evacuate Collection Set: 0.2ms
[2022-09-16T19:45:11.909-0700][gc,phases   ] GC(55)   Merge Heap Roots: 0.2ms
[2022-09-16T19:45:11.909-0700][gc,phases   ] GC(55)   Evacuate Collection Set: 4.7ms
[2022-09-16T19:45:11.909-0700][gc,phases   ] GC(55)   Post Evacuate Collection Set: 1.1ms
[2022-09-16T19:45:11.909-0700][gc,phases   ] GC(55)   Other: 0.3ms
[2022-09-16T19:45:11.909-0700][gc,heap     ] GC(55) Eden regions: 255->0(255)
[2022-09-16T19:45:11.910-0700][gc,heap     ] GC(55) Survivor regions: 1->1(32)
[2022-09-16T19:45:11.910-0700][gc,heap     ] GC(55) Old regions: 70->70
[2022-09-16T19:45:11.910-0700][gc,heap     ] GC(55) Archive regions: 2->2
[2022-09-16T19:45:11.910-0700][gc,heap     ] GC(55) Humongous regions: 40->40
[2022-09-16T19:45:11.910-0700][gc,metaspace] GC(55) Metaspace: 72383K(73152K)->72383K(73152K) NonClass: 63938K(64320K)->63938K(64320K) Class: 8444K(8832K)->8444K(8832K)
[2022-09-16T19:45:11.910-0700][gc          ] GC(55) Pause Young (Normal) (G1 Evacuation Pause) 366M->111M(512M) 9.255ms
[2022-09-16T19:45:11.910-0700][gc,cpu      ] GC(55) User=0.01s Sys=0.01s Real=0.01s
[2022-09-16T20:16:01.506-0700][gc,start    ] GC(56) Pause Young (Normal) (G1 Evacuation Pause)
[2022-09-16T20:16:01.506-0700][gc,task     ] GC(56) Using 4 workers of 4 for evacuation
[2022-09-16T20:16:01.511-0700][gc,phases   ] GC(56)   Pre Evacuate Collection Set: 0.3ms
[2022-09-16T20:16:01.511-0700][gc,phases   ] GC(56)   Merge Heap Roots: 0.1ms
[2022-09-16T20:16:01.511-0700][gc,phases   ] GC(56)   Evacuate Collection Set: 3.2ms
[2022-09-16T20:16:01.511-0700][gc,phases   ] GC(56)   Post Evacuate Collection Set: 0.8ms
[2022-09-16T20:16:01.511-0700][gc,phases   ] GC(56)   Other: 0.3ms
[2022-09-16T20:16:01.511-0700][gc,heap     ] GC(56) Eden regions: 255->0(255)
[2022-09-16T20:16:01.511-0700][gc,heap     ] GC(56) Survivor regions: 1->1(32)
[2022-09-16T20:16:01.511-0700][gc,heap     ] GC(56) Old regions: 70->70
[2022-09-16T20:16:01.511-0700][gc,heap     ] GC(56) Archive regions: 2->2
[2022-09-16T20:16:01.511-0700][gc,heap     ] GC(56) Humongous regions: 40->40
[2022-09-16T20:16:01.511-0700][gc,metaspace] GC(56) Metaspace: 72449K(73216K)->72449K(73216K) NonClass: 63997K(64384K)->63997K(64384K) Class: 8451K(8832K)->8451K(8832K)
[2022-09-16T20:16:01.511-0700][gc          ] GC(56) Pause Young (Normal) (G1 Evacuation Pause) 366M->111M(512M) 5.534ms
[2022-09-16T20:16:01.512-0700][gc,cpu      ] GC(56) User=0.01s Sys=0.00s Real=0.01s
[2022-09-16T20:40:47.530-0700][gc,start    ] GC(57) Pause Young (Normal) (G1 Evacuation Pause)
[2022-09-16T20:40:47.532-0700][gc,task     ] GC(57) Using 4 workers of 4 for evacuation
[2022-09-16T20:40:47.537-0700][gc,phases   ] GC(57)   Pre Evacuate Collection Set: 0.2ms
[2022-09-16T20:40:47.537-0700][gc,phases   ] GC(57)   Merge Heap Roots: 0.1ms
[2022-09-16T20:40:47.537-0700][gc,phases   ] GC(57)   Evacuate Collection Set: 3.4ms
[2022-09-16T20:40:47.537-0700][gc,phases   ] GC(57)   Post Evacuate Collection Set: 0.9ms
[2022-09-16T20:40:47.537-0700][gc,phases   ] GC(57)   Other: 0.3ms
[2022-09-16T20:40:47.537-0700][gc,heap     ] GC(57) Eden regions: 255->0(255)
[2022-09-16T20:40:47.537-0700][gc,heap     ] GC(57) Survivor regions: 1->1(32)
[2022-09-16T20:40:47.537-0700][gc,heap     ] GC(57) Old regions: 70->70
[2022-09-16T20:40:47.537-0700][gc,heap     ] GC(57) Archive regions: 2->2
[2022-09-16T20:40:47.537-0700][gc,heap     ] GC(57) Humongous regions: 40->40
[2022-09-16T20:40:47.537-0700][gc,metaspace] GC(57) Metaspace: 72680K(73408K)->72680K(73408K) NonClass: 64226K(64576K)->64226K(64576K) Class: 8453K(8832K)->8453K(8832K)
[2022-09-16T20:40:47.538-0700][gc          ] GC(57) Pause Young (Normal) (G1 Evacuation Pause) 366M->111M(512M) 7.769ms
[2022-09-16T20:40:47.538-0700][gc,cpu      ] GC(57) User=0.01s Sys=0.00s Real=0.00s
[2022-09-16T21:05:31.447-0700][gc,start    ] GC(58) Pause Young (Normal) (G1 Evacuation Pause)
[2022-09-16T21:05:31.447-0700][gc,task     ] GC(58) Using 4 workers of 4 for evacuation
[2022-09-16T21:05:31.452-0700][gc,phases   ] GC(58)   Pre Evacuate Collection Set: 0.2ms
[2022-09-16T21:05:31.452-0700][gc,phases   ] GC(58)   Merge Heap Roots: 0.1ms
[2022-09-16T21:05:31.452-0700][gc,phases   ] GC(58)   Evacuate Collection Set: 3.5ms
[2022-09-16T21:05:31.452-0700][gc,phases   ] GC(58)   Post Evacuate Collection Set: 0.9ms
[2022-09-16T21:05:31.452-0700][gc,phases   ] GC(58)   Other: 0.2ms
[2022-09-16T21:05:31.452-0700][gc,heap     ] GC(58) Eden regions: 255->0(255)
[2022-09-16T21:05:31.452-0700][gc,heap     ] GC(58) Survivor regions: 1->1(32)
[2022-09-16T21:05:31.452-0700][gc,heap     ] GC(58) Old regions: 70->70
[2022-09-16T21:05:31.452-0700][gc,heap     ] GC(58) Archive regions: 2->2
[2022-09-16T21:05:31.452-0700][gc,heap     ] GC(58) Humongous regions: 40->40
[2022-09-16T21:05:31.452-0700][gc,metaspace] GC(58) Metaspace: 72745K(73472K)->72745K(73472K) NonClass: 64291K(64640K)->64291K(64640K) Class: 8453K(8832K)->8453K(8832K)
[2022-09-16T21:05:31.452-0700][gc          ] GC(58) Pause Young (Normal) (G1 Evacuation Pause) 366M->111M(512M) 5.607ms
[2022-09-16T21:05:31.452-0700][gc,cpu      ] GC(58) User=0.02s Sys=0.00s Real=0.01s
[2022-09-16T21:30:19.416-0700][gc,start    ] GC(59) Pause Young (Normal) (G1 Evacuation Pause)
[2022-09-16T21:30:19.418-0700][gc,task     ] GC(59) Using 4 workers of 4 for evacuation
[2022-09-16T21:30:19.424-0700][gc,phases   ] GC(59)   Pre Evacuate Collection Set: 0.3ms
[2022-09-16T21:30:19.424-0700][gc,phases   ] GC(59)   Merge Heap Roots: 0.6ms
[2022-09-16T21:30:19.424-0700][gc,phases   ] GC(59)   Evacuate Collection Set: 4.0ms
[2022-09-16T21:30:19.424-0700][gc,phases   ] GC(59)   Post Evacuate Collection Set: 1.0ms
[2022-09-16T21:30:19.424-0700][gc,phases   ] GC(59)   Other: 0.4ms
[2022-09-16T21:30:19.424-0700][gc,heap     ] GC(59) Eden regions: 255->0(255)
[2022-09-16T21:30:19.425-0700][gc,heap     ] GC(59) Survivor regions: 1->1(32)
[2022-09-16T21:30:19.425-0700][gc,heap     ] GC(59) Old regions: 70->70
[2022-09-16T21:30:19.425-0700][gc,heap     ] GC(59) Archive regions: 2->2
[2022-09-16T21:30:19.425-0700][gc,heap     ] GC(59) Humongous regions: 40->40
[2022-09-16T21:30:19.425-0700][gc,metaspace] GC(59) Metaspace: 72760K(73536K)->72760K(73536K) NonClass: 64306K(64704K)->64306K(64704K) Class: 8453K(8832K)->8453K(8832K)
[2022-09-16T21:30:19.425-0700][gc          ] GC(59) Pause Young (Normal) (G1 Evacuation Pause) 366M->111M(512M) 9.256ms
[2022-09-16T21:30:19.425-0700][gc,cpu      ] GC(59) User=0.02s Sys=0.00s Real=0.01s
[2022-09-16T22:26:29.941-0700][gc,start    ] GC(60) Pause Young (Normal) (G1 Evacuation Pause)
[2022-09-16T22:26:29.943-0700][gc,task     ] GC(60) Using 4 workers of 4 for evacuation
[2022-09-16T22:26:29.948-0700][gc,phases   ] GC(60)   Pre Evacuate Collection Set: 0.2ms
[2022-09-16T22:26:29.948-0700][gc,phases   ] GC(60)   Merge Heap Roots: 0.1ms
[2022-09-16T22:26:29.949-0700][gc,phases   ] GC(60)   Evacuate Collection Set: 3.6ms
[2022-09-16T22:26:29.949-0700][gc,phases   ] GC(60)   Post Evacuate Collection Set: 1.0ms
[2022-09-16T22:26:29.949-0700][gc,phases   ] GC(60)   Other: 0.3ms
[2022-09-16T22:26:29.949-0700][gc,heap     ] GC(60) Eden regions: 255->0(255)
[2022-09-16T22:26:29.949-0700][gc,heap     ] GC(60) Survivor regions: 1->1(32)
[2022-09-16T22:26:29.949-0700][gc,heap     ] GC(60) Old regions: 70->70
[2022-09-16T22:26:29.949-0700][gc,heap     ] GC(60) Archive regions: 2->2
[2022-09-16T22:26:29.949-0700][gc,heap     ] GC(60) Humongous regions: 40->40
[2022-09-16T22:26:29.949-0700][gc,metaspace] GC(60) Metaspace: 72762K(73536K)->72762K(73536K) NonClass: 64308K(64704K)->64308K(64704K) Class: 8453K(8832K)->8453K(8832K)
[2022-09-16T22:26:29.949-0700][gc          ] GC(60) Pause Young (Normal) (G1 Evacuation Pause) 366M->111M(512M) 7.901ms
[2022-09-16T22:26:29.949-0700][gc,cpu      ] GC(60) User=0.02s Sys=0.00s Real=0.00s
[2022-09-16T22:51:21.533-0700][gc,start    ] GC(61) Pause Young (Normal) (G1 Evacuation Pause)
[2022-09-16T22:51:21.533-0700][gc,task     ] GC(61) Using 4 workers of 4 for evacuation
[2022-09-16T22:51:21.538-0700][gc,phases   ] GC(61)   Pre Evacuate Collection Set: 0.2ms
[2022-09-16T22:51:21.539-0700][gc,phases   ] GC(61)   Merge Heap Roots: 0.2ms
[2022-09-16T22:51:21.539-0700][gc,phases   ] GC(61)   Evacuate Collection Set: 3.4ms
[2022-09-16T22:51:21.539-0700][gc,phases   ] GC(61)   Post Evacuate Collection Set: 0.9ms
[2022-09-16T22:51:21.539-0700][gc,phases   ] GC(61)   Other: 0.3ms
[2022-09-16T22:51:21.539-0700][gc,heap     ] GC(61) Eden regions: 255->0(255)
[2022-09-16T22:51:21.539-0700][gc,heap     ] GC(61) Survivor regions: 1->1(32)
[2022-09-16T22:51:21.539-0700][gc,heap     ] GC(61) Old regions: 70->70
[2022-09-16T22:51:21.539-0700][gc,heap     ] GC(61) Archive regions: 2->2
[2022-09-16T22:51:21.539-0700][gc,heap     ] GC(61) Humongous regions: 40->40
[2022-09-16T22:51:21.539-0700][gc,metaspace] GC(61) Metaspace: 72762K(73536K)->72762K(73536K) NonClass: 64308K(64704K)->64308K(64704K) Class: 8453K(8832K)->8453K(8832K)
[2022-09-16T22:51:21.539-0700][gc          ] GC(61) Pause Young (Normal) (G1 Evacuation Pause) 366M->111M(512M) 5.542ms
[2022-09-16T22:51:21.539-0700][gc,cpu      ] GC(61) User=0.01s Sys=0.00s Real=0.00s
[2022-09-16T23:16:16.747-0700][gc,start    ] GC(62) Pause Young (Normal) (G1 Evacuation Pause)
[2022-09-16T23:16:16.747-0700][gc,task     ] GC(62) Using 4 workers of 4 for evacuation
[2022-09-16T23:16:16.752-0700][gc,phases   ] GC(62)   Pre Evacuate Collection Set: 0.2ms
[2022-09-16T23:16:16.752-0700][gc,phases   ] GC(62)   Merge Heap Roots: 0.1ms
[2022-09-16T23:16:16.752-0700][gc,phases   ] GC(62)   Evacuate Collection Set: 3.3ms
[2022-09-16T23:16:16.752-0700][gc,phases   ] GC(62)   Post Evacuate Collection Set: 1.0ms
[2022-09-16T23:16:16.752-0700][gc,phases   ] GC(62)   Other: 0.3ms
[2022-09-16T23:16:16.752-0700][gc,heap     ] GC(62) Eden regions: 255->0(255)
[2022-09-16T23:16:16.752-0700][gc,heap     ] GC(62) Survivor regions: 1->1(32)
[2022-09-16T23:16:16.752-0700][gc,heap     ] GC(62) Old regions: 70->70
[2022-09-16T23:16:16.752-0700][gc,heap     ] GC(62) Archive regions: 2->2
[2022-09-16T23:16:16.752-0700][gc,heap     ] GC(62) Humongous regions: 40->40
[2022-09-16T23:16:16.752-0700][gc,metaspace] GC(62) Metaspace: 72764K(73536K)->72764K(73536K) NonClass: 64309K(64704K)->64309K(64704K) Class: 8454K(8832K)->8454K(8832K)
[2022-09-16T23:16:16.752-0700][gc          ] GC(62) Pause Young (Normal) (G1 Evacuation Pause) 366M->111M(512M) 5.458ms
[2022-09-16T23:16:16.752-0700][gc,cpu      ] GC(62) User=0.01s Sys=0.01s Real=0.01s
[2022-09-16T23:41:16.800-0700][gc,start    ] GC(63) Pause Young (Normal) (G1 Evacuation Pause)
[2022-09-16T23:41:16.800-0700][gc,task     ] GC(63) Using 4 workers of 4 for evacuation
[2022-09-16T23:41:16.805-0700][gc,phases   ] GC(63)   Pre Evacuate Collection Set: 0.2ms
[2022-09-16T23:41:16.805-0700][gc,phases   ] GC(63)   Merge Heap Roots: 0.1ms
[2022-09-16T23:41:16.805-0700][gc,phases   ] GC(63)   Evacuate Collection Set: 3.4ms
[2022-09-16T23:41:16.805-0700][gc,phases   ] GC(63)   Post Evacuate Collection Set: 0.9ms
[2022-09-16T23:41:16.805-0700][gc,phases   ] GC(63)   Other: 0.3ms
[2022-09-16T23:41:16.806-0700][gc,heap     ] GC(63) Eden regions: 255->0(255)
[2022-09-16T23:41:16.806-0700][gc,heap     ] GC(63) Survivor regions: 1->1(32)
[2022-09-16T23:41:16.806-0700][gc,heap     ] GC(63) Old regions: 70->70
[2022-09-16T23:41:16.806-0700][gc,heap     ] GC(63) Archive regions: 2->2
[2022-09-16T23:41:16.806-0700][gc,heap     ] GC(63) Humongous regions: 40->40
[2022-09-16T23:41:16.806-0700][gc,metaspace] GC(63) Metaspace: 72765K(73536K)->72765K(73536K) NonClass: 64311K(64704K)->64311K(64704K) Class: 8454K(8832K)->8454K(8832K)
[2022-09-16T23:41:16.806-0700][gc          ] GC(63) Pause Young (Normal) (G1 Evacuation Pause) 366M->111M(512M) 5.514ms
[2022-09-16T23:41:16.806-0700][gc,cpu      ] GC(63) User=0.01s Sys=0.00s Real=0.00s
[2022-09-17T00:04:11.044-0700][gc,start    ] GC(64) Pause Young (Normal) (G1 Evacuation Pause)
[2022-09-17T00:04:11.044-0700][gc,task     ] GC(64) Using 4 workers of 4 for evacuation
[2022-09-17T00:04:11.049-0700][gc,phases   ] GC(64)   Pre Evacuate Collection Set: 0.2ms
[2022-09-17T00:04:11.049-0700][gc,phases   ] GC(64)   Merge Heap Roots: 0.1ms
[2022-09-17T00:04:11.049-0700][gc,phases   ] GC(64)   Evacuate Collection Set: 3.2ms
[2022-09-17T00:04:11.049-0700][gc,phases   ] GC(64)   Post Evacuate Collection Set: 0.9ms
[2022-09-17T00:04:11.049-0700][gc,phases   ] GC(64)   Other: 0.2ms
[2022-09-17T00:04:11.049-0700][gc,heap     ] GC(64) Eden regions: 255->0(255)
[2022-09-17T00:04:11.049-0700][gc,heap     ] GC(64) Survivor regions: 1->1(32)
[2022-09-17T00:04:11.049-0700][gc,heap     ] GC(64) Old regions: 70->70
[2022-09-17T00:04:11.049-0700][gc,heap     ] GC(64) Archive regions: 2->2
[2022-09-17T00:04:11.049-0700][gc,heap     ] GC(64) Humongous regions: 40->40
[2022-09-17T00:04:11.049-0700][gc,metaspace] GC(64) Metaspace: 72773K(73536K)->72773K(73536K) NonClass: 64319K(64704K)->64319K(64704K) Class: 8454K(8832K)->8454K(8832K)
[2022-09-17T00:04:11.049-0700][gc          ] GC(64) Pause Young (Normal) (G1 Evacuation Pause) 366M->111M(512M) 5.375ms
[2022-09-17T00:04:11.050-0700][gc,cpu      ] GC(64) User=0.01s Sys=0.00s Real=0.01s
[2022-09-17T00:29:06.299-0700][gc,start    ] GC(65) Pause Young (Normal) (G1 Evacuation Pause)
[2022-09-17T00:29:06.299-0700][gc,task     ] GC(65) Using 4 workers of 4 for evacuation
[2022-09-17T00:29:06.304-0700][gc,phases   ] GC(65)   Pre Evacuate Collection Set: 0.2ms
[2022-09-17T00:29:06.304-0700][gc,phases   ] GC(65)   Merge Heap Roots: 0.1ms
[2022-09-17T00:29:06.304-0700][gc,phases   ] GC(65)   Evacuate Collection Set: 3.2ms
[2022-09-17T00:29:06.304-0700][gc,phases   ] GC(65)   Post Evacuate Collection Set: 1.0ms
[2022-09-17T00:29:06.304-0700][gc,phases   ] GC(65)   Other: 0.2ms
[2022-09-17T00:29:06.304-0700][gc,heap     ] GC(65) Eden regions: 255->0(255)
[2022-09-17T00:29:06.304-0700][gc,heap     ] GC(65) Survivor regions: 1->1(32)
[2022-09-17T00:29:06.304-0700][gc,heap     ] GC(65) Old regions: 70->70
[2022-09-17T00:29:06.304-0700][gc,heap     ] GC(65) Archive regions: 2->2
[2022-09-17T00:29:06.304-0700][gc,heap     ] GC(65) Humongous regions: 40->40
[2022-09-17T00:29:06.304-0700][gc,metaspace] GC(65) Metaspace: 72773K(73536K)->72773K(73536K) NonClass: 64319K(64704K)->64319K(64704K) Class: 8454K(8832K)->8454K(8832K)
[2022-09-17T00:29:06.304-0700][gc          ] GC(65) Pause Young (Normal) (G1 Evacuation Pause) 366M->111M(512M) 5.314ms
[2022-09-17T00:29:06.304-0700][gc,cpu      ] GC(65) User=0.01s Sys=0.00s Real=0.01s
[2022-09-17T00:54:16.136-0700][gc,start    ] GC(66) Pause Young (Normal) (G1 Evacuation Pause)
[2022-09-17T00:54:16.136-0700][gc,task     ] GC(66) Using 4 workers of 4 for evacuation
[2022-09-17T00:54:16.141-0700][gc,phases   ] GC(66)   Pre Evacuate Collection Set: 0.2ms
[2022-09-17T00:54:16.141-0700][gc,phases   ] GC(66)   Merge Heap Roots: 0.1ms
[2022-09-17T00:54:16.141-0700][gc,phases   ] GC(66)   Evacuate Collection Set: 3.3ms
[2022-09-17T00:54:16.141-0700][gc,phases   ] GC(66)   Post Evacuate Collection Set: 0.9ms
[2022-09-17T00:54:16.141-0700][gc,phases   ] GC(66)   Other: 0.2ms
[2022-09-17T00:54:16.141-0700][gc,heap     ] GC(66) Eden regions: 255->0(255)
[2022-09-17T00:54:16.141-0700][gc,heap     ] GC(66) Survivor regions: 1->1(32)
[2022-09-17T00:54:16.141-0700][gc,heap     ] GC(66) Old regions: 70->70
[2022-09-17T00:54:16.141-0700][gc,heap     ] GC(66) Archive regions: 2->2
[2022-09-17T00:54:16.141-0700][gc,heap     ] GC(66) Humongous regions: 40->40
[2022-09-17T00:54:16.141-0700][gc,metaspace] GC(66) Metaspace: 72775K(73536K)->72775K(73536K) NonClass: 64321K(64704K)->64321K(64704K) Class: 8454K(8832K)->8454K(8832K)
[2022-09-17T00:54:16.141-0700][gc          ] GC(66) Pause Young (Normal) (G1 Evacuation Pause) 366M->111M(512M) 5.337ms
[2022-09-17T00:54:16.141-0700][gc,cpu      ] GC(66) User=0.01s Sys=0.00s Real=0.01s
[2022-09-17T01:19:25.105-0700][gc,start    ] GC(67) Pause Young (Normal) (G1 Evacuation Pause)
[2022-09-17T01:19:25.105-0700][gc,task     ] GC(67) Using 4 workers of 4 for evacuation
[2022-09-17T01:19:25.110-0700][gc,phases   ] GC(67)   Pre Evacuate Collection Set: 0.2ms
[2022-09-17T01:19:25.110-0700][gc,phases   ] GC(67)   Merge Heap Roots: 0.1ms
[2022-09-17T01:19:25.110-0700][gc,phases   ] GC(67)   Evacuate Collection Set: 3.1ms
[2022-09-17T01:19:25.110-0700][gc,phases   ] GC(67)   Post Evacuate Collection Set: 0.9ms
[2022-09-17T01:19:25.110-0700][gc,phases   ] GC(67)   Other: 0.2ms
[2022-09-17T01:19:25.110-0700][gc,heap     ] GC(67) Eden regions: 255->0(255)
[2022-09-17T01:19:25.110-0700][gc,heap     ] GC(67) Survivor regions: 1->1(32)
[2022-09-17T01:19:25.110-0700][gc,heap     ] GC(67) Old regions: 70->70
[2022-09-17T01:19:25.110-0700][gc,heap     ] GC(67) Archive regions: 2->2
[2022-09-17T01:19:25.110-0700][gc,heap     ] GC(67) Humongous regions: 40->40
[2022-09-17T01:19:25.110-0700][gc,metaspace] GC(67) Metaspace: 72776K(73536K)->72776K(73536K) NonClass: 64322K(64704K)->64322K(64704K) Class: 8454K(8832K)->8454K(8832K)
[2022-09-17T01:19:25.110-0700][gc          ] GC(67) Pause Young (Normal) (G1 Evacuation Pause) 366M->111M(512M) 5.273ms
[2022-09-17T01:19:25.110-0700][gc,cpu      ] GC(67) User=0.02s Sys=0.00s Real=0.01s
[2022-09-17T01:44:33.226-0700][gc,start    ] GC(68) Pause Young (Normal) (G1 Evacuation Pause)
[2022-09-17T01:44:33.226-0700][gc,task     ] GC(68) Using 4 workers of 4 for evacuation
[2022-09-17T01:44:33.230-0700][gc,phases   ] GC(68)   Pre Evacuate Collection Set: 0.2ms
[2022-09-17T01:44:33.230-0700][gc,phases   ] GC(68)   Merge Heap Roots: 0.1ms
[2022-09-17T01:44:33.230-0700][gc,phases   ] GC(68)   Evacuate Collection Set: 2.5ms
[2022-09-17T01:44:33.230-0700][gc,phases   ] GC(68)   Post Evacuate Collection Set: 0.9ms
[2022-09-17T01:44:33.230-0700][gc,phases   ] GC(68)   Other: 0.2ms
[2022-09-17T01:44:33.230-0700][gc,heap     ] GC(68) Eden regions: 255->0(255)
[2022-09-17T01:44:33.230-0700][gc,heap     ] GC(68) Survivor regions: 1->1(32)
[2022-09-17T01:44:33.230-0700][gc,heap     ] GC(68) Old regions: 70->70
[2022-09-17T01:44:33.230-0700][gc,heap     ] GC(68) Archive regions: 2->2
[2022-09-17T01:44:33.230-0700][gc,heap     ] GC(68) Humongous regions: 40->40
[2022-09-17T01:44:33.230-0700][gc,metaspace] GC(68) Metaspace: 72776K(73536K)->72776K(73536K) NonClass: 64322K(64704K)->64322K(64704K) Class: 8454K(8832K)->8454K(8832K)
[2022-09-17T01:44:33.230-0700][gc          ] GC(68) Pause Young (Normal) (G1 Evacuation Pause) 366M->111M(512M) 4.520ms
[2022-09-17T01:44:33.230-0700][gc,cpu      ] GC(68) User=0.01s Sys=0.00s Real=0.01s
[2022-09-17T02:09:38.242-0700][gc,start    ] GC(69) Pause Young (Normal) (G1 Evacuation Pause)
[2022-09-17T02:09:38.242-0700][gc,task     ] GC(69) Using 4 workers of 4 for evacuation
[2022-09-17T02:09:38.246-0700][gc,phases   ] GC(69)   Pre Evacuate Collection Set: 0.3ms
[2022-09-17T02:09:38.246-0700][gc,phases   ] GC(69)   Merge Heap Roots: 0.1ms
[2022-09-17T02:09:38.246-0700][gc,phases   ] GC(69)   Evacuate Collection Set: 2.6ms
[2022-09-17T02:09:38.246-0700][gc,phases   ] GC(69)   Post Evacuate Collection Set: 0.9ms
[2022-09-17T02:09:38.246-0700][gc,phases   ] GC(69)   Other: 0.3ms
[2022-09-17T02:09:38.246-0700][gc,heap     ] GC(69) Eden regions: 255->0(255)
[2022-09-17T02:09:38.246-0700][gc,heap     ] GC(69) Survivor regions: 1->1(32)
[2022-09-17T02:09:38.246-0700][gc,heap     ] GC(69) Old regions: 70->70
[2022-09-17T02:09:38.246-0700][gc,heap     ] GC(69) Archive regions: 2->2
[2022-09-17T02:09:38.246-0700][gc,heap     ] GC(69) Humongous regions: 40->40
[2022-09-17T02:09:38.246-0700][gc,metaspace] GC(69) Metaspace: 72776K(73536K)->72776K(73536K) NonClass: 64322K(64704K)->64322K(64704K) Class: 8454K(8832K)->8454K(8832K)
[2022-09-17T02:09:38.246-0700][gc          ] GC(69) Pause Young (Normal) (G1 Evacuation Pause) 366M->111M(512M) 4.675ms
[2022-09-17T02:09:38.246-0700][gc,cpu      ] GC(69) User=0.01s Sys=0.00s Real=0.00s
[2022-09-17T02:34:24.818-0700][gc,start    ] GC(70) Pause Young (Normal) (G1 Evacuation Pause)
[2022-09-17T02:34:24.820-0700][gc,task     ] GC(70) Using 4 workers of 4 for evacuation
[2022-09-17T02:34:24.824-0700][gc,phases   ] GC(70)   Pre Evacuate Collection Set: 0.2ms
[2022-09-17T02:34:24.824-0700][gc,phases   ] GC(70)   Merge Heap Roots: 0.1ms
[2022-09-17T02:34:24.824-0700][gc,phases   ] GC(70)   Evacuate Collection Set: 2.3ms
[2022-09-17T02:34:24.824-0700][gc,phases   ] GC(70)   Post Evacuate Collection Set: 0.7ms
[2022-09-17T02:34:24.824-0700][gc,phases   ] GC(70)   Other: 0.2ms
[2022-09-17T02:34:24.824-0700][gc,heap     ] GC(70) Eden regions: 255->0(255)
[2022-09-17T02:34:24.824-0700][gc,heap     ] GC(70) Survivor regions: 1->1(32)
[2022-09-17T02:34:24.824-0700][gc,heap     ] GC(70) Old regions: 70->70
[2022-09-17T02:34:24.824-0700][gc,heap     ] GC(70) Archive regions: 2->2
[2022-09-17T02:34:24.824-0700][gc,heap     ] GC(70) Humongous regions: 40->40
[2022-09-17T02:34:24.824-0700][gc,metaspace] GC(70) Metaspace: 72777K(73536K)->72777K(73536K) NonClass: 64323K(64704K)->64323K(64704K) Class: 8454K(8832K)->8454K(8832K)
[2022-09-17T02:34:24.824-0700][gc          ] GC(70) Pause Young (Normal) (G1 Evacuation Pause) 366M->111M(512M) 5.980ms
[2022-09-17T02:34:24.824-0700][gc,cpu      ] GC(70) User=0.01s Sys=0.00s Real=0.01s
[2022-09-17T02:59:21.868-0700][gc,start    ] GC(71) Pause Young (Normal) (G1 Evacuation Pause)
[2022-09-17T02:59:21.868-0700][gc,task     ] GC(71) Using 4 workers of 4 for evacuation
[2022-09-17T02:59:21.873-0700][gc,phases   ] GC(71)   Pre Evacuate Collection Set: 0.3ms
[2022-09-17T02:59:21.873-0700][gc,phases   ] GC(71)   Merge Heap Roots: 0.1ms
[2022-09-17T02:59:21.873-0700][gc,phases   ] GC(71)   Evacuate Collection Set: 3.1ms
[2022-09-17T02:59:21.873-0700][gc,phases   ] GC(71)   Post Evacuate Collection Set: 0.9ms
[2022-09-17T02:59:21.873-0700][gc,phases   ] GC(71)   Other: 0.3ms
[2022-09-17T02:59:21.873-0700][gc,heap     ] GC(71) Eden regions: 255->0(255)
[2022-09-17T02:59:21.873-0700][gc,heap     ] GC(71) Survivor regions: 1->1(32)
[2022-09-17T02:59:21.873-0700][gc,heap     ] GC(71) Old regions: 70->71
[2022-09-17T02:59:21.873-0700][gc,heap     ] GC(71) Archive regions: 2->2
[2022-09-17T02:59:21.873-0700][gc,heap     ] GC(71) Humongous regions: 40->40
[2022-09-17T02:59:21.873-0700][gc,metaspace] GC(71) Metaspace: 72777K(73536K)->72777K(73536K) NonClass: 64323K(64704K)->64323K(64704K) Class: 8454K(8832K)->8454K(8832K)
[2022-09-17T02:59:21.873-0700][gc          ] GC(71) Pause Young (Normal) (G1 Evacuation Pause) 366M->111M(512M) 5.363ms
[2022-09-17T02:59:21.873-0700][gc,cpu      ] GC(71) User=0.02s Sys=0.00s Real=0.01s
[2022-09-17T03:24:22.544-0700][gc,start    ] GC(72) Pause Young (Normal) (G1 Evacuation Pause)
[2022-09-17T03:24:22.544-0700][gc,task     ] GC(72) Using 4 workers of 4 for evacuation
[2022-09-17T03:24:22.548-0700][gc,phases   ] GC(72)   Pre Evacuate Collection Set: 0.2ms
[2022-09-17T03:24:22.548-0700][gc,phases   ] GC(72)   Merge Heap Roots: 0.1ms
[2022-09-17T03:24:22.548-0700][gc,phases   ] GC(72)   Evacuate Collection Set: 2.2ms
[2022-09-17T03:24:22.548-0700][gc,phases   ] GC(72)   Post Evacuate Collection Set: 1.0ms
[2022-09-17T03:24:22.548-0700][gc,phases   ] GC(72)   Other: 0.3ms
[2022-09-17T03:24:22.548-0700][gc,heap     ] GC(72) Eden regions: 255->0(255)
[2022-09-17T03:24:22.548-0700][gc,heap     ] GC(72) Survivor regions: 1->1(32)
[2022-09-17T03:24:22.548-0700][gc,heap     ] GC(72) Old regions: 71->71
[2022-09-17T03:24:22.548-0700][gc,heap     ] GC(72) Archive regions: 2->2
[2022-09-17T03:24:22.548-0700][gc,heap     ] GC(72) Humongous regions: 40->40
[2022-09-17T03:24:22.548-0700][gc,metaspace] GC(72) Metaspace: 72778K(73536K)->72778K(73536K) NonClass: 64323K(64704K)->64323K(64704K) Class: 8454K(8832K)->8454K(8832K)
[2022-09-17T03:24:22.548-0700][gc          ] GC(72) Pause Young (Normal) (G1 Evacuation Pause) 366M->111M(512M) 4.354ms
[2022-09-17T03:24:22.548-0700][gc,cpu      ] GC(72) User=0.01s Sys=0.00s Real=0.00s
[2022-09-17T03:49:28.882-0700][gc,start    ] GC(73) Pause Young (Normal) (G1 Evacuation Pause)
[2022-09-17T03:49:28.886-0700][gc,task     ] GC(73) Using 4 workers of 4 for evacuation
[2022-09-17T03:49:28.976-0700][gc,phases   ] GC(73)   Pre Evacuate Collection Set: 2.4ms
[2022-09-17T03:49:28.976-0700][gc,phases   ] GC(73)   Merge Heap Roots: 0.8ms
[2022-09-17T03:49:28.976-0700][gc,phases   ] GC(73)   Evacuate Collection Set: 82.4ms
