[2022-09-09T08:47:05.825-0700][gc,init] CardTable entry size: 512
[2022-09-09T08:47:05.826-0700][gc     ] Using G1
[2022-09-09T08:47:05.831-0700][gc,init] Version: 18.0.1+10-24 (release)
[2022-09-09T08:47:05.831-0700][gc,init] CPUs: 4 total, 4 available
[2022-09-09T08:47:05.831-0700][gc,init] Memory: 8192M
[2022-09-09T08:47:05.831-0700][gc,init] Large Page Support: Disabled
[2022-09-09T08:47:05.831-0700][gc,init] NUMA Support: Disabled
[2022-09-09T08:47:05.831-0700][gc,init] Compressed Oops: Enabled (Zero based)
[2022-09-09T08:47:05.831-0700][gc,init] Heap Region Size: 1M
[2022-09-09T08:47:05.831-0700][gc,init] Heap Min Capacity: 512M
[2022-09-09T08:47:05.831-0700][gc,init] Heap Initial Capacity: 512M
[2022-09-09T08:47:05.831-0700][gc,init] Heap Max Capacity: 512M
[2022-09-09T08:47:05.831-0700][gc,init] Pre-touch: Disabled
[2022-09-09T08:47:05.831-0700][gc,init] Parallel Workers: 4
[2022-09-09T08:47:05.831-0700][gc,init] Concurrent Workers: 1
[2022-09-09T08:47:05.831-0700][gc,init] Concurrent Refinement Workers: 4
[2022-09-09T08:47:05.831-0700][gc,init] Periodic GC: Disabled
[2022-09-09T08:47:05.831-0700][gc,metaspace] CDS archive(s) mapped at: [0x0000000800000000-0x0000000800ba8000-0x0000000800ba8000), size 12222464, SharedBaseAddress: 0x0000000800000000, ArchiveRelocationMode: 0.
[2022-09-09T08:47:05.831-0700][gc,metaspace] Compressed class space mapped at: 0x0000000800c00000-0x0000000840c00000, reserved size: 1073741824
[2022-09-09T08:47:05.831-0700][gc,metaspace] Narrow klass base: 0x0000000800000000, Narrow klass shift: 0, Narrow klass range: 0x100000000
[2022-09-09T08:47:20.234-0700][gc,start    ] GC(0) Pause Young (Normal) (G1 Evacuation Pause)
[2022-09-09T08:47:20.235-0700][gc,task     ] GC(0) Using 4 workers of 4 for evacuation
[2022-09-09T08:47:20.292-0700][gc,phases   ] GC(0)   Pre Evacuate Collection Set: 0.4ms
[2022-09-09T08:47:20.292-0700][gc,phases   ] GC(0)   Merge Heap Roots: 0.2ms
[2022-09-09T08:47:20.292-0700][gc,phases   ] GC(0)   Evacuate Collection Set: 54.6ms
[2022-09-09T08:47:20.292-0700][gc,phases   ] GC(0)   Post Evacuate Collection Set: 1.5ms
[2022-09-09T08:47:20.292-0700][gc,phases   ] GC(0)   Other: 0.7ms
[2022-09-09T08:47:20.292-0700][gc,heap     ] GC(0) Eden regions: 256->0(250)
[2022-09-09T08:47:20.292-0700][gc,heap     ] GC(0) Survivor regions: 0->6(32)
[2022-09-09T08:47:20.292-0700][gc,heap     ] GC(0) Old regions: 0->0
[2022-09-09T08:47:20.292-0700][gc,heap     ] GC(0) Archive regions: 2->2
[2022-09-09T08:47:20.292-0700][gc,heap     ] GC(0) Humongous regions: 3->0
[2022-09-09T08:47:20.292-0700][gc,metaspace] GC(0) Metaspace: 11082K(11392K)->11082K(11392K) NonClass: 9794K(9984K)->9794K(9984K) Class: 1288K(1408K)->1288K(1408K)
[2022-09-09T08:47:20.292-0700][gc          ] GC(0) Pause Young (Normal) (G1 Evacuation Pause) 259M->6M(512M) 58.043ms
[2022-09-09T08:47:20.292-0700][gc,cpu      ] GC(0) User=0.04s Sys=0.10s Real=0.06s
[2022-09-09T08:47:22.782-0700][gc,start    ] GC(1) Pause Young (Normal) (G1 Evacuation Pause)
[2022-09-09T08:47:22.782-0700][gc,task     ] GC(1) Using 4 workers of 4 for evacuation
[2022-09-09T08:47:22.805-0700][gc,phases   ] GC(1)   Pre Evacuate Collection Set: 0.1ms
[2022-09-09T08:47:22.806-0700][gc,phases   ] GC(1)   Merge Heap Roots: 0.1ms
[2022-09-09T08:47:22.806-0700][gc,phases   ] GC(1)   Evacuate Collection Set: 19.9ms
[2022-09-09T08:47:22.806-0700][gc,phases   ] GC(1)   Post Evacuate Collection Set: 1.5ms
[2022-09-09T08:47:22.806-0700][gc,phases   ] GC(1)   Other: 0.9ms
[2022-09-09T08:47:22.806-0700][gc,heap     ] GC(1) Eden regions: 250->0(249)
[2022-09-09T08:47:22.806-0700][gc,heap     ] GC(1) Survivor regions: 6->7(32)
[2022-09-09T08:47:22.806-0700][gc,heap     ] GC(1) Old regions: 0->0
[2022-09-09T08:47:22.806-0700][gc,heap     ] GC(1) Archive regions: 2->2
[2022-09-09T08:47:22.806-0700][gc,heap     ] GC(1) Humongous regions: 0->0
[2022-09-09T08:47:22.806-0700][gc,metaspace] GC(1) Metaspace: 13706K(14016K)->13706K(14016K) NonClass: 12149K(12288K)->12149K(12288K) Class: 1556K(1728K)->1556K(1728K)
[2022-09-09T08:47:22.806-0700][gc          ] GC(1) Pause Young (Normal) (G1 Evacuation Pause) 256M->7M(512M) 23.639ms
[2022-09-09T08:47:22.806-0700][gc,cpu      ] GC(1) User=0.03s Sys=0.03s Real=0.02s
[2022-09-09T08:47:32.021-0700][gc,start    ] GC(2) Pause Young (Normal) (G1 Evacuation Pause)
[2022-09-09T08:47:32.024-0700][gc,task     ] GC(2) Using 4 workers of 4 for evacuation
[2022-09-09T08:47:32.094-0700][gc,phases   ] GC(2)   Pre Evacuate Collection Set: 0.3ms
[2022-09-09T08:47:32.094-0700][gc,phases   ] GC(2)   Merge Heap Roots: 0.2ms
[2022-09-09T08:47:32.094-0700][gc,phases   ] GC(2)   Evacuate Collection Set: 66.9ms
[2022-09-09T08:47:32.094-0700][gc,phases   ] GC(2)   Post Evacuate Collection Set: 2.5ms
[2022-09-09T08:47:32.094-0700][gc,phases   ] GC(2)   Other: 0.3ms
[2022-09-09T08:47:32.094-0700][gc,heap     ] GC(2) Eden regions: 249->0(242)
[2022-09-09T08:47:32.094-0700][gc,heap     ] GC(2) Survivor regions: 7->14(32)
[2022-09-09T08:47:32.094-0700][gc,heap     ] GC(2) Old regions: 0->0
[2022-09-09T08:47:32.094-0700][gc,heap     ] GC(2) Archive regions: 2->2
[2022-09-09T08:47:32.094-0700][gc,heap     ] GC(2) Humongous regions: 0->0
[2022-09-09T08:47:32.094-0700][gc,metaspace] GC(2) Metaspace: 18426K(18688K)->18426K(18688K) NonClass: 16290K(16448K)->16290K(16448K) Class: 2136K(2240K)->2136K(2240K)
[2022-09-09T08:47:32.094-0700][gc          ] GC(2) Pause Young (Normal) (G1 Evacuation Pause) 256M->14M(512M) 72.733ms
[2022-09-09T08:47:32.094-0700][gc,cpu      ] GC(2) User=0.07s Sys=0.06s Real=0.07s
[2022-09-09T08:47:34.224-0700][gc,start    ] GC(3) Pause Young (Normal) (G1 Evacuation Pause)
[2022-09-09T08:47:34.224-0700][gc,task     ] GC(3) Using 4 workers of 4 for evacuation
[2022-09-09T08:47:34.245-0700][gc,phases   ] GC(3)   Pre Evacuate Collection Set: 0.1ms
[2022-09-09T08:47:34.245-0700][gc,phases   ] GC(3)   Merge Heap Roots: 0.1ms
[2022-09-09T08:47:34.245-0700][gc,phases   ] GC(3)   Evacuate Collection Set: 18.9ms
[2022-09-09T08:47:34.245-0700][gc,phases   ] GC(3)   Post Evacuate Collection Set: 1.8ms
[2022-09-09T08:47:34.245-0700][gc,phases   ] GC(3)   Other: 0.1ms
[2022-09-09T08:47:34.245-0700][gc,heap     ] GC(3) Eden regions: 242->0(238)
[2022-09-09T08:47:34.245-0700][gc,heap     ] GC(3) Survivor regions: 14->18(32)
[2022-09-09T08:47:34.245-0700][gc,heap     ] GC(3) Old regions: 0->0
[2022-09-09T08:47:34.245-0700][gc,heap     ] GC(3) Archive regions: 2->2
[2022-09-09T08:47:34.245-0700][gc,heap     ] GC(3) Humongous regions: 0->0
[2022-09-09T08:47:34.245-0700][gc,metaspace] GC(3) Metaspace: 20933K(21184K)->20933K(21184K) NonClass: 18537K(18688K)->18537K(18688K) Class: 2396K(2496K)->2396K(2496K)
[2022-09-09T08:47:34.245-0700][gc          ] GC(3) Pause Young (Normal) (G1 Evacuation Pause) 256M->18M(512M) 21.356ms
[2022-09-09T08:47:34.245-0700][gc,cpu      ] GC(3) User=0.07s Sys=0.00s Real=0.02s
[2022-09-09T08:47:34.744-0700][gc,start    ] GC(4) Pause Young (Concurrent Start) (Metadata GC Threshold)
[2022-09-09T08:47:34.744-0700][gc,task     ] GC(4) Using 4 workers of 4 for evacuation
[2022-09-09T08:47:34.781-0700][gc,phases   ] GC(4)   Pre Evacuate Collection Set: 3.6ms
[2022-09-09T08:47:34.781-0700][gc,phases   ] GC(4)   Merge Heap Roots: 0.1ms
[2022-09-09T08:47:34.781-0700][gc,phases   ] GC(4)   Evacuate Collection Set: 32.8ms
[2022-09-09T08:47:34.782-0700][gc,phases   ] GC(4)   Post Evacuate Collection Set: 1.0ms
[2022-09-09T08:47:34.782-0700][gc,phases   ] GC(4)   Other: 0.1ms
[2022-09-09T08:47:34.782-0700][gc,heap     ] GC(4) Eden regions: 126->0(241)
[2022-09-09T08:47:34.782-0700][gc,heap     ] GC(4) Survivor regions: 18->15(32)
[2022-09-09T08:47:34.782-0700][gc,heap     ] GC(4) Old regions: 0->6
[2022-09-09T08:47:34.782-0700][gc,heap     ] GC(4) Archive regions: 2->2
[2022-09-09T08:47:34.782-0700][gc,heap     ] GC(4) Humongous regions: 0->0
[2022-09-09T08:47:34.782-0700][gc,metaspace] GC(4) Metaspace: 21227K(21504K)->21227K(21504K) NonClass: 18795K(18944K)->18795K(18944K) Class: 2432K(2560K)->2432K(2560K)
[2022-09-09T08:47:34.782-0700][gc          ] GC(4) Pause Young (Concurrent Start) (Metadata GC Threshold) 144M->20M(512M) 37.864ms
[2022-09-09T08:47:34.782-0700][gc,cpu      ] GC(4) User=0.07s Sys=0.02s Real=0.04s
[2022-09-09T08:47:34.782-0700][gc          ] GC(5) Concurrent Mark Cycle
[2022-09-09T08:47:34.782-0700][gc,marking  ] GC(5) Concurrent Clear Claimed Marks
[2022-09-09T08:47:34.782-0700][gc,marking  ] GC(5) Concurrent Clear Claimed Marks 0.038ms
[2022-09-09T08:47:34.782-0700][gc,marking  ] GC(5) Concurrent Scan Root Regions
[2022-09-09T08:47:34.802-0700][gc,marking  ] GC(5) Concurrent Scan Root Regions 20.436ms
[2022-09-09T08:47:34.802-0700][gc,marking  ] GC(5) Concurrent Mark
[2022-09-09T08:47:34.802-0700][gc,marking  ] GC(5) Concurrent Mark From Roots
[2022-09-09T08:47:34.802-0700][gc,task     ] GC(5) Using 1 workers of 1 for marking
[2022-09-09T08:47:34.811-0700][gc,marking  ] GC(5) Concurrent Mark From Roots 8.959ms
[2022-09-09T08:47:34.811-0700][gc,marking  ] GC(5) Concurrent Preclean
[2022-09-09T08:47:34.812-0700][gc,marking  ] GC(5) Concurrent Preclean 0.244ms
[2022-09-09T08:47:34.812-0700][gc,start    ] GC(5) Pause Remark
[2022-09-09T08:47:34.817-0700][gc          ] GC(5) Pause Remark 24M->24M(512M) 5.354ms
[2022-09-09T08:47:34.817-0700][gc,cpu      ] GC(5) User=0.01s Sys=0.00s Real=0.00s
[2022-09-09T08:47:34.818-0700][gc,marking  ] GC(5) Concurrent Mark 15.222ms
[2022-09-09T08:47:34.818-0700][gc,marking  ] GC(5) Concurrent Rebuild Remembered Sets
[2022-09-09T08:47:34.827-0700][gc,marking  ] GC(5) Concurrent Rebuild Remembered Sets 9.218ms
[2022-09-09T08:47:34.827-0700][gc,start    ] GC(5) Pause Cleanup
[2022-09-09T08:47:34.827-0700][gc          ] GC(5) Pause Cleanup 25M->25M(512M) 0.119ms
[2022-09-09T08:47:34.827-0700][gc,cpu      ] GC(5) User=0.00s Sys=0.00s Real=0.00s
[2022-09-09T08:47:34.827-0700][gc,marking  ] GC(5) Concurrent Cleanup for Next Mark
[2022-09-09T08:47:34.836-0700][gc,marking  ] GC(5) Concurrent Cleanup for Next Mark 8.247ms
[2022-09-09T08:47:34.836-0700][gc          ] GC(5) Concurrent Mark Cycle 54.642ms
[2022-09-09T08:47:39.378-0700][gc,start    ] GC(6) Pause Young (Normal) (G1 Evacuation Pause)
[2022-09-09T08:47:39.380-0700][gc,task     ] GC(6) Using 4 workers of 4 for evacuation
[2022-09-09T08:47:39.404-0700][gc,phases   ] GC(6)   Pre Evacuate Collection Set: 0.1ms
[2022-09-09T08:47:39.404-0700][gc,phases   ] GC(6)   Merge Heap Roots: 0.2ms
[2022-09-09T08:47:39.404-0700][gc,phases   ] GC(6)   Evacuate Collection Set: 22.4ms
[2022-09-09T08:47:39.404-0700][gc,phases   ] GC(6)   Post Evacuate Collection Set: 1.0ms
[2022-09-09T08:47:39.404-0700][gc,phases   ] GC(6)   Other: 0.2ms
[2022-09-09T08:47:39.404-0700][gc,heap     ] GC(6) Eden regions: 241->0(241)
[2022-09-09T08:47:39.404-0700][gc,heap     ] GC(6) Survivor regions: 15->15(32)
[2022-09-09T08:47:39.404-0700][gc,heap     ] GC(6) Old regions: 6->6
[2022-09-09T08:47:39.404-0700][gc,heap     ] GC(6) Archive regions: 2->2
[2022-09-09T08:47:39.404-0700][gc,heap     ] GC(6) Humongous regions: 0->0
[2022-09-09T08:47:39.404-0700][gc,metaspace] GC(6) Metaspace: 26778K(27136K)->26778K(27136K) NonClass: 23620K(23808K)->23620K(23808K) Class: 3158K(3328K)->3158K(3328K)
[2022-09-09T08:47:39.404-0700][gc          ] GC(6) Pause Young (Normal) (G1 Evacuation Pause) 261M->21M(512M) 26.578ms
[2022-09-09T08:47:39.405-0700][gc,cpu      ] GC(6) User=0.08s Sys=0.00s Real=0.03s
[2022-09-09T08:47:44.471-0700][gc,start    ] GC(7) Pause Young (Concurrent Start) (Metadata GC Threshold)
[2022-09-09T08:47:44.471-0700][gc,task     ] GC(7) Using 4 workers of 4 for evacuation
[2022-09-09T08:47:44.517-0700][gc,phases   ] GC(7)   Pre Evacuate Collection Set: 0.2ms
[2022-09-09T08:47:44.517-0700][gc,phases   ] GC(7)   Merge Heap Roots: 0.1ms
[2022-09-09T08:47:44.517-0700][gc,phases   ] GC(7)   Evacuate Collection Set: 44.0ms
[2022-09-09T08:47:44.517-0700][gc,phases   ] GC(7)   Post Evacuate Collection Set: 1.5ms
[2022-09-09T08:47:44.517-0700][gc,phases   ] GC(7)   Other: 0.1ms
[2022-09-09T08:47:44.517-0700][gc,heap     ] GC(7) Eden regions: 124->0(235)
[2022-09-09T08:47:44.517-0700][gc,heap     ] GC(7) Survivor regions: 15->21(32)
[2022-09-09T08:47:44.517-0700][gc,heap     ] GC(7) Old regions: 6->6
[2022-09-09T08:47:44.518-0700][gc,heap     ] GC(7) Archive regions: 2->2
[2022-09-09T08:47:44.518-0700][gc,heap     ] GC(7) Humongous regions: 0->0
[2022-09-09T08:47:44.518-0700][gc,metaspace] GC(7) Metaspace: 35628K(35968K)->35628K(35968K) NonClass: 31396K(31552K)->31396K(31552K) Class: 4232K(4416K)->4232K(4416K)
[2022-09-09T08:47:44.518-0700][gc          ] GC(7) Pause Young (Concurrent Start) (Metadata GC Threshold) 144M->26M(512M) 46.583ms
[2022-09-09T08:47:44.518-0700][gc,cpu      ] GC(7) User=0.08s Sys=0.02s Real=0.04s
[2022-09-09T08:47:44.518-0700][gc          ] GC(8) Concurrent Mark Cycle
[2022-09-09T08:47:44.518-0700][gc,marking  ] GC(8) Concurrent Clear Claimed Marks
[2022-09-09T08:47:44.518-0700][gc,marking  ] GC(8) Concurrent Clear Claimed Marks 0.043ms
[2022-09-09T08:47:44.518-0700][gc,marking  ] GC(8) Concurrent Scan Root Regions
[2022-09-09T08:47:44.545-0700][gc,marking  ] GC(8) Concurrent Scan Root Regions 26.727ms
[2022-09-09T08:47:44.545-0700][gc,marking  ] GC(8) Concurrent Mark
[2022-09-09T08:47:44.545-0700][gc,marking  ] GC(8) Concurrent Mark From Roots
[2022-09-09T08:47:44.545-0700][gc,task     ] GC(8) Using 1 workers of 1 for marking
[2022-09-09T08:47:44.569-0700][gc,marking  ] GC(8) Concurrent Mark From Roots 23.736ms
[2022-09-09T08:47:44.569-0700][gc,marking  ] GC(8) Concurrent Preclean
[2022-09-09T08:47:44.569-0700][gc,marking  ] GC(8) Concurrent Preclean 0.076ms
[2022-09-09T08:47:44.569-0700][gc,start    ] GC(8) Pause Remark
[2022-09-09T08:47:44.574-0700][gc          ] GC(8) Pause Remark 28M->28M(512M) 5.518ms
[2022-09-09T08:47:44.574-0700][gc,cpu      ] GC(8) User=0.02s Sys=0.00s Real=0.01s
[2022-09-09T08:47:44.575-0700][gc,marking  ] GC(8) Concurrent Mark 29.808ms
[2022-09-09T08:47:44.575-0700][gc,marking  ] GC(8) Concurrent Rebuild Remembered Sets
[2022-09-09T08:47:44.584-0700][gc,marking  ] GC(8) Concurrent Rebuild Remembered Sets 9.685ms
[2022-09-09T08:47:44.585-0700][gc,start    ] GC(8) Pause Cleanup
[2022-09-09T08:47:44.585-0700][gc          ] GC(8) Pause Cleanup 29M->29M(512M) 0.198ms
[2022-09-09T08:47:44.585-0700][gc,cpu      ] GC(8) User=0.00s Sys=0.00s Real=0.00s
[2022-09-09T08:47:44.595-0700][gc,marking  ] GC(8) Concurrent Cleanup for Next Mark
[2022-09-09T08:47:44.602-0700][gc,marking  ] GC(8) Concurrent Cleanup for Next Mark 7.489ms
[2022-09-09T08:47:44.603-0700][gc          ] GC(8) Concurrent Mark Cycle 84.764ms
[2022-09-09T08:58:13.008-0700][gc,heap,exit] Heap
[2022-09-09T08:58:13.011-0700][gc,heap,exit]  garbage-first heap   total 524288K, used 213926K [0x00000007e0000000, 0x0000000800000000)
[2022-09-09T08:58:13.012-0700][gc,heap,exit]   region size 1024K, 198 young (202752K), 21 survivors (21504K)
[2022-09-09T08:58:13.012-0700][gc,heap,exit]  Metaspace       used 45376K, committed 45888K, reserved 1114112K
[2022-09-09T08:58:13.012-0700][gc,heap,exit]   class space    used 5437K, committed 5696K, reserved 1048576K
