[2022-09-11T00:57:28.366-0700][gc,init] CardTable entry size: 512
[2022-09-11T00:57:28.366-0700][gc     ] Using G1
[2022-09-11T00:57:28.374-0700][gc,init] Version: 18.0.1+10-24 (release)
[2022-09-11T00:57:28.374-0700][gc,init] CPUs: 4 total, 4 available
[2022-09-11T00:57:28.374-0700][gc,init] Memory: 8192M
[2022-09-11T00:57:28.374-0700][gc,init] Large Page Support: Disabled
[2022-09-11T00:57:28.374-0700][gc,init] NUMA Support: Disabled
[2022-09-11T00:57:28.374-0700][gc,init] Compressed Oops: Enabled (Zero based)
[2022-09-11T00:57:28.374-0700][gc,init] Heap Region Size: 1M
[2022-09-11T00:57:28.374-0700][gc,init] Heap Min Capacity: 512M
[2022-09-11T00:57:28.374-0700][gc,init] Heap Initial Capacity: 512M
[2022-09-11T00:57:28.374-0700][gc,init] Heap Max Capacity: 512M
[2022-09-11T00:57:28.374-0700][gc,init] Pre-touch: Disabled
[2022-09-11T00:57:28.374-0700][gc,init] Parallel Workers: 4
[2022-09-11T00:57:28.374-0700][gc,init] Concurrent Workers: 1
[2022-09-11T00:57:28.374-0700][gc,init] Concurrent Refinement Workers: 4
[2022-09-11T00:57:28.374-0700][gc,init] Periodic GC: Disabled
[2022-09-11T00:57:28.375-0700][gc,metaspace] CDS archive(s) mapped at: [0x0000000800000000-0x0000000800ba8000-0x0000000800ba8000), size 12222464, SharedBaseAddress: 0x0000000800000000, ArchiveRelocationMode: 0.
[2022-09-11T00:57:28.375-0700][gc,metaspace] Compressed class space mapped at: 0x0000000800c00000-0x0000000840c00000, reserved size: 1073741824
[2022-09-11T00:57:28.375-0700][gc,metaspace] Narrow klass base: 0x0000000800000000, Narrow klass shift: 0, Narrow klass range: 0x100000000
[2022-09-11T00:57:42.003-0700][gc,start    ] GC(0) Pause Young (Normal) (G1 Evacuation Pause)
[2022-09-11T00:57:42.004-0700][gc,task     ] GC(0) Using 4 workers of 4 for evacuation
[2022-09-11T00:57:42.056-0700][gc,phases   ] GC(0)   Pre Evacuate Collection Set: 0.4ms
[2022-09-11T00:57:42.057-0700][gc,phases   ] GC(0)   Merge Heap Roots: 0.8ms
[2022-09-11T00:57:42.057-0700][gc,phases   ] GC(0)   Evacuate Collection Set: 49.2ms
[2022-09-11T00:57:42.057-0700][gc,phases   ] GC(0)   Post Evacuate Collection Set: 1.9ms
[2022-09-11T00:57:42.057-0700][gc,phases   ] GC(0)   Other: 0.6ms
[2022-09-11T00:57:42.057-0700][gc,heap     ] GC(0) Eden regions: 256->0(250)
[2022-09-11T00:57:42.057-0700][gc,heap     ] GC(0) Survivor regions: 0->6(32)
[2022-09-11T00:57:42.057-0700][gc,heap     ] GC(0) Old regions: 0->0
[2022-09-11T00:57:42.057-0700][gc,heap     ] GC(0) Archive regions: 2->2
[2022-09-11T00:57:42.057-0700][gc,heap     ] GC(0) Humongous regions: 3->0
[2022-09-11T00:57:42.057-0700][gc,metaspace] GC(0) Metaspace: 11017K(11264K)->11017K(11264K) NonClass: 9728K(9856K)->9728K(9856K) Class: 1288K(1408K)->1288K(1408K)
[2022-09-11T00:57:42.057-0700][gc          ] GC(0) Pause Young (Normal) (G1 Evacuation Pause) 259M->6M(512M) 53.878ms
[2022-09-11T00:57:42.057-0700][gc,cpu      ] GC(0) User=0.04s Sys=0.05s Real=0.05s
[2022-09-11T00:57:44.252-0700][gc,start    ] GC(1) Pause Young (Normal) (G1 Evacuation Pause)
[2022-09-11T00:57:44.252-0700][gc,task     ] GC(1) Using 4 workers of 4 for evacuation
[2022-09-11T00:57:44.313-0700][gc,phases   ] GC(1)   Pre Evacuate Collection Set: 0.3ms
[2022-09-11T00:57:44.313-0700][gc,phases   ] GC(1)   Merge Heap Roots: 2.7ms
[2022-09-11T00:57:44.314-0700][gc,phases   ] GC(1)   Evacuate Collection Set: 54.7ms
[2022-09-11T00:57:44.314-0700][gc,phases   ] GC(1)   Post Evacuate Collection Set: 3.1ms
[2022-09-11T00:57:44.314-0700][gc,phases   ] GC(1)   Other: 0.2ms
[2022-09-11T00:57:44.314-0700][gc,heap     ] GC(1) Eden regions: 250->0(249)
[2022-09-11T00:57:44.314-0700][gc,heap     ] GC(1) Survivor regions: 6->7(32)
[2022-09-11T00:57:44.314-0700][gc,heap     ] GC(1) Old regions: 0->0
[2022-09-11T00:57:44.315-0700][gc,heap     ] GC(1) Archive regions: 2->2
[2022-09-11T00:57:44.315-0700][gc,heap     ] GC(1) Humongous regions: 0->0
[2022-09-11T00:57:44.315-0700][gc,metaspace] GC(1) Metaspace: 14326K(14656K)->14326K(14656K) NonClass: 12705K(12864K)->12705K(12864K) Class: 1621K(1792K)->1621K(1792K)
[2022-09-11T00:57:44.315-0700][gc          ] GC(1) Pause Young (Normal) (G1 Evacuation Pause) 256M->7M(512M) 62.946ms
[2022-09-11T00:57:44.315-0700][gc,cpu      ] GC(1) User=0.03s Sys=0.02s Real=0.06s
[2022-09-11T00:57:48.117-0700][gc,start    ] GC(2) Pause Young (Normal) (G1 Evacuation Pause)
[2022-09-11T00:57:48.117-0700][gc,task     ] GC(2) Using 4 workers of 4 for evacuation
[2022-09-11T00:57:48.178-0700][gc,phases   ] GC(2)   Pre Evacuate Collection Set: 0.3ms
[2022-09-11T00:57:48.178-0700][gc,phases   ] GC(2)   Merge Heap Roots: 0.1ms
[2022-09-11T00:57:48.178-0700][gc,phases   ] GC(2)   Evacuate Collection Set: 58.6ms
[2022-09-11T00:57:48.178-0700][gc,phases   ] GC(2)   Post Evacuate Collection Set: 1.7ms
[2022-09-11T00:57:48.178-0700][gc,phases   ] GC(2)   Other: 0.2ms
[2022-09-11T00:57:48.178-0700][gc,heap     ] GC(2) Eden regions: 249->0(242)
[2022-09-11T00:57:48.178-0700][gc,heap     ] GC(2) Survivor regions: 7->14(32)
[2022-09-11T00:57:48.178-0700][gc,heap     ] GC(2) Old regions: 0->0
[2022-09-11T00:57:48.178-0700][gc,heap     ] GC(2) Archive regions: 2->2
[2022-09-11T00:57:48.178-0700][gc,heap     ] GC(2) Humongous regions: 0->0
[2022-09-11T00:57:48.179-0700][gc,metaspace] GC(2) Metaspace: 18344K(18624K)->18344K(18624K) NonClass: 16210K(16384K)->16210K(16384K) Class: 2134K(2240K)->2134K(2240K)
[2022-09-11T00:57:48.179-0700][gc          ] GC(2) Pause Young (Normal) (G1 Evacuation Pause) 256M->14M(512M) 61.450ms
[2022-09-11T00:57:48.179-0700][gc,cpu      ] GC(2) User=0.09s Sys=0.02s Real=0.06s
[2022-09-11T00:57:50.135-0700][gc,start    ] GC(3) Pause Young (Normal) (G1 Evacuation Pause)
[2022-09-11T00:57:50.135-0700][gc,task     ] GC(3) Using 4 workers of 4 for evacuation
[2022-09-11T00:57:50.156-0700][gc,phases   ] GC(3)   Pre Evacuate Collection Set: 0.1ms
[2022-09-11T00:57:50.156-0700][gc,phases   ] GC(3)   Merge Heap Roots: 0.1ms
[2022-09-11T00:57:50.156-0700][gc,phases   ] GC(3)   Evacuate Collection Set: 18.7ms
[2022-09-11T00:57:50.156-0700][gc,phases   ] GC(3)   Post Evacuate Collection Set: 1.6ms
[2022-09-11T00:57:50.156-0700][gc,phases   ] GC(3)   Other: 0.1ms
[2022-09-11T00:57:50.156-0700][gc,heap     ] GC(3) Eden regions: 242->0(238)
[2022-09-11T00:57:50.156-0700][gc,heap     ] GC(3) Survivor regions: 14->18(32)
[2022-09-11T00:57:50.156-0700][gc,heap     ] GC(3) Old regions: 0->0
[2022-09-11T00:57:50.156-0700][gc,heap     ] GC(3) Archive regions: 2->2
[2022-09-11T00:57:50.156-0700][gc,heap     ] GC(3) Humongous regions: 0->0
[2022-09-11T00:57:50.156-0700][gc,metaspace] GC(3) Metaspace: 20881K(21120K)->20881K(21120K) NonClass: 18486K(18624K)->18486K(18624K) Class: 2394K(2496K)->2394K(2496K)
[2022-09-11T00:57:50.157-0700][gc          ] GC(3) Pause Young (Normal) (G1 Evacuation Pause) 256M->18M(512M) 21.210ms
[2022-09-11T00:57:50.157-0700][gc,cpu      ] GC(3) User=0.06s Sys=0.00s Real=0.02s
[2022-09-11T00:57:50.716-0700][gc,start    ] GC(4) Pause Young (Concurrent Start) (Metadata GC Threshold)
[2022-09-11T00:57:50.716-0700][gc,task     ] GC(4) Using 4 workers of 4 for evacuation
[2022-09-11T00:57:50.751-0700][gc,phases   ] GC(4)   Pre Evacuate Collection Set: 0.2ms
[2022-09-11T00:57:50.751-0700][gc,phases   ] GC(4)   Merge Heap Roots: 0.1ms
[2022-09-11T00:57:50.751-0700][gc,phases   ] GC(4)   Evacuate Collection Set: 33.6ms
[2022-09-11T00:57:50.751-0700][gc,phases   ] GC(4)   Post Evacuate Collection Set: 1.4ms
[2022-09-11T00:57:50.751-0700][gc,phases   ] GC(4)   Other: 0.1ms
[2022-09-11T00:57:50.751-0700][gc,heap     ] GC(4) Eden regions: 128->0(241)
[2022-09-11T00:57:50.751-0700][gc,heap     ] GC(4) Survivor regions: 18->15(32)
[2022-09-11T00:57:50.751-0700][gc,heap     ] GC(4) Old regions: 0->6
[2022-09-11T00:57:50.751-0700][gc,heap     ] GC(4) Archive regions: 2->2
[2022-09-11T00:57:50.751-0700][gc,heap     ] GC(4) Humongous regions: 0->0
[2022-09-11T00:57:50.751-0700][gc,metaspace] GC(4) Metaspace: 21232K(21504K)->21232K(21504K) NonClass: 18795K(18944K)->18795K(18944K) Class: 2437K(2560K)->2437K(2560K)
[2022-09-11T00:57:50.751-0700][gc          ] GC(4) Pause Young (Concurrent Start) (Metadata GC Threshold) 145M->20M(512M) 35.736ms
[2022-09-11T00:57:50.751-0700][gc,cpu      ] GC(4) User=0.07s Sys=0.01s Real=0.04s
[2022-09-11T00:57:50.752-0700][gc          ] GC(5) Concurrent Mark Cycle
[2022-09-11T00:57:50.752-0700][gc,marking  ] GC(5) Concurrent Clear Claimed Marks
[2022-09-11T00:57:50.752-0700][gc,marking  ] GC(5) Concurrent Clear Claimed Marks 0.052ms
[2022-09-11T00:57:50.752-0700][gc,marking  ] GC(5) Concurrent Scan Root Regions
[2022-09-11T00:57:50.779-0700][gc,marking  ] GC(5) Concurrent Scan Root Regions 27.716ms
[2022-09-11T00:57:50.780-0700][gc,marking  ] GC(5) Concurrent Mark
[2022-09-11T00:57:50.780-0700][gc,marking  ] GC(5) Concurrent Mark From Roots
[2022-09-11T00:57:50.780-0700][gc,task     ] GC(5) Using 1 workers of 1 for marking
[2022-09-11T00:57:50.784-0700][gc,marking  ] GC(5) Concurrent Mark From Roots 4.217ms
[2022-09-11T00:57:50.784-0700][gc,marking  ] GC(5) Concurrent Preclean
[2022-09-11T00:57:50.784-0700][gc,marking  ] GC(5) Concurrent Preclean 0.053ms
[2022-09-11T00:57:50.786-0700][gc,start    ] GC(5) Pause Remark
[2022-09-11T00:57:50.790-0700][gc          ] GC(5) Pause Remark 22M->22M(512M) 3.910ms
[2022-09-11T00:57:50.790-0700][gc,cpu      ] GC(5) User=0.01s Sys=0.00s Real=0.01s
[2022-09-11T00:57:50.790-0700][gc,marking  ] GC(5) Concurrent Mark 10.591ms
[2022-09-11T00:57:50.790-0700][gc,marking  ] GC(5) Concurrent Rebuild Remembered Sets
[2022-09-11T00:57:50.800-0700][gc,marking  ] GC(5) Concurrent Rebuild Remembered Sets 9.425ms
[2022-09-11T00:57:50.800-0700][gc,start    ] GC(5) Pause Cleanup
[2022-09-11T00:57:50.800-0700][gc          ] GC(5) Pause Cleanup 23M->23M(512M) 0.144ms
[2022-09-11T00:57:50.800-0700][gc,cpu      ] GC(5) User=0.00s Sys=0.00s Real=0.00s
[2022-09-11T00:57:50.801-0700][gc,marking  ] GC(5) Concurrent Cleanup for Next Mark
[2022-09-11T00:57:50.809-0700][gc,marking  ] GC(5) Concurrent Cleanup for Next Mark 8.069ms
[2022-09-11T00:57:50.809-0700][gc          ] GC(5) Concurrent Mark Cycle 57.699ms
[2022-09-11T00:57:54.765-0700][gc,start    ] GC(6) Pause Young (Normal) (G1 Evacuation Pause)
[2022-09-11T00:57:54.766-0700][gc,task     ] GC(6) Using 4 workers of 4 for evacuation
[2022-09-11T00:57:54.822-0700][gc,phases   ] GC(6)   Pre Evacuate Collection Set: 0.3ms
[2022-09-11T00:57:54.822-0700][gc,phases   ] GC(6)   Merge Heap Roots: 0.1ms
[2022-09-11T00:57:54.822-0700][gc,phases   ] GC(6)   Evacuate Collection Set: 44.5ms
[2022-09-11T00:57:54.822-0700][gc,phases   ] GC(6)   Post Evacuate Collection Set: 11.5ms
[2022-09-11T00:57:54.822-0700][gc,phases   ] GC(6)   Other: 0.2ms
[2022-09-11T00:57:54.822-0700][gc,heap     ] GC(6) Eden regions: 241->0(240)
[2022-09-11T00:57:54.822-0700][gc,heap     ] GC(6) Survivor regions: 15->16(32)
[2022-09-11T00:57:54.822-0700][gc,heap     ] GC(6) Old regions: 6->6
[2022-09-11T00:57:54.822-0700][gc,heap     ] GC(6) Archive regions: 2->2
[2022-09-11T00:57:54.822-0700][gc,heap     ] GC(6) Humongous regions: 0->0
[2022-09-11T00:57:54.822-0700][gc,metaspace] GC(6) Metaspace: 27501K(27840K)->27501K(27840K) NonClass: 24257K(24448K)->24257K(24448K) Class: 3244K(3392K)->3244K(3392K)
[2022-09-11T00:57:54.823-0700][gc          ] GC(6) Pause Young (Normal) (G1 Evacuation Pause) 261M->21M(512M) 57.184ms
[2022-09-11T00:57:54.823-0700][gc,cpu      ] GC(6) User=0.06s Sys=0.01s Real=0.06s
[2022-09-11T00:57:57.567-0700][gc,start    ] GC(7) Pause Young (Concurrent Start) (Metadata GC Threshold)
[2022-09-11T00:57:57.569-0700][gc,task     ] GC(7) Using 4 workers of 4 for evacuation
[2022-09-11T00:57:57.598-0700][gc,phases   ] GC(7)   Pre Evacuate Collection Set: 0.1ms
[2022-09-11T00:57:57.598-0700][gc,phases   ] GC(7)   Merge Heap Roots: 0.1ms
[2022-09-11T00:57:57.598-0700][gc,phases   ] GC(7)   Evacuate Collection Set: 26.0ms
[2022-09-11T00:57:57.598-0700][gc,phases   ] GC(7)   Post Evacuate Collection Set: 2.1ms
[2022-09-11T00:57:57.598-0700][gc,phases   ] GC(7)   Other: 0.2ms
[2022-09-11T00:57:57.598-0700][gc,heap     ] GC(7) Eden regions: 113->0(235)
[2022-09-11T00:57:57.598-0700][gc,heap     ] GC(7) Survivor regions: 16->21(32)
[2022-09-11T00:57:57.598-0700][gc,heap     ] GC(7) Old regions: 6->6
[2022-09-11T00:57:57.598-0700][gc,heap     ] GC(7) Archive regions: 2->2
[2022-09-11T00:57:57.598-0700][gc,heap     ] GC(7) Humongous regions: 0->0
[2022-09-11T00:57:57.598-0700][gc,metaspace] GC(7) Metaspace: 35601K(35968K)->35601K(35968K) NonClass: 31366K(31552K)->31366K(31552K) Class: 4235K(4416K)->4235K(4416K)
[2022-09-11T00:57:57.598-0700][gc          ] GC(7) Pause Young (Concurrent Start) (Metadata GC Threshold) 134M->26M(512M) 31.095ms
[2022-09-11T00:57:57.598-0700][gc          ] GC(8) Concurrent Mark Cycle
[2022-09-11T00:57:57.598-0700][gc,cpu      ] GC(7) User=0.10s Sys=0.00s Real=0.03s
[2022-09-11T00:57:57.598-0700][gc,marking  ] GC(8) Concurrent Clear Claimed Marks
[2022-09-11T00:57:57.598-0700][gc,marking  ] GC(8) Concurrent Clear Claimed Marks 0.089ms
[2022-09-11T00:57:57.599-0700][gc,marking  ] GC(8) Concurrent Scan Root Regions
[2022-09-11T00:57:57.630-0700][gc,marking  ] GC(8) Concurrent Scan Root Regions 31.727ms
[2022-09-11T00:57:57.630-0700][gc,marking  ] GC(8) Concurrent Mark
[2022-09-11T00:57:57.630-0700][gc,marking  ] GC(8) Concurrent Mark From Roots
[2022-09-11T00:57:57.630-0700][gc,task     ] GC(8) Using 1 workers of 1 for marking
[2022-09-11T00:57:57.656-0700][gc,marking  ] GC(8) Concurrent Mark From Roots 25.442ms
[2022-09-11T00:57:57.656-0700][gc,marking  ] GC(8) Concurrent Preclean
[2022-09-11T00:57:57.656-0700][gc,marking  ] GC(8) Concurrent Preclean 0.104ms
[2022-09-11T00:57:57.656-0700][gc,start    ] GC(8) Pause Remark
[2022-09-11T00:57:57.660-0700][gc          ] GC(8) Pause Remark 28M->28M(512M) 4.082ms
[2022-09-11T00:57:57.660-0700][gc,cpu      ] GC(8) User=0.01s Sys=0.00s Real=0.01s
[2022-09-11T00:57:57.671-0700][gc,marking  ] GC(8) Concurrent Mark 40.282ms
[2022-09-11T00:57:57.671-0700][gc,marking  ] GC(8) Concurrent Rebuild Remembered Sets
[2022-09-11T00:57:57.681-0700][gc,marking  ] GC(8) Concurrent Rebuild Remembered Sets 10.179ms
[2022-09-11T00:57:57.681-0700][gc,start    ] GC(8) Pause Cleanup
[2022-09-11T00:57:57.681-0700][gc          ] GC(8) Pause Cleanup 29M->29M(512M) 0.186ms
[2022-09-11T00:57:57.681-0700][gc,cpu      ] GC(8) User=0.00s Sys=0.00s Real=0.00s
[2022-09-11T00:57:57.692-0700][gc,marking  ] GC(8) Concurrent Cleanup for Next Mark
[2022-09-11T00:57:57.704-0700][gc,marking  ] GC(8) Concurrent Cleanup for Next Mark 12.145ms
[2022-09-11T00:57:57.704-0700][gc          ] GC(8) Concurrent Mark Cycle 105.598ms
[2022-09-11T00:58:02.671-0700][gc,start    ] GC(9) Pause Young (Normal) (G1 Evacuation Pause)
[2022-09-11T00:58:02.671-0700][gc,task     ] GC(9) Using 4 workers of 4 for evacuation
[2022-09-11T00:58:02.757-0700][gc,phases   ] GC(9)   Pre Evacuate Collection Set: 0.6ms
[2022-09-11T00:58:02.757-0700][gc,phases   ] GC(9)   Merge Heap Roots: 0.3ms
[2022-09-11T00:58:02.757-0700][gc,phases   ] GC(9)   Evacuate Collection Set: 82.7ms
[2022-09-11T00:58:02.757-0700][gc,phases   ] GC(9)   Post Evacuate Collection Set: 1.8ms
[2022-09-11T00:58:02.757-0700][gc,phases   ] GC(9)   Other: 0.3ms
[2022-09-11T00:58:02.757-0700][gc,heap     ] GC(9) Eden regions: 235->0(236)
[2022-09-11T00:58:02.757-0700][gc,heap     ] GC(9) Survivor regions: 21->20(32)
[2022-09-11T00:58:02.757-0700][gc,heap     ] GC(9) Old regions: 6->13
[2022-09-11T00:58:02.757-0700][gc,heap     ] GC(9) Archive regions: 2->2
[2022-09-11T00:58:02.757-0700][gc,heap     ] GC(9) Humongous regions: 38->38
[2022-09-11T00:58:02.757-0700][gc,metaspace] GC(9) Metaspace: 46736K(47232K)->46736K(47232K) NonClass: 41064K(41344K)->41064K(41344K) Class: 5671K(5888K)->5671K(5888K)
[2022-09-11T00:58:02.757-0700][gc          ] GC(9) Pause Young (Normal) (G1 Evacuation Pause) 299M->71M(512M) 86.270ms
[2022-09-11T00:58:02.757-0700][gc,cpu      ] GC(9) User=0.14s Sys=0.09s Real=0.08s
[2022-09-11T00:58:11.698-0700][gc,start    ] GC(10) Pause Young (Normal) (G1 Evacuation Pause)
[2022-09-11T00:58:11.700-0700][gc,task     ] GC(10) Using 4 workers of 4 for evacuation
[2022-09-11T00:58:11.773-0700][gc,phases   ] GC(10)   Pre Evacuate Collection Set: 0.1ms
[2022-09-11T00:58:11.773-0700][gc,phases   ] GC(10)   Merge Heap Roots: 0.1ms
[2022-09-11T00:58:11.773-0700][gc,phases   ] GC(10)   Evacuate Collection Set: 69.9ms
[2022-09-11T00:58:11.773-0700][gc,phases   ] GC(10)   Post Evacuate Collection Set: 2.7ms
[2022-09-11T00:58:11.773-0700][gc,phases   ] GC(10)   Other: 0.2ms
[2022-09-11T00:58:11.773-0700][gc,heap     ] GC(10) Eden regions: 236->0(227)
[2022-09-11T00:58:11.773-0700][gc,heap     ] GC(10) Survivor regions: 20->29(32)
[2022-09-11T00:58:11.773-0700][gc,heap     ] GC(10) Old regions: 13->17
[2022-09-11T00:58:11.773-0700][gc,heap     ] GC(10) Archive regions: 2->2
[2022-09-11T00:58:11.774-0700][gc,heap     ] GC(10) Humongous regions: 38->38
[2022-09-11T00:58:11.774-0700][gc,metaspace] GC(10) Metaspace: 59202K(59776K)->59202K(59776K) NonClass: 52046K(52352K)->52046K(52352K) Class: 7156K(7424K)->7156K(7424K)
[2022-09-11T00:58:11.774-0700][gc          ] GC(10) Pause Young (Normal) (G1 Evacuation Pause) 307M->83M(512M) 75.324ms
[2022-09-11T00:58:11.774-0700][gc,cpu      ] GC(10) User=0.18s Sys=0.04s Real=0.08s
[2022-09-11T00:58:11.845-0700][gc,start    ] GC(11) Pause Young (Concurrent Start) (Metadata GC Threshold)
[2022-09-11T00:58:11.845-0700][gc,task     ] GC(11) Using 4 workers of 4 for evacuation
[2022-09-11T00:58:11.897-0700][gc,phases   ] GC(11)   Pre Evacuate Collection Set: 0.1ms
[2022-09-11T00:58:11.897-0700][gc,phases   ] GC(11)   Merge Heap Roots: 0.1ms
[2022-09-11T00:58:11.897-0700][gc,phases   ] GC(11)   Evacuate Collection Set: 49.7ms
[2022-09-11T00:58:11.897-0700][gc,phases   ] GC(11)   Post Evacuate Collection Set: 2.1ms
[2022-09-11T00:58:11.897-0700][gc,phases   ] GC(11)   Other: 0.2ms
[2022-09-11T00:58:11.897-0700][gc,heap     ] GC(11) Eden regions: 11->0(242)
[2022-09-11T00:58:11.897-0700][gc,heap     ] GC(11) Survivor regions: 29->14(32)
[2022-09-11T00:58:11.897-0700][gc,heap     ] GC(11) Old regions: 17->32
[2022-09-11T00:58:11.897-0700][gc,heap     ] GC(11) Archive regions: 2->2
[2022-09-11T00:58:11.897-0700][gc,heap     ] GC(11) Humongous regions: 38->38
[2022-09-11T00:58:11.897-0700][gc,metaspace] GC(11) Metaspace: 59530K(60160K)->59530K(60160K) NonClass: 52324K(52608K)->52324K(52608K) Class: 7205K(7552K)->7205K(7552K)
[2022-09-11T00:58:11.897-0700][gc          ] GC(11) Pause Young (Concurrent Start) (Metadata GC Threshold) 93M->84M(512M) 52.537ms
[2022-09-11T00:58:11.897-0700][gc,cpu      ] GC(11) User=0.14s Sys=0.02s Real=0.05s
[2022-09-11T00:58:11.897-0700][gc          ] GC(12) Concurrent Mark Cycle
[2022-09-11T00:58:11.897-0700][gc,marking  ] GC(12) Concurrent Clear Claimed Marks
[2022-09-11T00:58:11.897-0700][gc,marking  ] GC(12) Concurrent Clear Claimed Marks 0.054ms
[2022-09-11T00:58:11.897-0700][gc,marking  ] GC(12) Concurrent Scan Root Regions
[2022-09-11T00:58:11.938-0700][gc,marking  ] GC(12) Concurrent Scan Root Regions 41.109ms
[2022-09-11T00:58:11.939-0700][gc,marking  ] GC(12) Concurrent Mark
[2022-09-11T00:58:11.939-0700][gc,marking  ] GC(12) Concurrent Mark From Roots
[2022-09-11T00:58:11.939-0700][gc,task     ] GC(12) Using 1 workers of 1 for marking
[2022-09-11T00:58:12.090-0700][gc,marking  ] GC(12) Concurrent Mark From Roots 151.541ms
[2022-09-11T00:58:12.090-0700][gc,marking  ] GC(12) Concurrent Preclean
[2022-09-11T00:58:12.090-0700][gc,marking  ] GC(12) Concurrent Preclean 0.073ms
[2022-09-11T00:58:12.090-0700][gc,start    ] GC(12) Pause Remark
[2022-09-11T00:58:12.096-0700][gc          ] GC(12) Pause Remark 104M->104M(512M) 5.418ms
[2022-09-11T00:58:12.096-0700][gc,cpu      ] GC(12) User=0.01s Sys=0.01s Real=0.00s
[2022-09-11T00:58:12.096-0700][gc,marking  ] GC(12) Concurrent Mark 157.506ms
[2022-09-11T00:58:12.096-0700][gc,marking  ] GC(12) Concurrent Rebuild Remembered Sets
[2022-09-11T00:58:12.153-0700][gc,marking  ] GC(12) Concurrent Rebuild Remembered Sets 56.679ms
[2022-09-11T00:58:12.153-0700][gc,start    ] GC(12) Pause Cleanup
[2022-09-11T00:58:12.153-0700][gc          ] GC(12) Pause Cleanup 111M->111M(512M) 0.174ms
[2022-09-11T00:58:12.153-0700][gc,cpu      ] GC(12) User=0.00s Sys=0.00s Real=0.00s
[2022-09-11T00:58:12.153-0700][gc,marking  ] GC(12) Concurrent Cleanup for Next Mark
[2022-09-11T00:58:12.191-0700][gc,marking  ] GC(12) Concurrent Cleanup for Next Mark 37.992ms
[2022-09-11T00:58:12.191-0700][gc          ] GC(12) Concurrent Mark Cycle 294.309ms
[2022-09-11T01:01:22.952-0700][gc,start    ] GC(13) Pause Young (Prepare Mixed) (G1 Evacuation Pause)
[2022-09-11T01:01:22.954-0700][gc,task     ] GC(13) Using 4 workers of 4 for evacuation
[2022-09-11T01:01:23.938-0700][gc,mmu      ] GC(13) MMU target violated: 201.0ms (200.0ms/201.0ms)
[2022-09-11T01:01:23.938-0700][gc,phases   ] GC(13)   Pre Evacuate Collection Set: 5.1ms
[2022-09-11T01:01:23.938-0700][gc,phases   ] GC(13)   Merge Heap Roots: 0.9ms
[2022-09-11T01:01:23.938-0700][gc,phases   ] GC(13)   Evacuate Collection Set: 891.1ms
[2022-09-11T01:01:23.938-0700][gc,phases   ] GC(13)   Post Evacuate Collection Set: 84.3ms
[2022-09-11T01:01:23.938-0700][gc,phases   ] GC(13)   Other: 2.0ms
[2022-09-11T01:01:23.938-0700][gc,heap     ] GC(13) Eden regions: 242->0(229)
[2022-09-11T01:01:23.938-0700][gc,heap     ] GC(13) Survivor regions: 14->27(32)
[2022-09-11T01:01:23.938-0700][gc,heap     ] GC(13) Old regions: 32->32
[2022-09-11T01:01:23.938-0700][gc,heap     ] GC(13) Archive regions: 2->2
[2022-09-11T01:01:23.938-0700][gc,heap     ] GC(13) Humongous regions: 44->44
[2022-09-11T01:01:23.938-0700][gc,metaspace] GC(13) Metaspace: 69980K(70656K)->69980K(70656K) NonClass: 61615K(61952K)->61615K(61952K) Class: 8364K(8704K)->8364K(8704K)
[2022-09-11T01:01:23.938-0700][gc          ] GC(13) Pause Young (Prepare Mixed) (G1 Evacuation Pause) 332M->103M(512M) 986.428ms
[2022-09-11T01:01:23.939-0700][gc,cpu      ] GC(13) User=0.17s Sys=0.42s Real=0.98s
[2022-09-11T01:19:30.234-0700][gc,start    ] GC(14) Pause Young (Mixed) (G1 Evacuation Pause)
[2022-09-11T01:19:30.246-0700][gc,task     ] GC(14) Using 4 workers of 4 for evacuation
[2022-09-11T01:19:31.654-0700][gc,mmu      ] GC(14) MMU target violated: 201.0ms (200.0ms/201.0ms)
[2022-09-11T01:19:31.654-0700][gc,phases   ] GC(14)   Pre Evacuate Collection Set: 136.2ms
[2022-09-11T01:19:31.655-0700][gc,phases   ] GC(14)   Merge Heap Roots: 17.9ms
[2022-09-11T01:19:31.655-0700][gc,phases   ] GC(14)   Evacuate Collection Set: 1239.6ms
[2022-09-11T01:19:31.655-0700][gc,phases   ] GC(14)   Post Evacuate Collection Set: 10.1ms
[2022-09-11T01:19:31.655-0700][gc,phases   ] GC(14)   Other: 8.2ms
[2022-09-11T01:19:31.655-0700][gc,heap     ] GC(14) Eden regions: 229->0(231)
[2022-09-11T01:19:31.655-0700][gc,heap     ] GC(14) Survivor regions: 27->25(32)
[2022-09-11T01:19:31.655-0700][gc,heap     ] GC(14) Old regions: 32->44
[2022-09-11T01:19:31.655-0700][gc,heap     ] GC(14) Archive regions: 2->2
[2022-09-11T01:19:31.655-0700][gc,heap     ] GC(14) Humongous regions: 44->44
[2022-09-11T01:19:31.655-0700][gc,metaspace] GC(14) Metaspace: 71439K(72128K)->71439K(72128K) NonClass: 63025K(63360K)->63025K(63360K) Class: 8414K(8768K)->8414K(8768K)
[2022-09-11T01:19:31.655-0700][gc          ] GC(14) Pause Young (Mixed) (G1 Evacuation Pause) 332M->113M(512M) 1420.828ms
[2022-09-11T01:19:31.655-0700][gc,cpu      ] GC(14) User=0.21s Sys=0.92s Real=1.42s
[2022-09-11T01:39:38.449-0700][gc,start    ] GC(15) Pause Young (Normal) (G1 Evacuation Pause)
[2022-09-11T01:39:38.451-0700][gc,task     ] GC(15) Using 4 workers of 4 for evacuation
[2022-09-11T01:39:38.557-0700][gc,phases   ] GC(15)   Pre Evacuate Collection Set: 1.4ms
[2022-09-11T01:39:38.557-0700][gc,phases   ] GC(15)   Merge Heap Roots: 0.6ms
[2022-09-11T01:39:38.557-0700][gc,phases   ] GC(15)   Evacuate Collection Set: 100.8ms
[2022-09-11T01:39:38.557-0700][gc,phases   ] GC(15)   Post Evacuate Collection Set: 1.9ms
[2022-09-11T01:39:38.557-0700][gc,phases   ] GC(15)   Other: 0.5ms
[2022-09-11T01:39:38.557-0700][gc,heap     ] GC(15) Eden regions: 231->0(244)
[2022-09-11T01:39:38.557-0700][gc,heap     ] GC(15) Survivor regions: 25->12(32)
[2022-09-11T01:39:38.557-0700][gc,heap     ] GC(15) Old regions: 44->59
[2022-09-11T01:39:38.557-0700][gc,heap     ] GC(15) Archive regions: 2->2
[2022-09-11T01:39:38.557-0700][gc,heap     ] GC(15) Humongous regions: 44->44
[2022-09-11T01:39:38.557-0700][gc,metaspace] GC(15) Metaspace: 71728K(72448K)->71728K(72448K) NonClass: 63295K(63680K)->63295K(63680K) Class: 8432K(8768K)->8432K(8768K)
[2022-09-11T01:39:38.557-0700][gc          ] GC(15) Pause Young (Normal) (G1 Evacuation Pause) 344M->115M(512M) 107.969ms
[2022-09-11T01:39:38.557-0700][gc,cpu      ] GC(15) User=0.11s Sys=0.17s Real=0.11s
[2022-09-11T02:01:06.491-0700][gc,start    ] GC(16) Pause Young (Normal) (G1 Evacuation Pause)
[2022-09-11T02:01:06.497-0700][gc,task     ] GC(16) Using 4 workers of 4 for evacuation
[2022-09-11T02:01:06.610-0700][gc,phases   ] GC(16)   Pre Evacuate Collection Set: 1.6ms
[2022-09-11T02:01:06.610-0700][gc,phases   ] GC(16)   Merge Heap Roots: 0.3ms
[2022-09-11T02:01:06.610-0700][gc,phases   ] GC(16)   Evacuate Collection Set: 108.1ms
[2022-09-11T02:01:06.610-0700][gc,phases   ] GC(16)   Post Evacuate Collection Set: 2.3ms
[2022-09-11T02:01:06.610-0700][gc,phases   ] GC(16)   Other: 0.5ms
[2022-09-11T02:01:06.610-0700][gc,heap     ] GC(16) Eden regions: 244->0(244)
[2022-09-11T02:01:06.610-0700][gc,heap     ] GC(16) Survivor regions: 12->12(32)
[2022-09-11T02:01:06.610-0700][gc,heap     ] GC(16) Old regions: 59->59
[2022-09-11T02:01:06.610-0700][gc,heap     ] GC(16) Archive regions: 2->2
[2022-09-11T02:01:06.610-0700][gc,heap     ] GC(16) Humongous regions: 44->44
[2022-09-11T02:01:06.610-0700][gc,metaspace] GC(16) Metaspace: 71846K(72512K)->71846K(72512K) NonClass: 63413K(63744K)->63413K(63744K) Class: 8432K(8768K)->8432K(8768K)
[2022-09-11T02:01:06.610-0700][gc          ] GC(16) Pause Young (Normal) (G1 Evacuation Pause) 359M->115M(512M) 119.415ms
[2022-09-11T02:01:06.610-0700][gc,cpu      ] GC(16) User=0.04s Sys=0.09s Real=0.12s
[2022-09-11T02:22:17.534-0700][gc,start    ] GC(17) Pause Young (Normal) (G1 Evacuation Pause)
[2022-09-11T02:22:17.542-0700][gc,task     ] GC(17) Using 4 workers of 4 for evacuation
[2022-09-11T02:22:18.035-0700][gc,mmu      ] GC(17) MMU target violated: 201.0ms (200.0ms/201.0ms)
[2022-09-11T02:22:18.035-0700][gc,phases   ] GC(17)   Pre Evacuate Collection Set: 46.4ms
[2022-09-11T02:22:18.035-0700][gc,phases   ] GC(17)   Merge Heap Roots: 13.6ms
[2022-09-11T02:22:18.035-0700][gc,phases   ] GC(17)   Evacuate Collection Set: 414.1ms
[2022-09-11T02:22:18.035-0700][gc,phases   ] GC(17)   Post Evacuate Collection Set: 14.6ms
[2022-09-11T02:22:18.035-0700][gc,phases   ] GC(17)   Other: 8.9ms
[2022-09-11T02:22:18.035-0700][gc,heap     ] GC(17) Eden regions: 244->0(244)
[2022-09-11T02:22:18.035-0700][gc,heap     ] GC(17) Survivor regions: 12->12(32)
[2022-09-11T02:22:18.035-0700][gc,heap     ] GC(17) Old regions: 59->59
[2022-09-11T02:22:18.035-0700][gc,heap     ] GC(17) Archive regions: 2->2
[2022-09-11T02:22:18.035-0700][gc,heap     ] GC(17) Humongous regions: 44->44
[2022-09-11T02:22:18.035-0700][gc,metaspace] GC(17) Metaspace: 71932K(72640K)->71932K(72640K) NonClass: 63497K(63872K)->63497K(63872K) Class: 8434K(8768K)->8434K(8768K)
[2022-09-11T02:22:18.036-0700][gc          ] GC(17) Pause Young (Normal) (G1 Evacuation Pause) 359M->115M(512M) 501.247ms
[2022-09-11T02:22:18.036-0700][gc,cpu      ] GC(17) User=0.06s Sys=0.26s Real=0.51s
[2022-09-11T02:43:34.691-0700][gc,start    ] GC(18) Pause Young (Normal) (G1 Evacuation Pause)
[2022-09-11T02:43:34.695-0700][gc,task     ] GC(18) Using 4 workers of 4 for evacuation
[2022-09-11T02:43:34.743-0700][gc,phases   ] GC(18)   Pre Evacuate Collection Set: 2.5ms
[2022-09-11T02:43:34.743-0700][gc,phases   ] GC(18)   Merge Heap Roots: 0.9ms
[2022-09-11T02:43:34.743-0700][gc,phases   ] GC(18)   Evacuate Collection Set: 42.1ms
[2022-09-11T02:43:34.743-0700][gc,phases   ] GC(18)   Post Evacuate Collection Set: 1.9ms
[2022-09-11T02:43:34.743-0700][gc,phases   ] GC(18)   Other: 0.6ms
[2022-09-11T02:43:34.743-0700][gc,heap     ] GC(18) Eden regions: 244->0(244)
[2022-09-11T02:43:34.743-0700][gc,heap     ] GC(18) Survivor regions: 12->12(32)
[2022-09-11T02:43:34.743-0700][gc,heap     ] GC(18) Old regions: 59->59
[2022-09-11T02:43:34.743-0700][gc,heap     ] GC(18) Archive regions: 2->2
[2022-09-11T02:43:34.743-0700][gc,heap     ] GC(18) Humongous regions: 44->44
[2022-09-11T02:43:34.743-0700][gc,metaspace] GC(18) Metaspace: 71969K(72704K)->71969K(72704K) NonClass: 63535K(63936K)->63535K(63936K) Class: 8434K(8768K)->8434K(8768K)
[2022-09-11T02:43:34.743-0700][gc          ] GC(18) Pause Young (Normal) (G1 Evacuation Pause) 359M->115M(512M) 52.012ms
[2022-09-11T02:43:34.743-0700][gc,cpu      ] GC(18) User=0.04s Sys=0.08s Real=0.05s
[2022-09-11T03:05:00.979-0700][gc,start    ] GC(19) Pause Young (Normal) (G1 Evacuation Pause)
[2022-09-11T03:05:00.982-0700][gc,task     ] GC(19) Using 4 workers of 4 for evacuation
[2022-09-11T03:05:01.033-0700][gc,phases   ] GC(19)   Pre Evacuate Collection Set: 1.9ms
[2022-09-11T03:05:01.033-0700][gc,phases   ] GC(19)   Merge Heap Roots: 0.7ms
[2022-09-11T03:05:01.033-0700][gc,phases   ] GC(19)   Evacuate Collection Set: 38.4ms
[2022-09-11T03:05:01.033-0700][gc,phases   ] GC(19)   Post Evacuate Collection Set: 9.7ms
[2022-09-11T03:05:01.034-0700][gc,phases   ] GC(19)   Other: 0.5ms
[2022-09-11T03:05:01.034-0700][gc,heap     ] GC(19) Eden regions: 244->0(244)
[2022-09-11T03:05:01.034-0700][gc,heap     ] GC(19) Survivor regions: 12->12(32)
[2022-09-11T03:05:01.034-0700][gc,heap     ] GC(19) Old regions: 59->59
[2022-09-11T03:05:01.034-0700][gc,heap     ] GC(19) Archive regions: 2->2
[2022-09-11T03:05:01.034-0700][gc,heap     ] GC(19) Humongous regions: 44->44
[2022-09-11T03:05:01.034-0700][gc,metaspace] GC(19) Metaspace: 72003K(72704K)->72003K(72704K) NonClass: 63569K(63936K)->63569K(63936K) Class: 8434K(8768K)->8434K(8768K)
[2022-09-11T03:05:01.034-0700][gc          ] GC(19) Pause Young (Normal) (G1 Evacuation Pause) 359M->115M(512M) 54.347ms
[2022-09-11T03:05:01.034-0700][gc,cpu      ] GC(19) User=0.05s Sys=0.08s Real=0.06s
[2022-09-11T03:26:23.332-0700][gc,start    ] GC(20) Pause Young (Normal) (G1 Evacuation Pause)
[2022-09-11T03:26:23.336-0700][gc,task     ] GC(20) Using 4 workers of 4 for evacuation
[2022-09-11T03:26:23.383-0700][gc,phases   ] GC(20)   Pre Evacuate Collection Set: 1.8ms
[2022-09-11T03:26:23.384-0700][gc,phases   ] GC(20)   Merge Heap Roots: 0.7ms
[2022-09-11T03:26:23.384-0700][gc,phases   ] GC(20)   Evacuate Collection Set: 42.6ms
[2022-09-11T03:26:23.384-0700][gc,phases   ] GC(20)   Post Evacuate Collection Set: 2.4ms
[2022-09-11T03:26:23.384-0700][gc,phases   ] GC(20)   Other: 0.5ms
[2022-09-11T03:26:23.384-0700][gc,heap     ] GC(20) Eden regions: 244->0(244)
[2022-09-11T03:26:23.384-0700][gc,heap     ] GC(20) Survivor regions: 12->12(32)
[2022-09-11T03:26:23.384-0700][gc,heap     ] GC(20) Old regions: 59->59
[2022-09-11T03:26:23.384-0700][gc,heap     ] GC(20) Archive regions: 2->2
[2022-09-11T03:26:23.384-0700][gc,heap     ] GC(20) Humongous regions: 44->44
[2022-09-11T03:26:23.384-0700][gc,metaspace] GC(20) Metaspace: 72032K(72704K)->72032K(72704K) NonClass: 63597K(63936K)->63597K(63936K) Class: 8434K(8768K)->8434K(8768K)
[2022-09-11T03:26:23.384-0700][gc          ] GC(20) Pause Young (Normal) (G1 Evacuation Pause) 359M->115M(512M) 52.306ms
[2022-09-11T03:26:23.384-0700][gc,cpu      ] GC(20) User=0.05s Sys=0.08s Real=0.05s
[2022-09-11T03:51:00.335-0700][gc,start    ] GC(21) Pause Young (Normal) (G1 Evacuation Pause)
[2022-09-11T03:51:00.337-0700][gc,task     ] GC(21) Using 4 workers of 4 for evacuation
[2022-09-11T03:51:00.379-0700][gc,phases   ] GC(21)   Pre Evacuate Collection Set: 3.3ms
[2022-09-11T03:51:00.379-0700][gc,phases   ] GC(21)   Merge Heap Roots: 0.8ms
[2022-09-11T03:51:00.379-0700][gc,phases   ] GC(21)   Evacuate Collection Set: 35.6ms
[2022-09-11T03:51:00.379-0700][gc,phases   ] GC(21)   Post Evacuate Collection Set: 2.0ms
[2022-09-11T03:51:00.379-0700][gc,phases   ] GC(21)   Other: 0.5ms
[2022-09-11T03:51:00.379-0700][gc,heap     ] GC(21) Eden regions: 244->0(244)
[2022-09-11T03:51:00.379-0700][gc,heap     ] GC(21) Survivor regions: 12->12(32)
[2022-09-11T03:51:00.379-0700][gc,heap     ] GC(21) Old regions: 59->59
[2022-09-11T03:51:00.379-0700][gc,heap     ] GC(21) Archive regions: 2->2
[2022-09-11T03:51:00.379-0700][gc,heap     ] GC(21) Humongous regions: 44->44
[2022-09-11T03:51:00.379-0700][gc,metaspace] GC(21) Metaspace: 72041K(72768K)->72041K(72768K) NonClass: 63606K(64000K)->63606K(64000K) Class: 8434K(8768K)->8434K(8768K)
[2022-09-11T03:51:00.380-0700][gc          ] GC(21) Pause Young (Normal) (G1 Evacuation Pause) 359M->115M(512M) 44.689ms
[2022-09-11T03:51:00.380-0700][gc,cpu      ] GC(21) User=0.05s Sys=0.09s Real=0.05s
[2022-09-11T04:14:22.433-0700][gc,start    ] GC(22) Pause Young (Normal) (G1 Evacuation Pause)
[2022-09-11T04:14:22.437-0700][gc,task     ] GC(22) Using 4 workers of 4 for evacuation
[2022-09-11T04:14:22.757-0700][gc,mmu      ] GC(22) MMU target violated: 201.0ms (200.0ms/201.0ms)
[2022-09-11T04:14:22.757-0700][gc,phases   ] GC(22)   Pre Evacuate Collection Set: 86.4ms
[2022-09-11T04:14:22.757-0700][gc,phases   ] GC(22)   Merge Heap Roots: 7.9ms
[2022-09-11T04:14:22.757-0700][gc,phases   ] GC(22)   Evacuate Collection Set: 210.7ms
[2022-09-11T04:14:22.757-0700][gc,phases   ] GC(22)   Post Evacuate Collection Set: 11.2ms
[2022-09-11T04:14:22.757-0700][gc,phases   ] GC(22)   Other: 4.4ms
[2022-09-11T04:14:22.757-0700][gc,heap     ] GC(22) Eden regions: 244->0(244)
[2022-09-11T04:14:22.757-0700][gc,heap     ] GC(22) Survivor regions: 12->12(32)
[2022-09-11T04:14:22.757-0700][gc,heap     ] GC(22) Old regions: 59->59
[2022-09-11T04:14:22.757-0700][gc,heap     ] GC(22) Archive regions: 2->2
[2022-09-11T04:14:22.758-0700][gc,heap     ] GC(22) Humongous regions: 44->44
[2022-09-11T04:14:22.758-0700][gc,metaspace] GC(22) Metaspace: 72081K(72768K)->72081K(72768K) NonClass: 63646K(64000K)->63646K(64000K) Class: 8435K(8768K)->8435K(8768K)
[2022-09-11T04:14:22.758-0700][gc          ] GC(22) Pause Young (Normal) (G1 Evacuation Pause) 359M->115M(512M) 324.531ms
[2022-09-11T04:14:22.758-0700][gc,cpu      ] GC(22) User=0.07s Sys=0.20s Real=0.32s
[2022-09-11T04:35:56.417-0700][gc,start    ] GC(23) Pause Young (Normal) (G1 Evacuation Pause)
[2022-09-11T04:35:56.420-0700][gc,task     ] GC(23) Using 4 workers of 4 for evacuation
[2022-09-11T04:35:56.494-0700][gc,phases   ] GC(23)   Pre Evacuate Collection Set: 6.4ms
[2022-09-11T04:35:56.494-0700][gc,phases   ] GC(23)   Merge Heap Roots: 4.1ms
[2022-09-11T04:35:56.494-0700][gc,phases   ] GC(23)   Evacuate Collection Set: 59.5ms
[2022-09-11T04:35:56.494-0700][gc,phases   ] GC(23)   Post Evacuate Collection Set: 3.7ms
[2022-09-11T04:35:56.494-0700][gc,phases   ] GC(23)   Other: 0.6ms
[2022-09-11T04:35:56.494-0700][gc,heap     ] GC(23) Eden regions: 244->0(244)
[2022-09-11T04:35:56.494-0700][gc,heap     ] GC(23) Survivor regions: 12->12(32)
[2022-09-11T04:35:56.494-0700][gc,heap     ] GC(23) Old regions: 59->59
[2022-09-11T04:35:56.494-0700][gc,heap     ] GC(23) Archive regions: 2->2
[2022-09-11T04:35:56.494-0700][gc,heap     ] GC(23) Humongous regions: 44->44
[2022-09-11T04:35:56.494-0700][gc,metaspace] GC(23) Metaspace: 72098K(72768K)->72098K(72768K) NonClass: 63662K(64000K)->63662K(64000K) Class: 8435K(8768K)->8435K(8768K)
[2022-09-11T04:35:56.494-0700][gc          ] GC(23) Pause Young (Normal) (G1 Evacuation Pause) 359M->115M(512M) 76.820ms
[2022-09-11T04:35:56.494-0700][gc,cpu      ] GC(23) User=0.05s Sys=0.08s Real=0.08s
[2022-09-11T04:57:40.765-0700][gc,start    ] GC(24) Pause Young (Normal) (G1 Evacuation Pause)
[2022-09-11T04:57:40.768-0700][gc,task     ] GC(24) Using 4 workers of 4 for evacuation
[2022-09-11T04:57:40.793-0700][gc,phases   ] GC(24)   Pre Evacuate Collection Set: 0.6ms
[2022-09-11T04:57:40.793-0700][gc,phases   ] GC(24)   Merge Heap Roots: 0.2ms
[2022-09-11T04:57:40.793-0700][gc,phases   ] GC(24)   Evacuate Collection Set: 22.8ms
[2022-09-11T04:57:40.793-0700][gc,phases   ] GC(24)   Post Evacuate Collection Set: 0.9ms
[2022-09-11T04:57:40.793-0700][gc,phases   ] GC(24)   Other: 0.3ms
[2022-09-11T04:57:40.793-0700][gc,heap     ] GC(24) Eden regions: 244->0(244)
[2022-09-11T04:57:40.793-0700][gc,heap     ] GC(24) Survivor regions: 12->12(32)
[2022-09-11T04:57:40.793-0700][gc,heap     ] GC(24) Old regions: 59->59
[2022-09-11T04:57:40.793-0700][gc,heap     ] GC(24) Archive regions: 2->2
[2022-09-11T04:57:40.793-0700][gc,heap     ] GC(24) Humongous regions: 44->44
[2022-09-11T04:57:40.793-0700][gc,metaspace] GC(24) Metaspace: 72108K(72768K)->72108K(72768K) NonClass: 63672K(64000K)->63672K(64000K) Class: 8436K(8768K)->8436K(8768K)
[2022-09-11T04:57:40.793-0700][gc          ] GC(24) Pause Young (Normal) (G1 Evacuation Pause) 359M->115M(512M) 28.646ms
[2022-09-11T04:57:40.794-0700][gc,cpu      ] GC(24) User=0.04s Sys=0.02s Real=0.03s
[2022-09-11T05:19:30.295-0700][gc,start    ] GC(25) Pause Young (Normal) (G1 Evacuation Pause)
[2022-09-11T05:19:30.298-0700][gc,task     ] GC(25) Using 4 workers of 4 for evacuation
[2022-09-11T05:19:30.337-0700][gc,phases   ] GC(25)   Pre Evacuate Collection Set: 0.3ms
[2022-09-11T05:19:30.337-0700][gc,phases   ] GC(25)   Merge Heap Roots: 0.2ms
[2022-09-11T05:19:30.337-0700][gc,phases   ] GC(25)   Evacuate Collection Set: 23.5ms
[2022-09-11T05:19:30.337-0700][gc,phases   ] GC(25)   Post Evacuate Collection Set: 14.6ms
[2022-09-11T05:19:30.337-0700][gc,phases   ] GC(25)   Other: 0.4ms
[2022-09-11T05:19:30.337-0700][gc,heap     ] GC(25) Eden regions: 244->0(244)
[2022-09-11T05:19:30.337-0700][gc,heap     ] GC(25) Survivor regions: 12->12(32)
[2022-09-11T05:19:30.337-0700][gc,heap     ] GC(25) Old regions: 59->59
[2022-09-11T05:19:30.337-0700][gc,heap     ] GC(25) Archive regions: 2->2
[2022-09-11T05:19:30.337-0700][gc,heap     ] GC(25) Humongous regions: 44->44
[2022-09-11T05:19:30.337-0700][gc,metaspace] GC(25) Metaspace: 72131K(72896K)->72131K(72896K) NonClass: 63695K(64128K)->63695K(64128K) Class: 8436K(8768K)->8436K(8768K)
[2022-09-11T05:19:30.337-0700][gc          ] GC(25) Pause Young (Normal) (G1 Evacuation Pause) 359M->115M(512M) 41.813ms
[2022-09-11T05:19:30.337-0700][gc,cpu      ] GC(25) User=0.03s Sys=0.02s Real=0.04s
[2022-09-11T05:41:19.708-0700][gc,start    ] GC(26) Pause Young (Normal) (G1 Evacuation Pause)
[2022-09-11T05:41:19.712-0700][gc,task     ] GC(26) Using 4 workers of 4 for evacuation
[2022-09-11T05:41:19.789-0700][gc,phases   ] GC(26)   Pre Evacuate Collection Set: 1.8ms
[2022-09-11T05:41:19.789-0700][gc,phases   ] GC(26)   Merge Heap Roots: 0.5ms
[2022-09-11T05:41:19.789-0700][gc,phases   ] GC(26)   Evacuate Collection Set: 71.0ms
[2022-09-11T05:41:19.789-0700][gc,phases   ] GC(26)   Post Evacuate Collection Set: 2.3ms
[2022-09-11T05:41:19.789-0700][gc,phases   ] GC(26)   Other: 1.2ms
[2022-09-11T05:41:19.789-0700][gc,heap     ] GC(26) Eden regions: 244->0(244)
[2022-09-11T05:41:19.789-0700][gc,heap     ] GC(26) Survivor regions: 12->12(32)
[2022-09-11T05:41:19.789-0700][gc,heap     ] GC(26) Old regions: 59->59
[2022-09-11T05:41:19.789-0700][gc,heap     ] GC(26) Archive regions: 2->2
[2022-09-11T05:41:19.789-0700][gc,heap     ] GC(26) Humongous regions: 44->44
[2022-09-11T05:41:19.789-0700][gc,metaspace] GC(26) Metaspace: 72134K(72896K)->72134K(72896K) NonClass: 63698K(64128K)->63698K(64128K) Class: 8436K(8768K)->8436K(8768K)
[2022-09-11T05:41:19.789-0700][gc          ] GC(26) Pause Young (Normal) (G1 Evacuation Pause) 359M->115M(512M) 80.529ms
[2022-09-11T05:41:19.789-0700][gc,cpu      ] GC(26) User=0.05s Sys=0.10s Real=0.08s
[2022-09-11T06:03:07.510-0700][gc,start    ] GC(27) Pause Young (Normal) (G1 Evacuation Pause)
[2022-09-11T06:03:07.513-0700][gc,task     ] GC(27) Using 4 workers of 4 for evacuation
[2022-09-11T06:03:07.572-0700][gc,phases   ] GC(27)   Pre Evacuate Collection Set: 3.1ms
[2022-09-11T06:03:07.572-0700][gc,phases   ] GC(27)   Merge Heap Roots: 0.6ms
[2022-09-11T06:03:07.572-0700][gc,phases   ] GC(27)   Evacuate Collection Set: 52.7ms
[2022-09-11T06:03:07.572-0700][gc,phases   ] GC(27)   Post Evacuate Collection Set: 2.3ms
[2022-09-11T06:03:07.572-0700][gc,phases   ] GC(27)   Other: 0.7ms
[2022-09-11T06:03:07.572-0700][gc,heap     ] GC(27) Eden regions: 244->0(244)
[2022-09-11T06:03:07.572-0700][gc,heap     ] GC(27) Survivor regions: 12->12(32)
[2022-09-11T06:03:07.572-0700][gc,heap     ] GC(27) Old regions: 59->59
[2022-09-11T06:03:07.572-0700][gc,heap     ] GC(27) Archive regions: 2->2
[2022-09-11T06:03:07.572-0700][gc,heap     ] GC(27) Humongous regions: 44->44
[2022-09-11T06:03:07.572-0700][gc,metaspace] GC(27) Metaspace: 72138K(72896K)->72138K(72896K) NonClass: 63702K(64128K)->63702K(64128K) Class: 8436K(8768K)->8436K(8768K)
[2022-09-11T06:03:07.572-0700][gc          ] GC(27) Pause Young (Normal) (G1 Evacuation Pause) 359M->115M(512M) 62.172ms
[2022-09-11T06:03:07.573-0700][gc,cpu      ] GC(27) User=0.05s Sys=0.08s Real=0.06s
[2022-09-11T06:24:51.107-0700][gc,start    ] GC(28) Pause Young (Normal) (G1 Evacuation Pause)
[2022-09-11T06:24:51.111-0700][gc,task     ] GC(28) Using 4 workers of 4 for evacuation
[2022-09-11T06:24:51.210-0700][gc,phases   ] GC(28)   Pre Evacuate Collection Set: 2.4ms
[2022-09-11T06:24:51.210-0700][gc,phases   ] GC(28)   Merge Heap Roots: 0.6ms
[2022-09-11T06:24:51.210-0700][gc,phases   ] GC(28)   Evacuate Collection Set: 92.6ms
[2022-09-11T06:24:51.210-0700][gc,phases   ] GC(28)   Post Evacuate Collection Set: 2.8ms
[2022-09-11T06:24:51.210-0700][gc,phases   ] GC(28)   Other: 1.0ms
[2022-09-11T06:24:51.210-0700][gc,heap     ] GC(28) Eden regions: 244->0(243)
[2022-09-11T06:24:51.210-0700][gc,heap     ] GC(28) Survivor regions: 12->13(32)
[2022-09-11T06:24:51.210-0700][gc,heap     ] GC(28) Old regions: 59->59
[2022-09-11T06:24:51.210-0700][gc,heap     ] GC(28) Archive regions: 2->2
[2022-09-11T06:24:51.210-0700][gc,heap     ] GC(28) Humongous regions: 44->44
[2022-09-11T06:24:51.210-0700][gc,metaspace] GC(28) Metaspace: 72179K(72896K)->72179K(72896K) NonClass: 63741K(64128K)->63741K(64128K) Class: 8438K(8768K)->8438K(8768K)
[2022-09-11T06:24:51.210-0700][gc          ] GC(28) Pause Young (Normal) (G1 Evacuation Pause) 359M->116M(512M) 103.246ms
[2022-09-11T06:24:51.211-0700][gc,cpu      ] GC(28) User=0.05s Sys=0.11s Real=0.11s
[2022-09-11T06:46:26.266-0700][gc,start    ] GC(29) Pause Young (Normal) (G1 Evacuation Pause)
[2022-09-11T06:46:26.269-0700][gc,task     ] GC(29) Using 4 workers of 4 for evacuation
[2022-09-11T06:46:26.427-0700][gc,phases   ] GC(29)   Pre Evacuate Collection Set: 2.3ms
[2022-09-11T06:46:26.427-0700][gc,phases   ] GC(29)   Merge Heap Roots: 3.3ms
[2022-09-11T06:46:26.427-0700][gc,phases   ] GC(29)   Evacuate Collection Set: 137.1ms
[2022-09-11T06:46:26.427-0700][gc,phases   ] GC(29)   Post Evacuate Collection Set: 14.6ms
[2022-09-11T06:46:26.427-0700][gc,phases   ] GC(29)   Other: 0.7ms
[2022-09-11T06:46:26.427-0700][gc,heap     ] GC(29) Eden regions: 243->0(254)
[2022-09-11T06:46:26.427-0700][gc,heap     ] GC(29) Survivor regions: 13->2(32)
[2022-09-11T06:46:26.427-0700][gc,heap     ] GC(29) Old regions: 59->69
[2022-09-11T06:46:26.427-0700][gc,heap     ] GC(29) Archive regions: 2->2
[2022-09-11T06:46:26.427-0700][gc,heap     ] GC(29) Humongous regions: 44->44
[2022-09-11T06:46:26.427-0700][gc,metaspace] GC(29) Metaspace: 72220K(73024K)->72220K(73024K) NonClass: 63775K(64192K)->63775K(64192K) Class: 8445K(8832K)->8445K(8832K)
[2022-09-11T06:46:26.427-0700][gc          ] GC(29) Pause Young (Normal) (G1 Evacuation Pause) 359M->115M(512M) 161.718ms
[2022-09-11T06:46:26.428-0700][gc,cpu      ] GC(29) User=0.05s Sys=0.11s Real=0.16s
[2022-09-11T07:08:56.933-0700][gc,start    ] GC(30) Pause Young (Normal) (G1 Evacuation Pause)
[2022-09-11T07:08:56.937-0700][gc,task     ] GC(30) Using 4 workers of 4 for evacuation
[2022-09-11T07:08:57.127-0700][gc,phases   ] GC(30)   Pre Evacuate Collection Set: 38.6ms
[2022-09-11T07:08:57.127-0700][gc,phases   ] GC(30)   Merge Heap Roots: 4.4ms
[2022-09-11T07:08:57.127-0700][gc,phases   ] GC(30)   Evacuate Collection Set: 128.0ms
[2022-09-11T07:08:57.127-0700][gc,phases   ] GC(30)   Post Evacuate Collection Set: 18.8ms
[2022-09-11T07:08:57.127-0700][gc,phases   ] GC(30)   Other: 0.7ms
[2022-09-11T07:08:57.127-0700][gc,heap     ] GC(30) Eden regions: 254->0(254)
[2022-09-11T07:08:57.127-0700][gc,heap     ] GC(30) Survivor regions: 2->2(32)
[2022-09-11T07:08:57.127-0700][gc,heap     ] GC(30) Old regions: 69->70
[2022-09-11T07:08:57.127-0700][gc,heap     ] GC(30) Archive regions: 2->2
[2022-09-11T07:08:57.127-0700][gc,heap     ] GC(30) Humongous regions: 44->44
[2022-09-11T07:08:57.127-0700][gc,metaspace] GC(30) Metaspace: 72257K(73024K)->72257K(73024K) NonClass: 63806K(64192K)->63806K(64192K) Class: 8450K(8832K)->8450K(8832K)
[2022-09-11T07:08:57.127-0700][gc          ] GC(30) Pause Young (Normal) (G1 Evacuation Pause) 369M->115M(512M) 194.528ms
[2022-09-11T07:08:57.128-0700][gc,cpu      ] GC(30) User=0.05s Sys=0.14s Real=0.19s
[2022-09-11T07:31:36.822-0700][gc,start    ] GC(31) Pause Young (Normal) (G1 Evacuation Pause)
[2022-09-11T07:31:36.825-0700][gc,task     ] GC(31) Using 4 workers of 4 for evacuation
[2022-09-11T07:31:36.935-0700][gc,phases   ] GC(31)   Pre Evacuate Collection Set: 4.9ms
[2022-09-11T07:31:36.935-0700][gc,phases   ] GC(31)   Merge Heap Roots: 0.5ms
[2022-09-11T07:31:36.935-0700][gc,phases   ] GC(31)   Evacuate Collection Set: 102.2ms
[2022-09-11T07:31:36.935-0700][gc,phases   ] GC(31)   Post Evacuate Collection Set: 2.2ms
[2022-09-11T07:31:36.935-0700][gc,phases   ] GC(31)   Other: 0.6ms
[2022-09-11T07:31:36.935-0700][gc,heap     ] GC(31) Eden regions: 254->0(254)
[2022-09-11T07:31:36.935-0700][gc,heap     ] GC(31) Survivor regions: 2->2(32)
[2022-09-11T07:31:36.935-0700][gc,heap     ] GC(31) Old regions: 70->70
[2022-09-11T07:31:36.935-0700][gc,heap     ] GC(31) Archive regions: 2->2
[2022-09-11T07:31:36.935-0700][gc,heap     ] GC(31) Humongous regions: 44->44
[2022-09-11T07:31:36.935-0700][gc,metaspace] GC(31) Metaspace: 72268K(73024K)->72268K(73024K) NonClass: 63817K(64192K)->63817K(64192K) Class: 8450K(8832K)->8450K(8832K)
[2022-09-11T07:31:36.936-0700][gc          ] GC(31) Pause Young (Normal) (G1 Evacuation Pause) 369M->115M(512M) 113.590ms
[2022-09-11T07:31:36.936-0700][gc,cpu      ] GC(31) User=0.07s Sys=0.06s Real=0.11s
[2022-09-11T07:54:10.004-0700][gc,start    ] GC(32) Pause Young (Normal) (G1 Evacuation Pause)
[2022-09-11T07:54:10.008-0700][gc,task     ] GC(32) Using 4 workers of 4 for evacuation
[2022-09-11T07:54:10.184-0700][gc,phases   ] GC(32)   Pre Evacuate Collection Set: 20.2ms
[2022-09-11T07:54:10.184-0700][gc,phases   ] GC(32)   Merge Heap Roots: 4.0ms
[2022-09-11T07:54:10.184-0700][gc,phases   ] GC(32)   Evacuate Collection Set: 142.9ms
[2022-09-11T07:54:10.184-0700][gc,phases   ] GC(32)   Post Evacuate Collection Set: 8.6ms
[2022-09-11T07:54:10.184-0700][gc,phases   ] GC(32)   Other: 0.5ms
[2022-09-11T07:54:10.184-0700][gc,heap     ] GC(32) Eden regions: 254->0(254)
[2022-09-11T07:54:10.184-0700][gc,heap     ] GC(32) Survivor regions: 2->2(32)
[2022-09-11T07:54:10.184-0700][gc,heap     ] GC(32) Old regions: 70->70
[2022-09-11T07:54:10.184-0700][gc,heap     ] GC(32) Archive regions: 2->2
[2022-09-11T07:54:10.185-0700][gc,heap     ] GC(32) Humongous regions: 44->44
[2022-09-11T07:54:10.185-0700][gc,metaspace] GC(32) Metaspace: 72282K(73024K)->72282K(73024K) NonClass: 63831K(64192K)->63831K(64192K) Class: 8450K(8832K)->8450K(8832K)
[2022-09-11T07:54:10.185-0700][gc          ] GC(32) Pause Young (Normal) (G1 Evacuation Pause) 369M->115M(512M) 180.225ms
[2022-09-11T07:54:10.185-0700][gc,cpu      ] GC(32) User=0.02s Sys=0.12s Real=0.18s
[2022-09-11T08:16:48.428-0700][gc,start    ] GC(33) Pause Young (Normal) (G1 Evacuation Pause)
[2022-09-11T08:16:48.434-0700][gc,task     ] GC(33) Using 4 workers of 4 for evacuation
[2022-09-11T08:16:48.537-0700][gc,phases   ] GC(33)   Pre Evacuate Collection Set: 8.7ms
[2022-09-11T08:16:48.538-0700][gc,phases   ] GC(33)   Merge Heap Roots: 8.7ms
[2022-09-11T08:16:48.538-0700][gc,phases   ] GC(33)   Evacuate Collection Set: 79.0ms
[2022-09-11T08:16:48.538-0700][gc,phases   ] GC(33)   Post Evacuate Collection Set: 4.7ms
[2022-09-11T08:16:48.538-0700][gc,phases   ] GC(33)   Other: 5.6ms
[2022-09-11T08:16:48.538-0700][gc,heap     ] GC(33) Eden regions: 254->0(254)
[2022-09-11T08:16:48.538-0700][gc,heap     ] GC(33) Survivor regions: 2->2(32)
[2022-09-11T08:16:48.538-0700][gc,heap     ] GC(33) Old regions: 70->70
[2022-09-11T08:16:48.538-0700][gc,heap     ] GC(33) Archive regions: 2->2
[2022-09-11T08:16:48.538-0700][gc,heap     ] GC(33) Humongous regions: 44->44
[2022-09-11T08:16:48.538-0700][gc,metaspace] GC(33) Metaspace: 72290K(73024K)->72290K(73024K) NonClass: 63840K(64192K)->63840K(64192K) Class: 8450K(8832K)->8450K(8832K)
[2022-09-11T08:16:48.541-0700][gc          ] GC(33) Pause Young (Normal) (G1 Evacuation Pause) 369M->115M(512M) 114.125ms
[2022-09-11T08:16:48.541-0700][gc,cpu      ] GC(33) User=0.02s Sys=0.04s Real=0.12s
[2022-09-11T08:39:32.312-0700][gc,start    ] GC(34) Pause Young (Normal) (G1 Evacuation Pause)
[2022-09-11T08:39:32.316-0700][gc,task     ] GC(34) Using 4 workers of 4 for evacuation
[2022-09-11T08:39:32.349-0700][gc,phases   ] GC(34)   Pre Evacuate Collection Set: 2.9ms
[2022-09-11T08:39:32.349-0700][gc,phases   ] GC(34)   Merge Heap Roots: 2.1ms
[2022-09-11T08:39:32.349-0700][gc,phases   ] GC(34)   Evacuate Collection Set: 24.8ms
[2022-09-11T08:39:32.349-0700][gc,phases   ] GC(34)   Post Evacuate Collection Set: 2.2ms
[2022-09-11T08:39:32.349-0700][gc,phases   ] GC(34)   Other: 0.8ms
[2022-09-11T08:39:32.349-0700][gc,heap     ] GC(34) Eden regions: 254->0(254)
[2022-09-11T08:39:32.349-0700][gc,heap     ] GC(34) Survivor regions: 2->2(32)
[2022-09-11T08:39:32.349-0700][gc,heap     ] GC(34) Old regions: 70->70
[2022-09-11T08:39:32.349-0700][gc,heap     ] GC(34) Archive regions: 2->2
[2022-09-11T08:39:32.349-0700][gc,heap     ] GC(34) Humongous regions: 44->44
[2022-09-11T08:39:32.349-0700][gc,metaspace] GC(34) Metaspace: 72299K(73024K)->72299K(73024K) NonClass: 63849K(64192K)->63849K(64192K) Class: 8450K(8832K)->8450K(8832K)
[2022-09-11T08:39:32.349-0700][gc          ] GC(34) Pause Young (Normal) (G1 Evacuation Pause) 369M->115M(512M) 36.475ms
[2022-09-11T08:39:32.349-0700][gc,cpu      ] GC(34) User=0.02s Sys=0.05s Real=0.03s
[2022-09-11T09:02:14.065-0700][gc,start    ] GC(35) Pause Young (Normal) (G1 Evacuation Pause)
[2022-09-11T09:02:14.067-0700][gc,task     ] GC(35) Using 4 workers of 4 for evacuation
[2022-09-11T09:02:14.096-0700][gc,phases   ] GC(35)   Pre Evacuate Collection Set: 2.6ms
[2022-09-11T09:02:14.096-0700][gc,phases   ] GC(35)   Merge Heap Roots: 1.0ms
[2022-09-11T09:02:14.096-0700][gc,phases   ] GC(35)   Evacuate Collection Set: 22.2ms
[2022-09-11T09:02:14.096-0700][gc,phases   ] GC(35)   Post Evacuate Collection Set: 2.4ms
[2022-09-11T09:02:14.096-0700][gc,phases   ] GC(35)   Other: 0.6ms
[2022-09-11T09:02:14.096-0700][gc,heap     ] GC(35) Eden regions: 254->0(254)
[2022-09-11T09:02:14.096-0700][gc,heap     ] GC(35) Survivor regions: 2->2(32)
[2022-09-11T09:02:14.096-0700][gc,heap     ] GC(35) Old regions: 70->70
[2022-09-11T09:02:14.096-0700][gc,heap     ] GC(35) Archive regions: 2->2
[2022-09-11T09:02:14.096-0700][gc,heap     ] GC(35) Humongous regions: 44->44
[2022-09-11T09:02:14.096-0700][gc,metaspace] GC(35) Metaspace: 72301K(73024K)->72301K(73024K) NonClass: 63850K(64192K)->63850K(64192K) Class: 8450K(8832K)->8450K(8832K)
[2022-09-11T09:02:14.096-0700][gc          ] GC(35) Pause Young (Normal) (G1 Evacuation Pause) 369M->115M(512M) 31.245ms
[2022-09-11T09:02:14.097-0700][gc,cpu      ] GC(35) User=0.02s Sys=0.05s Real=0.03s
[2022-09-11T09:24:57.133-0700][gc,start    ] GC(36) Pause Young (Normal) (G1 Evacuation Pause)
[2022-09-11T09:24:57.137-0700][gc,task     ] GC(36) Using 4 workers of 4 for evacuation
[2022-09-11T09:24:57.206-0700][gc,phases   ] GC(36)   Pre Evacuate Collection Set: 1.4ms
[2022-09-11T09:24:57.206-0700][gc,phases   ] GC(36)   Merge Heap Roots: 1.6ms
[2022-09-11T09:24:57.206-0700][gc,phases   ] GC(36)   Evacuate Collection Set: 61.4ms
[2022-09-11T09:24:57.207-0700][gc,phases   ] GC(36)   Post Evacuate Collection Set: 4.4ms
[2022-09-11T09:24:57.207-0700][gc,phases   ] GC(36)   Other: 0.5ms
[2022-09-11T09:24:57.207-0700][gc,heap     ] GC(36) Eden regions: 254->0(254)
[2022-09-11T09:24:57.207-0700][gc,heap     ] GC(36) Survivor regions: 2->2(32)
[2022-09-11T09:24:57.207-0700][gc,heap     ] GC(36) Old regions: 70->70
[2022-09-11T09:24:57.207-0700][gc,heap     ] GC(36) Archive regions: 2->2
[2022-09-11T09:24:57.207-0700][gc,heap     ] GC(36) Humongous regions: 44->44
[2022-09-11T09:24:57.207-0700][gc,metaspace] GC(36) Metaspace: 72305K(73024K)->72305K(73024K) NonClass: 63855K(64192K)->63855K(64192K) Class: 8450K(8832K)->8450K(8832K)
[2022-09-11T09:24:57.207-0700][gc          ] GC(36) Pause Young (Normal) (G1 Evacuation Pause) 369M->115M(512M) 74.053ms
[2022-09-11T09:24:57.208-0700][gc,cpu      ] GC(36) User=0.02s Sys=0.06s Real=0.07s
[2022-09-11T09:47:39.481-0700][gc,start    ] GC(37) Pause Young (Normal) (G1 Evacuation Pause)
[2022-09-11T09:47:39.486-0700][gc,task     ] GC(37) Using 4 workers of 4 for evacuation
[2022-09-11T09:47:40.239-0700][gc,mmu      ] GC(37) MMU target violated: 201.0ms (200.0ms/201.0ms)
[2022-09-11T09:47:40.239-0700][gc,phases   ] GC(37)   Pre Evacuate Collection Set: 111.7ms
[2022-09-11T09:47:40.239-0700][gc,phases   ] GC(37)   Merge Heap Roots: 52.8ms
[2022-09-11T09:47:40.239-0700][gc,phases   ] GC(37)   Evacuate Collection Set: 565.8ms
[2022-09-11T09:47:40.239-0700][gc,phases   ] GC(37)   Post Evacuate Collection Set: 15.3ms
[2022-09-11T09:47:40.239-0700][gc,phases   ] GC(37)   Other: 8.9ms
[2022-09-11T09:47:40.239-0700][gc,heap     ] GC(37) Eden regions: 254->0(254)
[2022-09-11T09:47:40.239-0700][gc,heap     ] GC(37) Survivor regions: 2->2(32)
[2022-09-11T09:47:40.239-0700][gc,heap     ] GC(37) Old regions: 70->70
[2022-09-11T09:47:40.239-0700][gc,heap     ] GC(37) Archive regions: 2->2
[2022-09-11T09:47:40.239-0700][gc,heap     ] GC(37) Humongous regions: 44->44
[2022-09-11T09:47:40.239-0700][gc,metaspace] GC(37) Metaspace: 72312K(73088K)->72312K(73088K) NonClass: 63861K(64256K)->63861K(64256K) Class: 8450K(8832K)->8450K(8832K)
[2022-09-11T09:47:40.239-0700][gc          ] GC(37) Pause Young (Normal) (G1 Evacuation Pause) 369M->115M(512M) 758.314ms
[2022-09-11T09:47:40.240-0700][gc,cpu      ] GC(37) User=0.12s Sys=0.17s Real=0.75s
[2022-09-11T10:10:16.125-0700][gc,start    ] GC(38) Pause Young (Normal) (G1 Evacuation Pause)
[2022-09-11T10:10:16.128-0700][gc,task     ] GC(38) Using 4 workers of 4 for evacuation
[2022-09-11T10:10:16.312-0700][gc,phases   ] GC(38)   Pre Evacuate Collection Set: 52.2ms
[2022-09-11T10:10:16.312-0700][gc,phases   ] GC(38)   Merge Heap Roots: 4.2ms
[2022-09-11T10:10:16.312-0700][gc,phases   ] GC(38)   Evacuate Collection Set: 117.7ms
[2022-09-11T10:10:16.312-0700][gc,phases   ] GC(38)   Post Evacuate Collection Set: 8.5ms
[2022-09-11T10:10:16.312-0700][gc,phases   ] GC(38)   Other: 0.6ms
[2022-09-11T10:10:16.312-0700][gc,heap     ] GC(38) Eden regions: 254->0(254)
[2022-09-11T10:10:16.312-0700][gc,heap     ] GC(38) Survivor regions: 2->2(32)
[2022-09-11T10:10:16.312-0700][gc,heap     ] GC(38) Old regions: 70->70
[2022-09-11T10:10:16.312-0700][gc,heap     ] GC(38) Archive regions: 2->2
[2022-09-11T10:10:16.312-0700][gc,heap     ] GC(38) Humongous regions: 44->44
[2022-09-11T10:10:16.312-0700][gc,metaspace] GC(38) Metaspace: 72316K(73088K)->72316K(73088K) NonClass: 63865K(64256K)->63865K(64256K) Class: 8450K(8832K)->8450K(8832K)
[2022-09-11T10:10:16.312-0700][gc          ] GC(38) Pause Young (Normal) (G1 Evacuation Pause) 369M->115M(512M) 187.213ms
[2022-09-11T10:10:16.312-0700][gc,cpu      ] GC(38) User=0.04s Sys=0.11s Real=0.19s
[2022-09-11T10:32:49.272-0700][gc,start    ] GC(39) Pause Young (Normal) (G1 Evacuation Pause)
[2022-09-11T10:32:49.278-0700][gc,task     ] GC(39) Using 4 workers of 4 for evacuation
[2022-09-11T10:32:50.160-0700][gc,mmu      ] GC(39) MMU target violated: 201.0ms (200.0ms/201.0ms)
[2022-09-11T10:32:50.161-0700][gc,phases   ] GC(39)   Pre Evacuate Collection Set: 119.5ms
[2022-09-11T10:32:50.161-0700][gc,phases   ] GC(39)   Merge Heap Roots: 11.6ms
[2022-09-11T10:32:50.161-0700][gc,phases   ] GC(39)   Evacuate Collection Set: 702.2ms
[2022-09-11T10:32:50.162-0700][gc,phases   ] GC(39)   Post Evacuate Collection Set: 33.6ms
[2022-09-11T10:32:50.162-0700][gc,phases   ] GC(39)   Other: 20.6ms
[2022-09-11T10:32:50.162-0700][gc,heap     ] GC(39) Eden regions: 254->0(254)
[2022-09-11T10:32:50.162-0700][gc,heap     ] GC(39) Survivor regions: 2->2(32)
[2022-09-11T10:32:50.162-0700][gc,heap     ] GC(39) Old regions: 70->70
[2022-09-11T10:32:50.162-0700][gc,heap     ] GC(39) Archive regions: 2->2
[2022-09-11T10:32:50.162-0700][gc,heap     ] GC(39) Humongous regions: 44->44
[2022-09-11T10:32:50.162-0700][gc,metaspace] GC(39) Metaspace: 72340K(73088K)->72340K(73088K) NonClass: 63887K(64256K)->63887K(64256K) Class: 8452K(8832K)->8452K(8832K)
[2022-09-11T10:32:50.163-0700][gc          ] GC(39) Pause Young (Normal) (G1 Evacuation Pause) 369M->115M(512M) 891.082ms
[2022-09-11T10:32:50.163-0700][gc,cpu      ] GC(39) User=0.09s Sys=0.31s Real=0.90s
[2022-09-11T10:55:28.800-0700][gc,start    ] GC(40) Pause Young (Normal) (G1 Evacuation Pause)
[2022-09-11T10:55:28.807-0700][gc,task     ] GC(40) Using 4 workers of 4 for evacuation
[2022-09-11T10:55:29.527-0700][gc,mmu      ] GC(40) MMU target violated: 201.0ms (200.0ms/201.0ms)
[2022-09-11T10:55:29.527-0700][gc,phases   ] GC(40)   Pre Evacuate Collection Set: 98.8ms
[2022-09-11T10:55:29.527-0700][gc,phases   ] GC(40)   Merge Heap Roots: 9.5ms
[2022-09-11T10:55:29.527-0700][gc,phases   ] GC(40)   Evacuate Collection Set: 562.6ms
[2022-09-11T10:55:29.527-0700][gc,phases   ] GC(40)   Post Evacuate Collection Set: 38.4ms
[2022-09-11T10:55:29.527-0700][gc,phases   ] GC(40)   Other: 10.6ms
[2022-09-11T10:55:29.527-0700][gc,heap     ] GC(40) Eden regions: 254->0(254)
[2022-09-11T10:55:29.527-0700][gc,heap     ] GC(40) Survivor regions: 2->2(32)
[2022-09-11T10:55:29.527-0700][gc,heap     ] GC(40) Old regions: 70->70
[2022-09-11T10:55:29.527-0700][gc,heap     ] GC(40) Archive regions: 2->2
[2022-09-11T10:55:29.527-0700][gc,heap     ] GC(40) Humongous regions: 44->44
[2022-09-11T10:55:29.527-0700][gc,metaspace] GC(40) Metaspace: 72363K(73088K)->72363K(73088K) NonClass: 63910K(64256K)->63910K(64256K) Class: 8452K(8832K)->8452K(8832K)
[2022-09-11T10:55:29.527-0700][gc          ] GC(40) Pause Young (Normal) (G1 Evacuation Pause) 369M->115M(512M) 727.725ms
[2022-09-11T10:55:29.528-0700][gc,cpu      ] GC(40) User=0.03s Sys=0.30s Real=0.72s
[2022-09-11T11:18:02.157-0700][gc,start    ] GC(41) Pause Young (Normal) (G1 Evacuation Pause)
[2022-09-11T11:18:02.159-0700][gc,task     ] GC(41) Using 4 workers of 4 for evacuation
[2022-09-11T11:18:02.742-0700][gc,mmu      ] GC(41) MMU target violated: 201.0ms (200.0ms/201.0ms)
[2022-09-11T11:18:02.742-0700][gc,phases   ] GC(41)   Pre Evacuate Collection Set: 143.6ms
[2022-09-11T11:18:02.742-0700][gc,phases   ] GC(41)   Merge Heap Roots: 20.1ms
[2022-09-11T11:18:02.742-0700][gc,phases   ] GC(41)   Evacuate Collection Set: 395.5ms
[2022-09-11T11:18:02.742-0700][gc,phases   ] GC(41)   Post Evacuate Collection Set: 22.9ms
[2022-09-11T11:18:02.742-0700][gc,phases   ] GC(41)   Other: 0.9ms
[2022-09-11T11:18:02.742-0700][gc,heap     ] GC(41) Eden regions: 254->0(254)
[2022-09-11T11:18:02.742-0700][gc,heap     ] GC(41) Survivor regions: 2->2(32)
[2022-09-11T11:18:02.742-0700][gc,heap     ] GC(41) Old regions: 70->70
[2022-09-11T11:18:02.742-0700][gc,heap     ] GC(41) Archive regions: 2->2
[2022-09-11T11:18:02.742-0700][gc,heap     ] GC(41) Humongous regions: 44->44
[2022-09-11T11:18:02.743-0700][gc,metaspace] GC(41) Metaspace: 72379K(73152K)->72379K(73152K) NonClass: 63926K(64320K)->63926K(64320K) Class: 8453K(8832K)->8453K(8832K)
[2022-09-11T11:18:02.743-0700][gc          ] GC(41) Pause Young (Normal) (G1 Evacuation Pause) 369M->115M(512M) 585.933ms
[2022-09-11T11:18:02.743-0700][gc,cpu      ] GC(41) User=0.05s Sys=0.36s Real=0.59s
[2022-09-11T11:40:47.802-0700][gc,start    ] GC(42) Pause Young (Normal) (G1 Evacuation Pause)
[2022-09-11T11:40:47.806-0700][gc,task     ] GC(42) Using 4 workers of 4 for evacuation
[2022-09-11T11:40:47.916-0700][gc,phases   ] GC(42)   Pre Evacuate Collection Set: 2.3ms
[2022-09-11T11:40:47.916-0700][gc,phases   ] GC(42)   Merge Heap Roots: 1.2ms
[2022-09-11T11:40:47.916-0700][gc,phases   ] GC(42)   Evacuate Collection Set: 89.3ms
[2022-09-11T11:40:47.916-0700][gc,phases   ] GC(42)   Post Evacuate Collection Set: 16.5ms
[2022-09-11T11:40:47.916-0700][gc,phases   ] GC(42)   Other: 0.5ms
[2022-09-11T11:40:47.916-0700][gc,heap     ] GC(42) Eden regions: 254->0(254)
[2022-09-11T11:40:47.916-0700][gc,heap     ] GC(42) Survivor regions: 2->2(32)
[2022-09-11T11:40:47.916-0700][gc,heap     ] GC(42) Old regions: 70->70
[2022-09-11T11:40:47.916-0700][gc,heap     ] GC(42) Archive regions: 2->2
[2022-09-11T11:40:47.916-0700][gc,heap     ] GC(42) Humongous regions: 44->44
[2022-09-11T11:40:47.916-0700][gc,metaspace] GC(42) Metaspace: 72485K(73216K)->72485K(73216K) NonClass: 64030K(64384K)->64030K(64384K) Class: 8454K(8832K)->8454K(8832K)
[2022-09-11T11:40:47.917-0700][gc          ] GC(42) Pause Young (Normal) (G1 Evacuation Pause) 369M->115M(512M) 114.353ms
[2022-09-11T11:40:47.917-0700][gc,cpu      ] GC(42) User=0.02s Sys=0.05s Real=0.11s
[2022-09-11T18:53:32.571-0700][gc,start    ] GC(43) Pause Young (Normal) (G1 Evacuation Pause)
[2022-09-11T18:53:32.575-0700][gc,task     ] GC(43) Using 4 workers of 4 for evacuation
[2022-09-11T18:53:32.861-0700][gc,mmu      ] GC(43) MMU target violated: 201.0ms (200.0ms/201.0ms)
[2022-09-11T18:53:32.861-0700][gc,phases   ] GC(43)   Pre Evacuate Collection Set: 59.4ms
[2022-09-11T18:53:32.861-0700][gc,phases   ] GC(43)   Merge Heap Roots: 8.6ms
[2022-09-11T18:53:32.861-0700][gc,phases   ] GC(43)   Evacuate Collection Set: 204.6ms
[2022-09-11T18:53:32.861-0700][gc,phases   ] GC(43)   Post Evacuate Collection Set: 12.7ms
[2022-09-11T18:53:32.861-0700][gc,phases   ] GC(43)   Other: 0.9ms
[2022-09-11T18:53:32.861-0700][gc,heap     ] GC(43) Eden regions: 254->0(254)
[2022-09-11T18:53:32.861-0700][gc,heap     ] GC(43) Survivor regions: 2->2(32)
[2022-09-11T18:53:32.861-0700][gc,heap     ] GC(43) Old regions: 70->70
[2022-09-11T18:53:32.861-0700][gc,heap     ] GC(43) Archive regions: 2->2
[2022-09-11T18:53:32.861-0700][gc,heap     ] GC(43) Humongous regions: 44->44
[2022-09-11T18:53:32.861-0700][gc,metaspace] GC(43) Metaspace: 72514K(73280K)->72514K(73280K) NonClass: 64058K(64448K)->64058K(64448K) Class: 8456K(8832K)->8456K(8832K)
[2022-09-11T18:53:32.861-0700][gc          ] GC(43) Pause Young (Normal) (G1 Evacuation Pause) 369M->115M(512M) 289.918ms
[2022-09-11T18:53:32.861-0700][gc,cpu      ] GC(43) User=0.12s Sys=0.14s Real=0.29s
[2022-09-11T19:16:21.100-0700][gc,start    ] GC(44) Pause Young (Normal) (G1 Evacuation Pause)
[2022-09-11T19:16:21.104-0700][gc,task     ] GC(44) Using 4 workers of 4 for evacuation
[2022-09-11T19:16:21.150-0700][gc,phases   ] GC(44)   Pre Evacuate Collection Set: 0.4ms
[2022-09-11T19:16:21.150-0700][gc,phases   ] GC(44)   Merge Heap Roots: 0.2ms
[2022-09-11T19:16:21.150-0700][gc,phases   ] GC(44)   Evacuate Collection Set: 41.6ms
[2022-09-11T19:16:21.151-0700][gc,phases   ] GC(44)   Post Evacuate Collection Set: 4.0ms
[2022-09-11T19:16:21.151-0700][gc,phases   ] GC(44)   Other: 0.3ms
[2022-09-11T19:16:21.151-0700][gc,heap     ] GC(44) Eden regions: 254->0(254)
[2022-09-11T19:16:21.151-0700][gc,heap     ] GC(44) Survivor regions: 2->2(32)
[2022-09-11T19:16:21.151-0700][gc,heap     ] GC(44) Old regions: 70->70
[2022-09-11T19:16:21.151-0700][gc,heap     ] GC(44) Archive regions: 2->2
[2022-09-11T19:16:21.151-0700][gc,heap     ] GC(44) Humongous regions: 44->44
[2022-09-11T19:16:21.151-0700][gc,metaspace] GC(44) Metaspace: 72514K(73280K)->72514K(73280K) NonClass: 64058K(64448K)->64058K(64448K) Class: 8456K(8832K)->8456K(8832K)
[2022-09-11T19:16:21.151-0700][gc          ] GC(44) Pause Young (Normal) (G1 Evacuation Pause) 369M->115M(512M) 50.980ms
[2022-09-11T19:16:21.151-0700][gc,cpu      ] GC(44) User=0.02s Sys=0.03s Real=0.05s
[2022-09-11T19:39:57.734-0700][gc,start    ] GC(45) Pause Young (Normal) (G1 Evacuation Pause)
[2022-09-11T19:39:57.737-0700][gc,task     ] GC(45) Using 4 workers of 4 for evacuation
[2022-09-11T19:39:57.761-0700][gc,phases   ] GC(45)   Pre Evacuate Collection Set: 3.2ms
[2022-09-11T19:39:57.761-0700][gc,phases   ] GC(45)   Merge Heap Roots: 0.5ms
[2022-09-11T19:39:57.761-0700][gc,phases   ] GC(45)   Evacuate Collection Set: 17.3ms
[2022-09-11T19:39:57.761-0700][gc,phases   ] GC(45)   Post Evacuate Collection Set: 2.5ms
[2022-09-11T19:39:57.761-0700][gc,phases   ] GC(45)   Other: 0.4ms
[2022-09-11T19:39:57.761-0700][gc,heap     ] GC(45) Eden regions: 254->0(255)
[2022-09-11T19:39:57.761-0700][gc,heap     ] GC(45) Survivor regions: 2->1(32)
[2022-09-11T19:39:57.761-0700][gc,heap     ] GC(45) Old regions: 70->70
[2022-09-11T19:39:57.762-0700][gc,heap     ] GC(45) Archive regions: 2->2
[2022-09-11T19:39:57.762-0700][gc,heap     ] GC(45) Humongous regions: 44->44
[2022-09-11T19:39:57.762-0700][gc,metaspace] GC(45) Metaspace: 72623K(73408K)->72623K(73408K) NonClass: 64158K(64576K)->64158K(64576K) Class: 8464K(8832K)->8464K(8832K)
[2022-09-11T19:39:57.762-0700][gc          ] GC(45) Pause Young (Normal) (G1 Evacuation Pause) 369M->115M(512M) 27.671ms
[2022-09-11T19:39:57.762-0700][gc,cpu      ] GC(45) User=0.02s Sys=0.04s Real=0.03s
[2022-09-11T20:04:22.090-0700][gc,start    ] GC(46) Pause Young (Normal) (G1 Evacuation Pause)
[2022-09-11T20:04:22.093-0700][gc,task     ] GC(46) Using 4 workers of 4 for evacuation
[2022-09-11T20:04:22.100-0700][gc,phases   ] GC(46)   Pre Evacuate Collection Set: 0.2ms
[2022-09-11T20:04:22.101-0700][gc,phases   ] GC(46)   Merge Heap Roots: 0.1ms
[2022-09-11T20:04:22.101-0700][gc,phases   ] GC(46)   Evacuate Collection Set: 6.2ms
[2022-09-11T20:04:22.101-0700][gc,phases   ] GC(46)   Post Evacuate Collection Set: 1.0ms
[2022-09-11T20:04:22.101-0700][gc,phases   ] GC(46)   Other: 0.3ms
[2022-09-11T20:04:22.101-0700][gc,heap     ] GC(46) Eden regions: 255->0(255)
[2022-09-11T20:04:22.101-0700][gc,heap     ] GC(46) Survivor regions: 1->1(32)
[2022-09-11T20:04:22.101-0700][gc,heap     ] GC(46) Old regions: 70->70
[2022-09-11T20:04:22.101-0700][gc,heap     ] GC(46) Archive regions: 2->2
[2022-09-11T20:04:22.101-0700][gc,heap     ] GC(46) Humongous regions: 44->44
[2022-09-11T20:04:22.101-0700][gc,metaspace] GC(46) Metaspace: 72828K(73600K)->72828K(73600K) NonClass: 64362K(64768K)->64362K(64768K) Class: 8466K(8832K)->8466K(8832K)
[2022-09-11T20:04:22.101-0700][gc          ] GC(46) Pause Young (Normal) (G1 Evacuation Pause) 370M->115M(512M) 10.475ms
[2022-09-11T20:04:22.101-0700][gc,cpu      ] GC(46) User=0.02s Sys=0.00s Real=0.01s
[2022-09-11T20:28:52.273-0700][gc,start    ] GC(47) Pause Young (Normal) (G1 Evacuation Pause)
[2022-09-11T20:28:52.276-0700][gc,task     ] GC(47) Using 4 workers of 4 for evacuation
[2022-09-11T20:28:52.289-0700][gc,phases   ] GC(47)   Pre Evacuate Collection Set: 0.6ms
[2022-09-11T20:28:52.289-0700][gc,phases   ] GC(47)   Merge Heap Roots: 0.4ms
[2022-09-11T20:28:52.289-0700][gc,phases   ] GC(47)   Evacuate Collection Set: 10.7ms
[2022-09-11T20:28:52.289-0700][gc,phases   ] GC(47)   Post Evacuate Collection Set: 0.9ms
[2022-09-11T20:28:52.289-0700][gc,phases   ] GC(47)   Other: 0.6ms
[2022-09-11T20:28:52.289-0700][gc,heap     ] GC(47) Eden regions: 255->0(255)
[2022-09-11T20:28:52.289-0700][gc,heap     ] GC(47) Survivor regions: 1->1(32)
[2022-09-11T20:28:52.289-0700][gc,heap     ] GC(47) Old regions: 70->70
[2022-09-11T20:28:52.289-0700][gc,heap     ] GC(47) Archive regions: 2->2
[2022-09-11T20:28:52.289-0700][gc,heap     ] GC(47) Humongous regions: 44->44
[2022-09-11T20:28:52.289-0700][gc,metaspace] GC(47) Metaspace: 72883K(73664K)->72883K(73664K) NonClass: 64417K(64832K)->64417K(64832K) Class: 8466K(8832K)->8466K(8832K)
[2022-09-11T20:28:52.289-0700][gc          ] GC(47) Pause Young (Normal) (G1 Evacuation Pause) 370M->115M(512M) 15.791ms
[2022-09-11T20:28:52.289-0700][gc,cpu      ] GC(47) User=0.02s Sys=0.02s Real=0.01s
[2022-09-11T20:50:12.489-0700][gc,start    ] GC(48) Pause Young (Normal) (G1 Evacuation Pause)
[2022-09-11T20:50:12.492-0700][gc,task     ] GC(48) Using 4 workers of 4 for evacuation
[2022-09-11T20:50:12.597-0700][gc,phases   ] GC(48)   Pre Evacuate Collection Set: 19.1ms
[2022-09-11T20:50:12.597-0700][gc,phases   ] GC(48)   Merge Heap Roots: 0.5ms
[2022-09-11T20:50:12.597-0700][gc,phases   ] GC(48)   Evacuate Collection Set: 75.0ms
[2022-09-11T20:50:12.597-0700][gc,phases   ] GC(48)   Post Evacuate Collection Set: 10.2ms
[2022-09-11T20:50:12.597-0700][gc,phases   ] GC(48)   Other: 0.8ms
[2022-09-11T20:50:12.597-0700][gc,heap     ] GC(48) Eden regions: 255->0(254)
[2022-09-11T20:50:12.597-0700][gc,heap     ] GC(48) Survivor regions: 1->2(32)
[2022-09-11T20:50:12.597-0700][gc,heap     ] GC(48) Old regions: 70->70
[2022-09-11T20:50:12.597-0700][gc,heap     ] GC(48) Archive regions: 2->2
[2022-09-11T20:50:12.597-0700][gc,heap     ] GC(48) Humongous regions: 50->50
[2022-09-11T20:50:12.597-0700][gc,metaspace] GC(48) Metaspace: 73779K(74624K)->73779K(74624K) NonClass: 65213K(65664K)->65213K(65664K) Class: 8565K(8960K)->8565K(8960K)
[2022-09-11T20:50:12.597-0700][gc          ] GC(48) Pause Young (Normal) (G1 Evacuation Pause) 376M->122M(512M) 108.626ms
[2022-09-11T20:50:12.598-0700][gc,cpu      ] GC(48) User=0.05s Sys=0.09s Real=0.11s
[2022-09-11T21:12:16.481-0700][gc,start    ] GC(49) Pause Young (Normal) (G1 Evacuation Pause)
[2022-09-11T21:12:16.484-0700][gc,task     ] GC(49) Using 4 workers of 4 for evacuation
[2022-09-11T21:12:16.557-0700][gc,phases   ] GC(49)   Pre Evacuate Collection Set: 1.8ms
[2022-09-11T21:12:16.557-0700][gc,phases   ] GC(49)   Merge Heap Roots: 0.8ms
[2022-09-11T21:12:16.557-0700][gc,phases   ] GC(49)   Evacuate Collection Set: 68.1ms
[2022-09-11T21:12:16.557-0700][gc,phases   ] GC(49)   Post Evacuate Collection Set: 2.3ms
[2022-09-11T21:12:16.557-0700][gc,phases   ] GC(49)   Other: 0.6ms
[2022-09-11T21:12:16.557-0700][gc,heap     ] GC(49) Eden regions: 254->0(254)
[2022-09-11T21:12:16.557-0700][gc,heap     ] GC(49) Survivor regions: 2->2(32)
[2022-09-11T21:12:16.557-0700][gc,heap     ] GC(49) Old regions: 70->70
[2022-09-11T21:12:16.557-0700][gc,heap     ] GC(49) Archive regions: 2->2
[2022-09-11T21:12:16.557-0700][gc,heap     ] GC(49) Humongous regions: 50->50
[2022-09-11T21:12:16.557-0700][gc,metaspace] GC(49) Metaspace: 73928K(74752K)->73928K(74752K) NonClass: 65361K(65792K)->65361K(65792K) Class: 8566K(8960K)->8566K(8960K)
[2022-09-11T21:12:16.557-0700][gc          ] GC(49) Pause Young (Normal) (G1 Evacuation Pause) 376M->122M(512M) 76.200ms
[2022-09-11T21:12:16.557-0700][gc,cpu      ] GC(49) User=0.03s Sys=0.11s Real=0.07s
[2022-09-11T21:34:35.931-0700][gc,start    ] GC(50) Pause Young (Normal) (G1 Evacuation Pause)
[2022-09-11T21:34:35.938-0700][gc,task     ] GC(50) Using 4 workers of 4 for evacuation
[2022-09-11T21:34:35.976-0700][gc,phases   ] GC(50)   Pre Evacuate Collection Set: 2.2ms
[2022-09-11T21:34:35.976-0700][gc,phases   ] GC(50)   Merge Heap Roots: 0.8ms
[2022-09-11T21:34:35.976-0700][gc,phases   ] GC(50)   Evacuate Collection Set: 28.7ms
[2022-09-11T21:34:35.976-0700][gc,phases   ] GC(50)   Post Evacuate Collection Set: 5.6ms
[2022-09-11T21:34:35.976-0700][gc,phases   ] GC(50)   Other: 0.8ms
[2022-09-11T21:34:35.976-0700][gc,heap     ] GC(50) Eden regions: 254->0(254)
[2022-09-11T21:34:35.976-0700][gc,heap     ] GC(50) Survivor regions: 2->2(32)
[2022-09-11T21:34:35.976-0700][gc,heap     ] GC(50) Old regions: 70->71
[2022-09-11T21:34:35.976-0700][gc,heap     ] GC(50) Archive regions: 2->2
[2022-09-11T21:34:35.976-0700][gc,heap     ] GC(50) Humongous regions: 50->50
[2022-09-11T21:34:35.976-0700][gc,metaspace] GC(50) Metaspace: 73931K(74752K)->73931K(74752K) NonClass: 65364K(65792K)->65364K(65792K) Class: 8566K(8960K)->8566K(8960K)
[2022-09-11T21:34:35.976-0700][gc          ] GC(50) Pause Young (Normal) (G1 Evacuation Pause) 376M->122M(512M) 44.663ms
[2022-09-11T21:34:35.976-0700][gc,cpu      ] GC(50) User=0.03s Sys=0.08s Real=0.04s
[2022-09-11T22:00:39.566-0700][gc,start    ] GC(51) Pause Young (Normal) (G1 Evacuation Pause)
[2022-09-11T22:00:39.568-0700][gc,task     ] GC(51) Using 4 workers of 4 for evacuation
[2022-09-11T22:00:39.614-0700][gc,phases   ] GC(51)   Pre Evacuate Collection Set: 2.4ms
[2022-09-11T22:00:39.614-0700][gc,phases   ] GC(51)   Merge Heap Roots: 0.8ms
[2022-09-11T22:00:39.614-0700][gc,phases   ] GC(51)   Evacuate Collection Set: 38.6ms
[2022-09-11T22:00:39.614-0700][gc,phases   ] GC(51)   Post Evacuate Collection Set: 2.5ms
[2022-09-11T22:00:39.614-0700][gc,phases   ] GC(51)   Other: 1.2ms
[2022-09-11T22:00:39.614-0700][gc,heap     ] GC(51) Eden regions: 254->0(254)
[2022-09-11T22:00:39.614-0700][gc,heap     ] GC(51) Survivor regions: 2->2(32)
[2022-09-11T22:00:39.614-0700][gc,heap     ] GC(51) Old regions: 71->71
[2022-09-11T22:00:39.614-0700][gc,heap     ] GC(51) Archive regions: 2->2
[2022-09-11T22:00:39.615-0700][gc,heap     ] GC(51) Humongous regions: 50->50
[2022-09-11T22:00:39.615-0700][gc,metaspace] GC(51) Metaspace: 73953K(74752K)->73953K(74752K) NonClass: 65386K(65792K)->65386K(65792K) Class: 8567K(8960K)->8567K(8960K)
[2022-09-11T22:00:39.615-0700][gc          ] GC(51) Pause Young (Normal) (G1 Evacuation Pause) 376M->122M(512M) 51.709ms
[2022-09-11T22:00:39.615-0700][gc,cpu      ] GC(51) User=0.03s Sys=0.08s Real=0.05s
[2022-09-11T22:27:18.363-0700][gc,start    ] GC(52) Pause Young (Normal) (G1 Evacuation Pause)
[2022-09-11T22:27:18.366-0700][gc,task     ] GC(52) Using 4 workers of 4 for evacuation
[2022-09-11T22:27:18.941-0700][gc,mmu      ] GC(52) MMU target violated: 201.0ms (200.0ms/201.0ms)
[2022-09-11T22:27:18.941-0700][gc,phases   ] GC(52)   Pre Evacuate Collection Set: 121.9ms
[2022-09-11T22:27:18.941-0700][gc,phases   ] GC(52)   Merge Heap Roots: 11.1ms
[2022-09-11T22:27:18.941-0700][gc,phases   ] GC(52)   Evacuate Collection Set: 430.3ms
[2022-09-11T22:27:18.941-0700][gc,phases   ] GC(52)   Post Evacuate Collection Set: 10.9ms
[2022-09-11T22:27:18.942-0700][gc,phases   ] GC(52)   Other: 0.9ms
[2022-09-11T22:27:18.942-0700][gc,heap     ] GC(52) Eden regions: 254->0(254)
[2022-09-11T22:27:18.942-0700][gc,heap     ] GC(52) Survivor regions: 2->2(32)
[2022-09-11T22:27:18.942-0700][gc,heap     ] GC(52) Old regions: 71->71
[2022-09-11T22:27:18.942-0700][gc,heap     ] GC(52) Archive regions: 2->2
[2022-09-11T22:27:18.942-0700][gc,heap     ] GC(52) Humongous regions: 50->50
[2022-09-11T22:27:18.942-0700][gc,metaspace] GC(52) Metaspace: 73995K(74752K)->73995K(74752K) NonClass: 65428K(65792K)->65428K(65792K) Class: 8567K(8960K)->8567K(8960K)
[2022-09-11T22:27:18.942-0700][gc          ] GC(52) Pause Young (Normal) (G1 Evacuation Pause) 376M->122M(512M) 579.633ms
[2022-09-11T22:27:18.943-0700][gc,cpu      ] GC(52) User=0.04s Sys=0.33s Real=0.58s
[2022-09-11T22:48:42.598-0700][gc,start    ] GC(53) Pause Young (Normal) (G1 Evacuation Pause)
[2022-09-11T22:48:42.610-0700][gc,task     ] GC(53) Using 4 workers of 4 for evacuation
[2022-09-11T22:48:43.667-0700][gc,mmu      ] GC(53) MMU target violated: 201.0ms (200.0ms/201.0ms)
[2022-09-11T22:48:43.670-0700][gc,phases   ] GC(53)   Pre Evacuate Collection Set: 235.0ms
[2022-09-11T22:48:43.671-0700][gc,phases   ] GC(53)   Merge Heap Roots: 28.0ms
[2022-09-11T22:48:43.671-0700][gc,phases   ] GC(53)   Evacuate Collection Set: 772.3ms
[2022-09-11T22:48:43.671-0700][gc,phases   ] GC(53)   Post Evacuate Collection Set: 17.0ms
[2022-09-11T22:48:43.671-0700][gc,phases   ] GC(53)   Other: 9.4ms
[2022-09-11T22:48:43.671-0700][gc,heap     ] GC(53) Eden regions: 254->0(253)
[2022-09-11T22:48:43.671-0700][gc,heap     ] GC(53) Survivor regions: 2->3(32)
[2022-09-11T22:48:43.671-0700][gc,heap     ] GC(53) Old regions: 71->71
[2022-09-11T22:48:43.671-0700][gc,heap     ] GC(53) Archive regions: 2->2
[2022-09-11T22:48:43.671-0700][gc,heap     ] GC(53) Humongous regions: 50->50
[2022-09-11T22:48:43.671-0700][gc,metaspace] GC(53) Metaspace: 75571K(76416K)->75571K(76416K) NonClass: 66847K(67264K)->66847K(67264K) Class: 8724K(9152K)->8724K(9152K)
[2022-09-11T22:48:43.671-0700][gc          ] GC(53) Pause Young (Normal) (G1 Evacuation Pause) 376M->123M(512M) 1076.953ms
[2022-09-11T22:48:43.671-0700][gc,cpu      ] GC(53) User=0.07s Sys=0.65s Real=1.08s
[2022-09-11T23:11:01.613-0700][gc,start    ] GC(54) Pause Young (Normal) (G1 Evacuation Pause)
[2022-09-11T23:11:01.615-0700][gc,task     ] GC(54) Using 4 workers of 4 for evacuation
[2022-09-11T23:11:01.705-0700][gc,phases   ] GC(54)   Pre Evacuate Collection Set: 2.3ms
[2022-09-11T23:11:01.705-0700][gc,phases   ] GC(54)   Merge Heap Roots: 1.0ms
[2022-09-11T23:11:01.705-0700][gc,phases   ] GC(54)   Evacuate Collection Set: 80.8ms
[2022-09-11T23:11:01.705-0700][gc,phases   ] GC(54)   Post Evacuate Collection Set: 5.1ms
[2022-09-11T23:11:01.708-0700][gc,phases   ] GC(54)   Other: 1.0ms
[2022-09-11T23:11:01.708-0700][gc,heap     ] GC(54) Eden regions: 253->0(253)
[2022-09-11T23:11:01.708-0700][gc,heap     ] GC(54) Survivor regions: 3->3(32)
[2022-09-11T23:11:01.708-0700][gc,heap     ] GC(54) Old regions: 71->71
[2022-09-11T23:11:01.709-0700][gc,heap     ] GC(54) Archive regions: 2->2
[2022-09-11T23:11:01.709-0700][gc,heap     ] GC(54) Humongous regions: 50->50
[2022-09-11T23:11:01.709-0700][gc,metaspace] GC(54) Metaspace: 75577K(76416K)->75577K(76416K) NonClass: 66852K(67264K)->66852K(67264K) Class: 8724K(9152K)->8724K(9152K)
[2022-09-11T23:11:01.709-0700][gc          ] GC(54) Pause Young (Normal) (G1 Evacuation Pause) 376M->123M(512M) 96.013ms
[2022-09-11T23:11:01.709-0700][gc,cpu      ] GC(54) User=0.04s Sys=0.11s Real=0.09s
[2022-09-11T23:33:29.565-0700][gc,start    ] GC(55) Pause Young (Normal) (G1 Evacuation Pause)
[2022-09-11T23:33:29.567-0700][gc,task     ] GC(55) Using 4 workers of 4 for evacuation
[2022-09-11T23:33:29.624-0700][gc,phases   ] GC(55)   Pre Evacuate Collection Set: 6.5ms
[2022-09-11T23:33:29.624-0700][gc,phases   ] GC(55)   Merge Heap Roots: 1.1ms
[2022-09-11T23:33:29.624-0700][gc,phases   ] GC(55)   Evacuate Collection Set: 43.4ms
[2022-09-11T23:33:29.625-0700][gc,phases   ] GC(55)   Post Evacuate Collection Set: 5.5ms
[2022-09-11T23:33:29.625-0700][gc,phases   ] GC(55)   Other: 0.7ms
[2022-09-11T23:33:29.625-0700][gc,heap     ] GC(55) Eden regions: 253->0(253)
[2022-09-11T23:33:29.625-0700][gc,heap     ] GC(55) Survivor regions: 3->3(32)
[2022-09-11T23:33:29.625-0700][gc,heap     ] GC(55) Old regions: 71->71
[2022-09-11T23:33:29.625-0700][gc,heap     ] GC(55) Archive regions: 2->2
[2022-09-11T23:33:29.625-0700][gc,heap     ] GC(55) Humongous regions: 50->50
[2022-09-11T23:33:29.625-0700][gc,metaspace] GC(55) Metaspace: 75577K(76416K)->75577K(76416K) NonClass: 66852K(67264K)->66852K(67264K) Class: 8724K(9152K)->8724K(9152K)
[2022-09-11T23:33:29.625-0700][gc          ] GC(55) Pause Young (Normal) (G1 Evacuation Pause) 376M->123M(512M) 60.009ms
[2022-09-11T23:33:29.625-0700][gc,cpu      ] GC(55) User=0.03s Sys=0.09s Real=0.06s
[2022-09-11T23:56:03.974-0700][gc,start    ] GC(56) Pause Young (Normal) (G1 Evacuation Pause)
[2022-09-11T23:56:03.976-0700][gc,task     ] GC(56) Using 4 workers of 4 for evacuation
[2022-09-11T23:56:04.013-0700][gc,phases   ] GC(56)   Pre Evacuate Collection Set: 1.5ms
[2022-09-11T23:56:04.013-0700][gc,phases   ] GC(56)   Merge Heap Roots: 0.6ms
[2022-09-11T23:56:04.013-0700][gc,phases   ] GC(56)   Evacuate Collection Set: 24.0ms
[2022-09-11T23:56:04.013-0700][gc,phases   ] GC(56)   Post Evacuate Collection Set: 7.3ms
[2022-09-11T23:56:04.013-0700][gc,phases   ] GC(56)   Other: 3.0ms
[2022-09-11T23:56:04.013-0700][gc,heap     ] GC(56) Eden regions: 253->0(253)
[2022-09-11T23:56:04.013-0700][gc,heap     ] GC(56) Survivor regions: 3->3(32)
[2022-09-11T23:56:04.013-0700][gc,heap     ] GC(56) Old regions: 71->71
[2022-09-11T23:56:04.013-0700][gc,heap     ] GC(56) Archive regions: 2->2
[2022-09-11T23:56:04.013-0700][gc,heap     ] GC(56) Humongous regions: 50->50
[2022-09-11T23:56:04.013-0700][gc,metaspace] GC(56) Metaspace: 75577K(76416K)->75577K(76416K) NonClass: 66853K(67264K)->66853K(67264K) Class: 8724K(9152K)->8724K(9152K)
[2022-09-11T23:56:04.013-0700][gc          ] GC(56) Pause Young (Normal) (G1 Evacuation Pause) 376M->123M(512M) 38.899ms
[2022-09-11T23:56:04.013-0700][gc,cpu      ] GC(56) User=0.03s Sys=0.07s Real=0.04s
[2022-09-12T00:16:41.035-0700][gc,start    ] GC(57) Pause Young (Normal) (G1 Evacuation Pause)
[2022-09-12T00:16:41.039-0700][gc,task     ] GC(57) Using 4 workers of 4 for evacuation
[2022-09-12T00:16:41.101-0700][gc,phases   ] GC(57)   Pre Evacuate Collection Set: 2.3ms
[2022-09-12T00:16:41.101-0700][gc,phases   ] GC(57)   Merge Heap Roots: 0.8ms
[2022-09-12T00:16:41.101-0700][gc,phases   ] GC(57)   Evacuate Collection Set: 57.5ms
[2022-09-12T00:16:41.101-0700][gc,phases   ] GC(57)   Post Evacuate Collection Set: 1.8ms
[2022-09-12T00:16:41.101-0700][gc,phases   ] GC(57)   Other: 0.6ms
[2022-09-12T00:16:41.102-0700][gc,heap     ] GC(57) Eden regions: 253->0(253)
[2022-09-12T00:16:41.102-0700][gc,heap     ] GC(57) Survivor regions: 3->3(32)
[2022-09-12T00:16:41.102-0700][gc,heap     ] GC(57) Old regions: 71->71
[2022-09-12T00:16:41.102-0700][gc,heap     ] GC(57) Archive regions: 2->2
[2022-09-12T00:16:41.102-0700][gc,heap     ] GC(57) Humongous regions: 50->50
[2022-09-12T00:16:41.102-0700][gc,metaspace] GC(57) Metaspace: 75581K(76416K)->75581K(76416K) NonClass: 66857K(67264K)->66857K(67264K) Class: 8724K(9152K)->8724K(9152K)
[2022-09-12T00:16:41.102-0700][gc          ] GC(57) Pause Young (Normal) (G1 Evacuation Pause) 376M->123M(512M) 66.311ms
[2022-09-12T00:16:41.102-0700][gc,cpu      ] GC(57) User=0.04s Sys=0.08s Real=0.07s
[2022-09-12T00:40:46.626-0700][gc,start    ] GC(58) Pause Young (Normal) (G1 Evacuation Pause)
[2022-09-12T00:40:46.628-0700][gc,task     ] GC(58) Using 4 workers of 4 for evacuation
[2022-09-12T00:40:46.659-0700][gc,phases   ] GC(58)   Pre Evacuate Collection Set: 2.3ms
[2022-09-12T00:40:46.659-0700][gc,phases   ] GC(58)   Merge Heap Roots: 0.8ms
[2022-09-12T00:40:46.659-0700][gc,phases   ] GC(58)   Evacuate Collection Set: 24.8ms
[2022-09-12T00:40:46.659-0700][gc,phases   ] GC(58)   Post Evacuate Collection Set: 1.8ms
[2022-09-12T00:40:46.659-0700][gc,phases   ] GC(58)   Other: 0.5ms
[2022-09-12T00:40:46.659-0700][gc,heap     ] GC(58) Eden regions: 253->0(253)
[2022-09-12T00:40:46.659-0700][gc,heap     ] GC(58) Survivor regions: 3->3(32)
[2022-09-12T00:40:46.659-0700][gc,heap     ] GC(58) Old regions: 71->71
[2022-09-12T00:40:46.659-0700][gc,heap     ] GC(58) Archive regions: 2->2
[2022-09-12T00:40:46.659-0700][gc,heap     ] GC(58) Humongous regions: 50->50
[2022-09-12T00:40:46.659-0700][gc,metaspace] GC(58) Metaspace: 75616K(76416K)->75616K(76416K) NonClass: 66886K(67264K)->66886K(67264K) Class: 8729K(9152K)->8729K(9152K)
[2022-09-12T00:40:46.659-0700][gc          ] GC(58) Pause Young (Normal) (G1 Evacuation Pause) 376M->123M(512M) 32.759ms
[2022-09-12T00:40:46.659-0700][gc,cpu      ] GC(58) User=0.03s Sys=0.07s Real=0.03s
[2022-09-12T01:09:01.304-0700][gc,start    ] GC(59) Pause Young (Normal) (G1 Evacuation Pause)
[2022-09-12T01:09:01.305-0700][gc,task     ] GC(59) Using 4 workers of 4 for evacuation
[2022-09-12T01:09:01.313-0700][gc,phases   ] GC(59)   Pre Evacuate Collection Set: 0.2ms
[2022-09-12T01:09:01.313-0700][gc,phases   ] GC(59)   Merge Heap Roots: 0.1ms
[2022-09-12T01:09:01.313-0700][gc,phases   ] GC(59)   Evacuate Collection Set: 7.2ms
[2022-09-12T01:09:01.313-0700][gc,phases   ] GC(59)   Post Evacuate Collection Set: 1.0ms
[2022-09-12T01:09:01.313-0700][gc,phases   ] GC(59)   Other: 0.2ms
[2022-09-12T01:09:01.314-0700][gc,heap     ] GC(59) Eden regions: 253->0(253)
[2022-09-12T01:09:01.314-0700][gc,heap     ] GC(59) Survivor regions: 3->3(32)
[2022-09-12T01:09:01.314-0700][gc,heap     ] GC(59) Old regions: 71->71
[2022-09-12T01:09:01.314-0700][gc,heap     ] GC(59) Archive regions: 2->2
[2022-09-12T01:09:01.314-0700][gc,heap     ] GC(59) Humongous regions: 50->50
[2022-09-12T01:09:01.314-0700][gc,metaspace] GC(59) Metaspace: 75616K(76416K)->75616K(76416K) NonClass: 66886K(67264K)->66886K(67264K) Class: 8729K(9152K)->8729K(9152K)
[2022-09-12T01:09:01.314-0700][gc          ] GC(59) Pause Young (Normal) (G1 Evacuation Pause) 376M->123M(512M) 9.352ms
[2022-09-12T01:09:01.314-0700][gc,cpu      ] GC(59) User=0.03s Sys=0.00s Real=0.01s
[2022-09-12T01:36:25.716-0700][gc,start    ] GC(60) Pause Young (Normal) (G1 Evacuation Pause)
[2022-09-12T01:36:25.716-0700][gc,task     ] GC(60) Using 4 workers of 4 for evacuation
[2022-09-12T01:36:25.727-0700][gc,phases   ] GC(60)   Pre Evacuate Collection Set: 0.2ms
[2022-09-12T01:36:25.727-0700][gc,phases   ] GC(60)   Merge Heap Roots: 0.2ms
[2022-09-12T01:36:25.727-0700][gc,phases   ] GC(60)   Evacuate Collection Set: 8.7ms
[2022-09-12T01:36:25.727-0700][gc,phases   ] GC(60)   Post Evacuate Collection Set: 1.6ms
[2022-09-12T01:36:25.727-0700][gc,phases   ] GC(60)   Other: 0.3ms
[2022-09-12T01:36:25.727-0700][gc,heap     ] GC(60) Eden regions: 253->0(253)
[2022-09-12T01:36:25.727-0700][gc,heap     ] GC(60) Survivor regions: 3->3(32)
[2022-09-12T01:36:25.727-0700][gc,heap     ] GC(60) Old regions: 71->71
[2022-09-12T01:36:25.727-0700][gc,heap     ] GC(60) Archive regions: 2->2
[2022-09-12T01:36:25.727-0700][gc,heap     ] GC(60) Humongous regions: 50->50
[2022-09-12T01:36:25.727-0700][gc,metaspace] GC(60) Metaspace: 75617K(76416K)->75617K(76416K) NonClass: 66887K(67264K)->66887K(67264K) Class: 8729K(9152K)->8729K(9152K)
[2022-09-12T01:36:25.727-0700][gc          ] GC(60) Pause Young (Normal) (G1 Evacuation Pause) 376M->123M(512M) 11.729ms
[2022-09-12T01:36:25.728-0700][gc,cpu      ] GC(60) User=0.03s Sys=0.01s Real=0.01s
[2022-09-12T02:00:41.341-0700][gc,start    ] GC(61) Pause Young (Normal) (G1 Evacuation Pause)
[2022-09-12T02:00:41.341-0700][gc,task     ] GC(61) Using 4 workers of 4 for evacuation
[2022-09-12T02:00:41.349-0700][gc,phases   ] GC(61)   Pre Evacuate Collection Set: 0.2ms
[2022-09-12T02:00:41.349-0700][gc,phases   ] GC(61)   Merge Heap Roots: 0.2ms
[2022-09-12T02:00:41.349-0700][gc,phases   ] GC(61)   Evacuate Collection Set: 6.3ms
[2022-09-12T02:00:41.349-0700][gc,phases   ] GC(61)   Post Evacuate Collection Set: 1.1ms
[2022-09-12T02:00:41.349-0700][gc,phases   ] GC(61)   Other: 0.2ms
[2022-09-12T02:00:41.350-0700][gc,heap     ] GC(61) Eden regions: 253->0(253)
[2022-09-12T02:00:41.350-0700][gc,heap     ] GC(61) Survivor regions: 3->3(32)
[2022-09-12T02:00:41.350-0700][gc,heap     ] GC(61) Old regions: 71->71
[2022-09-12T02:00:41.350-0700][gc,heap     ] GC(61) Archive regions: 2->2
[2022-09-12T02:00:41.350-0700][gc,heap     ] GC(61) Humongous regions: 50->50
[2022-09-12T02:00:41.350-0700][gc,metaspace] GC(61) Metaspace: 75621K(76416K)->75621K(76416K) NonClass: 66890K(67264K)->66890K(67264K) Class: 8730K(9152K)->8730K(9152K)
[2022-09-12T02:00:41.350-0700][gc          ] GC(61) Pause Young (Normal) (G1 Evacuation Pause) 376M->123M(512M) 8.484ms
[2022-09-12T02:00:41.350-0700][gc,cpu      ] GC(61) User=0.02s Sys=0.00s Real=0.01s
[2022-09-12T02:25:00.381-0700][gc,start    ] GC(62) Pause Young (Normal) (G1 Evacuation Pause)
[2022-09-12T02:25:00.381-0700][gc,task     ] GC(62) Using 4 workers of 4 for evacuation
[2022-09-12T02:25:00.389-0700][gc,phases   ] GC(62)   Pre Evacuate Collection Set: 0.2ms
[2022-09-12T02:25:00.389-0700][gc,phases   ] GC(62)   Merge Heap Roots: 0.2ms
[2022-09-12T02:25:00.389-0700][gc,phases   ] GC(62)   Evacuate Collection Set: 6.7ms
[2022-09-12T02:25:00.389-0700][gc,phases   ] GC(62)   Post Evacuate Collection Set: 1.0ms
[2022-09-12T02:25:00.389-0700][gc,phases   ] GC(62)   Other: 0.2ms
[2022-09-12T02:25:00.389-0700][gc,heap     ] GC(62) Eden regions: 253->0(254)
[2022-09-12T02:25:00.389-0700][gc,heap     ] GC(62) Survivor regions: 3->2(32)
[2022-09-12T02:25:00.389-0700][gc,heap     ] GC(62) Old regions: 71->71
[2022-09-12T02:25:00.389-0700][gc,heap     ] GC(62) Archive regions: 2->2
[2022-09-12T02:25:00.389-0700][gc,heap     ] GC(62) Humongous regions: 50->50
[2022-09-12T02:25:00.389-0700][gc,metaspace] GC(62) Metaspace: 75623K(76480K)->75623K(76480K) NonClass: 66892K(67328K)->66892K(67328K) Class: 8731K(9152K)->8731K(9152K)
[2022-09-12T02:25:00.390-0700][gc          ] GC(62) Pause Young (Normal) (G1 Evacuation Pause) 376M->123M(512M) 8.795ms
[2022-09-12T02:25:00.390-0700][gc,cpu      ] GC(62) User=0.03s Sys=0.01s Real=0.01s
[2022-09-12T02:49:18.027-0700][gc,start    ] GC(63) Pause Young (Normal) (G1 Evacuation Pause)
[2022-09-12T02:49:18.027-0700][gc,task     ] GC(63) Using 4 workers of 4 for evacuation
[2022-09-12T02:49:18.035-0700][gc,phases   ] GC(63)   Pre Evacuate Collection Set: 0.2ms
[2022-09-12T02:49:18.035-0700][gc,phases   ] GC(63)   Merge Heap Roots: 0.2ms
[2022-09-12T02:49:18.035-0700][gc,phases   ] GC(63)   Evacuate Collection Set: 6.6ms
[2022-09-12T02:49:18.035-0700][gc,phases   ] GC(63)   Post Evacuate Collection Set: 1.0ms
[2022-09-12T02:49:18.035-0700][gc,phases   ] GC(63)   Other: 0.2ms
[2022-09-12T02:49:18.035-0700][gc,heap     ] GC(63) Eden regions: 254->0(254)
[2022-09-12T02:49:18.035-0700][gc,heap     ] GC(63) Survivor regions: 2->2(32)
[2022-09-12T02:49:18.035-0700][gc,heap     ] GC(63) Old regions: 71->72
[2022-09-12T02:49:18.035-0700][gc,heap     ] GC(63) Archive regions: 2->2
[2022-09-12T02:49:18.038-0700][gc,heap     ] GC(63) Humongous regions: 50->50
[2022-09-12T02:49:18.038-0700][gc,metaspace] GC(63) Metaspace: 75625K(76480K)->75625K(76480K) NonClass: 66893K(67328K)->66893K(67328K) Class: 8731K(9152K)->8731K(9152K)
[2022-09-12T02:49:18.038-0700][gc          ] GC(63) Pause Young (Normal) (G1 Evacuation Pause) 377M->123M(512M) 11.222ms
[2022-09-12T02:49:18.038-0700][gc,cpu      ] GC(63) User=0.02s Sys=0.00s Real=0.01s
[2022-09-12T03:12:05.101-0700][gc,start    ] GC(64) Pause Young (Normal) (G1 Evacuation Pause)
[2022-09-12T03:12:05.103-0700][gc,task     ] GC(64) Using 4 workers of 4 for evacuation
[2022-09-12T03:12:05.757-0700][gc,mmu      ] GC(64) MMU target violated: 201.0ms (200.0ms/201.0ms)
[2022-09-12T03:12:05.757-0700][gc,phases   ] GC(64)   Pre Evacuate Collection Set: 79.6ms
[2022-09-12T03:12:05.757-0700][gc,phases   ] GC(64)   Merge Heap Roots: 21.4ms
[2022-09-12T03:12:05.757-0700][gc,phases   ] GC(64)   Evacuate Collection Set: 508.1ms
[2022-09-12T03:12:05.757-0700][gc,phases   ] GC(64)   Post Evacuate Collection Set: 37.1ms
[2022-09-12T03:12:05.757-0700][gc,phases   ] GC(64)   Other: 8.1ms
[2022-09-12T03:12:05.757-0700][gc,heap     ] GC(64) Eden regions: 254->0(253)
[2022-09-12T03:12:05.757-0700][gc,heap     ] GC(64) Survivor regions: 2->3(32)
[2022-09-12T03:12:05.757-0700][gc,heap     ] GC(64) Old regions: 72->72
[2022-09-12T03:12:05.757-0700][gc,heap     ] GC(64) Archive regions: 2->2
[2022-09-12T03:12:05.757-0700][gc,heap     ] GC(64) Humongous regions: 50->50
[2022-09-12T03:12:05.757-0700][gc,metaspace] GC(64) Metaspace: 75740K(76608K)->75740K(76608K) NonClass: 67004K(67456K)->67004K(67456K) Class: 8735K(9152K)->8735K(9152K)
[2022-09-12T03:12:05.757-0700][gc          ] GC(64) Pause Young (Normal) (G1 Evacuation Pause) 377M->124M(512M) 656.410ms
[2022-09-12T03:12:05.757-0700][gc,cpu      ] GC(64) User=0.04s Sys=0.38s Real=0.65s
[2022-09-12T03:33:39.547-0700][gc,start    ] GC(65) Pause Young (Normal) (G1 Evacuation Pause)
[2022-09-12T03:33:39.548-0700][gc,task     ] GC(65) Using 4 workers of 4 for evacuation
[2022-09-12T03:33:41.064-0700][gc,mmu      ] GC(65) MMU target violated: 201.0ms (200.0ms/201.0ms)
[2022-09-12T03:33:41.064-0700][gc,phases   ] GC(65)   Pre Evacuate Collection Set: 223.2ms
[2022-09-12T03:33:41.064-0700][gc,phases   ] GC(65)   Merge Heap Roots: 51.3ms
[2022-09-12T03:33:41.064-0700][gc,phases   ] GC(65)   Evacuate Collection Set: 1198.0ms
[2022-09-12T03:33:41.064-0700][gc,phases   ] GC(65)   Post Evacuate Collection Set: 41.2ms
[2022-09-12T03:33:41.064-0700][gc,phases   ] GC(65)   Other: 2.3ms
[2022-09-12T03:33:41.065-0700][gc,heap     ] GC(65) Eden regions: 253->0(253)
[2022-09-12T03:33:41.065-0700][gc,heap     ] GC(65) Survivor regions: 3->3(32)
[2022-09-12T03:33:41.065-0700][gc,heap     ] GC(65) Old regions: 72->72
[2022-09-12T03:33:41.065-0700][gc,heap     ] GC(65) Archive regions: 2->2
[2022-09-12T03:33:41.065-0700][gc,heap     ] GC(65) Humongous regions: 50->50
[2022-09-12T03:33:41.065-0700][gc,metaspace] GC(65) Metaspace: 75766K(76608K)->75766K(76608K) NonClass: 67030K(67456K)->67030K(67456K) Class: 8735K(9152K)->8735K(9152K)
[2022-09-12T03:33:41.065-0700][gc          ] GC(65) Pause Young (Normal) (G1 Evacuation Pause) 377M->124M(512M) 1518.197ms
[2022-09-12T03:33:41.065-0700][gc,cpu      ] GC(65) User=0.04s Sys=0.42s Real=1.52s
[2022-09-12T03:55:26.203-0700][gc,start    ] GC(66) Pause Young (Normal) (G1 Evacuation Pause)
[2022-09-12T03:55:26.207-0700][gc,task     ] GC(66) Using 4 workers of 4 for evacuation
[2022-09-12T03:55:26.395-0700][gc,phases   ] GC(66)   Pre Evacuate Collection Set: 40.3ms
[2022-09-12T03:55:26.395-0700][gc,phases   ] GC(66)   Merge Heap Roots: 11.1ms
[2022-09-12T03:55:26.395-0700][gc,phases   ] GC(66)   Evacuate Collection Set: 128.6ms
[2022-09-12T03:55:26.395-0700][gc,phases   ] GC(66)   Post Evacuate Collection Set: 3.8ms
[2022-09-12T03:55:26.395-0700][gc,phases   ] GC(66)   Other: 4.3ms
[2022-09-12T03:55:26.395-0700][gc,heap     ] GC(66) Eden regions: 253->0(253)
[2022-09-12T03:55:26.395-0700][gc,heap     ] GC(66) Survivor regions: 3->3(32)
[2022-09-12T03:55:26.395-0700][gc,heap     ] GC(66) Old regions: 72->72
[2022-09-12T03:55:26.395-0700][gc,heap     ] GC(66) Archive regions: 2->2
[2022-09-12T03:55:26.395-0700][gc,heap     ] GC(66) Humongous regions: 50->50
[2022-09-12T03:55:26.395-0700][gc,metaspace] GC(66) Metaspace: 75783K(76608K)->75783K(76608K) NonClass: 67047K(67456K)->67047K(67456K) Class: 8735K(9152K)->8735K(9152K)
[2022-09-12T03:55:26.395-0700][gc          ] GC(66) Pause Young (Normal) (G1 Evacuation Pause) 377M->124M(512M) 192.324ms
[2022-09-12T03:55:26.395-0700][gc,cpu      ] GC(66) User=0.04s Sys=0.12s Real=0.19s
[2022-09-12T04:17:21.746-0700][gc,start    ] GC(67) Pause Young (Normal) (G1 Evacuation Pause)
[2022-09-12T04:17:21.749-0700][gc,task     ] GC(67) Using 4 workers of 4 for evacuation
[2022-09-12T04:17:21.811-0700][gc,phases   ] GC(67)   Pre Evacuate Collection Set: 5.7ms
[2022-09-12T04:17:21.811-0700][gc,phases   ] GC(67)   Merge Heap Roots: 4.2ms
[2022-09-12T04:17:21.811-0700][gc,phases   ] GC(67)   Evacuate Collection Set: 48.3ms
[2022-09-12T04:17:21.811-0700][gc,phases   ] GC(67)   Post Evacuate Collection Set: 3.4ms
[2022-09-12T04:17:21.811-0700][gc,phases   ] GC(67)   Other: 0.6ms
[2022-09-12T04:17:21.811-0700][gc,heap     ] GC(67) Eden regions: 253->0(253)
[2022-09-12T04:17:21.811-0700][gc,heap     ] GC(67) Survivor regions: 3->3(32)
[2022-09-12T04:17:21.811-0700][gc,heap     ] GC(67) Old regions: 72->72
[2022-09-12T04:17:21.811-0700][gc,heap     ] GC(67) Archive regions: 2->2
[2022-09-12T04:17:21.811-0700][gc,heap     ] GC(67) Humongous regions: 50->50
[2022-09-12T04:17:21.811-0700][gc,metaspace] GC(67) Metaspace: 75786K(76608K)->75786K(76608K) NonClass: 67050K(67456K)->67050K(67456K) Class: 8735K(9152K)->8735K(9152K)
[2022-09-12T04:17:21.811-0700][gc          ] GC(67) Pause Young (Normal) (G1 Evacuation Pause) 377M->124M(512M) 65.398ms
[2022-09-12T04:17:21.811-0700][gc,cpu      ] GC(67) User=0.03s Sys=0.08s Real=0.07s
[2022-09-12T04:39:19.401-0700][gc,start    ] GC(68) Pause Young (Normal) (G1 Evacuation Pause)
[2022-09-12T04:39:19.406-0700][gc,task     ] GC(68) Using 4 workers of 4 for evacuation
[2022-09-12T04:39:19.449-0700][gc,phases   ] GC(68)   Pre Evacuate Collection Set: 2.6ms
[2022-09-12T04:39:19.449-0700][gc,phases   ] GC(68)   Merge Heap Roots: 0.8ms
[2022-09-12T04:39:19.450-0700][gc,phases   ] GC(68)   Evacuate Collection Set: 34.8ms
[2022-09-12T04:39:19.450-0700][gc,phases   ] GC(68)   Post Evacuate Collection Set: 4.5ms
[2022-09-12T04:39:19.450-0700][gc,phases   ] GC(68)   Other: 0.6ms
[2022-09-12T04:39:19.450-0700][gc,heap     ] GC(68) Eden regions: 253->0(254)
[2022-09-12T04:39:19.450-0700][gc,heap     ] GC(68) Survivor regions: 3->2(32)
[2022-09-12T04:39:19.450-0700][gc,heap     ] GC(68) Old regions: 72->72
[2022-09-12T04:39:19.450-0700][gc,heap     ] GC(68) Archive regions: 2->2
[2022-09-12T04:39:19.450-0700][gc,heap     ] GC(68) Humongous regions: 50->50
[2022-09-12T04:39:19.450-0700][gc,metaspace] GC(68) Metaspace: 75786K(76608K)->75786K(76608K) NonClass: 67050K(67456K)->67050K(67456K) Class: 8735K(9152K)->8735K(9152K)
[2022-09-12T04:39:19.450-0700][gc          ] GC(68) Pause Young (Normal) (G1 Evacuation Pause) 377M->124M(512M) 48.750ms
[2022-09-12T04:39:19.450-0700][gc,cpu      ] GC(68) User=0.02s Sys=0.07s Real=0.05s
[2022-09-12T05:03:07.001-0700][gc,start    ] GC(69) Pause Young (Normal) (G1 Evacuation Pause)
[2022-09-12T05:03:07.007-0700][gc,task     ] GC(69) Using 4 workers of 4 for evacuation
[2022-09-12T05:03:07.027-0700][gc,phases   ] GC(69)   Pre Evacuate Collection Set: 2.0ms
[2022-09-12T05:03:07.027-0700][gc,phases   ] GC(69)   Merge Heap Roots: 0.7ms
[2022-09-12T05:03:07.027-0700][gc,phases   ] GC(69)   Evacuate Collection Set: 15.4ms
[2022-09-12T05:03:07.027-0700][gc,phases   ] GC(69)   Post Evacuate Collection Set: 1.6ms
[2022-09-12T05:03:07.027-0700][gc,phases   ] GC(69)   Other: 0.5ms
[2022-09-12T05:03:07.027-0700][gc,heap     ] GC(69) Eden regions: 254->0(254)
[2022-09-12T05:03:07.027-0700][gc,heap     ] GC(69) Survivor regions: 2->2(32)
[2022-09-12T05:03:07.027-0700][gc,heap     ] GC(69) Old regions: 72->72
[2022-09-12T05:03:07.027-0700][gc,heap     ] GC(69) Archive regions: 2->2
[2022-09-12T05:03:07.027-0700][gc,heap     ] GC(69) Humongous regions: 50->50
[2022-09-12T05:03:07.027-0700][gc,metaspace] GC(69) Metaspace: 75801K(76672K)->75801K(76672K) NonClass: 67064K(67520K)->67064K(67520K) Class: 8736K(9152K)->8736K(9152K)
[2022-09-12T05:03:07.027-0700][gc          ] GC(69) Pause Young (Normal) (G1 Evacuation Pause) 378M->124M(512M) 25.886ms
[2022-09-12T05:03:07.027-0700][gc,cpu      ] GC(69) User=0.02s Sys=0.05s Real=0.02s
[2022-09-12T05:27:26.189-0700][gc,start    ] GC(70) Pause Young (Normal) (G1 Evacuation Pause)
[2022-09-12T05:27:26.189-0700][gc,task     ] GC(70) Using 4 workers of 4 for evacuation
[2022-09-12T05:27:26.196-0700][gc,phases   ] GC(70)   Pre Evacuate Collection Set: 0.2ms
[2022-09-12T05:27:26.196-0700][gc,phases   ] GC(70)   Merge Heap Roots: 0.2ms
[2022-09-12T05:27:26.196-0700][gc,phases   ] GC(70)   Evacuate Collection Set: 5.0ms
[2022-09-12T05:27:26.196-0700][gc,phases   ] GC(70)   Post Evacuate Collection Set: 0.9ms
[2022-09-12T05:27:26.196-0700][gc,phases   ] GC(70)   Other: 0.3ms
[2022-09-12T05:27:26.196-0700][gc,heap     ] GC(70) Eden regions: 254->0(254)
[2022-09-12T05:27:26.196-0700][gc,heap     ] GC(70) Survivor regions: 2->2(32)
[2022-09-12T05:27:26.196-0700][gc,heap     ] GC(70) Old regions: 72->72
[2022-09-12T05:27:26.196-0700][gc,heap     ] GC(70) Archive regions: 2->2
[2022-09-12T05:27:26.196-0700][gc,heap     ] GC(70) Humongous regions: 50->50
[2022-09-12T05:27:26.196-0700][gc,metaspace] GC(70) Metaspace: 75803K(76672K)->75803K(76672K) NonClass: 67066K(67520K)->67066K(67520K) Class: 8736K(9152K)->8736K(9152K)
[2022-09-12T05:27:26.196-0700][gc          ] GC(70) Pause Young (Normal) (G1 Evacuation Pause) 378M->124M(512M) 7.234ms
[2022-09-12T05:27:26.197-0700][gc,cpu      ] GC(70) User=0.02s Sys=0.00s Real=0.01s
[2022-09-12T05:50:55.408-0700][gc,start    ] GC(71) Pause Young (Normal) (G1 Evacuation Pause)
[2022-09-12T05:50:55.415-0700][gc,task     ] GC(71) Using 4 workers of 4 for evacuation
[2022-09-12T05:50:56.343-0700][gc,mmu      ] GC(71) MMU target violated: 201.0ms (200.0ms/201.0ms)
[2022-09-12T05:50:56.347-0700][gc,phases   ] GC(71)   Pre Evacuate Collection Set: 351.1ms
[2022-09-12T05:50:56.347-0700][gc,phases   ] GC(71)   Merge Heap Roots: 23.0ms
[2022-09-12T05:50:56.347-0700][gc,phases   ] GC(71)   Evacuate Collection Set: 489.8ms
[2022-09-12T05:50:56.347-0700][gc,phases   ] GC(71)   Post Evacuate Collection Set: 39.4ms
[2022-09-12T05:50:56.347-0700][gc,phases   ] GC(71)   Other: 26.9ms
[2022-09-12T05:50:56.347-0700][gc,heap     ] GC(71) Eden regions: 254->0(254)
[2022-09-12T05:50:56.347-0700][gc,heap     ] GC(71) Survivor regions: 2->2(32)
[2022-09-12T05:50:56.347-0700][gc,heap     ] GC(71) Old regions: 72->72
[2022-09-12T05:50:56.347-0700][gc,heap     ] GC(71) Archive regions: 2->2
[2022-09-12T05:50:56.347-0700][gc,heap     ] GC(71) Humongous regions: 50->50
[2022-09-12T05:50:56.348-0700][gc,metaspace] GC(71) Metaspace: 75886K(76736K)->75886K(76736K) NonClass: 67149K(67584K)->67149K(67584K) Class: 8736K(9152K)->8736K(9152K)
[2022-09-12T05:50:56.352-0700][gc          ] GC(71) Pause Young (Normal) (G1 Evacuation Pause) 378M->124M(512M) 944.586ms
[2022-09-12T05:50:56.352-0700][gc,cpu      ] GC(71) User=0.16s Sys=0.52s Real=0.95s
[2022-09-12T06:13:21.061-0700][gc,start    ] GC(72) Pause Young (Normal) (G1 Evacuation Pause)
[2022-09-12T06:13:21.064-0700][gc,task     ] GC(72) Using 4 workers of 4 for evacuation
[2022-09-12T06:13:21.166-0700][gc,phases   ] GC(72)   Pre Evacuate Collection Set: 2.3ms
[2022-09-12T06:13:21.166-0700][gc,phases   ] GC(72)   Merge Heap Roots: 5.3ms
[2022-09-12T06:13:21.166-0700][gc,phases   ] GC(72)   Evacuate Collection Set: 87.4ms
[2022-09-12T06:13:21.166-0700][gc,phases   ] GC(72)   Post Evacuate Collection Set: 6.3ms
[2022-09-12T06:13:21.166-0700][gc,phases   ] GC(72)   Other: 0.7ms
[2022-09-12T06:13:21.166-0700][gc,heap     ] GC(72) Eden regions: 254->0(254)
[2022-09-12T06:13:21.166-0700][gc,heap     ] GC(72) Survivor regions: 2->2(32)
