[2022-09-09T08:58:40.055-0700][gc,init] CardTable entry size: 512
[2022-09-09T08:58:40.056-0700][gc     ] Using G1
[2022-09-09T08:58:40.061-0700][gc,init] Version: 18.0.1+10-24 (release)
[2022-09-09T08:58:40.061-0700][gc,init] CPUs: 4 total, 4 available
[2022-09-09T08:58:40.061-0700][gc,init] Memory: 8192M
[2022-09-09T08:58:40.061-0700][gc,init] Large Page Support: Disabled
[2022-09-09T08:58:40.061-0700][gc,init] NUMA Support: Disabled
[2022-09-09T08:58:40.061-0700][gc,init] Compressed Oops: Enabled (Zero based)
[2022-09-09T08:58:40.061-0700][gc,init] Heap Region Size: 1M
[2022-09-09T08:58:40.061-0700][gc,init] Heap Min Capacity: 512M
[2022-09-09T08:58:40.061-0700][gc,init] Heap Initial Capacity: 512M
[2022-09-09T08:58:40.061-0700][gc,init] Heap Max Capacity: 512M
[2022-09-09T08:58:40.061-0700][gc,init] Pre-touch: Disabled
[2022-09-09T08:58:40.061-0700][gc,init] Parallel Workers: 4
[2022-09-09T08:58:40.061-0700][gc,init] Concurrent Workers: 1
[2022-09-09T08:58:40.061-0700][gc,init] Concurrent Refinement Workers: 4
[2022-09-09T08:58:40.061-0700][gc,init] Periodic GC: Disabled
[2022-09-09T08:58:40.062-0700][gc,metaspace] CDS archive(s) mapped at: [0x0000000800000000-0x0000000800ba8000-0x0000000800ba8000), size 12222464, SharedBaseAddress: 0x0000000800000000, ArchiveRelocationMode: 0.
[2022-09-09T08:58:40.062-0700][gc,metaspace] Compressed class space mapped at: 0x0000000800c00000-0x0000000840c00000, reserved size: 1073741824
[2022-09-09T08:58:40.062-0700][gc,metaspace] Narrow klass base: 0x0000000800000000, Narrow klass shift: 0, Narrow klass range: 0x100000000
[2022-09-09T08:58:54.012-0700][gc,start    ] GC(0) Pause Young (Normal) (G1 Evacuation Pause)
[2022-09-09T08:58:54.013-0700][gc,task     ] GC(0) Using 4 workers of 4 for evacuation
[2022-09-09T08:58:54.083-0700][gc,phases   ] GC(0)   Pre Evacuate Collection Set: 0.3ms
[2022-09-09T08:58:54.083-0700][gc,phases   ] GC(0)   Merge Heap Roots: 0.2ms
[2022-09-09T08:58:54.083-0700][gc,phases   ] GC(0)   Evacuate Collection Set: 53.1ms
[2022-09-09T08:58:54.084-0700][gc,phases   ] GC(0)   Post Evacuate Collection Set: 16.7ms
[2022-09-09T08:58:54.084-0700][gc,phases   ] GC(0)   Other: 0.8ms
[2022-09-09T08:58:54.084-0700][gc,heap     ] GC(0) Eden regions: 256->0(250)
[2022-09-09T08:58:54.084-0700][gc,heap     ] GC(0) Survivor regions: 0->6(32)
[2022-09-09T08:58:54.084-0700][gc,heap     ] GC(0) Old regions: 0->0
[2022-09-09T08:58:54.084-0700][gc,heap     ] GC(0) Archive regions: 2->2
[2022-09-09T08:58:54.084-0700][gc,heap     ] GC(0) Humongous regions: 3->0
[2022-09-09T08:58:54.084-0700][gc,metaspace] GC(0) Metaspace: 11086K(11392K)->11086K(11392K) NonClass: 9797K(9984K)->9797K(9984K) Class: 1288K(1408K)->1288K(1408K)
[2022-09-09T08:58:54.084-0700][gc          ] GC(0) Pause Young (Normal) (G1 Evacuation Pause) 259M->6M(512M) 72.602ms
[2022-09-09T08:58:54.084-0700][gc,cpu      ] GC(0) User=0.03s Sys=0.04s Real=0.07s
[2022-09-09T08:58:55.846-0700][gc,start    ] GC(1) Pause Young (Normal) (G1 Evacuation Pause)
[2022-09-09T08:58:55.846-0700][gc,task     ] GC(1) Using 4 workers of 4 for evacuation
[2022-09-09T08:58:55.855-0700][gc,phases   ] GC(1)   Pre Evacuate Collection Set: 0.1ms
[2022-09-09T08:58:55.855-0700][gc,phases   ] GC(1)   Merge Heap Roots: 0.1ms
[2022-09-09T08:58:55.855-0700][gc,phases   ] GC(1)   Evacuate Collection Set: 7.3ms
[2022-09-09T08:58:55.855-0700][gc,phases   ] GC(1)   Post Evacuate Collection Set: 0.8ms
[2022-09-09T08:58:55.855-0700][gc,phases   ] GC(1)   Other: 0.1ms
[2022-09-09T08:58:55.855-0700][gc,heap     ] GC(1) Eden regions: 250->0(249)
[2022-09-09T08:58:55.855-0700][gc,heap     ] GC(1) Survivor regions: 6->7(32)
[2022-09-09T08:58:55.855-0700][gc,heap     ] GC(1) Old regions: 0->0
[2022-09-09T08:58:55.855-0700][gc,heap     ] GC(1) Archive regions: 2->2
[2022-09-09T08:58:55.855-0700][gc,heap     ] GC(1) Humongous regions: 0->0
[2022-09-09T08:58:55.855-0700][gc,metaspace] GC(1) Metaspace: 14312K(14592K)->14312K(14592K) NonClass: 12698K(12800K)->12698K(12800K) Class: 1614K(1792K)->1614K(1792K)
[2022-09-09T08:58:55.855-0700][gc          ] GC(1) Pause Young (Normal) (G1 Evacuation Pause) 256M->7M(512M) 8.834ms
[2022-09-09T08:58:55.855-0700][gc,cpu      ] GC(1) User=0.03s Sys=0.01s Real=0.01s
[2022-09-09T08:59:01.951-0700][gc,start    ] GC(2) Pause Young (Normal) (G1 Evacuation Pause)
[2022-09-09T08:59:01.953-0700][gc,task     ] GC(2) Using 4 workers of 4 for evacuation
[2022-09-09T08:59:01.990-0700][gc,phases   ] GC(2)   Pre Evacuate Collection Set: 0.1ms
[2022-09-09T08:59:01.990-0700][gc,phases   ] GC(2)   Merge Heap Roots: 0.1ms
[2022-09-09T08:59:01.990-0700][gc,phases   ] GC(2)   Evacuate Collection Set: 35.2ms
[2022-09-09T08:59:01.990-0700][gc,phases   ] GC(2)   Post Evacuate Collection Set: 1.3ms
[2022-09-09T08:59:01.990-0700][gc,phases   ] GC(2)   Other: 0.2ms
[2022-09-09T08:59:01.990-0700][gc,heap     ] GC(2) Eden regions: 249->0(242)
[2022-09-09T08:59:01.990-0700][gc,heap     ] GC(2) Survivor regions: 7->14(32)
[2022-09-09T08:59:01.990-0700][gc,heap     ] GC(2) Old regions: 0->0
[2022-09-09T08:59:01.990-0700][gc,heap     ] GC(2) Archive regions: 2->2
[2022-09-09T08:59:01.990-0700][gc,heap     ] GC(2) Humongous regions: 0->0
[2022-09-09T08:59:01.990-0700][gc,metaspace] GC(2) Metaspace: 18394K(18624K)->18394K(18624K) NonClass: 16260K(16384K)->16260K(16384K) Class: 2134K(2240K)->2134K(2240K)
[2022-09-09T08:59:01.990-0700][gc          ] GC(2) Pause Young (Normal) (G1 Evacuation Pause) 256M->14M(512M) 39.103ms
[2022-09-09T08:59:01.990-0700][gc,cpu      ] GC(2) User=0.06s Sys=0.01s Real=0.04s
[2022-09-09T08:59:04.949-0700][gc,start    ] GC(3) Pause Young (Normal) (G1 Evacuation Pause)
[2022-09-09T08:59:04.949-0700][gc,task     ] GC(3) Using 4 workers of 4 for evacuation
[2022-09-09T08:59:04.974-0700][gc,phases   ] GC(3)   Pre Evacuate Collection Set: 0.1ms
[2022-09-09T08:59:04.974-0700][gc,phases   ] GC(3)   Merge Heap Roots: 0.1ms
[2022-09-09T08:59:04.974-0700][gc,phases   ] GC(3)   Evacuate Collection Set: 22.3ms
[2022-09-09T08:59:04.974-0700][gc,phases   ] GC(3)   Post Evacuate Collection Set: 1.7ms
[2022-09-09T08:59:04.974-0700][gc,phases   ] GC(3)   Other: 0.1ms
[2022-09-09T08:59:04.974-0700][gc,heap     ] GC(3) Eden regions: 242->0(238)
[2022-09-09T08:59:04.974-0700][gc,heap     ] GC(3) Survivor regions: 14->18(32)
[2022-09-09T08:59:04.974-0700][gc,heap     ] GC(3) Old regions: 0->0
[2022-09-09T08:59:04.974-0700][gc,heap     ] GC(3) Archive regions: 2->2
[2022-09-09T08:59:04.974-0700][gc,heap     ] GC(3) Humongous regions: 0->0
[2022-09-09T08:59:04.974-0700][gc,metaspace] GC(3) Metaspace: 20918K(21184K)->20918K(21184K) NonClass: 18524K(18688K)->18524K(18688K) Class: 2394K(2496K)->2394K(2496K)
[2022-09-09T08:59:04.974-0700][gc          ] GC(3) Pause Young (Normal) (G1 Evacuation Pause) 256M->18M(512M) 24.982ms
[2022-09-09T08:59:04.974-0700][gc,cpu      ] GC(3) User=0.06s Sys=0.01s Real=0.03s
[2022-09-09T08:59:05.840-0700][gc,start    ] GC(4) Pause Young (Concurrent Start) (Metadata GC Threshold)
[2022-09-09T08:59:05.840-0700][gc,task     ] GC(4) Using 4 workers of 4 for evacuation
[2022-09-09T08:59:05.869-0700][gc,phases   ] GC(4)   Pre Evacuate Collection Set: 0.2ms
[2022-09-09T08:59:05.870-0700][gc,phases   ] GC(4)   Merge Heap Roots: 0.1ms
[2022-09-09T08:59:05.870-0700][gc,phases   ] GC(4)   Evacuate Collection Set: 28.1ms
[2022-09-09T08:59:05.870-0700][gc,phases   ] GC(4)   Post Evacuate Collection Set: 1.0ms
[2022-09-09T08:59:05.870-0700][gc,phases   ] GC(4)   Other: 0.2ms
[2022-09-09T08:59:05.870-0700][gc,heap     ] GC(4) Eden regions: 116->0(241)
[2022-09-09T08:59:05.870-0700][gc,heap     ] GC(4) Survivor regions: 18->15(32)
[2022-09-09T08:59:05.870-0700][gc,heap     ] GC(4) Old regions: 0->6
[2022-09-09T08:59:05.870-0700][gc,heap     ] GC(4) Archive regions: 2->2
[2022-09-09T08:59:05.870-0700][gc,heap     ] GC(4) Humongous regions: 0->0
[2022-09-09T08:59:05.870-0700][gc,metaspace] GC(4) Metaspace: 21287K(21504K)->21287K(21504K) NonClass: 18849K(18944K)->18849K(18944K) Class: 2437K(2560K)->2437K(2560K)
[2022-09-09T08:59:05.870-0700][gc          ] GC(4) Pause Young (Concurrent Start) (Metadata GC Threshold) 134M->20M(512M) 30.158ms
[2022-09-09T08:59:05.870-0700][gc,cpu      ] GC(4) User=0.07s Sys=0.02s Real=0.03s
[2022-09-09T08:59:05.870-0700][gc          ] GC(5) Concurrent Mark Cycle
[2022-09-09T08:59:05.870-0700][gc,marking  ] GC(5) Concurrent Clear Claimed Marks
[2022-09-09T08:59:05.870-0700][gc,marking  ] GC(5) Concurrent Clear Claimed Marks 0.054ms
[2022-09-09T08:59:05.870-0700][gc,marking  ] GC(5) Concurrent Scan Root Regions
[2022-09-09T08:59:05.889-0700][gc,marking  ] GC(5) Concurrent Scan Root Regions 18.447ms
[2022-09-09T08:59:05.889-0700][gc,marking  ] GC(5) Concurrent Mark
[2022-09-09T08:59:05.889-0700][gc,marking  ] GC(5) Concurrent Mark From Roots
[2022-09-09T08:59:05.889-0700][gc,task     ] GC(5) Using 1 workers of 1 for marking
[2022-09-09T08:59:05.892-0700][gc,marking  ] GC(5) Concurrent Mark From Roots 2.738ms
[2022-09-09T08:59:05.892-0700][gc,marking  ] GC(5) Concurrent Preclean
[2022-09-09T08:59:05.892-0700][gc,marking  ] GC(5) Concurrent Preclean 0.074ms
[2022-09-09T08:59:05.892-0700][gc,start    ] GC(5) Pause Remark
[2022-09-09T08:59:05.902-0700][gc          ] GC(5) Pause Remark 21M->21M(512M) 10.264ms
[2022-09-09T08:59:05.902-0700][gc,cpu      ] GC(5) User=0.01s Sys=0.00s Real=0.01s
[2022-09-09T08:59:05.903-0700][gc,marking  ] GC(5) Concurrent Mark 13.670ms
[2022-09-09T08:59:05.903-0700][gc,marking  ] GC(5) Concurrent Rebuild Remembered Sets
[2022-09-09T08:59:05.911-0700][gc,marking  ] GC(5) Concurrent Rebuild Remembered Sets 8.577ms
[2022-09-09T08:59:05.911-0700][gc,start    ] GC(5) Pause Cleanup
[2022-09-09T08:59:05.912-0700][gc          ] GC(5) Pause Cleanup 22M->22M(512M) 0.145ms
[2022-09-09T08:59:05.912-0700][gc,cpu      ] GC(5) User=0.00s Sys=0.00s Real=0.00s
[2022-09-09T08:59:05.912-0700][gc,marking  ] GC(5) Concurrent Cleanup for Next Mark
[2022-09-09T08:59:05.920-0700][gc,marking  ] GC(5) Concurrent Cleanup for Next Mark 8.520ms
[2022-09-09T08:59:05.920-0700][gc          ] GC(5) Concurrent Mark Cycle 50.169ms
[2022-09-09T08:59:11.073-0700][gc,start    ] GC(6) Pause Young (Normal) (G1 Evacuation Pause)
[2022-09-09T08:59:11.075-0700][gc,task     ] GC(6) Using 4 workers of 4 for evacuation
[2022-09-09T08:59:11.095-0700][gc,phases   ] GC(6)   Pre Evacuate Collection Set: 0.1ms
[2022-09-09T08:59:11.095-0700][gc,phases   ] GC(6)   Merge Heap Roots: 0.1ms
[2022-09-09T08:59:11.095-0700][gc,phases   ] GC(6)   Evacuate Collection Set: 17.6ms
[2022-09-09T08:59:11.095-0700][gc,phases   ] GC(6)   Post Evacuate Collection Set: 1.2ms
[2022-09-09T08:59:11.095-0700][gc,phases   ] GC(6)   Other: 0.2ms
[2022-09-09T08:59:11.095-0700][gc,heap     ] GC(6) Eden regions: 241->0(240)
[2022-09-09T08:59:11.095-0700][gc,heap     ] GC(6) Survivor regions: 15->16(32)
[2022-09-09T08:59:11.095-0700][gc,heap     ] GC(6) Old regions: 6->6
[2022-09-09T08:59:11.095-0700][gc,heap     ] GC(6) Archive regions: 2->2
[2022-09-09T08:59:11.095-0700][gc,heap     ] GC(6) Humongous regions: 0->0
[2022-09-09T08:59:11.095-0700][gc,metaspace] GC(6) Metaspace: 27920K(28288K)->27920K(28288K) NonClass: 24636K(24832K)->24636K(24832K) Class: 3283K(3456K)->3283K(3456K)
[2022-09-09T08:59:11.095-0700][gc          ] GC(6) Pause Young (Normal) (G1 Evacuation Pause) 261M->21M(512M) 21.906ms
[2022-09-09T08:59:11.095-0700][gc,cpu      ] GC(6) User=0.06s Sys=0.00s Real=0.02s
[2022-09-09T08:59:14.555-0700][gc,start    ] GC(7) Pause Young (Concurrent Start) (Metadata GC Threshold)
[2022-09-09T08:59:14.555-0700][gc,task     ] GC(7) Using 4 workers of 4 for evacuation
[2022-09-09T08:59:14.581-0700][gc,phases   ] GC(7)   Pre Evacuate Collection Set: 1.1ms
[2022-09-09T08:59:14.581-0700][gc,phases   ] GC(7)   Merge Heap Roots: 0.1ms
[2022-09-09T08:59:14.581-0700][gc,phases   ] GC(7)   Evacuate Collection Set: 22.3ms
[2022-09-09T08:59:14.581-0700][gc,phases   ] GC(7)   Post Evacuate Collection Set: 1.8ms
[2022-09-09T08:59:14.581-0700][gc,phases   ] GC(7)   Other: 0.4ms
[2022-09-09T08:59:14.581-0700][gc,heap     ] GC(7) Eden regions: 107->0(235)
[2022-09-09T08:59:14.581-0700][gc,heap     ] GC(7) Survivor regions: 16->21(32)
[2022-09-09T08:59:14.581-0700][gc,heap     ] GC(7) Old regions: 6->6
[2022-09-09T08:59:14.581-0700][gc,heap     ] GC(7) Archive regions: 2->2
[2022-09-09T08:59:14.581-0700][gc,heap     ] GC(7) Humongous regions: 0->0
[2022-09-09T08:59:14.581-0700][gc,metaspace] GC(7) Metaspace: 35642K(35968K)->35642K(35968K) NonClass: 31409K(31552K)->31409K(31552K) Class: 4232K(4416K)->4232K(4416K)
[2022-09-09T08:59:14.582-0700][gc          ] GC(7) Pause Young (Concurrent Start) (Metadata GC Threshold) 128M->26M(512M) 26.648ms
[2022-09-09T08:59:14.582-0700][gc,cpu      ] GC(7) User=0.08s Sys=0.01s Real=0.03s
[2022-09-09T08:59:14.582-0700][gc          ] GC(8) Concurrent Mark Cycle
[2022-09-09T08:59:14.582-0700][gc,marking  ] GC(8) Concurrent Clear Claimed Marks
[2022-09-09T08:59:14.582-0700][gc,marking  ] GC(8) Concurrent Clear Claimed Marks 0.041ms
[2022-09-09T08:59:14.582-0700][gc,marking  ] GC(8) Concurrent Scan Root Regions
[2022-09-09T08:59:14.605-0700][gc,marking  ] GC(8) Concurrent Scan Root Regions 22.916ms
[2022-09-09T08:59:14.605-0700][gc,marking  ] GC(8) Concurrent Mark
[2022-09-09T08:59:14.605-0700][gc,marking  ] GC(8) Concurrent Mark From Roots
[2022-09-09T08:59:14.605-0700][gc,task     ] GC(8) Using 1 workers of 1 for marking
[2022-09-09T08:59:14.625-0700][gc,marking  ] GC(8) Concurrent Mark From Roots 19.911ms
[2022-09-09T08:59:14.625-0700][gc,marking  ] GC(8) Concurrent Preclean
[2022-09-09T08:59:14.625-0700][gc,marking  ] GC(8) Concurrent Preclean 0.098ms
[2022-09-09T08:59:14.625-0700][gc,start    ] GC(8) Pause Remark
[2022-09-09T08:59:14.629-0700][gc          ] GC(8) Pause Remark 28M->28M(512M) 3.392ms
[2022-09-09T08:59:14.629-0700][gc,cpu      ] GC(8) User=0.01s Sys=0.00s Real=0.00s
[2022-09-09T08:59:14.629-0700][gc,marking  ] GC(8) Concurrent Mark 23.857ms
[2022-09-09T08:59:14.629-0700][gc,marking  ] GC(8) Concurrent Rebuild Remembered Sets
[2022-09-09T08:59:14.636-0700][gc,marking  ] GC(8) Concurrent Rebuild Remembered Sets 7.592ms
[2022-09-09T08:59:14.637-0700][gc,start    ] GC(8) Pause Cleanup
[2022-09-09T08:59:14.637-0700][gc          ] GC(8) Pause Cleanup 28M->28M(512M) 0.102ms
[2022-09-09T08:59:14.637-0700][gc,cpu      ] GC(8) User=0.00s Sys=0.00s Real=0.00s
[2022-09-09T08:59:14.638-0700][gc,marking  ] GC(8) Concurrent Cleanup for Next Mark
[2022-09-09T08:59:14.645-0700][gc,marking  ] GC(8) Concurrent Cleanup for Next Mark 7.327ms
[2022-09-09T08:59:14.645-0700][gc          ] GC(8) Concurrent Mark Cycle 63.577ms
[2022-09-09T08:59:21.509-0700][gc,start    ] GC(9) Pause Young (Normal) (G1 Evacuation Pause)
[2022-09-09T08:59:21.511-0700][gc,task     ] GC(9) Using 4 workers of 4 for evacuation
[2022-09-09T08:59:21.559-0700][gc,phases   ] GC(9)   Pre Evacuate Collection Set: 0.5ms
[2022-09-09T08:59:21.559-0700][gc,phases   ] GC(9)   Merge Heap Roots: 0.8ms
[2022-09-09T08:59:21.559-0700][gc,phases   ] GC(9)   Evacuate Collection Set: 42.2ms
[2022-09-09T08:59:21.559-0700][gc,phases   ] GC(9)   Post Evacuate Collection Set: 4.0ms
[2022-09-09T08:59:21.559-0700][gc,phases   ] GC(9)   Other: 0.2ms
[2022-09-09T08:59:21.559-0700][gc,heap     ] GC(9) Eden regions: 235->0(236)
[2022-09-09T08:59:21.559-0700][gc,heap     ] GC(9) Survivor regions: 21->20(32)
[2022-09-09T08:59:21.559-0700][gc,heap     ] GC(9) Old regions: 6->14
[2022-09-09T08:59:21.559-0700][gc,heap     ] GC(9) Archive regions: 2->2
[2022-09-09T08:59:21.559-0700][gc,heap     ] GC(9) Humongous regions: 38->38
[2022-09-09T08:59:21.559-0700][gc,metaspace] GC(9) Metaspace: 47078K(47616K)->47078K(47616K) NonClass: 41390K(41664K)->41390K(41664K) Class: 5688K(5952K)->5688K(5952K)
[2022-09-09T08:59:21.559-0700][gc          ] GC(9) Pause Young (Normal) (G1 Evacuation Pause) 299M->71M(512M) 50.199ms
[2022-09-09T08:59:21.559-0700][gc,cpu      ] GC(9) User=0.12s Sys=0.01s Real=0.05s
[2022-09-09T08:59:31.364-0700][gc,start    ] GC(10) Pause Young (Concurrent Start) (Metadata GC Threshold)
[2022-09-09T08:59:31.368-0700][gc,task     ] GC(10) Using 4 workers of 4 for evacuation
[2022-09-09T08:59:31.406-0700][gc,phases   ] GC(10)   Pre Evacuate Collection Set: 0.2ms
[2022-09-09T08:59:31.406-0700][gc,phases   ] GC(10)   Merge Heap Roots: 0.1ms
[2022-09-09T08:59:31.406-0700][gc,phases   ] GC(10)   Evacuate Collection Set: 35.7ms
[2022-09-09T08:59:31.407-0700][gc,phases   ] GC(10)   Post Evacuate Collection Set: 2.5ms
[2022-09-09T08:59:31.407-0700][gc,phases   ] GC(10)   Other: 0.3ms
[2022-09-09T08:59:31.407-0700][gc,heap     ] GC(10) Eden regions: 209->0(225)
[2022-09-09T08:59:31.407-0700][gc,heap     ] GC(10) Survivor regions: 20->31(32)
[2022-09-09T08:59:31.407-0700][gc,heap     ] GC(10) Old regions: 14->17
[2022-09-09T08:59:31.407-0700][gc,heap     ] GC(10) Archive regions: 2->2
[2022-09-09T08:59:31.407-0700][gc,heap     ] GC(10) Humongous regions: 38->38
[2022-09-09T08:59:31.407-0700][gc,metaspace] GC(10) Metaspace: 59609K(60160K)->59609K(60160K) NonClass: 52420K(52672K)->52420K(52672K) Class: 7189K(7488K)->7189K(7488K)
[2022-09-09T08:59:31.407-0700][gc          ] GC(10) Pause Young (Concurrent Start) (Metadata GC Threshold) 280M->85M(512M) 42.612ms
[2022-09-09T08:59:31.407-0700][gc          ] GC(11) Concurrent Mark Cycle
[2022-09-09T08:59:31.407-0700][gc,cpu      ] GC(10) User=0.13s Sys=0.00s Real=0.04s
[2022-09-09T08:59:31.407-0700][gc,marking  ] GC(11) Concurrent Clear Claimed Marks
[2022-09-09T08:59:31.407-0700][gc,marking  ] GC(11) Concurrent Clear Claimed Marks 0.094ms
[2022-09-09T08:59:31.407-0700][gc,marking  ] GC(11) Concurrent Scan Root Regions
[2022-09-09T08:59:31.444-0700][gc,marking  ] GC(11) Concurrent Scan Root Regions 36.972ms
[2022-09-09T08:59:31.444-0700][gc,marking  ] GC(11) Concurrent Mark
[2022-09-09T08:59:31.444-0700][gc,marking  ] GC(11) Concurrent Mark From Roots
[2022-09-09T08:59:31.444-0700][gc,task     ] GC(11) Using 1 workers of 1 for marking
[2022-09-09T08:59:31.505-0700][gc,marking  ] GC(11) Concurrent Mark From Roots 61.009ms
[2022-09-09T08:59:31.505-0700][gc,marking  ] GC(11) Concurrent Preclean
[2022-09-09T08:59:31.505-0700][gc,marking  ] GC(11) Concurrent Preclean 0.076ms
[2022-09-09T08:59:31.505-0700][gc,start    ] GC(11) Pause Remark
[2022-09-09T08:59:31.510-0700][gc          ] GC(11) Pause Remark 90M->90M(512M) 4.588ms
[2022-09-09T08:59:31.510-0700][gc,cpu      ] GC(11) User=0.01s Sys=0.00s Real=0.01s
[2022-09-09T08:59:31.510-0700][gc,marking  ] GC(11) Concurrent Mark 66.088ms
[2022-09-09T08:59:31.510-0700][gc,marking  ] GC(11) Concurrent Rebuild Remembered Sets
[2022-09-09T08:59:31.541-0700][gc,marking  ] GC(11) Concurrent Rebuild Remembered Sets 30.583ms
[2022-09-09T08:59:31.541-0700][gc,start    ] GC(11) Pause Cleanup
[2022-09-09T08:59:31.541-0700][gc          ] GC(11) Pause Cleanup 91M->91M(512M) 0.159ms
[2022-09-09T08:59:31.541-0700][gc,cpu      ] GC(11) User=0.00s Sys=0.00s Real=0.00s
[2022-09-09T08:59:31.541-0700][gc,marking  ] GC(11) Concurrent Cleanup for Next Mark
[2022-09-09T08:59:31.559-0700][gc,marking  ] GC(11) Concurrent Cleanup for Next Mark 18.124ms
[2022-09-09T08:59:31.560-0700][gc          ] GC(11) Concurrent Mark Cycle 152.696ms
[2022-09-09T09:00:21.096-0700][gc,start    ] GC(12) Pause Young (Normal) (G1 Evacuation Pause)
[2022-09-09T09:00:21.097-0700][gc,task     ] GC(12) Using 4 workers of 4 for evacuation
[2022-09-09T09:00:21.595-0700][gc,mmu      ] GC(12) MMU target violated: 201.0ms (200.0ms/201.0ms)
[2022-09-09T09:00:21.595-0700][gc,phases   ] GC(12)   Pre Evacuate Collection Set: 1.2ms
[2022-09-09T09:00:21.595-0700][gc,phases   ] GC(12)   Merge Heap Roots: 0.6ms
[2022-09-09T09:00:21.595-0700][gc,phases   ] GC(12)   Evacuate Collection Set: 487.5ms
[2022-09-09T09:00:21.596-0700][gc,phases   ] GC(12)   Post Evacuate Collection Set: 8.1ms
[2022-09-09T09:00:21.596-0700][gc,phases   ] GC(12)   Other: 0.6ms
[2022-09-09T09:00:21.596-0700][gc,heap     ] GC(12) Eden regions: 225->0(224)
[2022-09-09T09:00:21.596-0700][gc,heap     ] GC(12) Survivor regions: 31->32(32)
[2022-09-09T09:00:21.596-0700][gc,heap     ] GC(12) Old regions: 17->32
[2022-09-09T09:00:21.596-0700][gc,heap     ] GC(12) Archive regions: 2->2
[2022-09-09T09:00:21.596-0700][gc,heap     ] GC(12) Humongous regions: 38->38
[2022-09-09T09:00:21.596-0700][gc,metaspace] GC(12) Metaspace: 68016K(68672K)->68016K(68672K) NonClass: 59824K(60160K)->59824K(60160K) Class: 8192K(8512K)->8192K(8512K)
[2022-09-09T09:00:21.596-0700][gc          ] GC(12) Pause Young (Normal) (G1 Evacuation Pause) 310M->101M(512M) 499.989ms
[2022-09-09T09:00:21.596-0700][gc,cpu      ] GC(12) User=0.26s Sys=0.47s Real=0.50s
[2022-09-09T09:16:57.325-0700][gc,start    ] GC(13) Pause Young (Normal) (G1 Evacuation Pause)
[2022-09-09T09:16:57.330-0700][gc,task     ] GC(13) Using 4 workers of 4 for evacuation
[2022-09-09T09:16:57.673-0700][gc,mmu      ] GC(13) MMU target violated: 201.0ms (200.0ms/201.0ms)
[2022-09-09T09:16:57.673-0700][gc,phases   ] GC(13)   Pre Evacuate Collection Set: 2.2ms
[2022-09-09T09:16:57.674-0700][gc,phases   ] GC(13)   Merge Heap Roots: 1.2ms
[2022-09-09T09:16:57.674-0700][gc,phases   ] GC(13)   Evacuate Collection Set: 335.0ms
[2022-09-09T09:16:57.674-0700][gc,phases   ] GC(13)   Post Evacuate Collection Set: 4.5ms
[2022-09-09T09:16:57.674-0700][gc,phases   ] GC(13)   Other: 0.7ms
[2022-09-09T09:16:57.674-0700][gc,heap     ] GC(13) Eden regions: 224->0(249)
[2022-09-09T09:16:57.674-0700][gc,heap     ] GC(13) Survivor regions: 32->7(32)
[2022-09-09T09:16:57.674-0700][gc,heap     ] GC(13) Old regions: 32->63
[2022-09-09T09:16:57.674-0700][gc,heap     ] GC(13) Archive regions: 2->2
[2022-09-09T09:16:57.674-0700][gc,heap     ] GC(13) Humongous regions: 42->42
[2022-09-09T09:16:57.674-0700][gc,metaspace] GC(13) Metaspace: 71770K(72448K)->71770K(72448K) NonClass: 63292K(63680K)->63292K(63680K) Class: 8478K(8768K)->8478K(8768K)
[2022-09-09T09:16:57.674-0700][gc          ] GC(13) Pause Young (Normal) (G1 Evacuation Pause) 329M->112M(512M) 349.035ms
[2022-09-09T09:16:57.674-0700][gc,cpu      ] GC(13) User=0.18s Sys=0.32s Real=0.35s
[2022-09-09T09:38:38.212-0700][gc,start    ] GC(14) Pause Young (Normal) (G1 Evacuation Pause)
[2022-09-09T09:38:38.216-0700][gc,task     ] GC(14) Using 4 workers of 4 for evacuation
[2022-09-09T09:38:38.420-0700][gc,mmu      ] GC(14) MMU target violated: 201.0ms (200.0ms/201.0ms)
[2022-09-09T09:38:38.420-0700][gc,phases   ] GC(14)   Pre Evacuate Collection Set: 30.8ms
[2022-09-09T09:38:38.420-0700][gc,phases   ] GC(14)   Merge Heap Roots: 4.2ms
[2022-09-09T09:38:38.420-0700][gc,phases   ] GC(14)   Evacuate Collection Set: 163.6ms
[2022-09-09T09:38:38.420-0700][gc,phases   ] GC(14)   Post Evacuate Collection Set: 5.1ms
[2022-09-09T09:38:38.420-0700][gc,phases   ] GC(14)   Other: 0.6ms
[2022-09-09T09:38:38.420-0700][gc,heap     ] GC(14) Eden regions: 249->0(248)
[2022-09-09T09:38:38.420-0700][gc,heap     ] GC(14) Survivor regions: 7->8(32)
[2022-09-09T09:38:38.420-0700][gc,heap     ] GC(14) Old regions: 63->63
[2022-09-09T09:38:38.420-0700][gc,heap     ] GC(14) Archive regions: 2->2
[2022-09-09T09:38:38.420-0700][gc,heap     ] GC(14) Humongous regions: 42->42
[2022-09-09T09:38:38.420-0700][gc,metaspace] GC(14) Metaspace: 72317K(73024K)->72317K(73024K) NonClass: 63801K(64192K)->63801K(64192K) Class: 8516K(8832K)->8516K(8832K)
[2022-09-09T09:38:38.420-0700][gc          ] GC(14) Pause Young (Normal) (G1 Evacuation Pause) 361M->113M(512M) 208.217ms
[2022-09-09T09:38:38.420-0700][gc,cpu      ] GC(14) User=0.05s Sys=0.17s Real=0.21s
[2022-09-09T10:01:00.819-0700][gc,start    ] GC(15) Pause Young (Normal) (G1 Evacuation Pause)
[2022-09-09T10:01:00.824-0700][gc,task     ] GC(15) Using 4 workers of 4 for evacuation
[2022-09-09T10:01:01.019-0700][gc,phases   ] GC(15)   Pre Evacuate Collection Set: 12.9ms
[2022-09-09T10:01:01.019-0700][gc,phases   ] GC(15)   Merge Heap Roots: 1.2ms
[2022-09-09T10:01:01.019-0700][gc,phases   ] GC(15)   Evacuate Collection Set: 178.1ms
[2022-09-09T10:01:01.019-0700][gc,phases   ] GC(15)   Post Evacuate Collection Set: 3.3ms
[2022-09-09T10:01:01.020-0700][gc,phases   ] GC(15)   Other: 0.4ms
[2022-09-09T10:01:01.020-0700][gc,heap     ] GC(15) Eden regions: 248->0(248)
[2022-09-09T10:01:01.020-0700][gc,heap     ] GC(15) Survivor regions: 8->8(32)
[2022-09-09T10:01:01.020-0700][gc,heap     ] GC(15) Old regions: 63->63
[2022-09-09T10:01:01.020-0700][gc,heap     ] GC(15) Archive regions: 2->2
[2022-09-09T10:01:01.020-0700][gc,heap     ] GC(15) Humongous regions: 42->42
[2022-09-09T10:01:01.024-0700][gc,metaspace] GC(15) Metaspace: 72489K(73216K)->72489K(73216K) NonClass: 63970K(64320K)->63970K(64320K) Class: 8518K(8896K)->8518K(8896K)
[2022-09-09T10:01:01.024-0700][gc          ] GC(15) Pause Young (Normal) (G1 Evacuation Pause) 361M->112M(512M) 205.194ms
[2022-09-09T10:01:01.025-0700][gc,cpu      ] GC(15) User=0.05s Sys=0.15s Real=0.21s
[2022-09-09T10:23:36.832-0700][gc,start    ] GC(16) Pause Young (Normal) (G1 Evacuation Pause)
[2022-09-09T10:23:36.835-0700][gc,task     ] GC(16) Using 4 workers of 4 for evacuation
[2022-09-09T10:23:36.973-0700][gc,phases   ] GC(16)   Pre Evacuate Collection Set: 3.4ms
[2022-09-09T10:23:36.973-0700][gc,phases   ] GC(16)   Merge Heap Roots: 0.9ms
[2022-09-09T10:23:36.973-0700][gc,phases   ] GC(16)   Evacuate Collection Set: 121.5ms
[2022-09-09T10:23:36.973-0700][gc,phases   ] GC(16)   Post Evacuate Collection Set: 11.7ms
[2022-09-09T10:23:36.973-0700][gc,phases   ] GC(16)   Other: 0.8ms
[2022-09-09T10:23:36.973-0700][gc,heap     ] GC(16) Eden regions: 248->0(248)
[2022-09-09T10:23:36.973-0700][gc,heap     ] GC(16) Survivor regions: 8->8(32)
[2022-09-09T10:23:36.973-0700][gc,heap     ] GC(16) Old regions: 63->63
[2022-09-09T10:23:36.973-0700][gc,heap     ] GC(16) Archive regions: 2->2
[2022-09-09T10:23:36.973-0700][gc,heap     ] GC(16) Humongous regions: 42->42
[2022-09-09T10:23:36.973-0700][gc,metaspace] GC(16) Metaspace: 72554K(73344K)->72554K(73344K) NonClass: 64033K(64448K)->64033K(64448K) Class: 8520K(8896K)->8520K(8896K)
[2022-09-09T10:23:36.974-0700][gc          ] GC(16) Pause Young (Normal) (G1 Evacuation Pause) 360M->113M(512M) 141.569ms
[2022-09-09T10:23:36.974-0700][gc,cpu      ] GC(16) User=0.05s Sys=0.12s Real=0.14s
[2022-09-09T10:46:06.244-0700][gc,start    ] GC(17) Pause Young (Normal) (G1 Evacuation Pause)
[2022-09-09T10:46:06.250-0700][gc,task     ] GC(17) Using 4 workers of 4 for evacuation
[2022-09-09T10:46:06.404-0700][gc,phases   ] GC(17)   Pre Evacuate Collection Set: 14.5ms
[2022-09-09T10:46:06.405-0700][gc,phases   ] GC(17)   Merge Heap Roots: 3.7ms
[2022-09-09T10:46:06.405-0700][gc,phases   ] GC(17)   Evacuate Collection Set: 122.9ms
[2022-09-09T10:46:06.405-0700][gc,phases   ] GC(17)   Post Evacuate Collection Set: 12.9ms
[2022-09-09T10:46:06.405-0700][gc,phases   ] GC(17)   Other: 0.8ms
[2022-09-09T10:46:06.405-0700][gc,heap     ] GC(17) Eden regions: 248->0(248)
[2022-09-09T10:46:06.405-0700][gc,heap     ] GC(17) Survivor regions: 8->8(32)
[2022-09-09T10:46:06.405-0700][gc,heap     ] GC(17) Old regions: 63->63
[2022-09-09T10:46:06.405-0700][gc,heap     ] GC(17) Archive regions: 2->2
[2022-09-09T10:46:06.405-0700][gc,heap     ] GC(17) Humongous regions: 42->42
[2022-09-09T10:46:06.405-0700][gc,metaspace] GC(17) Metaspace: 72610K(73408K)->72610K(73408K) NonClass: 64089K(64512K)->64089K(64512K) Class: 8520K(8896K)->8520K(8896K)
[2022-09-09T10:46:06.405-0700][gc          ] GC(17) Pause Young (Normal) (G1 Evacuation Pause) 361M->112M(512M) 160.369ms
[2022-09-09T10:46:06.405-0700][gc,cpu      ] GC(17) User=0.04s Sys=0.12s Real=0.16s
[2022-09-09T20:13:29.301-0700][gc,start    ] GC(18) Pause Young (Normal) (G1 Evacuation Pause)
[2022-09-09T20:13:29.318-0700][gc,task     ] GC(18) Using 4 workers of 4 for evacuation
[2022-09-09T20:13:29.496-0700][gc,phases   ] GC(18)   Pre Evacuate Collection Set: 7.0ms
[2022-09-09T20:13:29.496-0700][gc,phases   ] GC(18)   Merge Heap Roots: 1.6ms
[2022-09-09T20:13:29.496-0700][gc,phases   ] GC(18)   Evacuate Collection Set: 166.5ms
[2022-09-09T20:13:29.497-0700][gc,phases   ] GC(18)   Post Evacuate Collection Set: 2.7ms
[2022-09-09T20:13:29.497-0700][gc,phases   ] GC(18)   Other: 0.4ms
[2022-09-09T20:13:29.497-0700][gc,heap     ] GC(18) Eden regions: 248->0(248)
[2022-09-09T20:13:29.497-0700][gc,heap     ] GC(18) Survivor regions: 8->8(32)
[2022-09-09T20:13:29.497-0700][gc,heap     ] GC(18) Old regions: 63->63
[2022-09-09T20:13:29.497-0700][gc,heap     ] GC(18) Archive regions: 2->2
[2022-09-09T20:13:29.497-0700][gc,heap     ] GC(18) Humongous regions: 42->42
[2022-09-09T20:13:29.497-0700][gc,metaspace] GC(18) Metaspace: 72699K(73472K)->72699K(73472K) NonClass: 64177K(64576K)->64177K(64576K) Class: 8522K(8896K)->8522K(8896K)
[2022-09-09T20:13:29.497-0700][gc          ] GC(18) Pause Young (Normal) (G1 Evacuation Pause) 360M->113M(512M) 196.729ms
[2022-09-09T20:13:29.498-0700][gc,cpu      ] GC(18) User=0.05s Sys=0.08s Real=0.19s
[2022-09-09T21:30:14.671-0700][gc,start    ] GC(19) Pause Young (Normal) (G1 Evacuation Pause)
[2022-09-09T21:30:14.674-0700][gc,task     ] GC(19) Using 4 workers of 4 for evacuation
[2022-09-09T21:30:14.809-0700][gc,phases   ] GC(19)   Pre Evacuate Collection Set: 5.3ms
[2022-09-09T21:30:14.809-0700][gc,phases   ] GC(19)   Merge Heap Roots: 3.2ms
[2022-09-09T21:30:14.809-0700][gc,phases   ] GC(19)   Evacuate Collection Set: 123.9ms
[2022-09-09T21:30:14.809-0700][gc,phases   ] GC(19)   Post Evacuate Collection Set: 1.9ms
[2022-09-09T21:30:14.809-0700][gc,phases   ] GC(19)   Other: 0.5ms
[2022-09-09T21:30:14.809-0700][gc,heap     ] GC(19) Eden regions: 248->0(248)
[2022-09-09T21:30:14.809-0700][gc,heap     ] GC(19) Survivor regions: 8->8(32)
[2022-09-09T21:30:14.809-0700][gc,heap     ] GC(19) Old regions: 63->63
[2022-09-09T21:30:14.809-0700][gc,heap     ] GC(19) Archive regions: 2->2
[2022-09-09T21:30:14.809-0700][gc,heap     ] GC(19) Humongous regions: 42->42
[2022-09-09T21:30:14.809-0700][gc,metaspace] GC(19) Metaspace: 72717K(73472K)->72717K(73472K) NonClass: 64192K(64576K)->64192K(64576K) Class: 8524K(8896K)->8524K(8896K)
[2022-09-09T21:30:14.809-0700][gc          ] GC(19) Pause Young (Normal) (G1 Evacuation Pause) 361M->112M(512M) 138.604ms
[2022-09-09T21:30:14.809-0700][gc,cpu      ] GC(19) User=0.08s Sys=0.14s Real=0.13s
[2022-09-09T21:52:57.541-0700][gc,start    ] GC(20) Pause Young (Normal) (G1 Evacuation Pause)
[2022-09-09T21:52:57.543-0700][gc,task     ] GC(20) Using 4 workers of 4 for evacuation
[2022-09-09T21:52:57.636-0700][gc,phases   ] GC(20)   Pre Evacuate Collection Set: 1.2ms
[2022-09-09T21:52:57.638-0700][gc,phases   ] GC(20)   Merge Heap Roots: 0.6ms
[2022-09-09T21:52:57.638-0700][gc,phases   ] GC(20)   Evacuate Collection Set: 83.1ms
[2022-09-09T21:52:57.638-0700][gc,phases   ] GC(20)   Post Evacuate Collection Set: 7.6ms
[2022-09-09T21:52:57.638-0700][gc,phases   ] GC(20)   Other: 0.7ms
[2022-09-09T21:52:57.638-0700][gc,heap     ] GC(20) Eden regions: 248->0(248)
[2022-09-09T21:52:57.638-0700][gc,heap     ] GC(20) Survivor regions: 8->8(32)
[2022-09-09T21:52:57.638-0700][gc,heap     ] GC(20) Old regions: 63->63
[2022-09-09T21:52:57.638-0700][gc,heap     ] GC(20) Archive regions: 2->2
[2022-09-09T21:52:57.638-0700][gc,heap     ] GC(20) Humongous regions: 42->42
[2022-09-09T21:52:57.638-0700][gc,metaspace] GC(20) Metaspace: 72728K(73472K)->72728K(73472K) NonClass: 64203K(64576K)->64203K(64576K) Class: 8525K(8896K)->8525K(8896K)
[2022-09-09T21:52:57.638-0700][gc          ] GC(20) Pause Young (Normal) (G1 Evacuation Pause) 360M->113M(512M) 97.795ms
[2022-09-09T21:52:57.638-0700][gc,cpu      ] GC(20) User=0.04s Sys=0.08s Real=0.09s
[2022-09-09T22:15:37.477-0700][gc,start    ] GC(21) Pause Young (Normal) (G1 Evacuation Pause)
[2022-09-09T22:15:37.480-0700][gc,task     ] GC(21) Using 4 workers of 4 for evacuation
[2022-09-09T22:15:37.541-0700][gc,phases   ] GC(21)   Pre Evacuate Collection Set: 1.6ms
[2022-09-09T22:15:37.541-0700][gc,phases   ] GC(21)   Merge Heap Roots: 6.7ms
[2022-09-09T22:15:37.541-0700][gc,phases   ] GC(21)   Evacuate Collection Set: 49.7ms
[2022-09-09T22:15:37.541-0700][gc,phases   ] GC(21)   Post Evacuate Collection Set: 2.7ms
[2022-09-09T22:15:37.541-0700][gc,phases   ] GC(21)   Other: 0.5ms
[2022-09-09T22:15:37.541-0700][gc,heap     ] GC(21) Eden regions: 248->0(248)
[2022-09-09T22:15:37.541-0700][gc,heap     ] GC(21) Survivor regions: 8->8(32)
[2022-09-09T22:15:37.541-0700][gc,heap     ] GC(21) Old regions: 63->63
[2022-09-09T22:15:37.541-0700][gc,heap     ] GC(21) Archive regions: 2->2
[2022-09-09T22:15:37.541-0700][gc,heap     ] GC(21) Humongous regions: 42->42
[2022-09-09T22:15:37.541-0700][gc,metaspace] GC(21) Metaspace: 72736K(73472K)->72736K(73472K) NonClass: 64210K(64576K)->64210K(64576K) Class: 8525K(8896K)->8525K(8896K)
[2022-09-09T22:15:37.541-0700][gc          ] GC(21) Pause Young (Normal) (G1 Evacuation Pause) 361M->112M(512M) 64.808ms
[2022-09-09T22:15:37.541-0700][gc,cpu      ] GC(21) User=0.05s Sys=0.08s Real=0.07s
[2022-09-09T22:38:25.302-0700][gc,start    ] GC(22) Pause Young (Normal) (G1 Evacuation Pause)
[2022-09-09T22:38:25.305-0700][gc,task     ] GC(22) Using 4 workers of 4 for evacuation
[2022-09-09T22:38:25.372-0700][gc,phases   ] GC(22)   Pre Evacuate Collection Set: 2.3ms
[2022-09-09T22:38:25.372-0700][gc,phases   ] GC(22)   Merge Heap Roots: 0.9ms
[2022-09-09T22:38:25.372-0700][gc,phases   ] GC(22)   Evacuate Collection Set: 60.3ms
[2022-09-09T22:38:25.372-0700][gc,phases   ] GC(22)   Post Evacuate Collection Set: 3.1ms
[2022-09-09T22:38:25.372-0700][gc,phases   ] GC(22)   Other: 0.7ms
[2022-09-09T22:38:25.372-0700][gc,heap     ] GC(22) Eden regions: 248->0(248)
[2022-09-09T22:38:25.372-0700][gc,heap     ] GC(22) Survivor regions: 8->8(32)
[2022-09-09T22:38:25.372-0700][gc,heap     ] GC(22) Old regions: 63->63
[2022-09-09T22:38:25.372-0700][gc,heap     ] GC(22) Archive regions: 2->2
[2022-09-09T22:38:25.372-0700][gc,heap     ] GC(22) Humongous regions: 42->42
[2022-09-09T22:38:25.372-0700][gc,metaspace] GC(22) Metaspace: 72752K(73472K)->72752K(73472K) NonClass: 64226K(64576K)->64226K(64576K) Class: 8525K(8896K)->8525K(8896K)
[2022-09-09T22:38:25.375-0700][gc          ] GC(22) Pause Young (Normal) (G1 Evacuation Pause) 360M->112M(512M) 72.700ms
[2022-09-09T22:38:25.375-0700][gc,cpu      ] GC(22) User=0.04s Sys=0.10s Real=0.07s
[2022-09-09T23:01:09.170-0700][gc,start    ] GC(23) Pause Young (Normal) (G1 Evacuation Pause)
[2022-09-09T23:01:09.181-0700][gc,task     ] GC(23) Using 4 workers of 4 for evacuation
[2022-09-09T23:01:09.230-0700][gc,phases   ] GC(23)   Pre Evacuate Collection Set: 3.2ms
[2022-09-09T23:01:09.230-0700][gc,phases   ] GC(23)   Merge Heap Roots: 0.7ms
[2022-09-09T23:01:09.230-0700][gc,phases   ] GC(23)   Evacuate Collection Set: 42.0ms
[2022-09-09T23:01:09.230-0700][gc,phases   ] GC(23)   Post Evacuate Collection Set: 2.2ms
[2022-09-09T23:01:09.230-0700][gc,phases   ] GC(23)   Other: 1.0ms
[2022-09-09T23:01:09.230-0700][gc,heap     ] GC(23) Eden regions: 248->0(248)
[2022-09-09T23:01:09.230-0700][gc,heap     ] GC(23) Survivor regions: 8->8(32)
[2022-09-09T23:01:09.230-0700][gc,heap     ] GC(23) Old regions: 63->63
[2022-09-09T23:01:09.230-0700][gc,heap     ] GC(23) Archive regions: 2->2
[2022-09-09T23:01:09.230-0700][gc,heap     ] GC(23) Humongous regions: 42->42
[2022-09-09T23:01:09.230-0700][gc,metaspace] GC(23) Metaspace: 72762K(73472K)->72762K(73472K) NonClass: 64236K(64576K)->64236K(64576K) Class: 8526K(8896K)->8526K(8896K)
[2022-09-09T23:01:09.230-0700][gc          ] GC(23) Pause Young (Normal) (G1 Evacuation Pause) 360M->113M(512M) 60.192ms
[2022-09-09T23:01:09.230-0700][gc,cpu      ] GC(23) User=0.04s Sys=0.08s Real=0.06s
[2022-09-09T23:23:47.249-0700][gc,start    ] GC(24) Pause Young (Normal) (G1 Evacuation Pause)
[2022-09-09T23:23:47.252-0700][gc,task     ] GC(24) Using 4 workers of 4 for evacuation
[2022-09-09T23:23:47.327-0700][gc,phases   ] GC(24)   Pre Evacuate Collection Set: 1.9ms
[2022-09-09T23:23:47.327-0700][gc,phases   ] GC(24)   Merge Heap Roots: 0.9ms
[2022-09-09T23:23:47.327-0700][gc,phases   ] GC(24)   Evacuate Collection Set: 70.2ms
[2022-09-09T23:23:47.327-0700][gc,phases   ] GC(24)   Post Evacuate Collection Set: 1.8ms
[2022-09-09T23:23:47.327-0700][gc,phases   ] GC(24)   Other: 0.5ms
[2022-09-09T23:23:47.327-0700][gc,heap     ] GC(24) Eden regions: 248->0(248)
[2022-09-09T23:23:47.327-0700][gc,heap     ] GC(24) Survivor regions: 8->8(32)
[2022-09-09T23:23:47.327-0700][gc,heap     ] GC(24) Old regions: 63->63
[2022-09-09T23:23:47.327-0700][gc,heap     ] GC(24) Archive regions: 2->2
[2022-09-09T23:23:47.327-0700][gc,heap     ] GC(24) Humongous regions: 42->42
[2022-09-09T23:23:47.327-0700][gc,metaspace] GC(24) Metaspace: 72779K(73536K)->72779K(73536K) NonClass: 64253K(64640K)->64253K(64640K) Class: 8526K(8896K)->8526K(8896K)
[2022-09-09T23:23:47.327-0700][gc          ] GC(24) Pause Young (Normal) (G1 Evacuation Pause) 361M->113M(512M) 78.733ms
[2022-09-09T23:23:47.328-0700][gc,cpu      ] GC(24) User=0.04s Sys=0.08s Real=0.08s
[2022-09-09T23:46:27.395-0700][gc,start    ] GC(25) Pause Young (Normal) (G1 Evacuation Pause)
[2022-09-09T23:46:27.399-0700][gc,task     ] GC(25) Using 4 workers of 4 for evacuation
[2022-09-09T23:46:27.468-0700][gc,phases   ] GC(25)   Pre Evacuate Collection Set: 2.2ms
[2022-09-09T23:46:27.468-0700][gc,phases   ] GC(25)   Merge Heap Roots: 0.7ms
[2022-09-09T23:46:27.468-0700][gc,phases   ] GC(25)   Evacuate Collection Set: 63.5ms
[2022-09-09T23:46:27.468-0700][gc,phases   ] GC(25)   Post Evacuate Collection Set: 1.9ms
[2022-09-09T23:46:27.468-0700][gc,phases   ] GC(25)   Other: 0.6ms
[2022-09-09T23:46:27.468-0700][gc,heap     ] GC(25) Eden regions: 248->0(248)
[2022-09-09T23:46:27.468-0700][gc,heap     ] GC(25) Survivor regions: 8->8(32)
[2022-09-09T23:46:27.468-0700][gc,heap     ] GC(25) Old regions: 63->63
[2022-09-09T23:46:27.468-0700][gc,heap     ] GC(25) Archive regions: 2->2
[2022-09-09T23:46:27.468-0700][gc,heap     ] GC(25) Humongous regions: 42->42
[2022-09-09T23:46:27.468-0700][gc,metaspace] GC(25) Metaspace: 72787K(73536K)->72787K(73536K) NonClass: 64261K(64640K)->64261K(64640K) Class: 8526K(8896K)->8526K(8896K)
[2022-09-09T23:46:27.468-0700][gc          ] GC(25) Pause Young (Normal) (G1 Evacuation Pause) 361M->112M(512M) 72.996ms
[2022-09-09T23:46:27.468-0700][gc,cpu      ] GC(25) User=0.06s Sys=0.10s Real=0.07s
[2022-09-10T00:07:16.812-0700][gc,start    ] GC(26) Pause Young (Normal) (G1 Evacuation Pause)
[2022-09-10T00:07:16.814-0700][gc,task     ] GC(26) Using 4 workers of 4 for evacuation
[2022-09-10T00:07:16.835-0700][gc,phases   ] GC(26)   Pre Evacuate Collection Set: 1.0ms
[2022-09-10T00:07:16.836-0700][gc,phases   ] GC(26)   Merge Heap Roots: 0.8ms
[2022-09-10T00:07:16.836-0700][gc,phases   ] GC(26)   Evacuate Collection Set: 17.7ms
[2022-09-10T00:07:16.836-0700][gc,phases   ] GC(26)   Post Evacuate Collection Set: 1.9ms
[2022-09-10T00:07:16.836-0700][gc,phases   ] GC(26)   Other: 0.4ms
[2022-09-10T00:07:16.836-0700][gc,heap     ] GC(26) Eden regions: 248->0(248)
[2022-09-10T00:07:16.836-0700][gc,heap     ] GC(26) Survivor regions: 8->8(32)
[2022-09-10T00:07:16.836-0700][gc,heap     ] GC(26) Old regions: 63->63
[2022-09-10T00:07:16.836-0700][gc,heap     ] GC(26) Archive regions: 2->2
[2022-09-10T00:07:16.836-0700][gc,heap     ] GC(26) Humongous regions: 42->42
[2022-09-10T00:07:16.836-0700][gc,metaspace] GC(26) Metaspace: 72802K(73536K)->72802K(73536K) NonClass: 64275K(64640K)->64275K(64640K) Class: 8526K(8896K)->8526K(8896K)
[2022-09-10T00:07:16.836-0700][gc          ] GC(26) Pause Young (Normal) (G1 Evacuation Pause) 360M->113M(512M) 24.247ms
[2022-09-10T00:07:16.836-0700][gc,cpu      ] GC(26) User=0.03s Sys=0.01s Real=0.02s
[2022-09-10T00:29:41.601-0700][gc,start    ] GC(27) Pause Young (Normal) (G1 Evacuation Pause)
[2022-09-10T00:29:41.603-0700][gc,task     ] GC(27) Using 4 workers of 4 for evacuation
[2022-09-10T00:29:41.620-0700][gc,phases   ] GC(27)   Pre Evacuate Collection Set: 0.3ms
[2022-09-10T00:29:41.620-0700][gc,phases   ] GC(27)   Merge Heap Roots: 0.2ms
[2022-09-10T00:29:41.620-0700][gc,phases   ] GC(27)   Evacuate Collection Set: 14.9ms
[2022-09-10T00:29:41.620-0700][gc,phases   ] GC(27)   Post Evacuate Collection Set: 0.9ms
[2022-09-10T00:29:41.620-0700][gc,phases   ] GC(27)   Other: 0.3ms
[2022-09-10T00:29:41.620-0700][gc,heap     ] GC(27) Eden regions: 248->0(248)
[2022-09-10T00:29:41.620-0700][gc,heap     ] GC(27) Survivor regions: 8->8(32)
[2022-09-10T00:29:41.620-0700][gc,heap     ] GC(27) Old regions: 63->63
[2022-09-10T00:29:41.620-0700][gc,heap     ] GC(27) Archive regions: 2->2
[2022-09-10T00:29:41.620-0700][gc,heap     ] GC(27) Humongous regions: 42->42
[2022-09-10T00:29:41.620-0700][gc,metaspace] GC(27) Metaspace: 72803K(73536K)->72803K(73536K) NonClass: 64277K(64640K)->64277K(64640K) Class: 8526K(8896K)->8526K(8896K)
[2022-09-10T00:29:41.620-0700][gc          ] GC(27) Pause Young (Normal) (G1 Evacuation Pause) 361M->113M(512M) 19.180ms
[2022-09-10T00:29:41.620-0700][gc,cpu      ] GC(27) User=0.05s Sys=0.01s Real=0.02s
[2022-09-10T00:52:16.079-0700][gc,start    ] GC(28) Pause Young (Normal) (G1 Evacuation Pause)
[2022-09-10T00:52:16.082-0700][gc,task     ] GC(28) Using 4 workers of 4 for evacuation
[2022-09-10T00:52:16.126-0700][gc,phases   ] GC(28)   Pre Evacuate Collection Set: 1.6ms
[2022-09-10T00:52:16.126-0700][gc,phases   ] GC(28)   Merge Heap Roots: 0.7ms
[2022-09-10T00:52:16.126-0700][gc,phases   ] GC(28)   Evacuate Collection Set: 39.8ms
[2022-09-10T00:52:16.126-0700][gc,phases   ] GC(28)   Post Evacuate Collection Set: 1.8ms
[2022-09-10T00:52:16.126-0700][gc,phases   ] GC(28)   Other: 0.5ms
[2022-09-10T00:52:16.126-0700][gc,heap     ] GC(28) Eden regions: 248->0(254)
[2022-09-10T00:52:16.127-0700][gc,heap     ] GC(28) Survivor regions: 8->2(32)
[2022-09-10T00:52:16.127-0700][gc,heap     ] GC(28) Old regions: 63->69
[2022-09-10T00:52:16.127-0700][gc,heap     ] GC(28) Archive regions: 2->2
[2022-09-10T00:52:16.127-0700][gc,heap     ] GC(28) Humongous regions: 42->42
[2022-09-10T00:52:16.127-0700][gc,metaspace] GC(28) Metaspace: 72808K(73536K)->72808K(73536K) NonClass: 64282K(64640K)->64282K(64640K) Class: 8526K(8896K)->8526K(8896K)
[2022-09-10T00:52:16.127-0700][gc          ] GC(28) Pause Young (Normal) (G1 Evacuation Pause) 361M->113M(512M) 47.467ms
[2022-09-10T00:52:16.127-0700][gc,cpu      ] GC(28) User=0.05s Sys=0.09s Real=0.05s
[2022-09-10T01:15:27.197-0700][gc,start    ] GC(29) Pause Young (Normal) (G1 Evacuation Pause)
[2022-09-10T01:15:27.203-0700][gc,task     ] GC(29) Using 4 workers of 4 for evacuation
[2022-09-10T01:15:27.258-0700][gc,phases   ] GC(29)   Pre Evacuate Collection Set: 2.4ms
[2022-09-10T01:15:27.258-0700][gc,phases   ] GC(29)   Merge Heap Roots: 1.7ms
[2022-09-10T01:15:27.258-0700][gc,phases   ] GC(29)   Evacuate Collection Set: 37.7ms
[2022-09-10T01:15:27.258-0700][gc,phases   ] GC(29)   Post Evacuate Collection Set: 13.1ms
[2022-09-10T01:15:27.258-0700][gc,phases   ] GC(29)   Other: 1.8ms
[2022-09-10T01:15:27.258-0700][gc,heap     ] GC(29) Eden regions: 254->0(254)
[2022-09-10T01:15:27.258-0700][gc,heap     ] GC(29) Survivor regions: 2->2(32)
[2022-09-10T01:15:27.258-0700][gc,heap     ] GC(29) Old regions: 69->69
[2022-09-10T01:15:27.258-0700][gc,heap     ] GC(29) Archive regions: 2->2
[2022-09-10T01:15:27.258-0700][gc,heap     ] GC(29) Humongous regions: 42->42
[2022-09-10T01:15:27.258-0700][gc,metaspace] GC(29) Metaspace: 72811K(73536K)->72811K(73536K) NonClass: 64285K(64640K)->64285K(64640K) Class: 8526K(8896K)->8526K(8896K)
[2022-09-10T01:15:27.258-0700][gc          ] GC(29) Pause Young (Normal) (G1 Evacuation Pause) 367M->113M(512M) 61.282ms
[2022-09-10T01:15:27.259-0700][gc,cpu      ] GC(29) User=0.02s Sys=0.04s Real=0.06s
[2022-09-10T01:37:43.184-0700][gc,start    ] GC(30) Pause Young (Normal) (G1 Evacuation Pause)
[2022-09-10T01:37:43.187-0700][gc,task     ] GC(30) Using 4 workers of 4 for evacuation
[2022-09-10T01:37:43.222-0700][gc,phases   ] GC(30)   Pre Evacuate Collection Set: 2.3ms
[2022-09-10T01:37:43.222-0700][gc,phases   ] GC(30)   Merge Heap Roots: 5.6ms
[2022-09-10T01:37:43.222-0700][gc,phases   ] GC(30)   Evacuate Collection Set: 25.0ms
[2022-09-10T01:37:43.222-0700][gc,phases   ] GC(30)   Post Evacuate Collection Set: 1.5ms
[2022-09-10T01:37:43.222-0700][gc,phases   ] GC(30)   Other: 0.4ms
[2022-09-10T01:37:43.222-0700][gc,heap     ] GC(30) Eden regions: 254->0(254)
[2022-09-10T01:37:43.222-0700][gc,heap     ] GC(30) Survivor regions: 2->2(32)
[2022-09-10T01:37:43.222-0700][gc,heap     ] GC(30) Old regions: 69->69
[2022-09-10T01:37:43.222-0700][gc,heap     ] GC(30) Archive regions: 2->2
[2022-09-10T01:37:43.222-0700][gc,heap     ] GC(30) Humongous regions: 42->42
[2022-09-10T01:37:43.222-0700][gc,metaspace] GC(30) Metaspace: 73206K(73984K)->73206K(73984K) NonClass: 64651K(65024K)->64651K(65024K) Class: 8555K(8960K)->8555K(8960K)
[2022-09-10T01:37:43.222-0700][gc          ] GC(30) Pause Young (Normal) (G1 Evacuation Pause) 367M->113M(512M) 37.627ms
[2022-09-10T01:37:43.222-0700][gc,cpu      ] GC(30) User=0.03s Sys=0.04s Real=0.04s
[2022-09-10T01:59:28.481-0700][gc,start    ] GC(31) Pause Young (Normal) (G1 Evacuation Pause)
[2022-09-10T01:59:28.492-0700][gc,task     ] GC(31) Using 4 workers of 4 for evacuation
[2022-09-10T01:59:28.783-0700][gc,mmu      ] GC(31) MMU target violated: 201.0ms (200.0ms/201.0ms)
[2022-09-10T01:59:28.783-0700][gc,phases   ] GC(31)   Pre Evacuate Collection Set: 36.6ms
[2022-09-10T01:59:28.783-0700][gc,phases   ] GC(31)   Merge Heap Roots: 5.2ms
[2022-09-10T01:59:28.783-0700][gc,phases   ] GC(31)   Evacuate Collection Set: 229.5ms
[2022-09-10T01:59:28.783-0700][gc,phases   ] GC(31)   Post Evacuate Collection Set: 17.5ms
[2022-09-10T01:59:28.783-0700][gc,phases   ] GC(31)   Other: 8.4ms
[2022-09-10T01:59:28.784-0700][gc,heap     ] GC(31) Eden regions: 254->0(254)
[2022-09-10T01:59:28.784-0700][gc,heap     ] GC(31) Survivor regions: 2->2(32)
[2022-09-10T01:59:28.784-0700][gc,heap     ] GC(31) Old regions: 69->70
[2022-09-10T01:59:28.784-0700][gc,heap     ] GC(31) Archive regions: 2->2
[2022-09-10T01:59:28.784-0700][gc,heap     ] GC(31) Humongous regions: 42->42
[2022-09-10T01:59:28.784-0700][gc,metaspace] GC(31) Metaspace: 73223K(73984K)->73223K(73984K) NonClass: 64666K(65024K)->64666K(65024K) Class: 8556K(8960K)->8556K(8960K)
[2022-09-10T01:59:28.784-0700][gc          ] GC(31) Pause Young (Normal) (G1 Evacuation Pause) 367M->113M(512M) 302.383ms
[2022-09-10T01:59:28.784-0700][gc,cpu      ] GC(31) User=0.03s Sys=0.15s Real=0.30s
[2022-09-10T02:22:02.044-0700][gc,start    ] GC(32) Pause Young (Normal) (G1 Evacuation Pause)
[2022-09-10T02:22:02.048-0700][gc,task     ] GC(32) Using 4 workers of 4 for evacuation
[2022-09-10T02:22:02.121-0700][gc,phases   ] GC(32)   Pre Evacuate Collection Set: 2.0ms
[2022-09-10T02:22:02.121-0700][gc,phases   ] GC(32)   Merge Heap Roots: 0.8ms
[2022-09-10T02:22:02.121-0700][gc,phases   ] GC(32)   Evacuate Collection Set: 67.6ms
[2022-09-10T02:22:02.121-0700][gc,phases   ] GC(32)   Post Evacuate Collection Set: 2.2ms
[2022-09-10T02:22:02.121-0700][gc,phases   ] GC(32)   Other: 0.7ms
[2022-09-10T02:22:02.121-0700][gc,heap     ] GC(32) Eden regions: 254->0(254)
[2022-09-10T02:22:02.121-0700][gc,heap     ] GC(32) Survivor regions: 2->2(32)
[2022-09-10T02:22:02.121-0700][gc,heap     ] GC(32) Old regions: 70->70
[2022-09-10T02:22:02.121-0700][gc,heap     ] GC(32) Archive regions: 2->2
[2022-09-10T02:22:02.121-0700][gc,heap     ] GC(32) Humongous regions: 42->42
[2022-09-10T02:22:02.122-0700][gc,metaspace] GC(32) Metaspace: 73229K(73984K)->73229K(73984K) NonClass: 64672K(65024K)->64672K(65024K) Class: 8556K(8960K)->8556K(8960K)
[2022-09-10T02:22:02.124-0700][gc          ] GC(32) Pause Young (Normal) (G1 Evacuation Pause) 367M->113M(512M) 79.948ms
[2022-09-10T02:22:02.125-0700][gc,cpu      ] GC(32) User=0.03s Sys=0.05s Real=0.08s
[2022-09-10T02:44:39.720-0700][gc,start    ] GC(33) Pause Young (Normal) (G1 Evacuation Pause)
[2022-09-10T02:44:39.728-0700][gc,task     ] GC(33) Using 4 workers of 4 for evacuation
[2022-09-10T02:44:39.760-0700][gc,phases   ] GC(33)   Pre Evacuate Collection Set: 2.5ms
[2022-09-10T02:44:39.760-0700][gc,phases   ] GC(33)   Merge Heap Roots: 0.8ms
[2022-09-10T02:44:39.760-0700][gc,phases   ] GC(33)   Evacuate Collection Set: 26.9ms
[2022-09-10T02:44:39.760-0700][gc,phases   ] GC(33)   Post Evacuate Collection Set: 1.6ms
[2022-09-10T02:44:39.760-0700][gc,phases   ] GC(33)   Other: 0.6ms
[2022-09-10T02:44:39.760-0700][gc,heap     ] GC(33) Eden regions: 254->0(254)
[2022-09-10T02:44:39.760-0700][gc,heap     ] GC(33) Survivor regions: 2->2(32)
[2022-09-10T02:44:39.760-0700][gc,heap     ] GC(33) Old regions: 70->70
[2022-09-10T02:44:39.760-0700][gc,heap     ] GC(33) Archive regions: 2->2
[2022-09-10T02:44:39.760-0700][gc,heap     ] GC(33) Humongous regions: 42->42
[2022-09-10T02:44:39.760-0700][gc,metaspace] GC(33) Metaspace: 73231K(73984K)->73231K(73984K) NonClass: 64674K(65024K)->64674K(65024K) Class: 8556K(8960K)->8556K(8960K)
[2022-09-10T02:44:39.760-0700][gc          ] GC(33) Pause Young (Normal) (G1 Evacuation Pause) 367M->113M(512M) 40.375ms
[2022-09-10T02:44:39.760-0700][gc,cpu      ] GC(33) User=0.02s Sys=0.05s Real=0.04s
[2022-09-10T03:07:19.904-0700][gc,start    ] GC(34) Pause Young (Normal) (G1 Evacuation Pause)
[2022-09-10T03:07:19.906-0700][gc,task     ] GC(34) Using 4 workers of 4 for evacuation
[2022-09-10T03:07:19.931-0700][gc,phases   ] GC(34)   Pre Evacuate Collection Set: 2.2ms
[2022-09-10T03:07:19.931-0700][gc,phases   ] GC(34)   Merge Heap Roots: 0.7ms
[2022-09-10T03:07:19.931-0700][gc,phases   ] GC(34)   Evacuate Collection Set: 18.3ms
[2022-09-10T03:07:19.931-0700][gc,phases   ] GC(34)   Post Evacuate Collection Set: 2.6ms
[2022-09-10T03:07:19.931-0700][gc,phases   ] GC(34)   Other: 0.8ms
[2022-09-10T03:07:19.931-0700][gc,heap     ] GC(34) Eden regions: 254->0(254)
[2022-09-10T03:07:19.931-0700][gc,heap     ] GC(34) Survivor regions: 2->2(32)
[2022-09-10T03:07:19.931-0700][gc,heap     ] GC(34) Old regions: 70->70
[2022-09-10T03:07:19.931-0700][gc,heap     ] GC(34) Archive regions: 2->2
[2022-09-10T03:07:19.931-0700][gc,heap     ] GC(34) Humongous regions: 42->42
[2022-09-10T03:07:19.931-0700][gc,metaspace] GC(34) Metaspace: 73235K(73984K)->73235K(73984K) NonClass: 64678K(65024K)->64678K(65024K) Class: 8556K(8960K)->8556K(8960K)
[2022-09-10T03:07:19.931-0700][gc          ] GC(34) Pause Young (Normal) (G1 Evacuation Pause) 367M->113M(512M) 27.340ms
[2022-09-10T03:07:19.931-0700][gc,cpu      ] GC(34) User=0.02s Sys=0.04s Real=0.03s
[2022-09-10T03:29:56.361-0700][gc,start    ] GC(35) Pause Young (Normal) (G1 Evacuation Pause)
[2022-09-10T03:29:56.365-0700][gc,task     ] GC(35) Using 4 workers of 4 for evacuation
[2022-09-10T03:29:56.391-0700][gc,phases   ] GC(35)   Pre Evacuate Collection Set: 1.9ms
[2022-09-10T03:29:56.391-0700][gc,phases   ] GC(35)   Merge Heap Roots: 0.7ms
[2022-09-10T03:29:56.391-0700][gc,phases   ] GC(35)   Evacuate Collection Set: 18.3ms
[2022-09-10T03:29:56.391-0700][gc,phases   ] GC(35)   Post Evacuate Collection Set: 4.6ms
[2022-09-10T03:29:56.391-0700][gc,phases   ] GC(35)   Other: 0.7ms
[2022-09-10T03:29:56.391-0700][gc,heap     ] GC(35) Eden regions: 254->0(254)
[2022-09-10T03:29:56.391-0700][gc,heap     ] GC(35) Survivor regions: 2->2(32)
[2022-09-10T03:29:56.391-0700][gc,heap     ] GC(35) Old regions: 70->70
[2022-09-10T03:29:56.391-0700][gc,heap     ] GC(35) Archive regions: 2->2
[2022-09-10T03:29:56.391-0700][gc,heap     ] GC(35) Humongous regions: 42->42
[2022-09-10T03:29:56.391-0700][gc,metaspace] GC(35) Metaspace: 73237K(73984K)->73237K(73984K) NonClass: 64681K(65024K)->64681K(65024K) Class: 8556K(8960K)->8556K(8960K)
[2022-09-10T03:29:56.391-0700][gc          ] GC(35) Pause Young (Normal) (G1 Evacuation Pause) 367M->113M(512M) 29.894ms
[2022-09-10T03:29:56.391-0700][gc,cpu      ] GC(35) User=0.02s Sys=0.04s Real=0.03s
[2022-09-10T03:52:38.974-0700][gc,start    ] GC(36) Pause Young (Normal) (G1 Evacuation Pause)
[2022-09-10T03:52:38.976-0700][gc,task     ] GC(36) Using 4 workers of 4 for evacuation
[2022-09-10T03:52:38.998-0700][gc,phases   ] GC(36)   Pre Evacuate Collection Set: 1.9ms
[2022-09-10T03:52:38.998-0700][gc,phases   ] GC(36)   Merge Heap Roots: 0.5ms
[2022-09-10T03:52:38.998-0700][gc,phases   ] GC(36)   Evacuate Collection Set: 13.9ms
[2022-09-10T03:52:38.998-0700][gc,phases   ] GC(36)   Post Evacuate Collection Set: 1.6ms
[2022-09-10T03:52:38.998-0700][gc,phases   ] GC(36)   Other: 4.2ms
[2022-09-10T03:52:38.998-0700][gc,heap     ] GC(36) Eden regions: 254->0(254)
[2022-09-10T03:52:38.998-0700][gc,heap     ] GC(36) Survivor regions: 2->2(32)
[2022-09-10T03:52:38.998-0700][gc,heap     ] GC(36) Old regions: 70->70
[2022-09-10T03:52:38.998-0700][gc,heap     ] GC(36) Archive regions: 2->2
[2022-09-10T03:52:38.998-0700][gc,heap     ] GC(36) Humongous regions: 42->42
[2022-09-10T03:52:38.998-0700][gc,metaspace] GC(36) Metaspace: 73239K(73984K)->73239K(73984K) NonClass: 64683K(65024K)->64683K(65024K) Class: 8556K(8960K)->8556K(8960K)
[2022-09-10T03:52:38.998-0700][gc          ] GC(36) Pause Young (Normal) (G1 Evacuation Pause) 367M->113M(512M) 24.653ms
[2022-09-10T03:52:38.998-0700][gc,cpu      ] GC(36) User=0.02s Sys=0.04s Real=0.02s
[2022-09-10T04:15:28.368-0700][gc,start    ] GC(37) Pause Young (Normal) (G1 Evacuation Pause)
[2022-09-10T04:15:28.371-0700][gc,task     ] GC(37) Using 4 workers of 4 for evacuation
[2022-09-10T04:15:28.394-0700][gc,phases   ] GC(37)   Pre Evacuate Collection Set: 2.2ms
[2022-09-10T04:15:28.394-0700][gc,phases   ] GC(37)   Merge Heap Roots: 0.6ms
[2022-09-10T04:15:28.394-0700][gc,phases   ] GC(37)   Evacuate Collection Set: 18.3ms
[2022-09-10T04:15:28.394-0700][gc,phases   ] GC(37)   Post Evacuate Collection Set: 1.7ms
[2022-09-10T04:15:28.394-0700][gc,phases   ] GC(37)   Other: 0.6ms
[2022-09-10T04:15:28.394-0700][gc,heap     ] GC(37) Eden regions: 254->0(254)
[2022-09-10T04:15:28.394-0700][gc,heap     ] GC(37) Survivor regions: 2->2(32)
[2022-09-10T04:15:28.395-0700][gc,heap     ] GC(37) Old regions: 70->70
[2022-09-10T04:15:28.395-0700][gc,heap     ] GC(37) Archive regions: 2->2
[2022-09-10T04:15:28.395-0700][gc,heap     ] GC(37) Humongous regions: 42->42
[2022-09-10T04:15:28.395-0700][gc,metaspace] GC(37) Metaspace: 73241K(73984K)->73241K(73984K) NonClass: 64684K(65024K)->64684K(65024K) Class: 8556K(8960K)->8556K(8960K)
[2022-09-10T04:15:28.395-0700][gc          ] GC(37) Pause Young (Normal) (G1 Evacuation Pause) 367M->113M(512M) 26.997ms
[2022-09-10T04:15:28.395-0700][gc,cpu      ] GC(37) User=0.02s Sys=0.04s Real=0.03s
[2022-09-10T04:38:07.725-0700][gc,start    ] GC(38) Pause Young (Normal) (G1 Evacuation Pause)
[2022-09-10T04:38:07.729-0700][gc,task     ] GC(38) Using 4 workers of 4 for evacuation
[2022-09-10T04:38:07.775-0700][gc,phases   ] GC(38)   Pre Evacuate Collection Set: 4.4ms
[2022-09-10T04:38:07.775-0700][gc,phases   ] GC(38)   Merge Heap Roots: 0.4ms
[2022-09-10T04:38:07.775-0700][gc,phases   ] GC(38)   Evacuate Collection Set: 38.5ms
[2022-09-10T04:38:07.775-0700][gc,phases   ] GC(38)   Post Evacuate Collection Set: 2.6ms
[2022-09-10T04:38:07.775-0700][gc,phases   ] GC(38)   Other: 0.8ms
[2022-09-10T04:38:07.775-0700][gc,heap     ] GC(38) Eden regions: 254->0(254)
[2022-09-10T04:38:07.775-0700][gc,heap     ] GC(38) Survivor regions: 2->2(32)
[2022-09-10T04:38:07.775-0700][gc,heap     ] GC(38) Old regions: 70->70
[2022-09-10T04:38:07.775-0700][gc,heap     ] GC(38) Archive regions: 2->2
[2022-09-10T04:38:07.775-0700][gc,heap     ] GC(38) Humongous regions: 42->42
[2022-09-10T04:38:07.775-0700][gc,metaspace] GC(38) Metaspace: 73246K(73984K)->73246K(73984K) NonClass: 64689K(65024K)->64689K(65024K) Class: 8556K(8960K)->8556K(8960K)
[2022-09-10T04:38:07.776-0700][gc          ] GC(38) Pause Young (Normal) (G1 Evacuation Pause) 367M->113M(512M) 50.963ms
[2022-09-10T04:38:07.776-0700][gc,cpu      ] GC(38) User=0.03s Sys=0.05s Real=0.05s
[2022-09-10T05:00:41.283-0700][gc,start    ] GC(39) Pause Young (Normal) (G1 Evacuation Pause)
[2022-09-10T05:00:41.285-0700][gc,task     ] GC(39) Using 4 workers of 4 for evacuation
[2022-09-10T05:00:41.307-0700][gc,phases   ] GC(39)   Pre Evacuate Collection Set: 2.2ms
[2022-09-10T05:00:41.307-0700][gc,phases   ] GC(39)   Merge Heap Roots: 0.6ms
[2022-09-10T05:00:41.307-0700][gc,phases   ] GC(39)   Evacuate Collection Set: 13.9ms
[2022-09-10T05:00:41.307-0700][gc,phases   ] GC(39)   Post Evacuate Collection Set: 4.2ms
[2022-09-10T05:00:41.307-0700][gc,phases   ] GC(39)   Other: 0.7ms
[2022-09-10T05:00:41.307-0700][gc,heap     ] GC(39) Eden regions: 254->0(254)
[2022-09-10T05:00:41.307-0700][gc,heap     ] GC(39) Survivor regions: 2->2(32)
[2022-09-10T05:00:41.307-0700][gc,heap     ] GC(39) Old regions: 70->70
[2022-09-10T05:00:41.307-0700][gc,heap     ] GC(39) Archive regions: 2->2
[2022-09-10T05:00:41.307-0700][gc,heap     ] GC(39) Humongous regions: 42->42
[2022-09-10T05:00:41.307-0700][gc,metaspace] GC(39) Metaspace: 73246K(73984K)->73246K(73984K) NonClass: 64689K(65024K)->64689K(65024K) Class: 8556K(8960K)->8556K(8960K)
[2022-09-10T05:00:41.307-0700][gc          ] GC(39) Pause Young (Normal) (G1 Evacuation Pause) 367M->113M(512M) 24.396ms
[2022-09-10T05:00:41.307-0700][gc,cpu      ] GC(39) User=0.02s Sys=0.03s Real=0.02s
[2022-09-10T05:23:18.952-0700][gc,start    ] GC(40) Pause Young (Normal) (G1 Evacuation Pause)
[2022-09-10T05:23:18.959-0700][gc,task     ] GC(40) Using 4 workers of 4 for evacuation
[2022-09-10T05:23:19.104-0700][gc,phases   ] GC(40)   Pre Evacuate Collection Set: 23.8ms
[2022-09-10T05:23:19.104-0700][gc,phases   ] GC(40)   Merge Heap Roots: 3.7ms
[2022-09-10T05:23:19.104-0700][gc,phases   ] GC(40)   Evacuate Collection Set: 110.1ms
[2022-09-10T05:23:19.104-0700][gc,phases   ] GC(40)   Post Evacuate Collection Set: 6.4ms
[2022-09-10T05:23:19.104-0700][gc,phases   ] GC(40)   Other: 0.9ms
[2022-09-10T05:23:19.104-0700][gc,heap     ] GC(40) Eden regions: 254->0(254)
[2022-09-10T05:23:19.104-0700][gc,heap     ] GC(40) Survivor regions: 2->2(32)
[2022-09-10T05:23:19.104-0700][gc,heap     ] GC(40) Old regions: 70->70
[2022-09-10T05:23:19.104-0700][gc,heap     ] GC(40) Archive regions: 2->2
[2022-09-10T05:23:19.104-0700][gc,heap     ] GC(40) Humongous regions: 42->42
[2022-09-10T05:23:19.104-0700][gc,metaspace] GC(40) Metaspace: 73260K(74048K)->73260K(74048K) NonClass: 64703K(65088K)->64703K(65088K) Class: 8556K(8960K)->8556K(8960K)
[2022-09-10T05:23:19.104-0700][gc          ] GC(40) Pause Young (Normal) (G1 Evacuation Pause) 367M->113M(512M) 151.928ms
[2022-09-10T05:23:19.104-0700][gc,cpu      ] GC(40) User=0.02s Sys=0.11s Real=0.15s
[2022-09-10T05:45:52.608-0700][gc,start    ] GC(41) Pause Young (Normal) (G1 Evacuation Pause)
[2022-09-10T05:45:52.622-0700][gc,task     ] GC(41) Using 4 workers of 4 for evacuation
[2022-09-10T05:45:52.706-0700][gc,phases   ] GC(41)   Pre Evacuate Collection Set: 37.9ms
[2022-09-10T05:45:52.706-0700][gc,phases   ] GC(41)   Merge Heap Roots: 3.6ms
[2022-09-10T05:45:52.706-0700][gc,phases   ] GC(41)   Evacuate Collection Set: 38.3ms
[2022-09-10T05:45:52.706-0700][gc,phases   ] GC(41)   Post Evacuate Collection Set: 2.2ms
[2022-09-10T05:45:52.706-0700][gc,phases   ] GC(41)   Other: 1.3ms
[2022-09-10T05:45:52.706-0700][gc,heap     ] GC(41) Eden regions: 254->0(254)
[2022-09-10T05:45:52.706-0700][gc,heap     ] GC(41) Survivor regions: 2->2(32)
[2022-09-10T05:45:52.706-0700][gc,heap     ] GC(41) Old regions: 70->70
[2022-09-10T05:45:52.706-0700][gc,heap     ] GC(41) Archive regions: 2->2
[2022-09-10T05:45:52.706-0700][gc,heap     ] GC(41) Humongous regions: 42->42
[2022-09-10T05:45:52.706-0700][gc,metaspace] GC(41) Metaspace: 73354K(74112K)->73354K(74112K) NonClass: 64797K(65152K)->64797K(65152K) Class: 8556K(8960K)->8556K(8960K)
[2022-09-10T05:45:52.706-0700][gc          ] GC(41) Pause Young (Normal) (G1 Evacuation Pause) 367M->113M(512M) 97.899ms
[2022-09-10T05:45:52.706-0700][gc,cpu      ] GC(41) User=0.01s Sys=0.06s Real=0.10s
[2022-09-10T06:08:23.428-0700][gc,start    ] GC(42) Pause Young (Normal) (G1 Evacuation Pause)
[2022-09-10T06:08:23.430-0700][gc,task     ] GC(42) Using 4 workers of 4 for evacuation
[2022-09-10T06:08:23.479-0700][gc,phases   ] GC(42)   Pre Evacuate Collection Set: 3.1ms
[2022-09-10T06:08:23.479-0700][gc,phases   ] GC(42)   Merge Heap Roots: 0.4ms
[2022-09-10T06:08:23.479-0700][gc,phases   ] GC(42)   Evacuate Collection Set: 39.9ms
[2022-09-10T06:08:23.479-0700][gc,phases   ] GC(42)   Post Evacuate Collection Set: 2.0ms
[2022-09-10T06:08:23.479-0700][gc,phases   ] GC(42)   Other: 3.3ms
[2022-09-10T06:08:23.479-0700][gc,heap     ] GC(42) Eden regions: 254->0(254)
[2022-09-10T06:08:23.479-0700][gc,heap     ] GC(42) Survivor regions: 2->2(32)
[2022-09-10T06:08:23.479-0700][gc,heap     ] GC(42) Old regions: 70->70
[2022-09-10T06:08:23.479-0700][gc,heap     ] GC(42) Archive regions: 2->2
[2022-09-10T06:08:23.479-0700][gc,heap     ] GC(42) Humongous regions: 42->42
[2022-09-10T06:08:23.479-0700][gc,metaspace] GC(42) Metaspace: 73354K(74112K)->73354K(74112K) NonClass: 64798K(65152K)->64798K(65152K) Class: 8556K(8960K)->8556K(8960K)
[2022-09-10T06:08:23.482-0700][gc          ] GC(42) Pause Young (Normal) (G1 Evacuation Pause) 367M->113M(512M) 53.474ms
[2022-09-10T06:08:23.482-0700][gc,cpu      ] GC(42) User=0.01s Sys=0.04s Real=0.06s
[2022-09-10T06:30:54.375-0700][gc,start    ] GC(43) Pause Young (Normal) (G1 Evacuation Pause)
[2022-09-10T06:30:54.378-0700][gc,task     ] GC(43) Using 4 workers of 4 for evacuation
[2022-09-10T06:30:54.412-0700][gc,phases   ] GC(43)   Pre Evacuate Collection Set: 1.8ms
[2022-09-10T06:30:54.412-0700][gc,phases   ] GC(43)   Merge Heap Roots: 0.4ms
[2022-09-10T06:30:54.412-0700][gc,phases   ] GC(43)   Evacuate Collection Set: 23.4ms
[2022-09-10T06:30:54.412-0700][gc,phases   ] GC(43)   Post Evacuate Collection Set: 7.3ms
[2022-09-10T06:30:54.412-0700][gc,phases   ] GC(43)   Other: 0.6ms
[2022-09-10T06:30:54.412-0700][gc,heap     ] GC(43) Eden regions: 254->0(254)
[2022-09-10T06:30:54.412-0700][gc,heap     ] GC(43) Survivor regions: 2->2(32)
[2022-09-10T06:30:54.412-0700][gc,heap     ] GC(43) Old regions: 70->70
[2022-09-10T06:30:54.412-0700][gc,heap     ] GC(43) Archive regions: 2->2
[2022-09-10T06:30:54.412-0700][gc,heap     ] GC(43) Humongous regions: 42->42
[2022-09-10T06:30:54.412-0700][gc,metaspace] GC(43) Metaspace: 73354K(74112K)->73354K(74112K) NonClass: 64798K(65152K)->64798K(65152K) Class: 8556K(8960K)->8556K(8960K)
[2022-09-10T06:30:54.413-0700][gc          ] GC(43) Pause Young (Normal) (G1 Evacuation Pause) 367M->113M(512M) 38.339ms
[2022-09-10T06:30:54.414-0700][gc,cpu      ] GC(43) User=0.02s Sys=0.05s Real=0.04s
[2022-09-10T06:53:18.024-0700][gc,start    ] GC(44) Pause Young (Normal) (G1 Evacuation Pause)
[2022-09-10T06:53:18.028-0700][gc,task     ] GC(44) Using 4 workers of 4 for evacuation
[2022-09-10T06:53:18.265-0700][gc,mmu      ] GC(44) MMU target violated: 201.0ms (200.0ms/201.0ms)
[2022-09-10T06:53:18.265-0700][gc,phases   ] GC(44)   Pre Evacuate Collection Set: 52.0ms
[2022-09-10T06:53:18.265-0700][gc,phases   ] GC(44)   Merge Heap Roots: 3.9ms
[2022-09-10T06:53:18.265-0700][gc,phases   ] GC(44)   Evacuate Collection Set: 167.4ms
[2022-09-10T06:53:18.265-0700][gc,phases   ] GC(44)   Post Evacuate Collection Set: 8.8ms
[2022-09-10T06:53:18.265-0700][gc,phases   ] GC(44)   Other: 4.8ms
[2022-09-10T06:53:18.265-0700][gc,heap     ] GC(44) Eden regions: 254->0(254)
[2022-09-10T06:53:18.265-0700][gc,heap     ] GC(44) Survivor regions: 2->2(32)
[2022-09-10T06:53:18.265-0700][gc,heap     ] GC(44) Old regions: 70->70
[2022-09-10T06:53:18.265-0700][gc,heap     ] GC(44) Archive regions: 2->2
[2022-09-10T06:53:18.265-0700][gc,heap     ] GC(44) Humongous regions: 42->42
[2022-09-10T06:53:18.265-0700][gc,metaspace] GC(44) Metaspace: 73366K(74176K)->73366K(74176K) NonClass: 64809K(65216K)->64809K(65216K) Class: 8556K(8960K)->8556K(8960K)
[2022-09-10T06:53:18.265-0700][gc          ] GC(44) Pause Young (Normal) (G1 Evacuation Pause) 367M->113M(512M) 241.416ms
[2022-09-10T06:53:18.266-0700][gc,cpu      ] GC(44) User=0.03s Sys=0.14s Real=0.24s
[2022-09-10T07:15:34.396-0700][gc,start    ] GC(45) Pause Young (Normal) (G1 Evacuation Pause)
[2022-09-10T07:15:34.401-0700][gc,task     ] GC(45) Using 4 workers of 4 for evacuation
[2022-09-10T07:15:34.676-0700][gc,mmu      ] GC(45) MMU target violated: 201.0ms (200.0ms/201.0ms)
[2022-09-10T07:15:34.683-0700][gc,phases   ] GC(45)   Pre Evacuate Collection Set: 44.3ms
[2022-09-10T07:15:34.684-0700][gc,phases   ] GC(45)   Merge Heap Roots: 19.2ms
[2022-09-10T07:15:34.684-0700][gc,phases   ] GC(45)   Evacuate Collection Set: 201.8ms
[2022-09-10T07:15:34.684-0700][gc,phases   ] GC(45)   Post Evacuate Collection Set: 5.0ms
[2022-09-10T07:15:34.684-0700][gc,phases   ] GC(45)   Other: 8.3ms
[2022-09-10T07:15:34.684-0700][gc,heap     ] GC(45) Eden regions: 254->0(255)
[2022-09-10T07:15:34.684-0700][gc,heap     ] GC(45) Survivor regions: 2->1(32)
[2022-09-10T07:15:34.684-0700][gc,heap     ] GC(45) Old regions: 70->70
[2022-09-10T07:15:34.684-0700][gc,heap     ] GC(45) Archive regions: 2->2
[2022-09-10T07:15:34.684-0700][gc,heap     ] GC(45) Humongous regions: 42->42
[2022-09-10T07:15:34.684-0700][gc,metaspace] GC(45) Metaspace: 73401K(74176K)->73401K(74176K) NonClass: 64843K(65216K)->64843K(65216K) Class: 8558K(8960K)->8558K(8960K)
[2022-09-10T07:15:34.684-0700][gc          ] GC(45) Pause Young (Normal) (G1 Evacuation Pause) 367M->113M(512M) 291.565ms
[2022-09-10T07:15:34.684-0700][gc,cpu      ] GC(45) User=0.03s Sys=0.13s Real=0.29s
[2022-09-10T07:38:05.391-0700][gc,start    ] GC(46) Pause Young (Normal) (G1 Evacuation Pause)
[2022-09-10T07:38:05.394-0700][gc,task     ] GC(46) Using 4 workers of 4 for evacuation
[2022-09-10T07:38:05.687-0700][gc,mmu      ] GC(46) MMU target violated: 201.0ms (200.0ms/201.0ms)
[2022-09-10T07:38:05.687-0700][gc,phases   ] GC(46)   Pre Evacuate Collection Set: 99.9ms
[2022-09-10T07:38:05.687-0700][gc,phases   ] GC(46)   Merge Heap Roots: 8.4ms
[2022-09-10T07:38:05.687-0700][gc,phases   ] GC(46)   Evacuate Collection Set: 155.5ms
[2022-09-10T07:38:05.687-0700][gc,phases   ] GC(46)   Post Evacuate Collection Set: 24.7ms
[2022-09-10T07:38:05.687-0700][gc,phases   ] GC(46)   Other: 4.4ms
[2022-09-10T07:38:05.687-0700][gc,heap     ] GC(46) Eden regions: 255->0(255)
[2022-09-10T07:38:05.687-0700][gc,heap     ] GC(46) Survivor regions: 1->1(32)
[2022-09-10T07:38:05.687-0700][gc,heap     ] GC(46) Old regions: 70->71
[2022-09-10T07:38:05.687-0700][gc,heap     ] GC(46) Archive regions: 2->2
[2022-09-10T07:38:05.687-0700][gc,heap     ] GC(46) Humongous regions: 42->42
[2022-09-10T07:38:05.687-0700][gc,metaspace] GC(46) Metaspace: 73407K(74176K)->73407K(74176K) NonClass: 64849K(65216K)->64849K(65216K) Class: 8558K(8960K)->8558K(8960K)
[2022-09-10T07:38:05.687-0700][gc          ] GC(46) Pause Young (Normal) (G1 Evacuation Pause) 368M->113M(512M) 295.755ms
[2022-09-10T07:38:05.687-0700][gc,cpu      ] GC(46) User=0.04s Sys=0.18s Real=0.29s
[2022-09-10T08:00:41.981-0700][gc,start    ] GC(47) Pause Young (Normal) (G1 Evacuation Pause)
[2022-09-10T08:00:41.996-0700][gc,task     ] GC(47) Using 4 workers of 4 for evacuation
[2022-09-10T08:00:42.260-0700][gc,mmu      ] GC(47) MMU target violated: 201.0ms (200.0ms/201.0ms)
[2022-09-10T08:00:42.260-0700][gc,phases   ] GC(47)   Pre Evacuate Collection Set: 79.5ms
[2022-09-10T08:00:42.260-0700][gc,phases   ] GC(47)   Merge Heap Roots: 10.8ms
[2022-09-10T08:00:42.260-0700][gc,phases   ] GC(47)   Evacuate Collection Set: 132.0ms
[2022-09-10T08:00:42.260-0700][gc,phases   ] GC(47)   Post Evacuate Collection Set: 21.9ms
[2022-09-10T08:00:42.260-0700][gc,phases   ] GC(47)   Other: 20.0ms
[2022-09-10T08:00:42.260-0700][gc,heap     ] GC(47) Eden regions: 255->0(255)
[2022-09-10T08:00:42.260-0700][gc,heap     ] GC(47) Survivor regions: 1->1(32)
[2022-09-10T08:00:42.260-0700][gc,heap     ] GC(47) Old regions: 71->71
[2022-09-10T08:00:42.260-0700][gc,heap     ] GC(47) Archive regions: 2->2
[2022-09-10T08:00:42.260-0700][gc,heap     ] GC(47) Humongous regions: 42->42
[2022-09-10T08:00:42.260-0700][gc,metaspace] GC(47) Metaspace: 73410K(74176K)->73410K(74176K) NonClass: 64852K(65216K)->64852K(65216K) Class: 8558K(8960K)->8558K(8960K)
[2022-09-10T08:00:42.260-0700][gc          ] GC(47) Pause Young (Normal) (G1 Evacuation Pause) 368M->113M(512M) 279.752ms
[2022-09-10T08:00:42.261-0700][gc,cpu      ] GC(47) User=0.03s Sys=0.14s Real=0.28s
[2022-09-10T08:23:17.348-0700][gc,start    ] GC(48) Pause Young (Normal) (G1 Evacuation Pause)
[2022-09-10T08:23:17.351-0700][gc,task     ] GC(48) Using 4 workers of 4 for evacuation
[2022-09-10T08:23:17.408-0700][gc,phases   ] GC(48)   Pre Evacuate Collection Set: 2.0ms
[2022-09-10T08:23:17.408-0700][gc,phases   ] GC(48)   Merge Heap Roots: 3.1ms
[2022-09-10T08:23:17.408-0700][gc,phases   ] GC(48)   Evacuate Collection Set: 41.7ms
[2022-09-10T08:23:17.408-0700][gc,phases   ] GC(48)   Post Evacuate Collection Set: 9.2ms
[2022-09-10T08:23:17.408-0700][gc,phases   ] GC(48)   Other: 0.6ms
[2022-09-10T08:23:17.408-0700][gc,heap     ] GC(48) Eden regions: 255->0(255)
[2022-09-10T08:23:17.408-0700][gc,heap     ] GC(48) Survivor regions: 1->1(32)
[2022-09-10T08:23:17.408-0700][gc,heap     ] GC(48) Old regions: 71->71
[2022-09-10T08:23:17.408-0700][gc,heap     ] GC(48) Archive regions: 2->2
[2022-09-10T08:23:17.408-0700][gc,heap     ] GC(48) Humongous regions: 42->42
[2022-09-10T08:23:17.408-0700][gc,metaspace] GC(48) Metaspace: 73413K(74176K)->73413K(74176K) NonClass: 64855K(65216K)->64855K(65216K) Class: 8558K(8960K)->8558K(8960K)
[2022-09-10T08:23:17.411-0700][gc          ] GC(48) Pause Young (Normal) (G1 Evacuation Pause) 368M->113M(512M) 62.792ms
[2022-09-10T08:23:17.411-0700][gc,cpu      ] GC(48) User=0.03s Sys=0.06s Real=0.07s
[2022-09-10T08:45:56.209-0700][gc,start    ] GC(49) Pause Young (Normal) (G1 Evacuation Pause)
[2022-09-10T08:45:56.217-0700][gc,task     ] GC(49) Using 4 workers of 4 for evacuation
[2022-09-10T08:45:56.265-0700][gc,phases   ] GC(49)   Pre Evacuate Collection Set: 9.4ms
[2022-09-10T08:45:56.265-0700][gc,phases   ] GC(49)   Merge Heap Roots: 3.9ms
[2022-09-10T08:45:56.265-0700][gc,phases   ] GC(49)   Evacuate Collection Set: 32.8ms
[2022-09-10T08:45:56.265-0700][gc,phases   ] GC(49)   Post Evacuate Collection Set: 2.0ms
[2022-09-10T08:45:56.266-0700][gc,phases   ] GC(49)   Other: 0.9ms
[2022-09-10T08:45:56.266-0700][gc,heap     ] GC(49) Eden regions: 255->0(255)
[2022-09-10T08:45:56.266-0700][gc,heap     ] GC(49) Survivor regions: 1->1(32)
[2022-09-10T08:45:56.266-0700][gc,heap     ] GC(49) Old regions: 71->71
[2022-09-10T08:45:56.266-0700][gc,heap     ] GC(49) Archive regions: 2->2
[2022-09-10T08:45:56.266-0700][gc,heap     ] GC(49) Humongous regions: 42->42
[2022-09-10T08:45:56.266-0700][gc,metaspace] GC(49) Metaspace: 73427K(74176K)->73427K(74176K) NonClass: 64867K(65216K)->64867K(65216K) Class: 8560K(8960K)->8560K(8960K)
[2022-09-10T08:45:56.266-0700][gc          ] GC(49) Pause Young (Normal) (G1 Evacuation Pause) 368M->113M(512M) 57.120ms
[2022-09-10T08:45:56.266-0700][gc,cpu      ] GC(49) User=0.02s Sys=0.05s Real=0.06s
[2022-09-10T09:09:03.464-0700][gc,start    ] GC(50) Pause Young (Normal) (G1 Evacuation Pause)
[2022-09-10T09:09:03.466-0700][gc,task     ] GC(50) Using 4 workers of 4 for evacuation
[2022-09-10T09:09:03.507-0700][gc,phases   ] GC(50)   Pre Evacuate Collection Set: 2.5ms
[2022-09-10T09:09:03.508-0700][gc,phases   ] GC(50)   Merge Heap Roots: 0.6ms
[2022-09-10T09:09:03.508-0700][gc,phases   ] GC(50)   Evacuate Collection Set: 31.8ms
[2022-09-10T09:09:03.508-0700][gc,phases   ] GC(50)   Post Evacuate Collection Set: 2.3ms
[2022-09-10T09:09:03.508-0700][gc,phases   ] GC(50)   Other: 4.4ms
[2022-09-10T09:09:03.508-0700][gc,heap     ] GC(50) Eden regions: 255->0(255)
[2022-09-10T09:09:03.508-0700][gc,heap     ] GC(50) Survivor regions: 1->1(32)
[2022-09-10T09:09:03.508-0700][gc,heap     ] GC(50) Old regions: 71->71
[2022-09-10T09:09:03.508-0700][gc,heap     ] GC(50) Archive regions: 2->2
[2022-09-10T09:09:03.508-0700][gc,heap     ] GC(50) Humongous regions: 42->42
[2022-09-10T09:09:03.508-0700][gc,metaspace] GC(50) Metaspace: 73443K(74176K)->73443K(74176K) NonClass: 64881K(65216K)->64881K(65216K) Class: 8561K(8960K)->8561K(8960K)
[2022-09-10T09:09:03.508-0700][gc          ] GC(50) Pause Young (Normal) (G1 Evacuation Pause) 368M->113M(512M) 44.133ms
[2022-09-10T09:09:03.508-0700][gc,cpu      ] GC(50) User=0.03s Sys=0.04s Real=0.04s
[2022-09-10T09:31:34.986-0700][gc,start    ] GC(51) Pause Young (Normal) (G1 Evacuation Pause)
[2022-09-10T09:31:34.991-0700][gc,task     ] GC(51) Using 4 workers of 4 for evacuation
[2022-09-10T09:31:35.060-0700][gc,phases   ] GC(51)   Pre Evacuate Collection Set: 12.5ms
[2022-09-10T09:31:35.060-0700][gc,phases   ] GC(51)   Merge Heap Roots: 0.7ms
[2022-09-10T09:31:35.060-0700][gc,phases   ] GC(51)   Evacuate Collection Set: 51.5ms
[2022-09-10T09:31:35.060-0700][gc,phases   ] GC(51)   Post Evacuate Collection Set: 3.7ms
[2022-09-10T09:31:35.060-0700][gc,phases   ] GC(51)   Other: 0.9ms
[2022-09-10T09:31:35.060-0700][gc,heap     ] GC(51) Eden regions: 255->0(255)
[2022-09-10T09:31:35.060-0700][gc,heap     ] GC(51) Survivor regions: 1->1(32)
[2022-09-10T09:31:35.060-0700][gc,heap     ] GC(51) Old regions: 71->71
[2022-09-10T09:31:35.060-0700][gc,heap     ] GC(51) Archive regions: 2->2
[2022-09-10T09:31:35.060-0700][gc,heap     ] GC(51) Humongous regions: 42->42
[2022-09-10T09:31:35.060-0700][gc,metaspace] GC(51) Metaspace: 73492K(74240K)->73492K(74240K) NonClass: 64923K(65280K)->64923K(65280K) Class: 8568K(8960K)->8568K(8960K)
[2022-09-10T09:31:35.060-0700][gc          ] GC(51) Pause Young (Normal) (G1 Evacuation Pause) 368M->113M(512M) 74.202ms
[2022-09-10T09:31:35.061-0700][gc,cpu      ] GC(51) User=0.02s Sys=0.07s Real=0.08s
[2022-09-10T09:54:02.555-0700][gc,start    ] GC(52) Pause Young (Normal) (G1 Evacuation Pause)
[2022-09-10T09:54:02.558-0700][gc,task     ] GC(52) Using 4 workers of 4 for evacuation
[2022-09-10T09:54:03.139-0700][gc,mmu      ] GC(52) MMU target violated: 201.0ms (200.0ms/201.0ms)
[2022-09-10T09:54:03.139-0700][gc,phases   ] GC(52)   Pre Evacuate Collection Set: 76.1ms
[2022-09-10T09:54:03.139-0700][gc,phases   ] GC(52)   Merge Heap Roots: 13.6ms
[2022-09-10T09:54:03.139-0700][gc,phases   ] GC(52)   Evacuate Collection Set: 443.3ms
[2022-09-10T09:54:03.139-0700][gc,phases   ] GC(52)   Post Evacuate Collection Set: 46.9ms
[2022-09-10T09:54:03.139-0700][gc,phases   ] GC(52)   Other: 2.3ms
[2022-09-10T09:54:03.139-0700][gc,heap     ] GC(52) Eden regions: 255->0(255)
[2022-09-10T09:54:03.139-0700][gc,heap     ] GC(52) Survivor regions: 1->1(32)
[2022-09-10T09:54:03.139-0700][gc,heap     ] GC(52) Old regions: 71->71
[2022-09-10T09:54:03.139-0700][gc,heap     ] GC(52) Archive regions: 2->2
[2022-09-10T09:54:03.139-0700][gc,heap     ] GC(52) Humongous regions: 42->42
[2022-09-10T09:54:03.139-0700][gc,metaspace] GC(52) Metaspace: 73500K(74240K)->73500K(74240K) NonClass: 64931K(65280K)->64931K(65280K) Class: 8568K(8960K)->8568K(8960K)
[2022-09-10T09:54:03.143-0700][gc          ] GC(52) Pause Young (Normal) (G1 Evacuation Pause) 368M->113M(512M) 587.958ms
[2022-09-10T09:54:03.143-0700][gc,cpu      ] GC(52) User=0.04s Sys=0.26s Real=0.59s
[2022-09-10T10:16:25.480-0700][gc,start    ] GC(53) Pause Young (Normal) (G1 Evacuation Pause)
[2022-09-10T10:16:25.492-0700][gc,task     ] GC(53) Using 4 workers of 4 for evacuation
[2022-09-10T10:16:25.692-0700][gc,mmu      ] GC(53) MMU target violated: 200.1ms (200.0ms/201.0ms)
[2022-09-10T10:16:25.692-0700][gc,phases   ] GC(53)   Pre Evacuate Collection Set: 78.8ms
[2022-09-10T10:16:25.692-0700][gc,phases   ] GC(53)   Merge Heap Roots: 3.4ms
[2022-09-10T10:16:25.692-0700][gc,phases   ] GC(53)   Evacuate Collection Set: 109.0ms
[2022-09-10T10:16:25.692-0700][gc,phases   ] GC(53)   Post Evacuate Collection Set: 8.6ms
[2022-09-10T10:16:25.692-0700][gc,phases   ] GC(53)   Other: 5.0ms
[2022-09-10T10:16:25.693-0700][gc,heap     ] GC(53) Eden regions: 255->0(255)
[2022-09-10T10:16:25.693-0700][gc,heap     ] GC(53) Survivor regions: 1->1(32)
[2022-09-10T10:16:25.693-0700][gc,heap     ] GC(53) Old regions: 71->71
[2022-09-10T10:16:25.693-0700][gc,heap     ] GC(53) Archive regions: 2->2
[2022-09-10T10:16:25.693-0700][gc,heap     ] GC(53) Humongous regions: 42->42
[2022-09-10T10:16:25.693-0700][gc,metaspace] GC(53) Metaspace: 73518K(74304K)->73518K(74304K) NonClass: 64949K(65344K)->64949K(65344K) Class: 8568K(8960K)->8568K(8960K)
[2022-09-10T10:16:25.693-0700][gc          ] GC(53) Pause Young (Normal) (G1 Evacuation Pause) 368M->113M(512M) 212.565ms
[2022-09-10T10:16:25.693-0700][gc,cpu      ] GC(53) User=0.02s Sys=0.13s Real=0.21s
[2022-09-10T10:38:54.505-0700][gc,start    ] GC(54) Pause Young (Normal) (G1 Evacuation Pause)
[2022-09-10T10:38:54.508-0700][gc,task     ] GC(54) Using 4 workers of 4 for evacuation
[2022-09-10T10:38:54.586-0700][gc,phases   ] GC(54)   Pre Evacuate Collection Set: 5.2ms
[2022-09-10T10:38:54.586-0700][gc,phases   ] GC(54)   Merge Heap Roots: 9.2ms
[2022-09-10T10:38:54.586-0700][gc,phases   ] GC(54)   Evacuate Collection Set: 51.1ms
[2022-09-10T10:38:54.586-0700][gc,phases   ] GC(54)   Post Evacuate Collection Set: 9.3ms
[2022-09-10T10:38:54.586-0700][gc,phases   ] GC(54)   Other: 4.1ms
[2022-09-10T10:38:54.587-0700][gc,heap     ] GC(54) Eden regions: 255->0(255)
[2022-09-10T10:38:54.587-0700][gc,heap     ] GC(54) Survivor regions: 1->1(32)
[2022-09-10T10:38:54.587-0700][gc,heap     ] GC(54) Old regions: 71->71
[2022-09-10T10:38:54.587-0700][gc,heap     ] GC(54) Archive regions: 2->2
[2022-09-10T10:38:54.587-0700][gc,heap     ] GC(54) Humongous regions: 42->42
[2022-09-10T10:38:54.587-0700][gc,metaspace] GC(54) Metaspace: 73537K(74368K)->73537K(74368K) NonClass: 64966K(65408K)->64966K(65408K) Class: 8570K(8960K)->8570K(8960K)
[2022-09-10T10:38:54.587-0700][gc          ] GC(54) Pause Young (Normal) (G1 Evacuation Pause) 368M->113M(512M) 82.220ms
[2022-09-10T10:38:54.587-0700][gc,cpu      ] GC(54) User=0.02s Sys=0.06s Real=0.08s
[2022-09-10T11:01:23.209-0700][gc,start    ] GC(55) Pause Young (Normal) (G1 Evacuation Pause)
[2022-09-10T11:01:23.217-0700][gc,task     ] GC(55) Using 4 workers of 4 for evacuation
[2022-09-10T11:01:23.378-0700][gc,phases   ] GC(55)   Pre Evacuate Collection Set: 53.4ms
[2022-09-10T11:01:23.378-0700][gc,phases   ] GC(55)   Merge Heap Roots: 4.2ms
[2022-09-10T11:01:23.378-0700][gc,phases   ] GC(55)   Evacuate Collection Set: 94.2ms
[2022-09-10T11:01:23.378-0700][gc,phases   ] GC(55)   Post Evacuate Collection Set: 8.9ms
[2022-09-10T11:01:23.378-0700][gc,phases   ] GC(55)   Other: 4.8ms
[2022-09-10T11:01:23.378-0700][gc,heap     ] GC(55) Eden regions: 255->0(255)
[2022-09-10T11:01:23.378-0700][gc,heap     ] GC(55) Survivor regions: 1->1(32)
[2022-09-10T11:01:23.378-0700][gc,heap     ] GC(55) Old regions: 71->71
[2022-09-10T11:01:23.378-0700][gc,heap     ] GC(55) Archive regions: 2->2
[2022-09-10T11:01:23.378-0700][gc,heap     ] GC(55) Humongous regions: 42->42
[2022-09-10T11:01:23.378-0700][gc,metaspace] GC(55) Metaspace: 73541K(74368K)->73541K(74368K) NonClass: 64970K(65408K)->64970K(65408K) Class: 8570K(8960K)->8570K(8960K)
[2022-09-10T11:01:23.378-0700][gc          ] GC(55) Pause Young (Normal) (G1 Evacuation Pause) 368M->113M(512M) 169.467ms
[2022-09-10T11:01:23.378-0700][gc,cpu      ] GC(55) User=0.02s Sys=0.10s Real=0.17s
[2022-09-10T11:23:44.114-0700][gc,start    ] GC(56) Pause Young (Normal) (G1 Evacuation Pause)
[2022-09-10T11:23:44.119-0700][gc,task     ] GC(56) Using 4 workers of 4 for evacuation
[2022-09-10T11:23:44.397-0700][gc,mmu      ] GC(56) MMU target violated: 201.0ms (200.0ms/201.0ms)
[2022-09-10T11:23:44.397-0700][gc,phases   ] GC(56)   Pre Evacuate Collection Set: 68.0ms
[2022-09-10T11:23:44.397-0700][gc,phases   ] GC(56)   Merge Heap Roots: 12.3ms
[2022-09-10T11:23:44.397-0700][gc,phases   ] GC(56)   Evacuate Collection Set: 171.5ms
[2022-09-10T11:23:44.397-0700][gc,phases   ] GC(56)   Post Evacuate Collection Set: 21.4ms
[2022-09-10T11:23:44.397-0700][gc,phases   ] GC(56)   Other: 4.5ms
[2022-09-10T11:23:44.397-0700][gc,heap     ] GC(56) Eden regions: 255->0(255)
[2022-09-10T11:23:44.397-0700][gc,heap     ] GC(56) Survivor regions: 1->1(32)
[2022-09-10T11:23:44.397-0700][gc,heap     ] GC(56) Old regions: 71->71
[2022-09-10T11:23:44.397-0700][gc,heap     ] GC(56) Archive regions: 2->2
[2022-09-10T11:23:44.397-0700][gc,heap     ] GC(56) Humongous regions: 42->42
[2022-09-10T11:23:44.397-0700][gc,metaspace] GC(56) Metaspace: 73583K(74368K)->73583K(74368K) NonClass: 65012K(65408K)->65012K(65408K) Class: 8570K(8960K)->8570K(8960K)
[2022-09-10T11:23:44.397-0700][gc          ] GC(56) Pause Young (Normal) (G1 Evacuation Pause) 368M->113M(512M) 283.430ms
[2022-09-10T11:23:44.397-0700][gc,cpu      ] GC(56) User=0.03s Sys=0.18s Real=0.28s
[2022-09-10T11:46:18.517-0700][gc,start    ] GC(57) Pause Young (Normal) (G1 Evacuation Pause)
[2022-09-10T11:46:18.525-0700][gc,task     ] GC(57) Using 4 workers of 4 for evacuation
[2022-09-10T11:46:18.670-0700][gc,phases   ] GC(57)   Pre Evacuate Collection Set: 12.4ms
[2022-09-10T11:46:18.670-0700][gc,phases   ] GC(57)   Merge Heap Roots: 4.0ms
[2022-09-10T11:46:18.670-0700][gc,phases   ] GC(57)   Evacuate Collection Set: 113.2ms
[2022-09-10T11:46:18.670-0700][gc,phases   ] GC(57)   Post Evacuate Collection Set: 12.0ms
[2022-09-10T11:46:18.670-0700][gc,phases   ] GC(57)   Other: 4.1ms
[2022-09-10T11:46:18.670-0700][gc,heap     ] GC(57) Eden regions: 255->0(255)
[2022-09-10T11:46:18.671-0700][gc,heap     ] GC(57) Survivor regions: 1->1(32)
[2022-09-10T11:46:18.671-0700][gc,heap     ] GC(57) Old regions: 71->71
[2022-09-10T11:46:18.671-0700][gc,heap     ] GC(57) Archive regions: 2->2
[2022-09-10T11:46:18.671-0700][gc,heap     ] GC(57) Humongous regions: 42->42
[2022-09-10T11:46:18.671-0700][gc,metaspace] GC(57) Metaspace: 73589K(74368K)->73589K(74368K) NonClass: 65018K(65408K)->65018K(65408K) Class: 8570K(8960K)->8570K(8960K)
[2022-09-10T11:46:18.671-0700][gc          ] GC(57) Pause Young (Normal) (G1 Evacuation Pause) 368M->113M(512M) 154.258ms
[2022-09-10T11:46:18.671-0700][gc,cpu      ] GC(57) User=0.01s Sys=0.08s Real=0.16s
[2022-09-10T18:39:59.108-0700][gc,start    ] GC(58) Pause Young (Normal) (G1 Evacuation Pause)
[2022-09-10T18:39:59.117-0700][gc,task     ] GC(58) Using 4 workers of 4 for evacuation
[2022-09-10T18:39:59.406-0700][gc,mmu      ] GC(58) MMU target violated: 201.0ms (200.0ms/201.0ms)
[2022-09-10T18:39:59.406-0700][gc,phases   ] GC(58)   Pre Evacuate Collection Set: 61.5ms
[2022-09-10T18:39:59.406-0700][gc,phases   ] GC(58)   Merge Heap Roots: 13.9ms
[2022-09-10T18:39:59.406-0700][gc,phases   ] GC(58)   Evacuate Collection Set: 189.0ms
[2022-09-10T18:39:59.406-0700][gc,phases   ] GC(58)   Post Evacuate Collection Set: 12.5ms
[2022-09-10T18:39:59.406-0700][gc,phases   ] GC(58)   Other: 17.5ms
[2022-09-10T18:39:59.406-0700][gc,heap     ] GC(58) Eden regions: 255->0(255)
[2022-09-10T18:39:59.406-0700][gc,heap     ] GC(58) Survivor regions: 1->1(32)
[2022-09-10T18:39:59.406-0700][gc,heap     ] GC(58) Old regions: 71->71
[2022-09-10T18:39:59.406-0700][gc,heap     ] GC(58) Archive regions: 2->2
[2022-09-10T18:39:59.406-0700][gc,heap     ] GC(58) Humongous regions: 42->42
[2022-09-10T18:39:59.406-0700][gc,metaspace] GC(58) Metaspace: 73637K(74496K)->73637K(74496K) NonClass: 65059K(65472K)->65059K(65472K) Class: 8577K(9024K)->8577K(9024K)
[2022-09-10T18:39:59.406-0700][gc          ] GC(58) Pause Young (Normal) (G1 Evacuation Pause) 368M->113M(512M) 298.120ms
[2022-09-10T18:39:59.407-0700][gc,cpu      ] GC(58) User=0.03s Sys=0.18s Real=0.30s
[2022-09-10T19:02:44.792-0700][gc,start    ] GC(59) Pause Young (Normal) (G1 Evacuation Pause)
[2022-09-10T19:02:44.796-0700][gc,task     ] GC(59) Using 4 workers of 4 for evacuation
[2022-09-10T19:02:44.822-0700][gc,phases   ] GC(59)   Pre Evacuate Collection Set: 2.7ms
[2022-09-10T19:02:44.822-0700][gc,phases   ] GC(59)   Merge Heap Roots: 0.8ms
[2022-09-10T19:02:44.822-0700][gc,phases   ] GC(59)   Evacuate Collection Set: 20.7ms
[2022-09-10T19:02:44.822-0700][gc,phases   ] GC(59)   Post Evacuate Collection Set: 2.0ms
[2022-09-10T19:02:44.822-0700][gc,phases   ] GC(59)   Other: 0.7ms
[2022-09-10T19:02:44.822-0700][gc,heap     ] GC(59) Eden regions: 255->0(255)
[2022-09-10T19:02:44.822-0700][gc,heap     ] GC(59) Survivor regions: 1->1(32)
[2022-09-10T19:02:44.822-0700][gc,heap     ] GC(59) Old regions: 71->71
[2022-09-10T19:02:44.822-0700][gc,heap     ] GC(59) Archive regions: 2->2
[2022-09-10T19:02:44.822-0700][gc,heap     ] GC(59) Humongous regions: 42->42
[2022-09-10T19:02:44.822-0700][gc,metaspace] GC(59) Metaspace: 73642K(74496K)->73642K(74496K) NonClass: 65064K(65472K)->65064K(65472K) Class: 8577K(9024K)->8577K(9024K)
[2022-09-10T19:02:44.823-0700][gc          ] GC(59) Pause Young (Normal) (G1 Evacuation Pause) 368M->113M(512M) 30.800ms
[2022-09-10T19:02:44.823-0700][gc,cpu      ] GC(59) User=0.01s Sys=0.05s Real=0.03s
[2022-09-10T19:25:26.640-0700][gc,start    ] GC(60) Pause Young (Normal) (G1 Evacuation Pause)
[2022-09-10T19:25:26.642-0700][gc,task     ] GC(60) Using 4 workers of 4 for evacuation
[2022-09-10T19:25:26.688-0700][gc,phases   ] GC(60)   Pre Evacuate Collection Set: 9.6ms
[2022-09-10T19:25:26.688-0700][gc,phases   ] GC(60)   Merge Heap Roots: 0.7ms
[2022-09-10T19:25:26.688-0700][gc,phases   ] GC(60)   Evacuate Collection Set: 33.1ms
[2022-09-10T19:25:26.688-0700][gc,phases   ] GC(60)   Post Evacuate Collection Set: 2.0ms
[2022-09-10T19:25:26.688-0700][gc,phases   ] GC(60)   Other: 0.6ms
[2022-09-10T19:25:26.688-0700][gc,heap     ] GC(60) Eden regions: 255->0(255)
[2022-09-10T19:25:26.688-0700][gc,heap     ] GC(60) Survivor regions: 1->1(32)
[2022-09-10T19:25:26.688-0700][gc,heap     ] GC(60) Old regions: 71->71
[2022-09-10T19:25:26.688-0700][gc,heap     ] GC(60) Archive regions: 2->2
[2022-09-10T19:25:26.688-0700][gc,heap     ] GC(60) Humongous regions: 42->42
[2022-09-10T19:25:26.688-0700][gc,metaspace] GC(60) Metaspace: 73643K(74496K)->73643K(74496K) NonClass: 65065K(65472K)->65065K(65472K) Class: 8577K(9024K)->8577K(9024K)
[2022-09-10T19:25:26.688-0700][gc          ] GC(60) Pause Young (Normal) (G1 Evacuation Pause) 368M->113M(512M) 48.862ms
[2022-09-10T19:25:26.689-0700][gc,cpu      ] GC(60) User=0.01s Sys=0.04s Real=0.04s
[2022-09-10T19:48:05.945-0700][gc,start    ] GC(61) Pause Young (Normal) (G1 Evacuation Pause)
[2022-09-10T19:48:05.949-0700][gc,task     ] GC(61) Using 4 workers of 4 for evacuation
[2022-09-10T19:48:05.978-0700][gc,phases   ] GC(61)   Pre Evacuate Collection Set: 2.2ms
[2022-09-10T19:48:05.978-0700][gc,phases   ] GC(61)   Merge Heap Roots: 0.6ms
[2022-09-10T19:48:05.978-0700][gc,phases   ] GC(61)   Evacuate Collection Set: 23.5ms
[2022-09-10T19:48:05.978-0700][gc,phases   ] GC(61)   Post Evacuate Collection Set: 1.7ms
[2022-09-10T19:48:05.978-0700][gc,phases   ] GC(61)   Other: 0.9ms
[2022-09-10T19:48:05.978-0700][gc,heap     ] GC(61) Eden regions: 255->0(255)
[2022-09-10T19:48:05.978-0700][gc,heap     ] GC(61) Survivor regions: 1->1(32)
[2022-09-10T19:48:05.978-0700][gc,heap     ] GC(61) Old regions: 71->71
[2022-09-10T19:48:05.978-0700][gc,heap     ] GC(61) Archive regions: 2->2
[2022-09-10T19:48:05.978-0700][gc,heap     ] GC(61) Humongous regions: 42->42
[2022-09-10T19:48:05.978-0700][gc,metaspace] GC(61) Metaspace: 73643K(74496K)->73643K(74496K) NonClass: 65065K(65472K)->65065K(65472K) Class: 8577K(9024K)->8577K(9024K)
[2022-09-10T19:48:05.978-0700][gc          ] GC(61) Pause Young (Normal) (G1 Evacuation Pause) 368M->113M(512M) 33.381ms
[2022-09-10T19:48:05.978-0700][gc,cpu      ] GC(61) User=0.02s Sys=0.04s Real=0.03s
[2022-09-10T20:10:55.015-0700][gc,start    ] GC(62) Pause Young (Normal) (G1 Evacuation Pause)
[2022-09-10T20:10:55.017-0700][gc,task     ] GC(62) Using 4 workers of 4 for evacuation
[2022-09-10T20:10:55.038-0700][gc,phases   ] GC(62)   Pre Evacuate Collection Set: 1.2ms
[2022-09-10T20:10:55.038-0700][gc,phases   ] GC(62)   Merge Heap Roots: 0.4ms
[2022-09-10T20:10:55.038-0700][gc,phases   ] GC(62)   Evacuate Collection Set: 14.4ms
[2022-09-10T20:10:55.038-0700][gc,phases   ] GC(62)   Post Evacuate Collection Set: 4.5ms
[2022-09-10T20:10:55.038-0700][gc,phases   ] GC(62)   Other: 0.3ms
[2022-09-10T20:10:55.038-0700][gc,heap     ] GC(62) Eden regions: 255->0(255)
[2022-09-10T20:10:55.038-0700][gc,heap     ] GC(62) Survivor regions: 1->1(32)
[2022-09-10T20:10:55.038-0700][gc,heap     ] GC(62) Old regions: 71->71
[2022-09-10T20:10:55.038-0700][gc,heap     ] GC(62) Archive regions: 2->2
[2022-09-10T20:10:55.038-0700][gc,heap     ] GC(62) Humongous regions: 42->42
[2022-09-10T20:10:55.038-0700][gc,metaspace] GC(62) Metaspace: 73648K(74496K)->73648K(74496K) NonClass: 65070K(65472K)->65070K(65472K) Class: 8577K(9024K)->8577K(9024K)
[2022-09-10T20:10:55.042-0700][gc          ] GC(62) Pause Young (Normal) (G1 Evacuation Pause) 368M->113M(512M) 27.463ms
[2022-09-10T20:10:55.042-0700][gc,cpu      ] GC(62) User=0.02s Sys=0.04s Real=0.03s
[2022-09-10T20:33:38.811-0700][gc,start    ] GC(63) Pause Young (Normal) (G1 Evacuation Pause)
[2022-09-10T20:33:38.819-0700][gc,task     ] GC(63) Using 4 workers of 4 for evacuation
[2022-09-10T20:33:38.843-0700][gc,phases   ] GC(63)   Pre Evacuate Collection Set: 2.6ms
[2022-09-10T20:33:38.843-0700][gc,phases   ] GC(63)   Merge Heap Roots: 0.8ms
[2022-09-10T20:33:38.843-0700][gc,phases   ] GC(63)   Evacuate Collection Set: 17.7ms
[2022-09-10T20:33:38.843-0700][gc,phases   ] GC(63)   Post Evacuate Collection Set: 1.9ms
[2022-09-10T20:33:38.843-0700][gc,phases   ] GC(63)   Other: 0.9ms
[2022-09-10T20:33:38.843-0700][gc,heap     ] GC(63) Eden regions: 255->0(255)
[2022-09-10T20:33:38.843-0700][gc,heap     ] GC(63) Survivor regions: 1->1(32)
[2022-09-10T20:33:38.843-0700][gc,heap     ] GC(63) Old regions: 71->71
[2022-09-10T20:33:38.843-0700][gc,heap     ] GC(63) Archive regions: 2->2
[2022-09-10T20:33:38.843-0700][gc,heap     ] GC(63) Humongous regions: 42->42
[2022-09-10T20:33:38.843-0700][gc,metaspace] GC(63) Metaspace: 73649K(74496K)->73649K(74496K) NonClass: 65071K(65472K)->65071K(65472K) Class: 8577K(9024K)->8577K(9024K)
[2022-09-10T20:33:38.843-0700][gc          ] GC(63) Pause Young (Normal) (G1 Evacuation Pause) 368M->113M(512M) 31.919ms
[2022-09-10T20:33:38.843-0700][gc,cpu      ] GC(63) User=0.01s Sys=0.05s Real=0.03s
[2022-09-10T20:56:13.803-0700][gc,start    ] GC(64) Pause Young (Normal) (G1 Evacuation Pause)
[2022-09-10T20:56:13.809-0700][gc,task     ] GC(64) Using 4 workers of 4 for evacuation
[2022-09-10T20:56:14.037-0700][gc,mmu      ] GC(64) MMU target violated: 201.0ms (200.0ms/201.0ms)
[2022-09-10T20:56:14.037-0700][gc,phases   ] GC(64)   Pre Evacuate Collection Set: 33.8ms
[2022-09-10T20:56:14.037-0700][gc,phases   ] GC(64)   Merge Heap Roots: 7.7ms
[2022-09-10T20:56:14.037-0700][gc,phases   ] GC(64)   Evacuate Collection Set: 165.7ms
[2022-09-10T20:56:14.037-0700][gc,phases   ] GC(64)   Post Evacuate Collection Set: 20.5ms
[2022-09-10T20:56:14.037-0700][gc,phases   ] GC(64)   Other: 0.8ms
[2022-09-10T20:56:14.037-0700][gc,heap     ] GC(64) Eden regions: 255->0(255)
[2022-09-10T20:56:14.037-0700][gc,heap     ] GC(64) Survivor regions: 1->1(32)
[2022-09-10T20:56:14.037-0700][gc,heap     ] GC(64) Old regions: 71->71
[2022-09-10T20:56:14.038-0700][gc,heap     ] GC(64) Archive regions: 2->2
[2022-09-10T20:56:14.038-0700][gc,heap     ] GC(64) Humongous regions: 42->42
[2022-09-10T20:56:14.038-0700][gc,metaspace] GC(64) Metaspace: 73666K(74496K)->73666K(74496K) NonClass: 65086K(65472K)->65086K(65472K) Class: 8579K(9024K)->8579K(9024K)
[2022-09-10T20:56:14.038-0700][gc          ] GC(64) Pause Young (Normal) (G1 Evacuation Pause) 368M->113M(512M) 235.157ms
[2022-09-10T20:56:14.038-0700][gc,cpu      ] GC(64) User=0.03s Sys=0.15s Real=0.23s
[2022-09-10T21:18:54.645-0700][gc,start    ] GC(65) Pause Young (Normal) (G1 Evacuation Pause)
[2022-09-10T21:18:54.649-0700][gc,task     ] GC(65) Using 4 workers of 4 for evacuation
[2022-09-10T21:18:54.694-0700][gc,phases   ] GC(65)   Pre Evacuate Collection Set: 1.9ms
[2022-09-10T21:18:54.694-0700][gc,phases   ] GC(65)   Merge Heap Roots: 0.8ms
[2022-09-10T21:18:54.694-0700][gc,phases   ] GC(65)   Evacuate Collection Set: 36.3ms
[2022-09-10T21:18:54.694-0700][gc,phases   ] GC(65)   Post Evacuate Collection Set: 5.3ms
[2022-09-10T21:18:54.694-0700][gc,phases   ] GC(65)   Other: 0.9ms
[2022-09-10T21:18:54.694-0700][gc,heap     ] GC(65) Eden regions: 255->0(255)
[2022-09-10T21:18:54.694-0700][gc,heap     ] GC(65) Survivor regions: 1->1(32)
[2022-09-10T21:18:54.694-0700][gc,heap     ] GC(65) Old regions: 71->71
[2022-09-10T21:18:54.694-0700][gc,heap     ] GC(65) Archive regions: 2->2
[2022-09-10T21:18:54.694-0700][gc,heap     ] GC(65) Humongous regions: 42->42
[2022-09-10T21:18:54.694-0700][gc,metaspace] GC(65) Metaspace: 73666K(74496K)->73666K(74496K) NonClass: 65086K(65472K)->65086K(65472K) Class: 8579K(9024K)->8579K(9024K)
[2022-09-10T21:18:54.694-0700][gc          ] GC(65) Pause Young (Normal) (G1 Evacuation Pause) 368M->113M(512M) 48.856ms
[2022-09-10T21:18:54.694-0700][gc,cpu      ] GC(65) User=0.02s Sys=0.05s Real=0.05s
[2022-09-10T21:41:15.625-0700][gc,start    ] GC(66) Pause Young (Normal) (G1 Evacuation Pause)
[2022-09-10T21:41:15.628-0700][gc,task     ] GC(66) Using 4 workers of 4 for evacuation
[2022-09-10T21:41:15.661-0700][gc,phases   ] GC(66)   Pre Evacuate Collection Set: 4.6ms
[2022-09-10T21:41:15.661-0700][gc,phases   ] GC(66)   Merge Heap Roots: 1.1ms
[2022-09-10T21:41:15.661-0700][gc,phases   ] GC(66)   Evacuate Collection Set: 22.2ms
[2022-09-10T21:41:15.661-0700][gc,phases   ] GC(66)   Post Evacuate Collection Set: 4.8ms
[2022-09-10T21:41:15.661-0700][gc,phases   ] GC(66)   Other: 0.5ms
[2022-09-10T21:41:15.661-0700][gc,heap     ] GC(66) Eden regions: 255->0(255)
[2022-09-10T21:41:15.661-0700][gc,heap     ] GC(66) Survivor regions: 1->1(32)
[2022-09-10T21:41:15.661-0700][gc,heap     ] GC(66) Old regions: 71->71
[2022-09-10T21:41:15.664-0700][gc,heap     ] GC(66) Archive regions: 2->2
[2022-09-10T21:41:15.664-0700][gc,heap     ] GC(66) Humongous regions: 42->42
[2022-09-10T21:41:15.664-0700][gc,metaspace] GC(66) Metaspace: 73672K(74496K)->73672K(74496K) NonClass: 65092K(65472K)->65092K(65472K) Class: 8579K(9024K)->8579K(9024K)
[2022-09-10T21:41:15.664-0700][gc          ] GC(66) Pause Young (Normal) (G1 Evacuation Pause) 368M->113M(512M) 38.746ms
[2022-09-10T21:41:15.664-0700][gc,cpu      ] GC(66) User=0.02s Sys=0.03s Real=0.04s
[2022-09-10T22:03:42.914-0700][gc,start    ] GC(67) Pause Young (Normal) (G1 Evacuation Pause)
[2022-09-10T22:03:42.919-0700][gc,task     ] GC(67) Using 4 workers of 4 for evacuation
[2022-09-10T22:03:42.960-0700][gc,phases   ] GC(67)   Pre Evacuate Collection Set: 2.7ms
[2022-09-10T22:03:42.960-0700][gc,phases   ] GC(67)   Merge Heap Roots: 1.8ms
[2022-09-10T22:03:42.960-0700][gc,phases   ] GC(67)   Evacuate Collection Set: 31.1ms
[2022-09-10T22:03:42.960-0700][gc,phases   ] GC(67)   Post Evacuate Collection Set: 5.1ms
[2022-09-10T22:03:42.960-0700][gc,phases   ] GC(67)   Other: 0.7ms
[2022-09-10T22:03:42.960-0700][gc,heap     ] GC(67) Eden regions: 255->0(255)
[2022-09-10T22:03:42.960-0700][gc,heap     ] GC(67) Survivor regions: 1->1(32)
[2022-09-10T22:03:42.960-0700][gc,heap     ] GC(67) Old regions: 71->71
[2022-09-10T22:03:42.960-0700][gc,heap     ] GC(67) Archive regions: 2->2
[2022-09-10T22:03:42.960-0700][gc,heap     ] GC(67) Humongous regions: 42->42
[2022-09-10T22:03:42.960-0700][gc,metaspace] GC(67) Metaspace: 73687K(74496K)->73687K(74496K) NonClass: 65107K(65472K)->65107K(65472K) Class: 8579K(9024K)->8579K(9024K)
[2022-09-10T22:03:42.960-0700][gc          ] GC(67) Pause Young (Normal) (G1 Evacuation Pause) 368M->113M(512M) 45.945ms
[2022-09-10T22:03:42.960-0700][gc,cpu      ] GC(67) User=0.02s Sys=0.05s Real=0.05s
[2022-09-10T22:26:09.500-0700][gc,start    ] GC(68) Pause Young (Normal) (G1 Evacuation Pause)
[2022-09-10T22:26:09.506-0700][gc,task     ] GC(68) Using 4 workers of 4 for evacuation
[2022-09-10T22:26:09.628-0700][gc,phases   ] GC(68)   Pre Evacuate Collection Set: 32.9ms
[2022-09-10T22:26:09.628-0700][gc,phases   ] GC(68)   Merge Heap Roots: 8.5ms
[2022-09-10T22:26:09.628-0700][gc,phases   ] GC(68)   Evacuate Collection Set: 74.5ms
[2022-09-10T22:26:09.628-0700][gc,phases   ] GC(68)   Post Evacuate Collection Set: 4.8ms
[2022-09-10T22:26:09.628-0700][gc,phases   ] GC(68)   Other: 4.7ms
[2022-09-10T22:26:09.628-0700][gc,heap     ] GC(68) Eden regions: 255->0(255)
[2022-09-10T22:26:09.628-0700][gc,heap     ] GC(68) Survivor regions: 1->1(32)
[2022-09-10T22:26:09.628-0700][gc,heap     ] GC(68) Old regions: 71->71
[2022-09-10T22:26:09.628-0700][gc,heap     ] GC(68) Archive regions: 2->2
[2022-09-10T22:26:09.628-0700][gc,heap     ] GC(68) Humongous regions: 42->42
[2022-09-10T22:26:09.628-0700][gc,metaspace] GC(68) Metaspace: 73699K(74496K)->73699K(74496K) NonClass: 65119K(65472K)->65119K(65472K) Class: 8579K(9024K)->8579K(9024K)
[2022-09-10T22:26:09.628-0700][gc          ] GC(68) Pause Young (Normal) (G1 Evacuation Pause) 368M->113M(512M) 128.331ms
[2022-09-10T22:26:09.628-0700][gc,cpu      ] GC(68) User=0.02s Sys=0.12s Real=0.12s
[2022-09-10T22:48:46.915-0700][gc,start    ] GC(69) Pause Young (Normal) (G1 Evacuation Pause)
[2022-09-10T22:48:46.922-0700][gc,task     ] GC(69) Using 4 workers of 4 for evacuation
[2022-09-10T22:48:46.955-0700][gc,phases   ] GC(69)   Pre Evacuate Collection Set: 2.0ms
[2022-09-10T22:48:46.955-0700][gc,phases   ] GC(69)   Merge Heap Roots: 2.1ms
[2022-09-10T22:48:46.955-0700][gc,phases   ] GC(69)   Evacuate Collection Set: 26.9ms
[2022-09-10T22:48:46.955-0700][gc,phases   ] GC(69)   Post Evacuate Collection Set: 1.6ms
[2022-09-10T22:48:46.955-0700][gc,phases   ] GC(69)   Other: 0.8ms
[2022-09-10T22:48:46.955-0700][gc,heap     ] GC(69) Eden regions: 255->0(255)
[2022-09-10T22:48:46.955-0700][gc,heap     ] GC(69) Survivor regions: 1->1(32)
[2022-09-10T22:48:46.955-0700][gc,heap     ] GC(69) Old regions: 71->71
[2022-09-10T22:48:46.955-0700][gc,heap     ] GC(69) Archive regions: 2->2
[2022-09-10T22:48:46.955-0700][gc,heap     ] GC(69) Humongous regions: 42->42
[2022-09-10T22:48:46.955-0700][gc,metaspace] GC(69) Metaspace: 73699K(74496K)->73699K(74496K) NonClass: 65119K(65472K)->65119K(65472K) Class: 8580K(9024K)->8580K(9024K)
[2022-09-10T22:48:46.955-0700][gc          ] GC(69) Pause Young (Normal) (G1 Evacuation Pause) 368M->113M(512M) 40.664ms
[2022-09-10T22:48:46.955-0700][gc,cpu      ] GC(69) User=0.02s Sys=0.05s Real=0.04s
[2022-09-10T23:11:33.592-0700][gc,start    ] GC(70) Pause Young (Normal) (G1 Evacuation Pause)
[2022-09-10T23:11:33.594-0700][gc,task     ] GC(70) Using 4 workers of 4 for evacuation
[2022-09-10T23:11:33.631-0700][gc,phases   ] GC(70)   Pre Evacuate Collection Set: 2.4ms
[2022-09-10T23:11:33.631-0700][gc,phases   ] GC(70)   Merge Heap Roots: 1.5ms
[2022-09-10T23:11:33.631-0700][gc,phases   ] GC(70)   Evacuate Collection Set: 26.9ms
[2022-09-10T23:11:33.631-0700][gc,phases   ] GC(70)   Post Evacuate Collection Set: 5.2ms
[2022-09-10T23:11:33.631-0700][gc,phases   ] GC(70)   Other: 0.8ms
[2022-09-10T23:11:33.631-0700][gc,heap     ] GC(70) Eden regions: 255->0(255)
[2022-09-10T23:11:33.631-0700][gc,heap     ] GC(70) Survivor regions: 1->1(32)
[2022-09-10T23:11:33.631-0700][gc,heap     ] GC(70) Old regions: 71->71
[2022-09-10T23:11:33.631-0700][gc,heap     ] GC(70) Archive regions: 2->2
[2022-09-10T23:11:33.631-0700][gc,heap     ] GC(70) Humongous regions: 42->42
[2022-09-10T23:11:33.631-0700][gc,metaspace] GC(70) Metaspace: 73700K(74496K)->73700K(74496K) NonClass: 65119K(65472K)->65119K(65472K) Class: 8580K(9024K)->8580K(9024K)
[2022-09-10T23:11:33.631-0700][gc          ] GC(70) Pause Young (Normal) (G1 Evacuation Pause) 368M->113M(512M) 39.503ms
[2022-09-10T23:11:33.631-0700][gc,cpu      ] GC(70) User=0.02s Sys=0.05s Real=0.04s
[2022-09-10T23:34:15.068-0700][gc,start    ] GC(71) Pause Young (Normal) (G1 Evacuation Pause)
[2022-09-10T23:34:15.075-0700][gc,task     ] GC(71) Using 4 workers of 4 for evacuation
[2022-09-10T23:34:15.168-0700][gc,phases   ] GC(71)   Pre Evacuate Collection Set: 16.5ms
[2022-09-10T23:34:15.168-0700][gc,phases   ] GC(71)   Merge Heap Roots: 21.4ms
[2022-09-10T23:34:15.168-0700][gc,phases   ] GC(71)   Evacuate Collection Set: 49.6ms
[2022-09-10T23:34:15.168-0700][gc,phases   ] GC(71)   Post Evacuate Collection Set: 4.9ms
[2022-09-10T23:34:15.168-0700][gc,phases   ] GC(71)   Other: 0.9ms
[2022-09-10T23:34:15.168-0700][gc,heap     ] GC(71) Eden regions: 255->0(255)
[2022-09-10T23:34:15.168-0700][gc,heap     ] GC(71) Survivor regions: 1->1(32)
[2022-09-10T23:34:15.168-0700][gc,heap     ] GC(71) Old regions: 71->71
[2022-09-10T23:34:15.168-0700][gc,heap     ] GC(71) Archive regions: 2->2
[2022-09-10T23:34:15.168-0700][gc,heap     ] GC(71) Humongous regions: 42->42
[2022-09-10T23:34:15.168-0700][gc,metaspace] GC(71) Metaspace: 73704K(74496K)->73704K(74496K) NonClass: 65124K(65472K)->65124K(65472K) Class: 8580K(9024K)->8580K(9024K)
[2022-09-10T23:34:15.168-0700][gc          ] GC(71) Pause Young (Normal) (G1 Evacuation Pause) 368M->113M(512M) 100.567ms
[2022-09-10T23:34:15.168-0700][gc,cpu      ] GC(71) User=0.03s Sys=0.08s Real=0.10s
[2022-09-10T23:56:54.606-0700][gc,start    ] GC(72) Pause Young (Normal) (G1 Evacuation Pause)
[2022-09-10T23:56:54.610-0700][gc,task     ] GC(72) Using 4 workers of 4 for evacuation
[2022-09-10T23:56:54.694-0700][gc,phases   ] GC(72)   Pre Evacuate Collection Set: 11.4ms
[2022-09-10T23:56:54.694-0700][gc,phases   ] GC(72)   Merge Heap Roots: 1.3ms
[2022-09-10T23:56:54.694-0700][gc,phases   ] GC(72)   Evacuate Collection Set: 65.7ms
[2022-09-10T23:56:54.694-0700][gc,phases   ] GC(72)   Post Evacuate Collection Set: 4.5ms
[2022-09-10T23:56:54.694-0700][gc,phases   ] GC(72)   Other: 1.6ms
[2022-09-10T23:56:54.694-0700][gc,heap     ] GC(72) Eden regions: 255->0(255)
[2022-09-10T23:56:54.694-0700][gc,heap     ] GC(72) Survivor regions: 1->1(32)
[2022-09-10T23:56:54.694-0700][gc,heap     ] GC(72) Old regions: 71->71
[2022-09-10T23:56:54.694-0700][gc,heap     ] GC(72) Archive regions: 2->2
